138724078 1.572139859199524
139258160 1.5554015636444092
141285047 1.523794412612915
143312222 1.5052255392074585
145341736 1.5118441581726074
147383362 1.4979019165039062
149450738 1.4963937997817993
151420307 1.5091090202331543
153441236 1.545629858970642
155498109 1.5689728260040283
157506059 1.5550533533096313
159522127 1.5383683443069458
161567119 1.516413927078247
163580388 1.4943492412567139
165590335 1.4976294040679932
167666094 1.49066960811615
169660895 1.4929848909378052
171680638 1.521855354309082
173688687 1.556532621383667
175740575 1.5762872695922852
177770146 1.561964511871338
180633236 1.5374088287353516
182665501 1.5121803283691406
184726717 1.5070394277572632
186694388 1.5041807889938354
188738810 1.506922960281372
191011658 1.509292483329773
192787108 1.5450208187103271
194821044 1.573144793510437
196852440 1.566737413406372
199433531 1.5462709665298462
201418731 1.5250009298324585
203452644 1.4982718229293823
205491007 1.5104974508285522
207506601 1.5033857822418213
209505608 1.5008039474487305
211565689 1.5219756364822388
214294266 1.5611250400543213
216289362 1.579733967781067
218298695 1.5639561414718628
220353445 1.535088062286377
222588947 1.5140998363494873
224751477 1.511986494064331
226769418 1.5031968355178833
228853612 1.5107122659683228
230826214 1.5106780529022217
232990410 1.548384189605713
235030250 1.577702283859253
237051667 1.5707510709762573
239151585 1.5551369190216064
241156760 1.5303633213043213
243176499 1.5084291696548462
245296509 1.5171284675598145
247288503 1.5099574327468872
249392171 1.5039622783660889
251715444 1.529882788658142
253767838 1.5738022327423096
255749852 1.5932211875915527
257799766 1.5713474750518799
259905279 1.5479092597961426
261922264 1.5176985263824463
263964645 1.5165278911590576
266836511 1.5147984027862549
268834663 1.5112605094909668
270925576 1.5170097351074219
272953464 1.551386833190918
275007888 1.5784012079238892
277557229 1.5694215297698975
279513844 1.5437843799591064
281496435 1.51961088180542
283529718 1.5018497705459595
285564521 1.5066637992858887
287775549 1.4942636489868164
289805271 1.49964439868927
291817103 1.5267890691757202
293912564 1.5618349313735962
295922816 1.5726237297058105
297953377 1.5588507652282715
299969526 1.5362098217010498
302008534 1.5185222625732422
304054463 1.5086604356765747
306882939 1.508599042892456
308830487 1.503670334815979
310853146 1.5204997062683105
313050850 1.5524951219558716
315256829 1.5851051807403564
317275480 1.5727221965789795
319279847 1.5564687252044678
321349350 1.5236941576004028
323372065 1.5092108249664307
325356085 1.5082937479019165
327387011 1.4964141845703125
329431206 1.4957953691482544
331458235 1.5143383741378784
334479280 1.5543229579925537
336450777 1.5713248252868652
338442959 1.5524191856384277
340464044 1.5317260026931763
342483692 1.5127208232879639
344517989 1.5028547048568726
346553256 1.504233717918396
348633533 1.4981919527053833
350620060 1.5122700929641724
352633428 1.540479063987732
354668924 1.5761463642120361
356717537 1.5718533992767334
358717766 1.5608222484588623
360755829 1.5328526496887207
362842633 1.5114264488220215
364797378 1.5129727125167847
366848129 1.5052210092544556
369079487 1.5102415084838867
371085191 1.5186026096343994
373195082 1.5616779327392578
375200515 1.5875988006591797
377291392 1.5798604488372803
379287170 1.5603020191192627
381325261 1.5326327085494995
384734927 1.5178524255752563
386763863 1.5157934427261353
388789764 1.5123610496520996
390840190 1.517594575881958
392838158 1.5562520027160645
394852180 1.589633822441101
396902552 1.5881503820419312
398912815 1.572878360748291
400951820 1.547831416130066
403023795 1.5232930183410645
404990674 1.5235368013381958
407019573 1.519040822982788
409026962 1.5137559175491333
411053190 1.529123306274414
413123084 1.566196322441101
415111676 1.5971721410751343
417127663 1.5904062986373901
419153549 1.5719964504241943
421187797 1.5431143045425415
423232975 1.5243866443634033
425259528 1.5287582874298096
427324192 1.5129448175430298
429281725 1.5167863368988037
431338568 1.527081847190857
434926169 1.5682528018951416
436907911 1.5791513919830322
438908471 1.5696789026260376
440993640 1.5403456687927246
442954682 1.5194151401519775
444978621 1.5189846754074097
447006905 1.5096484422683716
449088928 1.509496808052063
451056861 1.520430564880371
453095714 1.555509328842163
455133595 1.5924040079116821
457351368 1.5778483152389526
459309176 1.5577609539031982
461334199 1.5312066078186035
463357709 1.5111371278762817
465413278 1.522438883781433
467427087 1.5089919567108154
469431512 1.5069758892059326
471468195 1.5251049995422363
473714166 1.5649113655090332
476284719 1.5786927938461304
478279048 1.5653295516967773
480323674 1.5470563173294067
482368928 1.5218881368637085
484356581 1.5129047632217407
486375101 1.507807970046997
488416231 1.5066410303115845
490448926 1.511216640472412
492458919 1.542409062385559
494492207 1.588275671005249
496518012 1.5808753967285156
498542799 1.5681724548339844
500621664 1.53775155544281
502630420 1.5169670581817627
504635455 1.5154756307601929
506666780 1.5157915353775024
508661735 1.507614254951477
510692509 1.5171277523040771
512717224 1.5458933115005493
514763323 1.585190773010254
516792276 1.5736448764801025
518857675 1.5624808073043823
520823748 1.532017469406128
522898191 1.5118590593338013
524921850 1.5120230913162231
526978225 1.5104358196258545
528976213 1.506394863128662
530987198 1.5179370641708374
533046452 1.556350588798523
535060562 1.5891366004943848
537117564 1.579091191291809
539105511 1.5586508512496948
542322114 1.5194487571716309
544370419 1.5129045248031616
546373462 1.510389804840088
548445058 1.5083322525024414
550430492 1.508542537689209
552477246 1.5394983291625977
554517422 1.5710479021072388
556506866 1.567972183227539
558531318 1.5558923482894897
560668556 1.5277773141860962
562674709 1.5027272701263428
564716194 1.4988248348236084
566695403 1.4919816255569458
569815780 1.4908206462860107
571851790 1.5146517753601074
574000860 1.5569206476211548
576017383 1.5715415477752686
578059572 1.5531244277954102
580063186 1.5299525260925293
582105572 1.5055686235427856
584109268 1.499274730682373
586146364 1.5013585090637207
588162144 1.498565912246704
590640322 1.4982622861862183
592708959 1.536208152770996
594668588 1.5700023174285889
596714841 1.5692570209503174
598735803 1.557543396949768
600765869 1.5284608602523804
602833522 1.5037754774093628
604976899 1.501544713973999
607389366 1.4896020889282227
609516502 1.4872398376464844
611466491 1.5130857229232788
613492941 1.5448969602584839
615504819 1.573989748954773
617515032 1.5586881637573242
619584495 1.5354984998703003
621552874 1.508468747138977
623629693 1.4958751201629639
625842769 1.5039658546447754
627815967 1.4911593198776245
629874163 1.4893741607666016
631903267 1.5164185762405396
633924543 1.5542429685592651
635951261 1.5702006816864014
637944403 1.55186128616333
640021645 1.528287649154663
642188923 1.5029431581497192
644356417 1.4996296167373657
646371674 1.4923114776611328
648441710 1.4888442754745483
650438493 1.4968258142471313
652453667 1.5297998189926147
654474130 1.5651524066925049
656498604 1.5681519508361816
658528885 1.5581252574920654
660542921 1.5259846448898315
662611006 1.504716157913208
664584689 1.5057235956192017
666643199 1.5002081394195557
668646866 1.500556468963623
670714753 1.5128188133239746
672698921 1.5438425540924072
674802615 1.582511067390442
676844439 1.5730551481246948
678908116 1.5570751428604126
680885983 1.5322445631027222
682909058 1.5105773210525513
684941000 1.5094177722930908
686964671 1.50390625
688988839 1.4995965957641602
691010003 1.514459490776062
693079364 1.5436779260635376
695059749 1.5718127489089966
697088340 1.5691959857940674
699111262 1.5476186275482178
701136657 1.5220024585723877
703201426 1.49802827835083
705179897 1.5029441118240356
707211007 1.4988501071929932
709235894 1.4946070909500122
711268054 1.5080779790878296
713303448 1.5467408895492554
715327458 1.5715683698654175
717374197 1.5580164194107056
719393823 1.5440454483032227
721412968 1.5155088901519775
723454173 1.4990012645721436
725464342 1.5088573694229126
727485963 1.4966905117034912
730869366 1.4985663890838623
732907004 1.5395766496658325
734946764 1.5720598697662354
737248479 1.5656368732452393
739242780 1.544199824333191
741281864 1.5243785381317139
743312807 1.5048469305038452
745316956 1.5056190490722656
747348504 1.49570631980896
749395747 1.4963151216506958
751396388 1.5164626836776733
753428703 1.5526423454284668
755447505 1.5805461406707764
757485554 1.5650594234466553
759581885 1.5465677976608276
761610153 1.5202574729919434
763554975 1.5029559135437012
765617028 1.5139821767807007
767619945 1.495231032371521
769656752 1.4948883056640625
771663290 1.518284559249878
773705783 1.558565616607666
775700931 1.5776103734970093
777725206 1.5591886043548584
779756884 1.53337562084198
781905763 1.5137840509414673
783903728 1.4995977878570557
786104227 1.5093847513198853
788068760 1.5017130374908447
790206926 1.5034537315368652
792221217 1.5347397327423096
794205958 1.5687317848205566
796242431 1.5736467838287354
798266965 1.5600899457931519
800282528 1.5325406789779663
802414000 1.5167083740234375
804964462 1.5076825618743896
806950214 1.4978458881378174
809582516 1.499489426612854
811540317 1.515486240386963
813578344 1.5563883781433105
815582886 1.5792759656906128
818966552 1.5599002838134766
821063663 1.5161563158035278
823129366 1.4965457916259766
825093110 1.5010348558425903
827530184 1.4928734302520752
829159075 1.4916315078735352
831179082 1.502068042755127
833200320 1.5408390760421753
835241002 1.5672411918640137
837295747 1.5579102039337158
839461772 1.5363298654556274
841498919 1.5125373601913452
843523600 1.4960914850234985
845534075 1.4984389543533325
847586604 1.4884748458862305
849586167 1.4872335195541382
851614951 1.5138733386993408
853662031 1.546441912651062
855679580 1.5710487365722656
857686291 1.5554966926574707
859718084 1.5303586721420288
861856705 1.5092211961746216
863922913 1.4958772659301758
865990012 1.4976078271865845
867932508 1.4915640354156494
869968455 1.4928711652755737
871998290 1.522105097770691
874004778 1.5594947338104248
876021197 1.5730290412902832
878074740 1.5543255805969238
880117069 1.5326727628707886
882136294 1.5152573585510254
884415648 1.504663109779358
886726312 1.4981005191802979
888725482 1.5006179809570312
890942848 1.5125267505645752
893074418 1.5520797967910767
895039849 1.582010269165039
897073394 1.5742418766021729
899117651 1.5568184852600098
901124402 1.5294448137283325
903161747 1.507266879081726
905180384 1.5109373331069946
907221353 1.5046342611312866
909290122 1.5025581121444702
912560063 1.5433928966522217
914575145 1.5799567699432373
916610873 1.5763568878173828
918665514 1.5677458047866821
920674708 1.5378477573394775
922713029 1.5118536949157715
925214576 1.5128117799758911
927117594 1.5062557458877563
929146159 1.4994261264801025
931198484 1.5135917663574219
933225469 1.5493826866149902
935585135 1.5808312892913818
937858776 1.5672413110733032
940060827 1.5345134735107422
942081228 1.5165475606918335
944069521 1.501880168914795
946106621 1.5049628019332886
948100699 1.498443841934204
950189488 1.5016345977783203
952227647 1.5345475673675537
954186339 1.568507194519043
956217297 1.5800693035125732
958229858 1.5645819902420044
960267676 1.5380150079727173
962322914 1.5169376134872437
964330401 1.5116889476776123
966341011 1.5032315254211426
968373800 1.5027052164077759
970398898 1.5094431638717651
972438325 1.5398131608963013
974751847 1.5774445533752441
976819002 1.572430968284607
978817025 1.5581917762756348
980814814 1.5342764854431152
982870252 1.5121012926101685
985075465 1.5183895826339722
987011209 1.5055279731750488
989123987 1.506723165512085
991664266 1.5271811485290527
993717951 1.5633196830749512
995704343 1.5829564332962036
997728787 1.5669147968292236
999749228 1.5478651523590088
1801076 1.5246225595474243
3828393 1.5098862648010254
5865312 1.5140421390533447
7876110 1.503340721130371
9938619 1.511297345161438
11969545 1.528016448020935
13967818 1.5727336406707764
15987144 1.579293966293335
18033615 1.566542148590088
20042878 1.5456055402755737
22068133 1.5204455852508545
24915291 1.5123035907745361
26915976 1.5048608779907227
28951867 1.5080236196517944
31004576 1.5194064378738403
33016705 1.5506614446640015
35019991 1.5763542652130127
37102430 1.5760926008224487
39087865 1.5605363845825195
41087312 1.535328984260559
43132705 1.512255311012268
45173470 1.5171326398849487
47195502 1.5102037191390991
49235306 1.5033084154129028
51233138 1.5171394348144531
53740425 1.558901071548462
56077056 1.585479736328125
58671108 1.5643478631973267
60506112 1.540544033050537
62512123 1.5134261846542358
64519846 1.5125014781951904
66564918 1.5109702348709106
68568980 1.5129660367965698
72245582 1.516925573348999
74987025 1.5803061723709106
77067806 1.579477310180664
80465919 1.5512828826904297
82477223 1.524205207824707
84555504 1.519639015197754
86513360 1.5123178958892822
88546198 1.5127273797988892
90575850 1.5223865509033203
92682276 1.5491164922714233
94629156 1.5842280387878418
96668779 1.5721850395202637
99055959 1.5557037591934204
101050013 1.525960087776184
103104883 1.5067334175109863
105160086 1.5119836330413818
107135597 1.5125702619552612
109189300 1.5099194049835205
111215481 1.5200382471084595
113216081 1.5627081394195557
115268102 1.5872012376785278
118309852 1.5743732452392578
120369328 1.5510317087173462
122379794 1.521353840827942
124403792 1.5174771547317505
126426357 1.5114541053771973
128462531 1.5096734762191772
130501920 1.5172733068466187
132529803 1.5485759973526
134547331 1.5874565839767456
136570292 1.5784697532653809
138619238 1.5674329996109009
140606712 1.5349478721618652
142670945 1.5158530473709106
144668777 1.5161916017532349
146686220 1.5103946924209595
148709665 1.5129597187042236
150734112 1.5195367336273193
152779651 1.5574908256530762
154800229 1.5926539897918701
157407866 1.5844604969024658
158852727 1.5729663372039795
161043482 1.5422033071517944
163052261 1.5176795721054077
165076766 1.5195519924163818
167208617 1.5080089569091797
169291242 1.5123789310455322
171293030 1.5282748937606812
173364378 1.5584628582000732
175356445 1.5833756923675537
177368934 1.56791353225708
179401911 1.5440669059753418
181420828 1.5121498107910156
183455654 1.4948240518569946
185547961 1.5034106969833374
187499783 1.497349500656128
189517795 1.4904786348342896
191546623 1.510779619216919
193581643 1.5540448427200317
195615511 1.5750664472579956
197637333 1.5610800981521606
200314809 1.5414540767669678
202383783 1.5090487003326416
204374449 1.5106192827224731
206405732 1.5008389949798584
208474393 1.4943519830703735
210459113 1.503617525100708
212483748 1.534067988395691
214486222 1.5713249444961548
216548047 1.56658935546875
218643070 1.5499944686889648
220665732 1.5162287950515747
222695967 1.4960867166519165
224742744 1.4963492155075073
226763354 1.4928033351898193
229337998 1.490169882774353
230824194 1.492638349533081
232817240 1.5279029607772827
234866638 1.5635088682174683
236932342 1.5652990341186523
238971499 1.5458325147628784
240961602 1.5190538167953491
243021426 1.4979668855667114
245007837 1.5054417848587036
247055356 1.494641900062561
252570848 1.4990267753601074
254544003 1.5783544778823853
257234355 1.571429967880249
259003404 1.5513231754302979
261028259 1.5239572525024414
263066035 1.5013360977172852
265157044 1.508897066116333
267166866 1.5062857866287231
269147335 1.4975179433822632
271241548 1.5117486715316772
273982187 1.5649235248565674
275995649 1.5811493396759033
278000573 1.5654202699661255
280047238 1.5433130264282227
282093416 1.5260900259017944
284101554 1.5162755250930786
286176736 1.5164700746536255
288179946 1.506872296333313
290241428 1.5097347497940063
292245313 1.539089322090149
294335188 1.579775333404541
296296638 1.5781729221343994
298338174 1.5638803243637085
300348194 1.531004786491394
302405495 1.5106092691421509
304391307 1.5040805339813232
306917120 1.5041226148605347
308954102 1.507453203201294
310986774 1.5123672485351562
313024893 1.546021819114685
315119609 1.5817493200302124
317125877 1.571232795715332
319166532 1.5556397438049316
321185069 1.5369304418563843
323231490 1.5196585655212402
325288349 1.530825138092041
327289223 1.5172961950302124
329915000 1.516534447669983
331847970 1.5362145900726318
333970148 1.5812621116638184
336037065 1.5931106805801392
338046327 1.571887493133545
340045080 1.5470637083053589
342230949 1.5231812000274658
344519752 1.5135695934295654
346728671 1.5115669965744019
349094836 1.512661099433899
351191407 1.5170862674713135
353160254 1.5527753829956055
355181281 1.587064266204834
357415376 1.5762686729431152
359332337 1.556528925895691
361356549 1.5324617624282837
363372098 1.5101875066757202
365392320 1.5192501544952393
367423950 1.509883999824524
369450721 1.5107969045639038
371488027 1.532825231552124
373510600 1.5698745250701904
375531983 1.589828610420227
377563190 1.5756187438964844
379600793 1.550534963607788
381644494 1.5249066352844238
383655817 1.5083283185958862
385688068 1.51239013671875
387685937 1.5073400735855103
389737664 1.5027998685836792
391742572 1.5262818336486816
393786536 1.569064974784851
395781080 1.5799003839492798
397818191 1.5677807331085205
399872878 1.5438278913497925
401862741 1.5253245830535889
403951307 1.5127431154251099
405925577 1.5127862691879272
407981653 1.5041722059249878
409961055 1.508044958114624
412030688 1.532936453819275
414027141 1.5796103477478027
416044313 1.5849621295928955
418977169 1.5668803453445435
420956903 1.533142328262329
423084594 1.5154742002487183
425085593 1.514050006866455
427115656 1.5078383684158325
429161994 1.507037878036499
431246044 1.518152117729187
433230816 1.5521763563156128
435228813 1.5832769870758057
437342489 1.5714062452316284
439351884 1.5546882152557373
441368946 1.5282164812088013
443439591 1.5146512985229492
445447045 1.5214133262634277
447526882 1.5077685117721558
449485376 1.5084573030471802
451511545 1.5319656133651733
453539827 1.5723048448562622
455626546 1.5988706350326538
457642047 1.5809916257858276
459650889 1.5553638935089111
461652363 1.5289406776428223
463666408 1.5142616033554077
465702978 1.5195213556289673
467755868 1.511462688446045
469748602 1.5120255947113037
472215597 1.5347672700881958
474176556 1.5790022611618042
476214479 1.5903147459030151
478254794 1.5733153820037842
480266714 1.5451574325561523
482267771 1.5288304090499878
484326038 1.5184087753295898
486321743 1.5137203931808472
488353421 1.510125756263733
490391952 1.5169203281402588
492478387 1.5519025325775146
494444513 1.5852739810943604
496465030 1.582124948501587
498499882 1.5705751180648804
500524991 1.5332162380218506
502726623 1.5167174339294434
504678557 1.512317419052124
506696486 1.5137100219726562
508713693 1.5105208158493042
510755979 1.5207232236862183
512827493 1.5546060800552368
514802769 1.582417368888855
516852845 1.5749104022979736
520042564 1.5613452196121216
522124484 1.5247457027435303
524198559 1.5125936269760132
526194401 1.5098989009857178
528259790 1.5044595003128052
530265292 1.5092642307281494
532283068 1.5348055362701416
534401631 1.5760672092437744
536347104 1.5717352628707886
538404175 1.5589804649353027
540390931 1.5302561521530151
542521991 1.5123389959335327
544523093 1.505592703819275
546537097 1.5027309656143188
548545556 1.5019649267196655
550628592 1.5076333284378052
552606664 1.5402894020080566
554643579 1.5785518884658813
556677675 1.5721070766448975
559115159 1.554402470588684
561193826 1.5313239097595215
563298349 1.509874939918518
565258765 1.515270471572876
567286643 1.509189248085022
569293539 1.5036535263061523
571318252 1.5227595567703247
574560073 1.5651159286499023
576576569 1.5746761560440063
578606047 1.5606991052627563
580759496 1.5383696556091309
582703399 1.5194590091705322
584723431 1.511266827583313
586775189 1.51555335521698
588814553 1.5119316577911377
590845706 1.5180789232254028
592876011 1.5539425611495972
594962068 1.581984519958496
597809327 1.5808322429656982
599848989 1.5541716814041138
601823784 1.5261114835739136
603885018 1.514538049697876
605884042 1.516435146331787
607940344 1.5075510740280151
609930217 1.5060994625091553
612356524 1.5332738161087036
614447270 1.582115888595581
616401907 1.5800995826721191
618577340 1.5706548690795898
620671923 1.5407967567443848
622657850 1.516804814338684
624679665 1.5136680603027344
626738271 1.5126675367355347
628736877 1.5121214389801025
630778883 1.515660047531128
632763685 1.556190013885498
634787117 1.5904779434204102
636823033 1.5817198753356934
638832580 1.5669664144515991
640871397 1.5420082807540894
642919365 1.516817331314087
644919865 1.5180041790008545
647056973 1.5109238624572754
649068863 1.5121232271194458
651054234 1.5228652954101562
653098639 1.554275393486023
655148237 1.5831891298294067
657160487 1.5704424381256104
659325704 1.5533339977264404
662975098 1.5064723491668701
665005939 1.511854648590088
667136181 1.509067416191101
669374455 1.5066156387329102
671371425 1.5215238332748413
673395646 1.5667240619659424
675945313 1.5942802429199219
677954833 1.5762412548065186
679958404 1.5513912439346313
681978974 1.537976622581482
684053638 1.5238463878631592
686044744 1.5217500925064087
688100355 1.5100080966949463
690098629 1.522783637046814
692159177 1.547393560409546
694132854 1.5836126804351807
696165273 1.5858482122421265
698221558 1.5655765533447266
700219862 1.5426585674285889
702247139 1.5207273960113525
704315018 1.51011061668396
706301133 1.508117914199829
708319724 1.502441644668579
710383961 1.5102131366729736
712366301 1.5386451482772827
714397070 1.5727238655090332
716478183 1.579445242881775
718443302 1.5649808645248413
720483255 1.5381457805633545
722589220 1.515161395072937
724663942 1.5172044038772583
727737464 1.5055865049362183
729903000 1.5089179277420044
731864559 1.5342222452163696
733908610 1.579552412033081
735868339 1.5883784294128418
737907590 1.5757726430892944
739923352 1.5460710525512695
742010311 1.5269827842712402
743964047 1.520749807357788
746007130 1.5201109647750854
748018655 1.5149255990982056
750069743 1.5169494152069092
752100271 1.5488234758377075
754108440 1.5830211639404297
756134939 1.5962167978286743
758161163 1.584823489189148
760174589 1.558424711227417
762212179 1.5359019041061401
764285183 1.5286738872528076
766242990 1.5264486074447632
768281728 1.5217998027801514
770327964 1.525037169456482
772346706 1.5563303232192993
775078142 1.5941323041915894
777447121 1.5843288898468018
779469443 1.561989426612854
781530890 1.5333718061447144
783543584 1.5159481763839722
785552189 1.5225433111190796
787574243 1.514405369758606
789568698 1.5056464672088623
791616997 1.5308308601379395
793622956 1.5654429197311401
795676992 1.5810341835021973
797753989 1.5706098079681396
799740650 1.552843689918518
801785520 1.5266478061676025
803814954 1.516829490661621
805827895 1.5162721872329712
807861451 1.5143771171569824
809943212 1.5147910118103027
811989085 1.5436620712280273
813988573 1.5836777687072754
816053796 1.5913026332855225
818042973 1.5770909786224365
820079166 1.55049467086792
822145762 1.5241886377334595
824185967 1.5135020017623901
826372264 1.5136137008666992
828966909 1.5098556280136108
830947458 1.5185028314590454
832965355 1.5452951192855835
835008381 1.5740357637405396
837074748 1.5691733360290527
839048621 1.5524637699127197
841085969 1.5297715663909912
843131794 1.5026743412017822
845125897 1.5134824514389038
847171713 1.5055086612701416
849157261 1.5078974962234497
851229660 1.5245925188064575
853212951 1.559578776359558
855251051 1.592040777206421
857805923 1.5787795782089233
859901783 1.5496406555175781
861815853 1.5294736623764038
863881475 1.5128809213638306
865936173 1.5212866067886353
867910816 1.51622474193573
869945238 1.5117063522338867
871984061 1.5425142049789429
873990116 1.5812861919403076
876010781 1.5890679359436035
878099152 1.5744025707244873
880151584 1.5498392581939697
882188079 1.5346685647964478
884229496 1.5244075059890747
886244053 1.5256268978118896
888247609 1.5201709270477295
890296060 1.5236289501190186
892324243 1.5517981052398682
894354774 1.594312071800232
896351253 1.5881701707839966
898389275 1.5690691471099854
900397881 1.5461347103118896
902428043 1.5210092067718506
904479210 1.5137661695480347
906563681 1.5127027034759521
908533678 1.5080333948135376
910549123 1.510833978652954
912607222 1.544321060180664
914632138 1.5730719566345215
916627006 1.5688490867614746
918645766 1.5589412450790405
920675868 1.5308438539505005
922689850 1.507028341293335
924721826 1.5072959661483765
926802274 1.4986423254013062
928773423 1.5015743970870972
930805131 1.5091583728790283
932829692 1.5447351932525635
934889275 1.5819413661956787
936979150 1.5692379474639893
938996305 1.5487967729568481
941030238 1.5240528583526611
943060832 1.5016697645187378
945106161 1.5063387155532837
947109391 1.4990414381027222
949138223 1.4903910160064697
951146575 1.5043059587478638
953207802 1.541358470916748
955197153 1.5713069438934326
957234605 1.5598605871200562
959281039 1.543081283569336
961335952 1.5136425495147705
963313002 1.495507001876831
965368367 1.504719614982605
967367264 1.4946407079696655
969420999 1.4880785942077637
971409061 1.5103247165679932
973449424 1.5504873991012573
975472766 1.5767416954040527
977491902 1.5586202144622803
979539833 1.5342094898223877
981573401 1.5118436813354492
983594884 1.493122935295105
985642092 1.5025362968444824
987646914 1.4985190629959106
989696815 1.4936882257461548
991682170 1.5143167972564697
993764863 1.5546176433563232
995737758 1.572814702987671
997765378 1.564815640449524
999863749 1.54120671749115
1816072 1.516758680343628
3830384 1.504054307937622
5871774 1.5067318677902222
7910343 1.4939889907836914
9965735 1.4907139539718628
11983942 1.5261887311935425
14020143 1.5647083520889282
16020790 1.5770729780197144
18043725 1.5546338558197021
20083904 1.5265871286392212
22115714 1.5043929815292358
24148877 1.4991298913955688
26146657 1.498500108718872
28182314 1.488885760307312
30242472 1.4962776899337769
32252486 1.526718258857727
34328685 1.567450761795044
36360234 1.5720853805541992
38371382 1.5633940696716309
40392237 1.536594033241272
42418033 1.517498254776001
44438266 1.5116788148880005
46495515 1.5067392587661743
48505227 1.5057971477508545
50525682 1.510132908821106
52603954 1.5467793941497803
54596745 1.5852346420288086
56635124 1.5763216018676758
58664957 1.5617802143096924
60715854 1.533413290977478
62756318 1.5070221424102783
64747261 1.512319803237915
66775376 1.5040926933288574
68822871 1.508375644683838
72557441 1.545553207397461
75064774 1.585116982460022
77049725 1.5799835920333862
79116457 1.5678207874298096
81179004 1.5429316759109497
83239770 1.5224882364273071
85227506 1.5250141620635986
87242670 1.518127679824829
89285649 1.5153735876083374
91310921 1.529233694076538
93334439 1.5718436241149902
95364923 1.5992043018341064
97382669 1.5728135108947754
99488761 1.5591689348220825
101442672 1.5310494899749756
103451771 1.5114182233810425
105636833 1.5194412469863892
107652921 1.5093319416046143
109696502 1.5049006938934326
111726851 1.5317184925079346
113787865 1.5675904750823975
115804728 1.5880639553070068
117806743 1.575614333152771
119917532 1.5462883710861206
121887686 1.5263930559158325
123905349 1.516520619392395
125935421 1.5168722867965698
127951581 1.506068468093872
129992371 1.4995609521865845
132077046 1.535212516784668
134111401 1.5716549158096313
136078348 1.5824899673461914
139948776 1.5601857900619507
141921885 1.5136420726776123
143983306 1.5060051679611206
146045218 1.5066893100738525
148011729 1.504997968673706
150032561 1.5036507844924927
152064356 1.5267671346664429
154098977 1.5690288543701172
156110318 1.5747979879379272
158668814 1.5615720748901367
160668293 1.5318677425384521
162761811 1.5122981071472168
164781748 1.5179471969604492
166802455 1.5138325691223145
168844605 1.5113519430160522
170993762 1.5219597816467285
172947375 1.5619428157806396
175010635 1.5921144485473633
177060813 1.5847220420837402
179070017 1.5614261627197266
181097170 1.531869888305664
183185769 1.5107297897338867
185175776 1.5193883180618286
187181185 1.5075492858886719
189214203 1.5071704387664795
191231748 1.5211939811706543
193264885 1.5564284324645996
195272694 1.583365559577942
197321960 1.5750117301940918
199368158 1.557762622833252
201374660 1.5287891626358032
203411787 1.5145056247711182
205417722 1.5196917057037354
207451811 1.5130786895751953
209474599 1.5104737281799316
211488010 1.5368444919586182
213515252 1.5693435668945312
215547726 1.587213158607483
217602831 1.5711451768875122
219606002 1.5511229038238525
221643628 1.5268030166625977
223646404 1.5130351781845093
225707717 1.516425371170044
227905735 1.5034337043762207
230756778 1.5016425848007202
232746649 1.539605975151062
234772904 1.5738338232040405
236800380 1.5609889030456543
238866298 1.5515011548995972
240857223 1.5291075706481934
242941229 1.507275938987732
245014726 1.5179442167282104
247028553 1.5065463781356812
249075894 1.5051591396331787
251602815 1.520239233970642
253189409 1.5633121728897095
255215704 1.5919578075408936
257292480 1.575690507888794
259387629 1.5498826503753662
261413335 1.5257186889648438
263417465 1.508103609085083
265451724 1.513445258140564
267527202 1.502469539642334
269522840 1.50105881690979
271640918 1.5200024843215942
273713423 1.5590206384658813
275738782 1.5799188613891602
277824730 1.57016122341156
279758717 1.5421377420425415
281782110 1.5229997634887695
283813662 1.5103768110275269
285833439 1.511941909790039
287857590 1.5068433284759521
289964178 1.5112547874450684
291968718 1.541383147239685
293938743 1.5804462432861328
296016702 1.5947681665420532
298025420 1.5729446411132812
300063858 1.5486713647842407
302068581 1.5274969339370728
304700614 1.5143489837646484
306124211 1.515226125717163
308137691 1.506158471107483
310163638 1.512457013130188
312215828 1.5402623414993286
314251101 1.5736960172653198
316265476 1.577082872390747
318284650 1.5624029636383057
320356797 1.5324195623397827
322411373 1.5120958089828491
324780145 1.5056796073913574
326769921 1.4962830543518066
328783618 1.4981123208999634
330837212 1.5075739622116089
332854604 1.5415273904800415
334919675 1.5840826034545898
338352246 1.5627306699752808
340377420 1.5348360538482666
348385673 1.5042139291763306
350410322 1.5111204385757446
352439226 1.547980785369873
354460161 1.5790634155273438
356499131 1.579651951789856
358547816 1.5651911497116089
360568749 1.5375308990478516
362586145 1.5128406286239624
364636174 1.5108253955841064
366656954 1.5044058561325073
368637988 1.503615379333496
370664854 1.512994408607483
372725353 1.5427236557006836
374735930 1.5777311325073242
376787750 1.5682480335235596
378838128 1.5516750812530518
380904946 1.5245335102081299
382913231 1.507241129875183
384931392 1.508089542388916
386938041 1.502470850944519
389008526 1.4969180822372437
390996155 1.5106505155563354
393026456 1.5455694198608398
395055902 1.5807952880859375
397084984 1.569994568824768
399115312 1.552154779434204
401154697 1.5343503952026367
403184175 1.5105392932891846
405179697 1.5132371187210083
407220319 1.5118094682693481
409227757 1.5073084831237793
411255718 1.5245742797851562
413273710 1.5658830404281616
415323937 1.5965311527252197
417331156 1.5796419382095337
419372406 1.5574144124984741
421440940 1.5348756313323975
423586640 1.5162283182144165
425614376 1.5241668224334717
427624401 1.5136305093765259
429644545 1.5084515810012817
431663425 1.5320754051208496
433707253 1.5681064128875732
435730491 1.5839039087295532
437763768 1.5672166347503662
440337781 1.5379027128219604
442360776 1.5157769918441772
444427262 1.5141313076019287
446499516 1.5118942260742188
448538796 1.5083913803100586
450531448 1.518669605255127
452591567 1.5530681610107422
454640663 1.5882359743118286
456726414 1.5797033309936523
458818469 1.5627144575119019
460933229 1.5309734344482422
462925660 1.5098671913146973
464969711 1.5187779664993286
467002132 1.5120538473129272
468996187 1.507806420326233
471022037 1.5272576808929443
473051865 1.5564392805099487
475190174 1.5892943143844604
477178321 1.5745164155960083
479244373 1.55973482131958
481237949 1.5304737091064453
483276780 1.5119166374206543
485301380 1.5201897621154785
487358891 1.514227271080017
489397938 1.5104326009750366
491420052 1.5305553674697876
493495638 1.5711489915847778
495441272 1.593982458114624
498087628 1.5782098770141602
500130763 1.5420153141021729
502090900 1.5210151672363281
504142246 1.5063658952713013
506141846 1.5042979717254639
508178040 1.5007888078689575
510198432 1.5055948495864868
512232302 1.5379301309585571
514287179 1.571400761604309
516321721 1.576179027557373
518323199 1.5623366832733154
520356423 1.5346430540084839
522512093 1.518375039100647
525084966 1.51052725315094
527108004 1.5035301446914673
529151664 1.5017399787902832
531232525 1.5198227167129517
533202220 1.5557687282562256
535198126 1.5900739431381226
537222131 1.5719472169876099
539268337 1.5517781972885132
541283472 1.5275956392288208
543322817 1.5097777843475342
545329994 1.5092167854309082
547388549 1.5075715780258179
549427030 1.4984432458877563
551433037 1.5154387950897217
553457056 1.554709792137146
555487117 1.5828733444213867
557503579 1.5712947845458984
559529919 1.545807957649231
561554638 1.5224943161010742
563580985 1.5059071779251099
565621999 1.5151175260543823
567656161 1.5092179775238037
569652121 1.5097615718841553
571665388 1.530482530593872
573742602 1.5759352445602417
575808347 1.5978575944900513
577838626 1.577925205230713
579924469 1.5566917657852173
581945541 1.5384070873260498
583983607 1.518776297569275
586109271 1.5274617671966553
588042540 1.5180280208587646
590060377 1.5177932977676392
592070662 1.5474745035171509
594121761 1.583621621131897
596145302 1.5942965745925903
598551414 1.5800716876983643
600521092 1.5536246299743652
602491299 1.5303955078125
604558087 1.5224133729934692
606577426 1.518602967262268
608578182 1.5175217390060425
610617340 1.5157684087753296
612699711 1.5589077472686768
614680329 1.5961614847183228
616720835 1.586864709854126
618790232 1.5705357789993286
620748874 1.5430958271026611
622901518 1.5268908739089966
624832930 1.5180200338363647
626911905 1.5116851329803467
628914819 1.5108743906021118
630924220 1.514235019683838
632935197 1.5477538108825684
634960248 1.576312780380249
637007259 1.5712456703186035
639054450 1.5534452199935913
641052264 1.525957703590393
643099136 1.5077629089355469
645165167 1.5071275234222412
647278599 1.5067048072814941
649320219 1.5093516111373901
651322809 1.5206187963485718
653359584 1.5631755590438843
655396551 1.5886924266815186
657389589 1.5732611417770386
659423201 1.5506131649017334
661462586 1.5276132822036743
663520998 1.5118204355239868
665550010 1.5230449438095093
667548882 1.51545250415802
669615813 1.5093541145324707
671634638 1.5334055423736572
673637675 1.570029377937317
675707363 1.5881755352020264
677723526 1.5704774856567383
679756608 1.5498160123825073
681774792 1.5283840894699097
684803875 1.5138438940048218
686927968 1.5114338397979736
688889313 1.5093801021575928
690907631 1.5184409618377686
692973992 1.5541785955429077
694961568 1.5876684188842773
696974070 1.5790188312530518
699005660 1.5604114532470703
701016668 1.531590223312378
703041512 1.5107738971710205
705084522 1.5132815837860107
707116515 1.509583592414856
709138537 1.509095549583435
711156017 1.520516276359558
713176760 1.5556294918060303
715213964 1.5823676586151123
717405807 1.5708378553390503
719506839 1.545253872871399
721521855 1.5222022533416748
723579023 1.503815770149231
727595402 1.500353455543518
729657939 1.4985973834991455
731641367 1.5193285942077637
733695118 1.5661941766738892
735711915 1.5788099765777588
737779724 1.558578372001648
739752926 1.5339771509170532
741777398 1.514345407485962
743824086 1.4956578016281128
745858874 1.5017949342727661
747959586 1.496597170829773
749883412 1.4914827346801758
751930252 1.5189086198806763
754361308 1.561076045036316
756500431 1.563934087753296
758382958 1.5516754388809204
760498513 1.523232340812683
762551126 1.5019903182983398
764571863 1.5005407333374023
766580049 1.4945518970489502
768612023 1.4934771060943604
770700918 1.501653790473938
772679133 1.5363343954086304
774698007 1.5765856504440308
776746091 1.5675541162490845
778971915 1.5551987886428833
781023833 1.5202531814575195
783040630 1.5060304403305054
785072760 1.5078072547912598
787187516 1.503499150276184
789193776 1.499509572982788
791360250 1.5139334201812744
793434825 1.5464754104614258
795458982 1.5771085023880005
797471995 1.5606201887130737
799503101 1.5421829223632812
801510942 1.518441081047058
803576394 1.496284008026123
805577230 1.5005590915679932
807621252 1.493633508682251
810456149 1.4995380640029907
812476913 1.5318760871887207
814504403 1.5694575309753418
816551508 1.5660645961761475
818552714 1.55116605758667
820572976 1.5197399854660034
822640269 1.5037627220153809
824812409 1.5015170574188232
826749624 1.4982681274414062
828825127 1.4995924234390259
830879672 1.504950761795044
832880084 1.5468202829360962
834861991 1.5710233449935913
836917638 1.562217354774475
838947700 1.552964448928833
841080814 1.525101900100708
843180763 1.4996176958084106
845200980 1.5032199621200562
847195862 1.4988971948623657
849222332 1.494876503944397
851269655 1.5128352642059326
853284024 1.5503888130187988
855343782 1.5757933855056763
857304037 1.564727783203125
859532162 1.5363234281539917
861589846 1.5137990713119507
863644684 1.4981293678283691
865654221 1.5027259588241577
867741387 1.4938751459121704
869810816 1.4970883131027222
871857455 1.5198745727539062
873845392 1.5593008995056152
875901437 1.573256254196167
877925961 1.56321382522583
879950962 1.5382883548736572
881988595 1.5153846740722656
884002431 1.5043047666549683
886395290 1.5071702003479004
888370005 1.4979099035263062
890354650 1.50166654586792
892401568 1.5394219160079956
894395899 1.5776314735412598
896444351 1.5701086521148682
898470907 1.5588359832763672
900478657 1.5283856391906738
902541090 1.5085632801055908
904558277 1.5011144876480103
906594504 1.5025016069412231
908614809 1.4988477230072021
910631465 1.5029109716415405
912654754 1.5375149250030518
914721394 1.571209192276001
916751124 1.5639723539352417
918747262 1.558363914489746
920829292 1.5298362970352173
922849719 1.5053012371063232
924915297 1.5053791999816895
926921505 1.4992947578430176
928942365 1.4952036142349243
931048656 1.5072810649871826
933009124 1.5451066493988037
935029272 1.5679532289505005
937291032 1.5645313262939453
939203767 1.5415681600570679
941229732 1.5184993743896484
943259882 1.4996519088745117
945292422 1.508877158164978
947364495 1.4979997873306274
949372907 1.4930139780044556
951467121 1.5130184888839722
953400042 1.5486096143722534
955440950 1.5732495784759521
957454168 1.5573461055755615
959492340 1.5401980876922607
961508655 1.522281289100647
963542715 1.5012816190719604
965557526 1.5143119096755981
967585037 1.506155252456665
969639963 1.5037600994110107
971662694 1.5251613855361938
973654897 1.5616717338562012
975705010 1.5817383527755737
977718441 1.5735208988189697
979734399 1.5415689945220947
981766216 1.517207145690918
983787323 1.5056759119033813
985796933 1.5081582069396973
987837614 1.5033403635025024
989886936 1.5046112537384033
991882081 1.526590347290039
993913448 1.5653119087219238
995958241 1.575989842414856
998533083 1.5613775253295898
23442 1.5349339246749878
2063405 1.516688585281372
4092350 1.5080281496047974
6099928 1.5023940801620483
8121879 1.502437949180603
10628339 1.5052242279052734
12208396 1.538957953453064
14227118 1.5773539543151855
16242821 1.5821044445037842
18690595 1.5625038146972656
20706327 1.531490683555603
22680299 1.5114638805389404
24712158 1.5079787969589233
26730658 1.5047227144241333
28770284 1.5079182386398315
30760477 1.5097206830978394
32815743 1.5439943075180054
34839555 1.576785683631897
36835974 1.5670312643051147
38884276 1.5524314641952515
40914744 1.5252604484558105
42968933 1.5037751197814941
44940522 1.5024305582046509
46984705 1.4950835704803467
49000517 1.4990829229354858
51035357 1.5108528137207031
53101594 1.5494486093521118
55066731 1.580819845199585
57100259 1.5714894533157349
59140387 1.552123785018921
61182985 1.525378704071045
63201801 1.5077440738677979
65206044 1.5103321075439453
67250701 1.5042989253997803
70779196 1.5037486553192139
73449521 1.5559872388839722
75425042 1.5823801755905151
77501511 1.5670621395111084
79474749 1.5529687404632568
81513004 1.523250699043274
83550999 1.5070651769638062
85570117 1.5166029930114746
87609451 1.505599021911621
89604922 1.5015641450881958
91645431 1.5253641605377197
93671783 1.5610926151275635
95687846 1.5854331254959106
97782659 1.569111704826355
99770383 1.5417615175247192
101766636 1.520382285118103
103811189 1.5107518434524536
105841272 1.5160309076309204
107903382 1.504302740097046
110007898 1.5055744647979736
112210842 1.5334728956222534
114317072 1.5769141912460327
116336621 1.5777015686035156
118347446 1.5629163980484009
120364533 1.5364834070205688
122406966 1.5146740674972534
124432419 1.5062240362167358
126465621 1.5013585090637207
128508174 1.4987257719039917
130614321 1.5043727159500122
132797576 1.5442057847976685
134817068 1.5772252082824707
136843423 1.5757051706314087
138862017 1.5591058731079102
140887738 1.5296837091445923
142915971 1.511075496673584
144936068 1.5129444599151611
146968047 1.5063620805740356
148986558 1.5059115886688232
151020096 1.5181398391723633
153039063 1.547197937965393
155055338 1.583462119102478
157083068 1.572688102722168
159617109 1.5542951822280884
161440049 1.5240623950958252
163443900 1.505294919013977
165497664 1.5015172958374023
167503255 1.4998106956481934
169555235 1.4994406700134277
171605432 1.5236170291900635
173593331 1.5630004405975342
175598239 1.5840704441070557
177642282 1.5650434494018555
179822365 1.541142225265503
181885936 1.5180590152740479
183864816 1.508034586906433
185916291 1.5089662075042725
187928107 1.5022753477096558
189979001 1.5002590417861938
191979702 1.5307581424713135
194014671 1.5665557384490967
196062442 1.580603837966919
198067001 1.5629334449768066
200078545 1.5435279607772827
202146351 1.5226308107376099
204136517 1.50680410861969
206201630 1.5059696435928345
208174371 1.4977967739105225
210264034 1.5008326768875122
212266148 1.534032940864563
214306842 1.5715516805648804
216388935 1.5682023763656616
218422535 1.5544161796569824
220452505 1.5293265581130981
222541336 1.5022735595703125
224555521 1.4996557235717773
226594007 1.501110553741455
228608508 1.4929014444351196
230668488 1.5000892877578735
232667810 1.532191276550293
234709487 1.5653138160705566
236740964 1.5650646686553955
238755854 1.5514891147613525
240796221 1.5216330289840698
242789066 1.4969967603683472
244851279 1.5065909624099731
246955426 1.495071291923523
248938640 1.495117425918579
251576390 1.5053107738494873
253535558 1.5474618673324585
255551576 1.5731595754623413
257584971 1.5573678016662598
259638713 1.5365180969238281
261647687 1.5096849203109741
263713904 1.498846411705017
265700342 1.505043387413025
267709964 1.497950792312622
269739804 1.4991248846054077
271889664 1.5208245515823364
273825613 1.5584676265716553
275868957 1.5732779502868652
277876047 1.5604138374328613
279928460 1.5348176956176758
281970372 1.5142302513122559
283932443 1.5035566091537476
285983406 1.5059181451797485
288023308 1.4968706369400024
290060316 1.4985257387161255
292053817 1.5241962671279907
294097709 1.564821481704712
296144306 1.5707374811172485
298122620 1.5570062398910522
300198417 1.5301728248596191
302199058 1.5101239681243896
304206454 1.5004856586456299
306245662 1.5017657279968262
308260301 1.4952936172485352
310333189 1.505582332611084
312302350 1.5357122421264648
314323338 1.5725338459014893
316357871 1.572733759880066
318421133 1.5572333335876465
320453710 1.534123420715332
322586510 1.511111855506897
324528013 1.5080242156982422
326652357 1.5059528350830078
328592484 1.4987322092056274
330627214 1.5091428756713867
332636859 1.545632004737854
334677658 1.5763236284255981
336686396 1.5713080167770386
338721716 1.5604060888290405
340796139 1.5303359031677246
342856989 1.510119080543518
344851953 1.5070781707763672
346936059 1.5000566244125366
349074997 1.5041801929473877
351170731 1.514968752861023
353150270 1.5547059774398804
355175409 1.5803585052490234
357189468 1.570432424545288
359222424 1.552577257156372
361236465 1.5312187671661377
363261493 1.5105565786361694
365282193 1.5146570205688477
367326463 1.510696291923523
369358178 1.5129694938659668
371461823 1.5232689380645752
373537906 1.565041184425354
375537157 1.5895767211914062
377576328 1.5780164003372192
379607810 1.5549075603485107
381618722 1.5336108207702637
383638079 1.519821047782898
385670975 1.5224041938781738
387699406 1.513427972793579
389726926 1.5141420364379883
391748372 1.5308513641357422
393792766 1.568247675895691
395845473 1.587437391281128
397825655 1.5744198560714722
399845835 1.5481133460998535
401881905 1.526663899421692
403906188 1.512341856956482
405929046 1.5172758102416992
407948215 1.5047526359558105
410016827 1.5026274919509888
412040757 1.5344852209091187
414054008 1.573351502418518
416678713 1.5687189102172852
418710127 1.552828073501587
420715624 1.5312522649765015
422806556 1.5077751874923706
424775235 1.5072021484375
426823303 1.5047942399978638
428889122 1.5054823160171509
430866976 1.5130079984664917
432874525 1.5440635681152344
434947998 1.576755404472351
436940471 1.5713714361190796
438949351 1.554921269416809
440987541 1.5315595865249634
443023928 1.5080398321151733
445032656 1.5108698606491089
447058047 1.5008898973464966
449098436 1.5006325244903564
451136380 1.5153965950012207
453141779 1.5551053285598755
455330059 1.5855464935302734
457353189 1.5757572650909424
460117626 1.5511932373046875
462110484 1.5224575996398926
464146248 1.5078582763671875
466174944 1.5074225664138794
468263440 1.5003976821899414
470240807 1.5037630796432495
472245566 1.5357145071029663
474297773 1.5698463916778564
476372359 1.575952410697937
478407265 1.5623526573181152
480433610 1.5374035835266113
482472777 1.5193393230438232
484487822 1.5084583759307861
486512729 1.50709867477417
488598144 1.5022656917572021
490559183 1.5109714269638062
492601269 1.5434473752975464
494601056 1.5793423652648926
496635866 1.5744445323944092
498732096 1.5628070831298828
500754726 1.5334938764572144
503265579 1.513695478439331
505282151 1.5163640975952148
507349434 1.505823016166687
509314323 1.500133991241455
511344751 1.5133036375045776
513366887 1.553462028503418
515399845 1.5780055522918701
517438391 1.564487338066101
519442590 1.539343237876892
521499648 1.5120079517364502
523536513 1.4903488159179688
525552627 1.4964715242385864
527559234 1.4882700443267822
529584880 1.4817683696746826
531639088 1.5073524713516235
533639871 1.544535517692566
535676743 1.5607995986938477
537681529 1.5546908378601074
539720888 1.5256421566009521
541755645 1.5006855726242065
543783299 1.4957410097122192
545791566 1.497168779373169
547830950 1.4970752000808716
549859557 1.495019555091858
551870555 1.5202043056488037
553888726 1.5533748865127563
555923276 1.568568468093872
557957150 1.5591092109680176
559976473 1.5387282371520996
562000658 1.5138674974441528
564039073 1.501564621925354
566034418 1.4998077154159546
568073227 1.4965636730194092
570123384 1.4995132684707642
573165040 1.534355640411377
575314388 1.579430103302002
577573931 1.5632191896438599
579350628 1.5484343767166138
581421534 1.5222011804580688
583400085 1.5039358139038086
585433003 1.5129926204681396
587455519 1.50432288646698
589523799 1.5040181875228882
591524169 1.5255002975463867
593570385 1.567941427230835
595581736 1.5906319618225098
597624805 1.5753986835479736
599615840 1.557433843612671
601663955 1.534252643585205
603682600 1.5143637657165527
605688845 1.5202468633651733
607714054 1.510837435722351
609741251 1.5100537538528442
611807451 1.5356260538101196
613804020 1.5781259536743164
615824641 1.592513918876648
617889708 1.577505350112915
619933222 1.5534420013427734
621914249 1.5246460437774658
623927924 1.5152984857559204
625965971 1.5156396627426147
627988652 1.5148646831512451
630001270 1.513938069343567
632049941 1.5437631607055664
634060122 1.5744171142578125
636089029 1.5892833471298218
638145734 1.569421410560608
640133738 1.5459190607070923
642151727 1.5260264873504639
644184735 1.5136455297470093
646250006 1.5141977071762085
648272693 1.5033177137374878
650294126 1.5085045099258423
652316037 1.5383176803588867
654313945 1.5800182819366455
656425769 1.5734257698059082
658459944 1.5615252256393433
660463483 1.5321754217147827
662483768 1.5106182098388672
664535848 1.5041853189468384
666546193 1.502260446548462
668586229 1.5010790824890137
670614590 1.5065125226974487
672638476 1.541454553604126
674621696 1.5814234018325806
676675754 1.5779513120651245
679172061 1.5551507472991943
681206941 1.5359655618667603
683209829 1.511238694190979
685242727 1.515816569328308
687262055 1.5035916566848755
689286431 1.5093162059783936
691347396 1.5186811685562134
693368166 1.561237096786499
695388864 1.5865118503570557
697393414 1.5714160203933716
699494085 1.5506837368011475
701578234 1.5191315412521362
703587052 1.5038210153579712
705602948 1.4996988773345947
707662077 1.4921395778656006
709670899 1.4914809465408325
711685887 1.5174516439437866
713719878 1.554344892501831
716032186 1.570182204246521
718102529 1.5596718788146973
720081897 1.5337330102920532
722200740 1.5159077644348145
724230897 1.5018426179885864
726225403 1.5037200450897217
728214439 1.4961318969726562
730272769 1.4954599142074585
732278323 1.5363694429397583
734323120 1.5724830627441406
736338467 1.5723261833190918
738949933 1.5553350448608398
740397113 1.5349258184432983
742413700 1.511037826538086
744441657 1.5062199831008911
746486090 1.5055267810821533
748491081 1.5010325908660889
750520432 1.504462718963623
752541958 1.5358752012252808
754557633 1.579155445098877
756729243 1.5731439590454102
759106966 1.5533678531646729
761093235 1.531801700592041
763294730 1.5121288299560547
765253004 1.5106242895126343
767286676 1.5007846355438232
769306733 1.5003430843353271
771333745 1.5173672437667847
773360805 1.5570805072784424
775470537 1.5836372375488281
777594434 1.565325140953064
779618722 1.5391559600830078
781640271 1.5182406902313232
783669924 1.5045274496078491
785769461 1.5071529150009155
787716880 1.5025790929794312
789762810 1.4975924491882324
791854246 1.5259321928024292
793915756 1.56737220287323
795856637 1.5851367712020874
797910381 1.5694124698638916
799965609 1.5429314374923706
801999345 1.5215752124786377
804031548 1.5129425525665283
806107065 1.5211423635482788
808103185 1.5123101472854614
810106237 1.5126259326934814
812164572 1.5417214632034302
814184115 1.579223871231079
816211326 1.5853630304336548
818265188 1.5687079429626465
820253816 1.5368691682815552
822293989 1.5198705196380615
824339344 1.512816309928894
826337981 1.5059680938720703
828366293 1.506575584411621
830376148 1.5043208599090576
832493296 1.5395176410675049
834478916 1.5723003149032593
836559641 1.5770961046218872
838564660 1.5626412630081177
840674578 1.53265380859375
842644215 1.5098885297775269
844790849 1.509253978729248
846760369 1.5037119388580322
848822503 1.5049347877502441
850856815 1.5146158933639526
852864170 1.5510790348052979
854900240 1.5860847234725952
857651714 1.581114411354065
859615701 1.5504857301712036
861645466 1.5323264598846436
863671882 1.515431523323059
865698155 1.5197052955627441
868872856 1.5159600973129272
870928983 1.5291308164596558
872938786 1.5578075647354126
874949398 1.594001054763794
877082642 1.5842549800872803
879122621 1.5648542642593384
881819092 1.5327702760696411
883807722 1.5214310884475708
885849500 1.5137064456939697
887876599 1.5102901458740234
889982302 1.5106148719787598
891942226 1.5376518964767456
894377980 1.576404094696045
896397024 1.5835171937942505
898413394 1.5732707977294922
900481429 1.539054036140442
902673739 1.521151065826416
904786854 1.5184228420257568
906810660 1.5135196447372437
908833490 1.5158692598342896
910861292 1.5268346071243286
912913514 1.5508625507354736
914920869 1.5897117853164673
916950016 1.578174114227295
919019543 1.5640558004379272
920996751 1.5350563526153564
923019098 1.5135036706924438
925085072 1.5220155715942383
927071906 1.5107077360153198
929095241 1.5103362798690796
931109447 1.5234564542770386
933137194 1.5606558322906494
935193899 1.5881552696228027
937202253 1.5785222053527832
939255472 1.5544660091400146
941234968 1.5323466062545776
943295894 1.5121617317199707
945293567 1.5167406797409058
947321892 1.5116305351257324
949350064 1.5043307542800903
951391456 1.5188449621200562
953411258 1.5594834089279175
955428984 1.5833463668823242
957449048 1.5703563690185547
959495956 1.5513916015625
961507026 1.524496078491211
963564568 1.507346272468567
965564746 1.506891131401062
969173216 1.5000869035720825
971202754 1.5051851272583008
973265267 1.5463193655014038
975330387 1.5801036357879639
978128567 1.5661916732788086
980201577 1.532267689704895
982194201 1.5143492221832275
984218451 1.5070536136627197
986250131 1.5048439502716064
988302479 1.4980978965759277
990317876 1.5009294748306274
992347610 1.5356857776641846
994349593 1.5705921649932861
996388827 1.568540334701538
998410734 1.5609729290008545
438359 1.5383564233779907
2473811 1.5158036947250366
4463117 1.5107667446136475
6506252 1.5014073848724365
8517531 1.503329873085022
10584069 1.5020955801010132
12621149 1.5405890941619873
14603385 1.5762217044830322
16648516 1.5672314167022705
18695898 1.5534180402755737
20791015 1.5235896110534668
22774322 1.5017861127853394
24824799 1.4969704151153564
26850929 1.4883133172988892
28862665 1.4900410175323486
30906546 1.499366283416748
32934921 1.531663417816162
34969017 1.5679031610488892
36974014 1.5617821216583252
39005974 1.5469940900802612
41034704 1.5199086666107178
43061716 1.4957133531570435
45080129 1.5071858167648315
47102041 1.5032060146331787
49134615 1.499650001525879
51216936 1.514301061630249
53194974 1.549532413482666
55210048 1.5842779874801636
57281379 1.5723867416381836
59264317 1.5456072092056274
61292170 1.5216436386108398
63327049 1.5064526796340942
65363062 1.511420726776123
67400819 1.5032756328582764
69578738 1.501773715019226
73774645 1.561218023300171
75737244 1.5832353830337524
77764794 1.5677647590637207
79779177 1.5433485507965088
81795349 1.5200506448745728
83881062 1.5079379081726074
85866099 1.5152541399002075
87907008 1.502469539642334
89910851 1.5006262063980103
91940010 1.5272208452224731
93980021 1.5680127143859863
95976227 1.5768511295318604
98037188 1.5620770454406738
100058393 1.5326545238494873
102094102 1.5126081705093384
104099629 1.5018351078033447
106138894 1.5027775764465332
108163053 1.4991883039474487
110209588 1.496761679649353
112207078 1.5301282405853271
114221993 1.5662118196487427
116284675 1.5717133283615112
118353306 1.5576552152633667
120373919 1.5347329378128052
122460085 1.5112090110778809
124750909 1.5040843486785889
126778599 1.5070812702178955
128802953 1.4975895881652832
131052069 1.5092545747756958
133046775 1.5425916910171509
135095525 1.575599193572998
137107649 1.5650584697723389
139127892 1.5457189083099365
141201926 1.5167725086212158
143190219 1.500383973121643
145206174 1.5059767961502075
147269689 1.4932851791381836
149266795 1.494494915008545
151292040 1.5112402439117432
153307044 1.5490494966506958
155391940 1.5733623504638672
157379097 1.5626590251922607
159388197 1.5478239059448242
161412787 1.5198309421539307
163449819 1.5024663209915161
165479643 1.5119659900665283
167497265 1.5023984909057617
169516510 1.505460500717163
171600051 1.5238242149353027
173730707 1.5629513263702393
175740597 1.5852773189544678
177783643 1.5706963539123535
179816503 1.5468122959136963
181822988 1.5186901092529297
183845296 1.508948802947998
185865542 1.5124523639678955
187903378 1.504043459892273
189964905 1.5010863542556763
191935212 1.5275251865386963
194176761 1.5671508312225342
196129452 1.5836327075958252
198188384 1.5635907649993896
200195754 1.540816307067871
202223592 1.5168285369873047
204261254 1.509132742881775
206282168 1.509398102760315
208282612 1.5010733604431152
210317409 1.5092670917510986
212376665 1.545341968536377
214387239 1.5858280658721924
216400884 1.5825939178466797
218404128 1.5700441598892212
220454177 1.5424602031707764
222482818 1.5213242769241333
224517758 1.5149774551391602
226511761 1.5142735242843628
228538429 1.5117439031600952
230590142 1.510332703590393
232663429 1.5416860580444336
235156141 1.578223705291748
237136991 1.5728929042816162
239138338 1.5549647808074951
241193935 1.528740406036377
247306389 1.509168267250061
250079627 1.497564673423767
252060057 1.5251643657684326
254101327 1.5702860355377197
256159496 1.571041464805603
260257213 1.5380054712295532
263405467 1.5184197425842285
265533258 1.5111314058303833
267554167 1.4998530149459839
269624993 1.49462890625
271911770 1.5287470817565918
273850720 1.559855341911316
275867893 1.5783956050872803
277930210 1.5632985830307007
279943623 1.5463224649429321
281966632 1.521741271018982
283967092 1.5116093158721924
286007247 1.5131704807281494
288022724 1.5030114650726318
291910602 1.5031616687774658
293915261 1.5722429752349854
295971167 1.5766425132751465
298400227 1.5640450716018677
300460322 1.5332592725753784
302462889 1.5126640796661377
304473820 1.4984698295593262
306517114 1.5027436017990112
308563724 1.4974112510681152
310555105 1.4998347759246826
312578642 1.5335501432418823
314606133 1.5689462423324585
316634470 1.564749002456665
318924468 1.5465227365493774
320946908 1.5148591995239258
322955028 1.49779212474823
325005122 1.501704216003418
327016100 1.4998337030410767
329050608 1.4980177879333496
331087722 1.5155267715454102
333087033 1.5496737957000732
335159501 1.5821857452392578
337158006 1.5728930234909058
339181834 1.5493640899658203
341201259 1.525187373161316
343385083 1.503016710281372
345334854 1.512222409248352
347387899 1.509994387626648
349394332 1.505788803100586
351433702 1.5209194421768188
353458931 1.5594812631607056
355483514 1.5824840068817139
357500839 1.5736826658248901
359526621 1.5498616695404053
361556900 1.5296597480773926
363587571 1.508817195892334
365626635 1.5130482912063599
367731247 1.5032058954238892
369742149 1.5042935609817505
371785487 1.526344656944275
373729759 1.5652565956115723
375746873 1.5891057252883911
377774227 1.566225290298462
379836978 1.5424784421920776
381887408 1.520141363143921
383868251 1.5099756717681885
385890512 1.507420301437378
388169157 1.5046924352645874
389940786 1.5055181980133057
392013560 1.532173752784729
393988438 1.5762192010879517
396036717 1.5848628282546997
398050612 1.5741729736328125
400074128 1.5526013374328613
402110419 1.5284056663513184
404128495 1.5178972482681274
406174394 1.5178354978561401
408174126 1.5136176347732544
410213062 1.511883020401001
412221963 1.5460604429244995
414268089 1.5874305963516235
416290155 1.587031602859497
418389578 1.5721803903579712
420395532 1.541609764099121
422421665 1.519303560256958
424659670 1.511789321899414
426653278 1.5085455179214478
428762562 1.5037933588027954
430766278 1.5072358846664429
432818588 1.542927622795105
434840754 1.5779927968978882
436821340 1.56797456741333
439498566 1.5430482625961304
441516307 1.512131929397583
443575709 1.4994477033615112
445564553 1.4997271299362183
447596380 1.4888489246368408
449656126 1.4868026971817017
451646055 1.514003038406372
453686570 1.5542676448822021
455696005 1.5759329795837402
457754829 1.5617790222167969
459765729 1.5364595651626587
462123611 1.5132102966308594
464069100 1.5023434162139893
466105172 1.507352352142334
468125377 1.5017495155334473
470166715 1.496377944946289
472236345 1.5269691944122314
474221962 1.5671628713607788
476221917 1.5771135091781616
478340514 1.5617835521697998
480330503 1.5341695547103882
482393904 1.5111424922943115
484408150 1.5041115283966064
486392457 1.5021135807037354
488459776 1.4991934299468994
490460309 1.5056899785995483
492498704 1.5397247076034546
494504010 1.5733423233032227
496570949 1.5719211101531982
498961868 1.553680658340454
500982331 1.521467685699463
502995143 1.4977158308029175
505031071 1.5032016038894653
507120079 1.4900656938552856
509106684 1.4911730289459229
511127488 1.5080106258392334
513141769 1.5405546426773071
515176932 1.573014736175537
517552813 1.56229829788208
519579799 1.5433987379074097
522075583 1.5217596292495728
523964806 1.5096888542175293
525997498 1.5033966302871704
528122466 1.5027618408203125
530110203 1.5006301403045654
532183885 1.536315679550171
534192357 1.5709497928619385
536186265 1.5791749954223633
538213197 1.5609153509140015
540240868 1.537227749824524
542268443 1.5175597667694092
544289792 1.5119225978851318
546372993 1.5080866813659668
548405919 1.5078989267349243
550782071 1.51534903049469
552827109 1.5504862070083618
554885814 1.5850977897644043
556906335 1.579074740409851
558931508 1.567673683166504
560946679 1.5356805324554443
563145983 1.5129303932189941
565078497 1.5086804628372192
567108507 1.5015971660614014
569123822 1.5033810138702393
571155334 1.5149319171905518
573183579 1.5471309423446655
575212766 1.5786057710647583
577264688 1.5671931505203247
579363744 1.5540084838867188
581434566 1.5227696895599365
583582299 1.5058281421661377
585646176 1.516129493713379
587690758 1.504905343055725
589679019 1.501267433166504
591769929 1.5204180479049683
593865758 1.5612609386444092
595841055 1.5832171440124512
597852241 1.5731291770935059
599905137 1.5445845127105713
601935939 1.5172474384307861
603939169 1.5076923370361328
605937165 1.5156910419464111
607970719 1.506519079208374
610007663 1.5066585540771484
612031915 1.5358989238739014
614050001 1.5752100944519043
616093506 1.5899425745010376
618133433 1.5643872022628784
620155154 1.5417779684066772
622312726 1.523584246635437
624381773 1.5146210193634033
626370965 1.5082753896713257
628392429 1.510949969291687
630456038 1.512480616569519
632472698 1.5415174961090088
634548185 1.5727568864822388
636540175 1.574690818786621
638565391 1.5591413974761963
640580685 1.5341686010360718
643073280 1.5180854797363281
645210336 1.5109734535217285
647220194 1.4993321895599365
649247182 1.5047342777252197
651789491 1.5220078229904175
653300986 1.5622891187667847
655346504 1.5825855731964111
657410073 1.5686330795288086
659403589 1.551081895828247
661434292 1.5254043340682983
663755409 1.5051372051239014
665909151 1.5135326385498047
667934202 1.506417989730835
669945793 1.501621127128601
671989767 1.5260775089263916
676655248 1.572025179862976
678782234 1.5611556768417358
680969920 1.5308637619018555
683143041 1.5073845386505127
685274100 1.5107638835906982
687316639 1.5007753372192383
689321182 1.502460241317749
691384814 1.515186071395874
693368255 1.5583906173706055
695433133 1.5839561223983765
697428345 1.5664807558059692
699458744 1.5486794710159302
701507026 1.5187554359436035
703518511 1.4981188774108887
705546366 1.5076161623001099
707943221 1.4999792575836182
709869707 1.4981220960617065
712009495 1.5251216888427734
714041216 1.5663917064666748
716052699 1.576412320137024
718104798 1.5614210367202759
720511320 1.5277692079544067
722498051 1.5103065967559814
724587153 1.5014115571975708
726615276 1.4985976219177246
728614267 1.4907970428466797
742052695 1.508875846862793
744072375 1.4975879192352295
746045211 1.4992773532867432
748079533 1.4948976039886475
750126152 1.488827109336853
752122712 1.5173139572143555
754154379 1.5594905614852905
756177857 1.5665006637573242
758790242 1.5561703443527222
760237551 1.5324393510818481
762268022 1.510490894317627
764282895 1.4992127418518066
766353791 1.5023442506790161
768350597 1.4975731372833252
770355235 1.4999536275863647
772397076 1.5329433679580688
774430634 1.5702837705612183
776450839 1.578622817993164
778468000 1.5670075416564941
780505876 1.5323904752731323
782512841 1.5145297050476074
784613321 1.5087083578109741
786570120 1.508854627609253
788599615 1.5017143487930298
790608573 1.50808846950531
792650924 1.5406196117401123
794667166 1.5745482444763184
796721154 1.577385663986206
798723110 1.5648558139801025
800766547 1.5389010906219482
802819967 1.5145840644836426
804811852 1.5149531364440918
806858973 1.5077743530273438
809210523 1.5025488138198853
811136127 1.5153645277023315
813194195 1.5534394979476929
815249214 1.580783724784851
817283572 1.5689990520477295
819323819 1.5507769584655762
821345306 1.520594835281372
823341771 1.5031872987747192
825384801 1.5070397853851318
827423679 1.4961633682250977
829471610 1.4952385425567627
831492105 1.5057222843170166
833487257 1.5484116077423096
835527577 1.5775907039642334
837525008 1.564123272895813
839590866 1.548099160194397
841598370 1.5260953903198242
843634577 1.5051270723342896
845672537 1.5074360370635986
847670640 1.4940330982208252
849728309 1.4947272539138794
851738256 1.5211341381072998
853732937 1.552943468093872
855776725 1.5726622343063354
857797052 1.5647144317626953
859856991 1.5387086868286133
861858637 1.5160491466522217
863874150 1.5041686296463013
865924591 1.5093646049499512
867967402 1.5028901100158691
870004889 1.498720407485962
872002544 1.5265603065490723
874093045 1.5599184036254883
876094369 1.581099510192871
878122654 1.561292052268982
880164628 1.5445208549499512
882220799 1.5205076932907104
884197949 1.506115436553955
888375200 1.5072110891342163
890406681 1.5028516054153442
892495641 1.536863088607788
894648464 1.576174259185791
896600114 1.5811817646026611
898809498 1.5614070892333984
900742495 1.53274667263031
902786623 1.5107842683792114
904882753 1.511844515800476
906847168 1.5089055299758911
908874723 1.5127665996551514
910904958 1.5166893005371094
912905116 1.5504460334777832
915067079 1.5923867225646973
917001099 1.5781372785568237
919040652 1.5642932653427124
921028285 1.5312902927398682
923782812 1.5198674201965332
925840879 1.5172295570373535
927833802 1.5106308460235596
929867193 1.5114915370941162
931927690 1.5378974676132202
933912944 1.5781128406524658
935955735 1.5918974876403809
937984405 1.573060154914856
940007755 1.5491665601730347
942030636 1.525054693222046
944111990 1.5133253335952759
946154731 1.5135185718536377
948269894 1.5088220834732056
950440519 1.5130064487457275
952411572 1.5461710691452026
954438703 1.5806993246078491
956499328 1.5807816982269287
958707991 1.56698739528656
960910025 1.541630744934082
962936335 1.523106336593628
964969028 1.5186469554901123
966987617 1.5109363794326782
969054308 1.5067330598831177
971049621 1.5204079151153564
973066914 1.5534989833831787
975119531 1.5889382362365723
977553755 1.5779054164886475
979557474 1.556818962097168
981549247 1.5282082557678223
983643293 1.5087056159973145
985616503 1.5115487575531006
987632945 1.5064784288406372
989706502 1.4955271482467651
992663860 1.516188144683838
993708388 1.5501151084899902
995743646 1.5816699266433716
997752678 1.5626246929168701
999798805 1.5404037237167358
3471723 1.4982680082321167
5502581 1.5047931671142578
7531536 1.4946069717407227
9605757 1.4971911907196045
11604072 1.5214097499847412
13605476 1.5556106567382812
15632403 1.580401062965393
17650746 1.564516544342041
19780032 1.5358456373214722
21852747 1.5147902965545654
23905558 1.4988991022109985
25925667 1.5044268369674683
27939108 1.4939383268356323
29958755 1.4956257343292236
32040569 1.5157305002212524
34035877 1.5623748302459717
36075651 1.5703911781311035
38223457 1.5585907697677612
40539766 1.5304280519485474
42847100 1.505246639251709
44851124 1.5062987804412842
59927040 1.5007832050323486
61853360 1.5240492820739746
63869086 1.5084015130996704
65915477 1.5122655630111694
67910800 1.5020767450332642
71340605 1.5053142309188843
73381645 1.5577833652496338
75482470 1.5834717750549316
77441714 1.5784130096435547
79482160 1.5637919902801514
81669925 1.5360918045043945
83723672 1.5156323909759521
85710569 1.5221748352050781
88224017 1.5123295783996582
90188775 1.5081360340118408
92216333 1.5408254861831665
94407484 1.5760643482208252
96519806 1.581732153892517
98617767 1.5673331022262573
100667191 1.5344215631484985
102703323 1.5082950592041016
104773550 1.5084749460220337
106669146 1.5023154020309448
108697159 1.5002152919769287
110732732 1.5065547227859497
112760124 1.5413801670074463
114867685 1.5786216259002686
116802711 1.5741939544677734
119014168 1.556375503540039
120987863 1.532883882522583
123042069 1.5131113529205322
125091691 1.515238642692566
127171598 1.504320502281189
129117698 1.5029295682907104
131115687 1.516520619392395
134717301 1.5490269660949707
136777158 1.573704719543457
140626544 1.5346648693084717
142674588 1.5120153427124023
144667810 1.510332703590393
146662487 1.5041650533676147
148916973 1.501646876335144
150932072 1.5061888694763184
153571022 1.533753514289856
155531045 1.5709089040756226
157610059 1.560917854309082
159616289 1.5439499616622925
163225819 1.518303632736206
164713518 1.5014303922653198
166770649 1.5012359619140625
168775857 1.4977542161941528
170857325 1.4987314939498901
172855237 1.5423083305358887
175012417 1.5751800537109375
179006214 1.5658111572265625
180419679 1.5321985483169556
182452237 1.5096207857131958
184486351 1.5019289255142212
186511759 1.5005301237106323
188520940 1.500946283340454
190552194 1.5041418075561523
192616384 1.5363330841064453
194596502 1.5720365047454834
196660515 1.5735704898834229
198678753 1.5617557764053345
200688706 1.5362757444381714
202714938 1.517939567565918
204764766 1.5138589143753052
206808261 1.510622262954712
208834170 1.512100338935852
210849641 1.5203217267990112
212911350 1.5528874397277832
214906864 1.5862964391708374
216909692 1.5773890018463135
218931094 1.56057870388031
221075580 1.5285390615463257
223103309 1.5048980712890625
225189854 1.5070087909698486
227185548 1.5000232458114624
229192779 1.4993181228637695
231214525 1.5085712671279907
233246331 1.5443320274353027
235294945 1.5781272649765015
237289220 1.5682945251464844
239310166 1.5497353076934814
241344046 1.5210022926330566
243356800 1.5060772895812988
245392877 1.5105520486831665
247429217 1.5041115283966064
249443863 1.5052917003631592
251478939 1.521701455116272
253488845 1.560329556465149
255514833 1.5883421897888184
257544281 1.5724529027938843
259614322 1.553318738937378
261610473 1.5325233936309814
263630025 1.5130475759506226
265646201 1.517052173614502
267731062 1.5061557292938232
269716564 1.5058470964431763
271940064 1.52725350856781
274136205 1.5718485116958618
276166957 1.5813467502593994
278194767 1.567232608795166
280207777 1.5412408113479614
282242691 1.5198613405227661
284248031 1.5046513080596924
286280198 1.5037453174591064
288310771 1.5002695322036743
290324756 1.5067285299301147
292364005 1.534761667251587
294376319 1.5705487728118896
296425386 1.5741772651672363
298448478 1.5553498268127441
300460259 1.5329629182815552
302747875 1.5084902048110962
304777379 1.4992762804031372
306822391 1.4982118606567383
308879441 1.497135877609253
310909475 1.5019382238388062
312885431 1.5388773679733276
314931978 1.5731189250946045
317004383 1.5703692436218262
318978326 1.5649874210357666
321140198 1.5278598070144653
323069538 1.5047428607940674
325083322 1.5151108503341675
327117829 1.5071593523025513
329124347 1.5075898170471191
331261720 1.518938660621643
333256853 1.5543962717056274
335228344 1.590059518814087
337497111 1.5774116516113281
339451973 1.5512092113494873
341540845 1.5253422260284424
343524825 1.5020191669464111
345548357 1.5063755512237549
347558737 1.5040712356567383
349592060 1.4946836233139038
351609940 1.5108052492141724
353642246 1.5459502935409546
355657839 1.5740009546279907
357717607 1.5626519918441772
359729519 1.5440890789031982
361777513 1.523848295211792
363783313 1.5097295045852661
365831227 1.5119965076446533
367907995 1.503680944442749
369964991 1.5055443048477173
371968287 1.5332170724868774
373984955 1.5732704401016235
376069422 1.5812008380889893
378071485 1.5642608404159546
380069491 1.5432534217834473
382111153 1.522797703742981
384162276 1.5090001821517944
386262708 1.513869285583496
388180823 1.5042366981506348
390202986 1.504724144935608
392277225 1.53019380569458
394237622 1.563830018043518
396288060 1.5826129913330078
398314449 1.5595390796661377
400337291 1.5440499782562256
402373105 1.524403691291809
404385767 1.5164695978164673
406458653 1.513644814491272
408446071 1.5068000555038452
410455237 1.5142825841903687
412521184 1.5439424514770508
414528753 1.5809783935546875
416528104 1.576013207435608
418564802 1.5694726705551147
420600919 1.542484998703003
422632686 1.515777349472046
424664348 1.5072332620620728
426678666 1.509594440460205
428728662 1.500901222229004
430751274 1.5043201446533203
432776670 1.536506175994873
434781143 1.57159423828125
436844580 1.5700438022613525
438875584 1.555696725845337
440876954 1.5287984609603882
443031300 1.512844204902649
444967755 1.5090179443359375
446959819 1.5029804706573486
449028167 1.5056716203689575
451060575 1.51384699344635
453094590 1.5504398345947266
455047032 1.5822370052337646
457423252 1.5731761455535889
459447992 1.5561257600784302
461463231 1.5282834768295288
463493410 1.5094826221466064
465560654 1.5182839632034302
467541034 1.5086795091629028
469602763 1.5058398246765137
471590065 1.5219255685806274
473648845 1.5606753826141357
475694416 1.5821113586425781
477740972 1.572153925895691
479771000 1.5563998222351074
481767868 1.5256015062332153
483809177 1.5078942775726318
485814532 1.51446533203125
487837261 1.5027766227722168
489861519 1.4997529983520508
491937278 1.5253711938858032
494093667 1.5656590461730957
496090669 1.5845372676849365
498108415 1.5695587396621704
500130499 1.5390223264694214
502199824 1.5179115533828735
504247544 1.5106489658355713
506265411 1.510284423828125
508258200 1.5037680864334106
510661979 1.4992506504058838
512684836 1.536941409111023
514725407 1.5748848915100098
516748553 1.571794867515564
518904154 1.5532903671264648
520927835 1.5281246900558472
523002855 1.5087748765945435
524976120 1.4995416402816772
527007924 1.5002198219299316
529031457 1.4957011938095093
531031275 1.5112085342407227
533120915 1.549673318862915
535147997 1.5846750736236572
537136529 1.5733680725097656
539228544 1.558129072189331
541185959 1.5267274379730225
543209525 1.5122098922729492
545259347 1.5174458026885986
547267314 1.509838342666626
549321737 1.505035400390625
551408081 1.5183894634246826
553351330 1.555344581604004
555406668 1.583602786064148
557473351 1.577048897743225
559468386 1.5592288970947266
561655598 1.5340315103530884
563638538 1.5169521570205688
565681694 1.5197229385375977
567693942 1.5099940299987793
569728557 1.505493402481079
571799751 1.5325469970703125
573823673 1.563072919845581
575845328 1.5915861129760742
577835970 1.5739619731903076
579858968 1.5491036176681519
581900704 1.520357608795166
583923919 1.5065933465957642
585933721 1.5110725164413452
587970637 1.5081751346588135
590048167 1.5034897327423096
592046238 1.5269105434417725
594095688 1.5670251846313477
596161050 1.5812413692474365
598199471 1.5703532695770264
600256532 1.545000433921814
602217906 1.5192841291427612
604255165 1.5087393522262573
606242546 1.511443853378296
608280396 1.4955122470855713
610305386 1.4986064434051514
612381553 1.532698154449463
614385997 1.567779302597046
616390570 1.5766046047210693
618434435 1.5662996768951416
620509551 1.5318617820739746
622587145 1.5180326700210571
624661600 1.5084185600280762
626752983 1.5031261444091797
628781461 1.5039724111557007
630863620 1.5036436319351196
633473275 1.5490105152130127
635532519 1.575669765472412
637485115 1.566904067993164
639541474 1.545815110206604
641551224 1.5183521509170532
644015771 1.5010701417922974
645602390 1.5067631006240845
647639464 1.4958693981170654
649662319 1.4990886449813843
651691987 1.515547275543213
653703034 1.5585453510284424
655766295 1.5814385414123535
657811081 1.5645428895950317
659825420 1.5430792570114136
661843929 1.5234514474868774
663834263 1.507388949394226
665873793 1.5143458843231201
667920231 1.5054856538772583
669947569 1.5042572021484375
671940767 1.5306750535964966
674223385 1.566411018371582
676255994 1.5799598693847656
678280333 1.566798210144043
680283761 1.5426782369613647
682317937 1.5262598991394043
684345081 1.5100830793380737
686364875 1.5153024196624756
688455182 1.5073838233947754
690424665 1.5091063976287842
692427969 1.5440012216567993
694444577 1.5791411399841309
696480985 1.58461332321167
698496364 1.5650168657302856
700580027 1.538792371749878
702582350 1.5214955806732178
704588003 1.5102503299713135
706620820 1.5123809576034546
708639709 1.503865122795105
710663524 1.5124462842941284
712708546 1.5443265438079834
714723924 1.5816564559936523
716759245 1.5810070037841797
718778121 1.5724776983261108
720796679 1.543105959892273
722904698 1.5214173793792725
724857074 1.5193709135055542
726885308 1.5161908864974976
728940005 1.519249677658081
730943430 1.51876962184906
732969946 1.5537477731704712
734985764 1.5922725200653076
737006745 1.5795074701309204
739042253 1.564993143081665
741065543 1.5344966650009155
743078577 1.518294334411621
745139042 1.5173077583312988
747226201 1.5085468292236328
749176404 1.5087534189224243
753852006 1.5672919750213623
755926907 1.58273184299469
757948495 1.5720112323760986
759936463 1.545217752456665
761974965 1.5294716358184814
767223107 1.5108139514923096
769255933 1.5132479667663574
771395958 1.5238736867904663
773444618 1.5651931762695312
775501993 1.5986796617507935
777563133 1.582449197769165
780480474 1.5488837957382202
782389239 1.5300055742263794
784477795 1.519818663597107
786496003 1.5200351476669312
788515606 1.5112078189849854
790572683 1.5114538669586182
792668419 1.5469521284103394
794713341 1.5861613750457764
796732626 1.5877302885055542
798758283 1.568224310874939
800786348 1.5489780902862549
802819544 1.5229398012161255
804862017 1.5143659114837646
807001127 1.5115784406661987
810232742 1.510826587677002
812258153 1.5374482870101929
814348561 1.5768630504608154
816304573 1.5867210626602173
818313975 1.5702232122421265
820346878 1.540052890777588
822380912 1.5229099988937378
824651612 1.508775234222412
826610306 1.508675217628479
828594960 1.5001463890075684
830638293 1.503347396850586
832717026 1.5320887565612793
834690615 1.5668169260025024
836723263 1.5644376277923584
838783624 1.5538344383239746
840860545 1.5244390964508057
842936629 1.499666452407837
844912608 1.4985911846160889
846964922 1.4956787824630737
848979947 1.4922826290130615
850994218 1.5019290447235107
853037795 1.537461280822754
855535275 1.5782179832458496
857444883 1.5693438053131104
859494966 1.550101399421692
861530087 1.5265446901321411
863520765 1.5079928636550903
865554395 1.516516089439392
867598378 1.5071429014205933
869918020 1.5066708326339722
871979981 1.51738703250885
873973694 1.562553882598877
877067152 1.5716502666473389
879127887 1.5609487295150757
881271112 1.5349693298339844
883229611 1.5104763507843018
885260195 1.5084377527236938
887279375 1.507365345954895
889317795 1.502579927444458
891369095 1.5186306238174438
893364330 1.5551931858062744
895395120 1.5935603380203247
897406629 1.5837996006011963
899451208 1.5689518451690674
901518344 1.5344468355178833
903513607 1.5166352987289429
905544543 1.5280579328536987
909263128 1.5154967308044434
911254764 1.5262069702148438
913305409 1.563967227935791
915374423 1.5931121110916138
917340691 1.5871316194534302
919370623 1.5673315525054932
921453076 1.54180109500885
923420824 1.522206425666809
925474695 1.522634506225586
927490566 1.5171631574630737
929574562 1.5135940313339233
931943547 1.5276567935943604
933904470 1.580958366394043
935945792 1.601729393005371
937965551 1.5810178518295288
939971303 1.5638529062271118
942000072 1.5360417366027832
944013187 1.5228914022445679
946068111 1.5285108089447021
948090320 1.518728256225586
950115407 1.5187128782272339
952143324 1.5426025390625
954152509 1.5839653015136719
956202976 1.5928325653076172
958282912 1.5906505584716797
960317483 1.562877893447876
962420128 1.5381261110305786
964727033 1.5276365280151367
966806453 1.524408221244812
968799001 1.5167428255081177
970988851 1.5249687433242798
973012619 1.5594236850738525
974984918 1.590675711631775
977161927 1.5849602222442627
979809327 1.5695037841796875
981757023 1.5388269424438477
985238826 1.516844391822815
987587914 1.5134482383728027
989632327 1.5145584344863892
991638983 1.5251994132995605
993697726 1.5602422952651978
995705624 1.5888211727142334
997744966 1.5750384330749512
999786910 1.5510523319244385
1920196 1.5255882740020752
3965548 1.504641056060791
5934590 1.5117729902267456
7978513 1.5062344074249268
10031906 1.5023382902145386
12054294 1.5239335298538208
14067932 1.563636302947998
16081133 1.586119294166565
18236234 1.5673600435256958
20250489 1.5390654802322388
22312418 1.5155045986175537
24363807 1.5040210485458374
26356568 1.5064412355422974
28419905 1.4996140003204346
30438147 1.4930543899536133
32592162 1.5230607986450195
34713007 1.5618140697479248
36701079 1.5623581409454346
39239960 1.5495418310165405
41234110 1.5175656080245972
43246886 1.4941397905349731
45359593 1.5001541376113892
47379761 1.4954133033752441
49435246 1.4951411485671997
51402869 1.5095090866088867
53457313 1.5487313270568848
55491974 1.5756579637527466
57494559 1.5596643686294556
59723555 1.5358541011810303
61757752 1.5144275426864624
63778251 1.4972410202026367
65843410 1.501218557357788
67831146 1.4946067333221436
70295390 1.4963122606277466
73227404 1.5471611022949219
75305152 1.5739434957504272
78026082 1.5679322481155396
79993445 1.5436269044876099
82050533 1.5163520574569702
84080605 1.5017837285995483
86209106 1.5051043033599854
88169515 1.4921910762786865
90215586 1.499117136001587
92331191 1.53014075756073
94426509 1.5654852390289307
96482386 1.5791237354278564
98522865 1.5566633939743042
100510168 1.530837893486023
102564775 1.5161643028259277
104739451 1.5053737163543701
106736264 1.504571795463562
108807692 1.5026894807815552
110812246 1.5020701885223389
115313166 1.5364353656768799
117659307 1.5656040906906128
119708747 1.5430734157562256
121828673 1.51540207862854
123802091 1.497606873512268
125862783 1.5053164958953857
127974180 1.494117021560669
129969414 1.4910292625427246
131978851 1.5180797576904297
134034116 1.5585880279541016
136045508 1.577512502670288
140458600 1.5639538764953613
148184330 1.5118657350540161
150160426 1.4958850145339966
152175065 1.5197787284851074
154223437 1.5626028776168823
156243358 1.5765833854675293
158293376 1.5669360160827637
160302317 1.5423707962036133
162307502 1.5201212167739868
164347845 1.5064973831176758
166368377 1.505824089050293
168370498 1.4984922409057617
170401142 1.5026522874832153
172536214 1.5359340906143188
174520211 1.5763237476348877
176534186 1.5795996189117432
178554634 1.5691139698028564
180607529 1.5391387939453125
182619315 1.5195266008377075
184664440 1.5096815824508667
186685683 1.5126655101776123
188670144 1.5070914030075073
190733072 1.5066758394241333
192730840 1.5352981090545654
194784206 1.5741686820983887
196802746 1.5679757595062256
198863608 1.5592339038848877
200876736 1.5299901962280273
202924880 1.5077593326568604
204978173 1.5073403120040894
206993450 1.5051474571228027
209064323 1.504506230354309
211051220 1.5096300840377808
213076805 1.5495139360427856
215139182 1.5888878107070923
217203425 1.57322359085083
219146854 1.5562320947647095
221205860 1.5312299728393555
223259483 1.5114606618881226
225278372 1.5136477947235107
227276268 1.5058932304382324
229929307 1.5056565999984741
231336254 1.5154025554656982
233362547 1.5515291690826416
235386164 1.5791863203048706
237710605 1.5682830810546875
239670271 1.54814875125885
241678025 1.5294867753982544
243686046 1.5076135396957397
245738749 1.5153547525405884
247763386 1.5042721033096313
249780691 1.5034034252166748
251781493 1.5206809043884277
253836642 1.5612412691116333
255873618 1.5844756364822388
257856661 1.5770955085754395
259915716 1.5532832145690918
261931493 1.5356272459030151
263964149 1.5184954404830933
265987275 1.524466633796692
268028623 1.5157074928283691
270051940 1.5121746063232422
272064591 1.535760521888733
274088073 1.5702531337738037
276130118 1.5888943672180176
278148180 1.5780787467956543
280171904 1.5521444082260132
282199071 1.5251764059066772
284244582 1.5147693157196045
286227414 1.5186371803283691
288267433 1.5128350257873535
290304502 1.5116783380508423
292342521 1.5449663400650024
294377598 1.5818061828613281
296420338 1.5960137844085693
298434286 1.5777478218078613
300516992 1.5408707857131958
302522044 1.5212229490280151
304571900 1.5156077146530151
306529934 1.5113670825958252
308612316 1.514814019203186
311178284 1.514070749282837
313160388 1.5521718263626099
315202328 1.584139347076416
317195394 1.5723323822021484
319285751 1.558929443359375
321243828 1.5348910093307495
323270371 1.5147583484649658
325304938 1.5144449472427368
327341522 1.5101215839385986
329359551 1.5089432001113892
331387342 1.5246025323867798
333424360 1.5632917881011963
335426254 1.5888402462005615
337839179 1.5801162719726562
339936377 1.5589789152145386
341945451 1.5320366621017456
343948295 1.5162779092788696
346166959 1.5223828554153442
348184239 1.5098979473114014
350215841 1.5115669965744019
352219875 1.5359936952590942
354252092 1.5767396688461304
356310572 1.5862035751342773
358321179 1.573364019393921
360336383 1.5531775951385498
362361198 1.5304607152938843
364398414 1.5139975547790527
366420055 1.51614511013031
368429230 1.5064722299575806
370482671 1.5121535062789917
372495765 1.545685052871704
374507833 1.5820376873016357
376532270 1.5897959470748901
378568898 1.572195053100586
380599043 1.542248249053955
382658726 1.521426796913147
384635279 1.515508770942688
386654577 1.5064738988876343
388724389 1.506657361984253
390804422 1.5137540102005005
392870461 1.5459522008895874
394905431 1.576158881187439
396935924 1.5762773752212524
398978432 1.5682677030563354
400994154 1.535470962524414
403001610 1.5180749893188477
405045469 1.5122379064559937
407103374 1.5074416399002075
409078462 1.506584644317627
411121730 1.5145138502120972
413136918 1.551194190979004
415226047 1.5862966775894165
417224436 1.5792582035064697
419225742 1.5638394355773926
421389015 1.528321385383606
423440340 1.506809115409851
425428378 1.5187066793441772
427448305 1.5098832845687866
429461903 1.5057698488235474
431477991 1.518271803855896
433524185 1.550916075706482
435546691 1.586165428161621
437648329 1.5759503841400146
439577576 1.557739496231079
441611742 1.5331324338912964
443634908 1.5159976482391357
445674059 1.5212392807006836
447692530 1.514082431793213
449733092 1.5146366357803345
451781405 1.526309609413147
453805454 1.5674161911010742
455794189 1.5984423160552979
457826935 1.584249496459961
459850725 1.5618958473205566
461884419 1.5408324003219604
463907661 1.521307349205017
466089106 1.5289726257324219
467993313 1.5190790891647339
470016228 1.5190998315811157
472064482 1.5351299047470093
474095492 1.5776156187057495
476113194 1.5947777032852173
478136898 1.5841994285583496
480156234 1.559386968612671
482203739 1.5348572731018066
484228283 1.5183148384094238
486221902 1.518728256225586
488286587 1.5129252672195435
490291765 1.5127803087234497
492335320 1.539160132408142
494347352 1.5851075649261475
496342399 1.5958691835403442
498403485 1.5787203311920166
500435451 1.5581071376800537
502436030 1.5375694036483765
504457427 1.529449224472046
506483209 1.5281952619552612
508544094 1.5202879905700684
510547925 1.5228674411773682
512579707 1.5551942586898804
514629493 1.5862253904342651
516646439 1.5845444202423096
519010337 1.576638102531433
520948131 1.54757559299469
522999932 1.520346999168396
525003199 1.5137428045272827
527316870 1.5073622465133667
529354117 1.5064563751220703
531416926 1.5144115686416626
533427586 1.5509003400802612
535760143 1.5892055034637451
537766336 1.568176507949829
539777134 1.55137038230896
541970214 1.520770788192749
543847106 1.509119987487793
552935200 1.5239328145980835
553983811 1.5587711334228516
555991435 1.581347107887268
558024906 1.5695452690124512
560064418 1.5459283590316772
562071447 1.5253424644470215
564131565 1.510066270828247
566119737 1.5145893096923828
568199077 1.5019444227218628
570185738 1.5053156614303589
572206116 1.5278370380401611
574257334 1.5739967823028564
576309839 1.586236596107483
578295348 1.5703290700912476
580313443 1.5486576557159424
582337684 1.5271695852279663
584362298 1.5113886594772339
586398216 1.5122063159942627
588434593 1.507629632949829
590436268 1.5075918436050415
592508794 1.5347645282745361
594537795 1.5757830142974854
596584007 1.5824401378631592
598629918 1.5703284740447998
600629823 1.5396608114242554
602636063 1.5212551355361938
604706630 1.5103471279144287
606702791 1.5044435262680054
608741269 1.5058231353759766
610968345 1.510462999343872
613034213 1.5424305200576782
615054431 1.5792165994644165
617056656 1.575512409210205
619094316 1.556898832321167
621124509 1.5233668088912964
623163082 1.5102208852767944
625174525 1.50870680809021
627198993 1.4992926120758057
629349378 1.5034586191177368
631301293 1.5066148042678833
633300803 1.5395060777664185
635409419 1.5784064531326294
637444729 1.5701721906661987
639562295 1.548198938369751
641615835 1.526055932044983
643623952 1.4994416236877441
645658247 1.503434419631958
647673278 1.5016775131225586
649699843 1.4961775541305542
651715469 1.5142407417297363
653727978 1.5580899715423584
655774429 1.581770420074463
657810690 1.5636811256408691
659990342 1.5459651947021484
662028688 1.5167955160140991
664043687 1.4989073276519775
666033844 1.5076394081115723
668062967 1.5009748935699463
670107861 1.4960808753967285
672162407 1.5235908031463623
674354063 1.5611615180969238
676314200 1.576172113418579
678325143 1.5596731901168823
680372742 1.5408461093902588
682371486 1.5199626684188843
684423799 1.5034775733947754
686440373 1.504266619682312
688459276 1.4993343353271484
690486316 1.4956110715866089
692499045 1.5325065851211548
694585515 1.5731867551803589
696560453 1.580543875694275
698588356 1.5723648071289062
700646809 1.5385478734970093
702648868 1.5189297199249268
704679819 1.5111194849014282
706702554 1.5119081735610962
708814834 1.5071241855621338
710777470 1.5138239860534668
712781463 1.5463230609893799
714866478 1.578597068786621
716939818 1.5777168273925781
718954176 1.56990385055542
720995783 1.537015676498413
723033541 1.5141360759735107
725055550 1.5133259296417236
727069850 1.5058786869049072
729088726 1.5016827583312988
731153955 1.510148286819458
733185082 1.5422686338424683
735158854 1.5802927017211914
737189441 1.5782455205917358
739622716 1.5517253875732422
741671482 1.5241520404815674
743679655 1.5076240301132202
745708992 1.5140087604522705
747739944 1.5074430704116821
749736795 1.500880479812622
751772590 1.5144939422607422
753809667 1.5559580326080322
755847913 1.5787075757980347
757853941 1.574641227722168
759899335 1.5516170263290405
761925693 1.5295830965042114
763931795 1.5070810317993164
765965054 1.5091383457183838
768015053 1.4986865520477295
769995794 1.5026835203170776
772040707 1.5195813179016113
774104431 1.5592970848083496
776245833 1.577789545059204
778212313 1.5592625141143799
780250460 1.5381786823272705
782264431 1.5201587677001953
784319327 1.4987667798995972
786326948 1.503562569618225
788349925 1.5016520023345947
790368123 1.4950190782546997
792403134 1.5242646932601929
794421950 1.561792254447937
796452926 1.5707286596298218
798506950 1.5573663711547852
801219335 1.5318454504013062
803119398 1.5063090324401855
805150109 1.5067161321640015
807192713 1.4985365867614746
809230400 1.4977400302886963
811219055 1.5085139274597168
813264245 1.540857195854187
815292003 1.5762733221054077
817312175 1.565220594406128
819336725 1.5535115003585815
821352687 1.5224826335906982
823405886 1.5035314559936523
825398714 1.5062161684036255
827432810 1.4972529411315918
829467139 1.4974340200424194
831494455 1.5056185722351074
833566735 1.5392730236053467
835552951 1.5685747861862183
837584668 1.5614129304885864
839597702 1.541121006011963
841687544 1.511900544166565
843673617 1.4943771362304688
845690644 1.5029175281524658
847713080 1.4922643899917603
849738230 1.4907119274139404
851754785 1.503692865371704
853794043 1.543992280960083
855825378 1.5746631622314453
857827578 1.5581228733062744
859875496 1.5401668548583984
861924137 1.513509750366211
864012857 1.4950164556503296
865970247 1.5000767707824707
867974431 1.4956867694854736
869992466 1.5006382465362549
872052898 1.5286222696304321
874062873 1.5561552047729492
876083873 1.5784063339233398
878155117 1.5641815662384033
880149004 1.5432771444320679
882166453 1.520770788192749
884185092 1.509899377822876
886209254 1.5099807977676392
888257666 1.5042475461959839
890336650 1.4993655681610107
892300558 1.5280333757400513
894546452 1.5655097961425781
896351512 1.5768475532531738
898357898 1.5627198219299316
900431321 1.5384641885757446
902411240 1.5200002193450928
904440209 1.5057615041732788
906462726 1.5086590051651
908504493 1.497421145439148
910515506 1.504880666732788
912572222 1.5337780714035034
914633448 1.5678915977478027
916610468 1.5801342725753784
918669292 1.562462568283081
920736081 1.5408263206481934
922680429 1.5213408470153809
924710863 1.511834979057312
926780988 1.5065498352050781
928764531 1.5006457567214966
930817361 1.505960464477539
932821351 1.5438892841339111
935831692 1.5768871307373047
938091964 1.5706459283828735
940135386 1.5400476455688477
942596220 1.524977207183838
944214287 1.5115406513214111
946259511 1.5153135061264038
948278098 1.509260654449463
950307632 1.5062668323516846
952614292 1.532059907913208
954649733 1.5762877464294434
956733190 1.579754114151001
958723249 1.5704362392425537
960769998 1.5425132513046265
962770605 1.5226428508758545
964781127 1.5210496187210083
966987113 1.5125468969345093
969013197 1.5122476816177368
971040413 1.5153006315231323
973066838 1.5502218008041382
975115791 1.5882818698883057
977117232 1.587417483329773
979104475 1.5642194747924805
981138697 1.5354280471801758
983185589 1.5161186456680298
985376302 1.5155869722366333
987458231 1.5091534852981567
989486743 1.5191645622253418
991528548 1.5255615711212158
993589298 1.5591946840286255
995563326 1.5944609642028809
997592980 1.5837323665618896
999631249 1.566788911819458
1647579 1.543101191520691
3662404 1.5297383069992065
5949428 1.5303620100021362
8053621 1.5180914402008057
10000810 1.5075641870498657
12005682 1.5333157777786255
14072389 1.572461724281311
16056971 1.5942318439483643
18098171 1.5816130638122559
20157131 1.5555813312530518
22135584 1.5312625169754028
24168202 1.5159846544265747
26215217 1.5221209526062012
28225164 1.5156266689300537
30273402 1.5101394653320312
33135260 1.5505036115646362
35152387 1.585288643836975
37192489 1.579710602760315
39294988 1.5746545791625977
41240040 1.5433149337768555
43368402 1.524095058441162
45299040 1.5196852684020996
47340156 1.5115967988967896
49337189 1.5075063705444336
51360819 1.5198746919631958
53407348 1.55768620967865
55412321 1.5929896831512451
57439632 1.5836416482925415
59543710 1.5648658275604248
61523314 1.5319961309432983
63556902 1.5118458271026611
65553126 1.5197768211364746
67613233 1.5099329948425293
69778822 1.504826545715332
73489644 1.549545168876648
75555055 1.5866570472717285
78204296 1.5797052383422852
80116203 1.5501874685287476
82134542 1.52847158908844
84175554 1.5145845413208008
86169752 1.5131906270980835
88201464 1.5061579942703247
90227087 1.506019949913025
92265523 1.5301668643951416
94299379 1.5653215646743774
96338352 1.57785964012146
98340408 1.5631071329116821
100418743 1.5347007513046265
102412059 1.5135796070098877
104408503 1.5016632080078125
106454287 1.5063257217407227
108462916 1.4978914260864258
110523864 1.5033230781555176
112522150 1.5264668464660645
114550576 1.5699213743209839
116577840 1.5779674053192139
118606979 1.563212275505066
120611384 1.5371230840682983
122936768 1.5139734745025635
124930377 1.5105230808258057
127027142 1.5107767581939697
128999947 1.5051907300949097
131050101 1.5142323970794678
133122388 1.5427457094192505
135232990 1.5886023044586182
137599283 1.5762258768081665
140086866 1.553537368774414
143022299 1.5110756158828735
145052244 1.5033544301986694
147084388 1.5070221424102783
149167633 1.501172661781311
152170807 1.503312349319458
154193667 1.5572500228881836
156165261 1.5791196823120117
158210213 1.5686427354812622
161387973 1.5445363521575928
163144554 1.5101028680801392
165253836 1.5083333253860474
167260133 1.502051830291748
169250450 1.5057615041732788
171304294 1.5062426328659058
173338354 1.5461559295654297
175349773 1.5820999145507812
177366362 1.5717971324920654
179406946 1.5558444261550903
181487657 1.5274674892425537
183460488 1.5104362964630127
185617239 1.5176193714141846
187617764 1.5057003498077393
189670556 1.5083833932876587
191653704 1.520656943321228
193755755 1.5569517612457275
195705591 1.5828113555908203
197761540 1.5738141536712646
199984169 1.5556068420410156
201880230 1.5286484956741333
203992510 1.5040948390960693
205974676 1.5120418071746826
207992214 1.5015771389007568
210073253 1.4978996515274048
212033892 1.5173418521881104
214724065 1.5556668043136597
216753131 1.5762649774551392
219606254 1.5565681457519531
221556842 1.526404857635498
223594674 1.506002426147461
225659583 1.5065031051635742
227643423 1.5020211935043335
229711406 1.5021566152572632
231695164 1.5131443738937378
233716919 1.5554368495941162
235771360 1.5842931270599365
238128970 1.5733211040496826
240148407 1.5559450387954712
242222608 1.5283762216567993
244211623 1.5076323747634888
246243976 1.5203250646591187
248265898 1.5055828094482422
250307729 1.509061336517334
252338128 1.530451774597168
254348247 1.5668919086456299
256361250 1.5832403898239136
258406510 1.5667691230773926
260512457 1.5346331596374512
262530274 1.5102760791778564
264554006 1.4994571208953857
266584697 1.5048705339431763
268684483 1.4952484369277954
270924806 1.5018962621688843
272937413 1.5325735807418823
274994644 1.563838243484497
276999555 1.5743827819824219
279125959 1.5576468706130981
281118299 1.5305665731430054
283151152 1.5191028118133545
285183049 1.5147318840026855
287223124 1.507088541984558
289232577 1.5062686204910278
291243019 1.5120747089385986
293282554 1.5518172979354858
295290111 1.5934394598007202
297321861 1.5836997032165527
299355077 1.5687499046325684
303185738 1.539682388305664
305270154 1.5168933868408203
308058176 1.5103849172592163
310123158 1.5028945207595825
312287968 1.5267187356948853
314205508 1.561863660812378
316266073 1.5823297500610352
318873418 1.5703383684158325
320916515 1.5413317680358887
322944713 1.5185145139694214
324954201 1.5136103630065918
326975122 1.5057733058929443
329034299 1.5061272382736206
331130408 1.5129759311676025
333174753 1.549818515777588
335233473 1.5825797319412231
337230098 1.5778517723083496
339226411 1.561056137084961
341313653 1.5317199230194092
343720574 1.5129709243774414
345404246 1.5059864521026611
347394019 1.494971513748169
349441177 1.5015034675598145
351452109 1.5108357667922974
353487665 1.5466607809066772
355518337 1.5785332918167114
357540908 1.5659501552581787
359954710 1.5464321374893188
362026315 1.5198158025741577
363996252 1.5038832426071167
366423999 1.5040830373764038
368412653 1.501715898513794
370438090 1.4966108798980713
372503622 1.5280636548995972
374530259 1.5624306201934814
376512089 1.580816626548767
378596576 1.5583772659301758
380575788 1.5351393222808838
382607863 1.514469861984253
384629909 1.503996729850769
386680142 1.508264422416687
388683133 1.4990241527557373
390768333 1.4981749057769775
392789921 1.5315957069396973
394832295 1.5677450895309448
396855139 1.5737048387527466
399444532 1.5634489059448242
401414130 1.5302605628967285
403469827 1.5048447847366333
405469497 1.5086456537246704
407510993 1.499519944190979
409524717 1.4997358322143555
411566812 1.5143014192581177
413633991 1.5480180978775024
415613451 1.58259117603302
417617234 1.5735385417938232
419658764 1.5552711486816406
421701773 1.5261616706848145
423716356 1.5080434083938599
425730740 1.510451316833496
427969930 1.5048316717147827
430394138 1.5055903196334839
432399577 1.5209513902664185
437177839 1.5663564205169678
439209236 1.5640628337860107
441215714 1.539307951927185
443209509 1.5147383213043213
445237989 1.5162705183029175
447275558 1.5048213005065918
449286931 1.5045047998428345
451326738 1.5115715265274048
454030027 1.5464677810668945
455983163 1.5838900804519653
458134484 1.5677706003189087
460179207 1.5436789989471436
462190037 1.5198891162872314
464174220 1.506947636604309
466281339 1.5101319551467896
468235870 1.5029007196426392
470260638 1.5056054592132568
472288322 1.5283904075622559
474304510 1.565483808517456
476340750 1.5839124917984009
478351647 1.570821762084961
480384404 1.5524195432662964
482414522 1.5295727252960205
484436092 1.5170433521270752
486463442 1.5190389156341553
488506412 1.5106213092803955
490530306 1.5114606618881226
492546716 1.5406733751296997
494579617 1.5772302150726318
496587482 1.5875823497772217
498701686 1.5757834911346436
500798035 1.5459158420562744
502776072 1.526463270187378
504820328 1.5110468864440918
506955463 1.5118367671966553
508999868 1.5072883367538452
511049323 1.5064201354980469
513123117 1.542513370513916
515111040 1.576018214225769
517175012 1.575513243675232
519198304 1.5600993633270264
521205902 1.532495379447937
523353746 1.512030005455017
525363172 1.5108879804611206
527457579 1.506648063659668
529506779 1.499229907989502
531541573 1.5166232585906982
533579000 1.5466221570968628
535692665 1.577483057975769
537627426 1.569818377494812
539658621 1.5508991479873657
541678291 1.5249830484390259
543728437 1.5055631399154663
545725897 1.5154458284378052
547749694 1.5047616958618164
549863438 1.5074535608291626
553359743 1.5211946964263916
555328096 1.5797960758209229
557343015 1.5836877822875977
559354561 1.5707228183746338
561382465 1.539685606956482
563496980 1.5195729732513428
565509780 1.5163321495056152
567546995 1.503804326057434
569554535 1.5022554397583008
571595628 1.5113930702209473
573599470 1.5409395694732666
575626668 1.5760059356689453
577676661 1.5706603527069092
579668070 1.5516915321350098
581720600 1.520967721939087
583769780 1.5009181499481201
585793553 1.5035011768341064
587782969 1.497048020362854
589835780 1.496041178703308
591865923 1.5129724740982056
593862541 1.5516817569732666
595912248 1.577636957168579
597971927 1.5680842399597168
599946560 1.5533673763275146
601950423 1.5259977579116821
604071320 1.5077701807022095
606023589 1.5149465799331665
608064428 1.5046522617340088
610078989 1.498199462890625
612110862 1.52116060256958
614129543 1.5575947761535645
616160099 1.580217957496643
618197842 1.5667994022369385
620353968 1.5386135578155518
622334627 1.5196442604064941
624365836 1.505780816078186
626383996 1.514478087425232
628435285 1.5022302865982056
630549555 1.4988820552825928
632657601 1.530695915222168
634657809 1.5658018589019775
636723102 1.5838956832885742
638707766 1.5640931129455566
640753499 1.5456072092056274
642779548 1.520388126373291
644812022 1.5136427879333496
646865781 1.512123942375183
648858878 1.503026008605957
650879470 1.5105576515197754
652958140 1.5453429222106934
654972389 1.5809178352355957
656985982 1.5834593772888184
659855722 1.5641968250274658
661929992 1.5285427570343018
663933215 1.5127472877502441
665982306 1.5257991552352905
667979793 1.5153639316558838
670022422 1.5130826234817505
672128659 1.528289794921875
674116221 1.5694060325622559
676144969 1.595325231552124
678218364 1.5825436115264893
680230516 1.5628061294555664
682252124 1.5407843589782715
684264668 1.521420955657959
686295157 1.5285533666610718
688356595 1.5180176496505737
690384169 1.5191371440887451
692392547 1.5405988693237305
694459272 1.578147292137146
696435614 1.60124933719635
698695662 1.5781183242797852
700869520 1.5425777435302734
702913405 1.5268861055374146
704890276 1.5174068212509155
706919359 1.5205903053283691
708958801 1.5207864046096802
711024668 1.5197900533676147
712998166 1.5504319667816162
715018118 1.5878517627716064
717125767 1.5854711532592773
719083628 1.5727176666259766
721105581 1.5447633266448975
723139716 1.5224107503890991
725173883 1.5212345123291016
727765214 1.51853609085083
729739524 1.505447268486023
731830913 1.5186741352081299
733784961 1.5585001707077026
735820485 1.583054542541504
737886675 1.567988634109497
739927933 1.5491347312927246
741886752 1.5213316679000854
743932570 1.5030810832977295
745974749 1.5072615146636963
747985826 1.5028287172317505
750001642 1.4987311363220215
752041689 1.5223804712295532
754066739 1.5571805238723755
756091061 1.5867664813995361
758139120 1.570107102394104
760149665 1.5493959188461304
762194707 1.5259710550308228
764238597 1.5113005638122559
766196901 1.513606309890747
768413189 1.5043578147888184
770447884 1.5102746486663818
772510669 1.5389889478683472
774527185 1.5685465335845947
776531574 1.585482120513916
778582649 1.5703109502792358
780673022 1.5439465045928955
782711294 1.5222872495651245
784725376 1.5032535791397095
786778980 1.5036243200302124
788802278 1.4985008239746094
791169411 1.4950814247131348
793417483 1.5457594394683838
795440775 1.5827174186706543
797503463 1.5712265968322754
799531193 1.5656429529190063
801512589 1.5379055738449097
803524887 1.518720269203186
805548978 1.5213630199432373
807571096 1.5131767988204956
809600391 1.506474494934082
811636324 1.525705337524414
813694500 1.5647568702697754
815678750 1.5897390842437744
817700710 1.581254005432129
819750827 1.5574281215667725
821766224 1.5307984352111816
823784608 1.5097553730010986
825853679 1.5123904943466187
827921537 1.5084761381149292
829917230 1.5047283172607422
831951040 1.5185377597808838
833965923 1.554211974143982
836008247 1.5915486812591553
838026403 1.5770812034606934
840043732 1.5575584173202515
842062495 1.5355058908462524
844148662 1.51398766040802
846146762 1.5180680751800537
848179341 1.5117099285125732
850241311 1.5080746412277222
852262810 1.5319734811782837
854282381 1.5710529088974
856275620 1.5925440788269043
858296054 1.5697157382965088
860323468 1.5494097471237183
862349599 1.5291612148284912
864359133 1.5120598077774048
866415042 1.5154427289962769
868480154 1.5096149444580078
870607272 1.5074063539505005
872597365 1.5250073671340942
874720943 1.574583649635315
876689649 1.579862356185913
878712821 1.5660226345062256
881567636 1.5356475114822388
883640215 1.51107656955719
885832364 1.521557092666626
887843107 1.5050625801086426
889870404 1.5065655708312988
891908670 1.5205696821212769
893940441 1.5582650899887085
895956210 1.587796926498413
898060677 1.5669901371002197
900090443 1.5489778518676758
902113310 1.52805757522583
904135977 1.5072308778762817
906159928 1.512556791305542
908175475 1.5040687322616577
910263581 1.5019259452819824
912229954 1.5195528268814087
914246690 1.5589560270309448
916312650 1.5842103958129883
918296093 1.5706502199172974
920324097 1.5456889867782593
922396481 1.5286418199539185
924386035 1.5176609754562378
926419755 1.5178614854812622
928447017 1.5120621919631958
930485935 1.5050580501556396
932505654 1.5346405506134033
934544916 1.5760657787322998
936552482 1.5847431421279907
938575625 1.5685774087905884
940591658 1.536298155784607
942642711 1.5240790843963623
944652648 1.509032130241394
946658104 1.5107922554016113
948686519 1.5042164325714111
950699782 1.5012502670288086
952742780 1.5291413068771362
954836496 1.5687782764434814
956780593 1.5764439105987549
958833589 1.5586812496185303
960842225 1.540750503540039
962871218 1.5185781717300415
964913583 1.5115575790405273
966940015 1.5149036645889282
968959126 1.50918710231781
970971731 1.5117113590240479
973131144 1.5434144735336304
975092078 1.5873372554779053
977167500 1.5848450660705566
979218371 1.5722019672393799
981258654 1.5416597127914429
983260304 1.5186591148376465
985291250 1.5199217796325684
987285397 1.5178714990615845
989327905 1.5122731924057007
991372985 1.5155906677246094
993385254 1.5516026020050049
995405065 1.5888941287994385
997443741 1.5850518941879272
999489808 1.5711004734039307
1486204 1.5441826581954956
3525442 1.5189225673675537
5597864 1.5169146060943604
7556948 1.5083645582199097
9595866 1.5119142532348633
11607757 1.5178439617156982
13656828 1.5546847581863403
15722204 1.5844624042510986
18106383 1.5768773555755615
20094675 1.5570894479751587
22124533 1.5298388004302979
24290431 1.5110102891921997
26229336 1.5176811218261719
28267123 1.5083575248718262
30287320 1.508983850479126
32271917 1.5306428670883179
34321977 1.5712535381317139
36330338 1.5891458988189697
38369992 1.58101487159729
40390790 1.5562379360198975
42410720 1.5312871932983398
44434721 1.5165307521820068
46459255 1.5170037746429443
48500277 1.51606023311615
50525347 1.5100126266479492
52536054 1.5365166664123535
54559984 1.5724098682403564
56599509 1.5863709449768066
58602123 1.5669646263122559
60661201 1.5379387140274048
62664249 1.5116972923278809
64712030 1.5031980276107788
66734356 1.504812479019165
68745632 1.4962249994277954
73184292 1.5365407466888428
75310500 1.575740098953247
77309893 1.5736238956451416
80345659 1.543736457824707
82404209 1.5241074562072754
84421355 1.5113502740859985
86398688 1.5123507976531982
88452614 1.5028733015060425
90491380 1.494734525680542
92547512 1.526839017868042
94557112 1.5713517665863037
96599331 1.5843315124511719
98607378 1.5647114515304565
100626395 1.5403926372528076
102662443 1.515807867050171
104707857 1.5031442642211914
106755520 1.5048130750656128
108834693 1.4987211227416992
110925407 1.4945034980773926
112915248 1.5266056060791016
114919664 1.5694128274917603
116965140 1.5715876817703247
119561751 1.559821367263794
121640487 1.5297449827194214
123604600 1.50864839553833
125686282 1.5147136449813843
127694037 1.5039777755737305
129722008 1.5010327100753784
131785570 1.5107083320617676
134580354 1.5483559370040894
136598850 1.578689455986023
138665176 1.5550191402435303
140666090 1.5346585512161255
142696385 1.5094447135925293
144708791 1.4950950145721436
147051551 1.499164342880249
148771396 1.4931328296661377
150847056 1.4973288774490356
152821801 1.5288418531417847
154882526 1.5635263919830322
156964499 1.5698270797729492
158965958 1.5637035369873047
160966124 1.5379012823104858
163002501 1.5234829187393188
165043478 1.5164906978607178
167034279 1.5112602710723877
169125114 1.5069853067398071
171410553 1.5087145566940308
173476576 1.5413928031921387
175824317 1.5838016271591187
177908297 1.5690956115722656
179889907 1.5562865734100342
181928328 1.5248429775238037
183981697 1.510280966758728
186014621 1.5160062313079834
188135952 1.5046831369400024
190299131 1.500805139541626
192298568 1.5244916677474976
194330064 1.561579704284668
196372612 1.585416555404663
198417966 1.5760129690170288
200446426 1.5548603534698486
202493161 1.5359420776367188
204496742 1.5256292819976807
207681673 1.5157853364944458
209702000 1.5167218446731567
211718932 1.5297410488128662
213822269 1.5643786191940308
216155912 1.5974438190460205
218328438 1.5739213228225708
220352728 1.5511142015457153
222385991 1.5293318033218384
224473362 1.5126137733459473
226455295 1.5164960622787476
228484275 1.503806710243225
230721106 1.5033611059188843
233072120 1.5390783548355103
235099154 1.5730634927749634
237135398 1.5691821575164795
239168745 1.5607231855392456
241177154 1.5379588603973389
243265315 1.517486333847046
245220622 1.5090309381484985
247291807 1.505521535873413
249380718 1.5057079792022705
251391190 1.5093152523040771
253432101 1.5409430265426636
255438314 1.5787136554718018
257494315 1.5740476846694946
259510311 1.5560070276260376
261521991 1.5272527933120728
263562419 1.5026360750198364
265603471 1.505908489227295
267690603 1.4997131824493408
269758522 1.4986680746078491
271804319 1.5072740316390991
273866246 1.5381278991699219
275916099 1.5712649822235107
277970330 1.5575287342071533
280035252 1.5402911901474
282061724 1.5170822143554688
284079322 1.5004009008407593
286107264 1.5044894218444824
288136589 1.4970901012420654
290247597 1.4958420991897583
292241546 1.5148009061813354
294241272 1.5514044761657715
296326305 1.5769460201263428
298365224 1.5536764860153198
300477859 1.5337811708450317
302524357 1.5044665336608887
304556386 1.4917867183685303
306572429 1.489879846572876
308615898 1.4832407236099243
310650445 1.482857584953308
312650470 1.509304404258728
314674326 1.5430829524993896
316712812 1.5576941967010498
318741983 1.5399702787399292
320776360 1.5246580839157104
322832850 1.4973549842834473
324852276 1.4907269477844238
326883538 1.4919447898864746
328990934 1.4877420663833618
330950087 1.4963771104812622
332968061 1.5281810760498047
335004252 1.5666989088058472
336991344 1.5655159950256348
339512352 1.555526614189148
341084072 1.5308598279953003
343121424 1.5018131732940674
345112856 1.4998528957366943
347366085 1.4939894676208496
349279894 1.4892407655715942
352077054 1.4944096803665161
353272668 1.5292564630508423
355320076 1.5595424175262451
357370404 1.5682766437530518
360053339 1.5455487966537476
363154038 1.5142902135849
365144505 1.4950321912765503
367139491 1.4996269941329956
369165222 1.4945149421691895
371434902 1.498742938041687
373479693 1.5421842336654663
375470919 1.5764979124069214
377487972 1.5746331214904785
379537785 1.5557506084442139
381547172 1.5270106792449951
383577197 1.5103507041931152
385603896 1.5131475925445557
387653799 1.510560393333435
389659572 1.502355933189392
391689229 1.5155607461929321
393696826 1.5510281324386597
395731584 1.5825178623199463
397761094 1.5789580345153809
399807291 1.5612237453460693
401839845 1.5353217124938965
403873774 1.513098120689392
405919618 1.5222735404968262
407915419 1.5148292779922485
409932085 1.510689616203308
411950506 1.5232040882110596
414277802 1.5666931867599487
416345618 1.5891754627227783
418320879 1.5755807161331177
420336012 1.5507864952087402
422363269 1.5242393016815186
424421927 1.5049943923950195
426430162 1.5057193040847778
428445489 1.49514901638031
430489362 1.4963794946670532
432480129 1.5219924449920654
434526356 1.5594685077667236
436558379 1.576415777206421
438600271 1.5685384273529053
440603497 1.5396851301193237
442641464 1.518926739692688
444659039 1.5116125345230103
446741684 1.509263515472412
448714066 1.5063362121582031
450749099 1.5025389194488525
452769003 1.5377812385559082
454885202 1.5780861377716064
456838535 1.5880165100097656
458877001 1.5713651180267334
460880495 1.5477107763290405
462908624 1.530062198638916
464961789 1.5171451568603516
466976184 1.516843557357788
468985194 1.5103322267532349
470993473 1.5065449476242065
473028155 1.543858289718628
475039098 1.5769431591033936
477084486 1.5798875093460083
479140821 1.5680187940597534
481157989 1.5421855449676514
483161199 1.5211174488067627
485191779 1.5189039707183838
487220351 1.5113264322280884
489245616 1.508618950843811
491286636 1.5128990411758423
493307581 1.5512750148773193
495353226 1.5808945894241333
497349662 1.5802093744277954
499426899 1.5644460916519165
501402933 1.538016676902771
503440575 1.5190198421478271
505501382 1.5153321027755737
507551546 1.5123612880706787
509635126 1.508484125137329
511590218 1.5196776390075684
513598515 1.5511670112609863
515627412 1.5828945636749268
517660808 1.5821247100830078
519687845 1.5647610425949097
521736028 1.539033055305481
523831626 1.5136338472366333
525888847 1.5175886154174805
527940213 1.511924386024475
529987740 1.5179064273834229
532008562 1.53006112575531
533985499 1.5626941919326782
536035181 1.596247911453247
538051753 1.5815129280090332
540074166 1.5571742057800293
542085665 1.5304917097091675
544119651 1.5100022554397583
546130244 1.517432451248169
548159212 1.5125972032546997
550194427 1.5108039379119873
552230534 1.5262672901153564
554411816 1.5636286735534668
556436210 1.5844011306762695
558465348 1.5698548555374146
560506987 1.545002818107605
562514733 1.5221023559570312
564560431 1.5121124982833862
566595136 1.5140143632888794
568629426 1.5090662240982056
570620290 1.5081348419189453
572687898 1.5334416627883911
574844260 1.578538179397583
576796689 1.5891250371932983
578825250 1.5674844980239868
580845902 1.542419195175171
582861308 1.522727608680725
584901363 1.5083872079849243
586927051 1.502746343612671
588938443 1.5024141073226929
591012912 1.5047335624694824
592995296 1.533329725265503
595010075 1.5719287395477295
597050469 1.5705009698867798
599075035 1.561283826828003
601086356 1.5301389694213867
603125928 1.5106585025787354
605177012 1.5083975791931152
607206858 1.5014326572418213
609194944 1.4955393075942993
611223473 1.5074341297149658
613239995 1.546344518661499
615273164 1.5748401880264282
617299907 1.574641466140747
619335873 1.5575425624847412
621374415 1.5284242630004883
623396995 1.5088766813278198
625406869 1.502287745475769
627426193 1.5032745599746704
629508337 1.498814344406128
631527682 1.504771113395691
633549630 1.5401090383529663
635615797 1.5754125118255615
638127619 1.569637417793274
639593806 1.5612651109695435
641612417 1.5341812372207642
643679742 1.5028671026229858
645682132 1.5086308717727661
647706032 1.5061522722244263
649741233 1.5029505491256714
651750321 1.517462968826294
653785248 1.5473493337631226
655793251 1.5849707126617432
658598165 1.5748627185821533
660607177 1.5405031442642212
662617917 1.5126519203186035
664614305 1.5065120458602905
666695658 1.5091601610183716
668732154 1.4970263242721558
670749717 1.498194932937622
672751289 1.5191384553909302
674754310 1.562410593032837
676797296 1.5717520713806152
678815953 1.563681960105896
680849987 1.5389164686203003
682870102 1.5196400880813599
684926414 1.5137265920639038
686901745 1.513810634613037
688936317 1.505869746208191
690986584 1.5129473209381104
693077955 1.5449591875076294
695038593 1.586273193359375
697089025 1.5894540548324585
699100227 1.5723822116851807
701117888 1.5431578159332275
703146339 1.520866870880127
705177677 1.515457034111023
707206375 1.5076714754104614
709283100 1.506689429283142
711263598 1.5089783668518066
713271758 1.5385429859161377
715309226 1.57468843460083
717335628 1.5764029026031494
719369834 1.5629199743270874
721383177 1.534097671508789
723483496 1.515671968460083
725721235 1.5132538080215454
727748734 1.5027323961257935
729739336 1.5044976472854614
731799886 1.5187404155731201
733820315 1.5556831359863281
735847955 1.5848369598388672
737843858 1.578873634338379
739909052 1.5560412406921387
741910044 1.5303411483764648
743923195 1.5054349899291992
745942587 1.5166943073272705
747986726 1.5103391408920288
749990334 1.5098025798797607
752029034 1.525857925415039
754054675 1.559766411781311
756085243 1.5876425504684448
758109251 1.575699806213379
760137568 1.5553889274597168
762333586 1.533050775527954
764317617 1.5112367868423462
766452272 1.5140935182571411
768470842 1.5078247785568237
770505934 1.5048109292984009
772554987 1.5247976779937744
774660797 1.5704693794250488
776583120 1.586181640625
778640179 1.5726549625396729
780607899 1.5472750663757324
782666601 1.528205394744873
784788918 1.5134440660476685
786830744 1.5219275951385498
788865812 1.5043400526046753
790877446 1.507583737373352
792927340 1.5363820791244507
794954616 1.572347640991211
796951660 1.578231692314148
799438928 1.5619862079620361
801001986 1.5357866287231445
803043237 1.5172996520996094
805061115 1.508631944656372
807095897 1.5056418180465698
809141459 1.5071055889129639
811145923 1.5046442747116089
813173217 1.5449782609939575
815190749 1.5826129913330078
817224426 1.5812960863113403
819252699 1.565609335899353
821268849 1.5342907905578613
823303775 1.5097121000289917
825459252 1.5076074600219727
827435811 1.5096322298049927
829478050 1.5060588121414185
831488704 1.5043646097183228
833503608 1.5421465635299683
835526850 1.5745090246200562
837673658 1.5698997974395752
839681523 1.5556578636169434
841662765 1.532189965248108
843685570 1.504271388053894
845726341 1.5099619626998901
847761982 1.5023607015609741
849784086 1.5050458908081055
851792172 1.520088791847229
853849268 1.5535290241241455
855840461 1.5859402418136597
857866137 1.574688196182251
859885951 1.5525283813476562
861916762 1.5294324159622192
863949388 1.507399320602417
865975128 1.5128501653671265
867993075 1.5041850805282593
870020549 1.4984097480773926
872096262 1.5148067474365234
874110100 1.5522100925445557
876123751 1.5813783407211304
878155340 1.5641669034957886
880182720 1.547184705734253
882201691 1.5202075242996216
884233434 1.5044792890548706
886274239 1.5079280138015747
888271460 1.4962258338928223
890324046 1.4995659589767456
892352904 1.5145576000213623
894341598 1.5536748170852661
896407831 1.5786279439926147
898419355 1.5625386238098145
900447066 1.5396758317947388
902480169 1.5135687589645386
904492918 1.5018689632415771
906534787 1.5033949613571167
908544251 1.497026801109314
910659781 1.4985966682434082
912635248 1.5190718173980713
914674452 1.5565625429153442
916716946 1.5784759521484375
918776744 1.5590590238571167
921592128 1.526551365852356
923608742 1.501554250717163
925637122 1.5024008750915527
927674055 1.5007013082504272
929735233 1.5018818378448486
931712552 1.513062596321106
933736445 1.5471543073654175
935778750 1.5831440687179565
937793532 1.5753393173217773
939831785 1.563946008682251
941856045 1.535056471824646
943850335 1.5119850635528564
945920236 1.5195754766464233
947922752 1.515101432800293
949976443 1.508392572402954
951981881 1.5219361782073975
954028772 1.5558892488479614
956031936 1.586613416671753
958730950 1.578172206878662
960767521 1.549966812133789
962773526 1.5295082330703735
964780573 1.5222971439361572
966898230 1.5179015398025513
968907297 1.513066291809082
970870877 1.513840675354004
972946558 1.5427584648132324
974919518 1.5839072465896606
976966556 1.5976492166519165
978960408 1.5777137279510498
981008665 1.5534745454788208
983010636 1.5316312313079834
985097320 1.52381432056427
987058141 1.5195945501327515
989116928 1.5161068439483643
991115015 1.5191593170166016
993219972 1.5503990650177002
995193991 1.5862269401550293
997233929 1.5906161069869995
999688943 1.5790882110595703
1869599 1.5472959280014038
3868999 1.5220731496810913
5929587 1.5248669385910034
7933344 1.5194919109344482
9930098 1.5212972164154053
11957126 1.5305007696151733
14008832 1.57033109664917
16008780 1.6015379428863525
18029123 1.5878840684890747
20079393 1.5687276124954224
22090261 1.5413488149642944
24126937 1.5214835405349731
26148394 1.532094955444336
28155951 1.5239527225494385
30246922 1.5180078744888306
32297075 1.5317180156707764
34242050 1.5667812824249268
36282101 1.5968289375305176
38301627 1.5766133069992065
40305885 1.5589115619659424
42368073 1.5395852327346802
44371454 1.5197776556015015
46387274 1.5223760604858398
48425357 1.517495036125183
50444221 1.5141220092773438
52474390 1.5338077545166016
54554150 1.5813606977462769
56550895 1.5960909128189087
58581665 1.5825074911117554
60576211 1.5538463592529297
62603523 1.532436490058899
64650812 1.517320990562439
66648984 1.5233042240142822
70236410 1.5104939937591553
72324982 1.52260160446167
74332280 1.563612461090088
76374412 1.589743971824646
78395947 1.570130467414856
80411015 1.5464389324188232
82438043 1.5275170803070068
84457745 1.5082097053527832
86485696 1.5135143995285034
88549953 1.5071183443069458
90574942 1.5071831941604614
92588206 1.5270750522613525
94608106 1.5691667795181274
96694199 1.5869548320770264
98799621 1.5711787939071655
100830144 1.5402412414550781
102830588 1.5240778923034668
104917002 1.5103216171264648
106874337 1.5163953304290771
108965696 1.5088802576065063
110970628 1.5037329196929932
112940884 1.5345276594161987
114965407 1.5733827352523804
116993351 1.5773135423660278
119033364 1.5622225999832153
121075020 1.5403406620025635
123104192 1.5167380571365356
125114838 1.5049387216567993
127113021 1.5038552284240723
129158705 1.5027801990509033
131179451 1.500880241394043
133208576 1.536188006401062
135209408 1.5750812292099
137258606 1.5789021253585815
139296043 1.553384780883789
141297382 1.5339607000350952
143336587 1.504940152168274
145365061 1.505937099456787
147399903 1.5017380714416504
149399309 1.4992588758468628
151486474 1.5074503421783447
153460346 1.5440607070922852
155509577 1.5715909004211426
157609348 1.5740364789962769
159614525 1.556215524673462
161583428 1.5277119874954224
163610592 1.5096694231033325
165615660 1.5128016471862793
167668374 1.5026304721832275
169684210 1.5041097402572632
171802054 1.5117002725601196
173827826 1.55204439163208
175873367 1.584894061088562
177889292 1.5696747303009033
179951534 1.5576376914978027
181945249 1.5287481546401978
183963130 1.5140830278396606
186013285 1.514276146888733
188026460 1.5121002197265625
190033714 1.5071420669555664
192065767 1.5249940156936646
194087046 1.5587573051452637
196169947 1.583059310913086
198158061 1.5764341354370117
200200175 1.5556092262268066
202194103 1.5276942253112793
204235782 1.5116044282913208
206260687 1.5159437656402588
208262434 1.5051801204681396
210292098 1.5041046142578125
212354693 1.5240647792816162
214330692 1.566749095916748
216382116 1.591456651687622
218413151 1.5809299945831299
220511031 1.5530781745910645
222495749 1.5359840393066406
224549555 1.521220088005066
226588897 1.5229291915893555
228624348 1.5153260231018066
230650924 1.5152003765106201
232740182 1.542960286140442
234744840 1.5765931606292725
236757910 1.594863772392273
238827879 1.5753023624420166
240833344 1.5538270473480225
242855808 1.5327571630477905
244924592 1.5208145380020142
247026850 1.5225727558135986
248984329 1.5188051462173462
252394582 1.5166411399841309
254543822 1.577014684677124
256578666 1.5946860313415527
258637117 1.5761585235595703
260599946 1.55342435836792
262765097 1.5316344499588013
264725230 1.5160298347473145
266813590 1.5187948942184448
268955788 1.5101521015167236
271305965 1.5126417875289917
273337554 1.5433472394943237
275369265 1.5783315896987915
277382900 1.5718188285827637
279410434 1.5660507678985596
281440275 1.5352869033813477
283453839 1.5111358165740967
285557646 1.5053389072418213
287803699 1.5023878812789917
289775726 1.4969779253005981
291824854 1.5116591453552246
293846213 1.5493353605270386
295905835 1.5744400024414062
297904971 1.566595196723938
300313293 1.5436735153198242
302272673 1.5226247310638428
304305650 1.5046125650405884
306366802 1.5092573165893555
308358406 1.5021121501922607
310370131 1.4991366863250732
312419815 1.5145983695983887
314427323 1.555019497871399
316468972 1.5784449577331543
318531290 1.5680184364318848
320498697 1.5417839288711548
322725596 1.5239444971084595
324666079 1.5031132698059082
326719165 1.5079857110977173
328724614 1.502880334854126
330757622 1.5022010803222656
332790695 1.5261476039886475
334832902 1.5705758333206177
336888026 1.581400752067566
338914290 1.5660367012023926
341013475 1.5359870195388794
343170757 1.5195496082305908
345248933 1.513708472251892
347183097 1.5137536525726318
349234320 1.5083063840866089
351810947 1.5136500597000122
353307023 1.5386921167373657
355315185 1.5807504653930664
357318864 1.5797823667526245
359884325 1.5683155059814453
361931867 1.5344879627227783
363935051 1.515230417251587
366186838 1.5165492296218872
368109811 1.5142914056777954
370204297 1.5155588388442993
372208613 1.5260217189788818
374275763 1.564154028892517
376325947 1.5968458652496338
378365735 1.5767043828964233
380349399 1.560242772102356
382405894 1.5332956314086914
384410027 1.517457365989685
386419945 1.5269922018051147
388503285 1.5200997591018677
390482473 1.514723539352417
392559067 1.530998945236206
394532813 1.566560983657837
396572335 1.5843603610992432
398590065 1.5803396701812744
400616320 1.5522589683532715
402657517 1.528532862663269
404657447 1.5154050588607788
406729312 1.5168427228927612
408754408 1.5114011764526367
410762352 1.5137814283370972
412769225 1.5407930612564087
414837747 1.5757617950439453
416903939 1.5923593044281006
418937859 1.5710220336914062
420985991 1.541839361190796
423036713 1.5227655172348022
425024725 1.5176730155944824
427087032 1.5142793655395508
429076625 1.5069680213928223
431079712 1.5068720579147339
433098303 1.5428024530410767
435173171 1.5763905048370361
437228914 1.5764291286468506
439556440 1.568711280822754
441213284 1.5334570407867432
443238765 1.514440655708313
445301166 1.5091487169265747
447304441 1.5054956674575806
449314751 1.5055923461914062
451343430 1.5121221542358398
453375503 1.5407731533050537
455415789 1.5788496732711792
457438070 1.5803054571151733
459454727 1.5646822452545166
461490914 1.53526771068573
463548367 1.512827754020691
465526480 1.5109895467758179
467557422 1.5023645162582397
469627022 1.502198576927185
471690374 1.5113009214401245
473659191 1.5461089611053467
475676104 1.5829880237579346
477694683 1.5733423233032227
480156927 1.5508531332015991
482151755 1.52117121219635
484165927 1.502362608909607
486176665 1.510190725326538
488278198 1.4996459484100342
490227364 1.5011509656906128
492265136 1.5109177827835083
494291459 1.5550813674926758
496322593 1.5858744382858276
498338306 1.5675698518753052
500364317 1.5468368530273438
502391508 1.5205395221710205
504456548 1.501668095588684
506478350 1.51198410987854
508501680 1.5021097660064697
510490079 1.4951344728469849
512517239 1.5190978050231934
514542102 1.5585840940475464
516572874 1.5809710025787354
518626863 1.5656601190567017
520620564 1.5414053201675415
522647654 1.5189485549926758
524684792 1.4985295534133911
526710597 1.503890037536621
528717910 1.4940918684005737
530749461 1.4982554912567139
532815777 1.520358920097351
535608146 1.5648447275161743
537763701 1.5681159496307373
539819910 1.559821605682373
541772335 1.5290240049362183
543826969 1.5116075277328491
545812777 1.514024019241333
547833036 1.5058656930923462
549900501 1.505737543106079
551910089 1.522066354751587
553959753 1.5478575229644775
555942756 1.5804712772369385
557955934 1.5717960596084595
560014503 1.5554978847503662
562040893 1.5289157629013062
564043096 1.5056729316711426
566087509 1.5050451755523682
568105790 1.4967643022537231
570115992 1.495923399925232
572149923 1.5103380680084229
574255914 1.5522778034210205
576207042 1.5759921073913574
578268645 1.5657275915145874
583126797 1.546229362487793
585121523 1.5071661472320557
587153821 1.5066903829574585
589171335 1.5011645555496216
591222095 1.4987739324569702
593229932 1.5364848375320435
595225422 1.5740805864334106
597291339 1.5737509727478027
599299171 1.5664784908294678
601330460 1.5406662225723267
603356112 1.5226802825927734
605375907 1.5075944662094116
607383606 1.5086909532546997
609429683 1.5061390399932861
611435188 1.5068045854568481
613460095 1.5440552234649658
615514049 1.5807081460952759
617557471 1.577107548713684
619868723 1.5537000894546509
622144844 1.5258787870407104
624414223 1.5061873197555542
626562744 1.512248158454895
628577959 1.49722158908844
630585336 1.4956985712051392
632659548 1.5172756910324097
634621431 1.5609917640686035
636667862 1.581339955329895
638668797 1.5642616748809814
640704404 1.5423195362091064
642721434 1.519463300704956
644757969 1.502996563911438
646785498 1.5012682676315308
648794187 1.4972074031829834
650839800 1.4945528507232666
653758903 1.5375187397003174
655801018 1.575576901435852
657875166 1.567691445350647
659913138 1.551006555557251
661957653 1.5222831964492798
664039926 1.508082628250122
665990147 1.516903042793274
668097053 1.5122580528259277
670081760 1.5076375007629395
672142258 1.5235321521759033
674134684 1.5560253858566284
676248985 1.5858490467071533
678251318 1.5722320079803467
680294372 1.5552146434783936
682312535 1.5274332761764526
684343335 1.50630784034729
686362674 1.5126664638519287
689024159 1.5015966892242432
690422233 1.4973474740982056
692464382 1.5212475061416626
694468825 1.5574729442596436
696512397 1.5812714099884033
698518448 1.557986855506897
700627881 1.5384846925735474
702640343 1.5201455354690552
704682046 1.5072358846664429
706685488 1.514367699623108
708700498 1.501507043838501
710741535 1.5034174919128418
712829990 1.5324770212173462
714777187 1.5704230070114136
716854497 1.584128975868225
718996744 1.5690207481384277
720977640 1.548520803451538
723040318 1.5237189531326294
725244958 1.5160835981369019
727335256 1.505165934562683
729500129 1.5000895261764526
731593679 1.5069159269332886
733790684 1.5417284965515137
735839719 1.5754848718643188
737916464 1.5671621561050415
739917980 1.547755241394043
742705638 1.5214606523513794
744803249 1.5002423524856567
746834264 1.5041652917861938
748856393 1.4962785243988037
750904837 1.5027450323104858
752950173 1.5226043462753296
754959323 1.555952548980713
758747485 1.5745552778244019
760853029 1.5372235774993896
763126510 1.517215371131897
765185141 1.5040544271469116
767634262 1.5026894807815552
769704654 1.500378131866455
771916071 1.5059266090393066
778833815 1.5495574474334717
787310100 1.5446109771728516
791568705 1.5093237161636353
793546155 1.549749732017517
795595096 1.5820677280426025
797664853 1.5882508754730225
799664928 1.5764840841293335
801693681 1.5433610677719116
803665736 1.5218315124511719
805693733 1.5151993036270142
807710894 1.5098844766616821
809737199 1.5113805532455444
811817693 1.5167474746704102
813846195 1.5552427768707275
816319336 1.584760069847107
818339273 1.571221113204956
820382734 1.5519943237304688
822435081 1.5223404169082642
824527041 1.5020774602890015
826561679 1.5158478021621704
828581470 1.5071159601211548
830683807 1.5000383853912354
832665374 1.5253206491470337
834682612 1.5663166046142578
836854151 1.5837754011154175
838882255 1.5710922479629517
841002244 1.5508183240890503
842978252 1.5237067937850952
844988927 1.5136265754699707
847903529 1.510772705078125
851212413 1.5072160959243774
853218490 1.5373297929763794
855246354 1.5785712003707886
857259750 1.577459692955017
859840534 1.5640202760696411
861754238 1.5323582887649536
863829990 1.5120149850845337
865857578 1.5066344738006592
871311579 1.5073879957199097
873435527 1.5343739986419678
875501995 1.574798345565796
877630885 1.571470022201538
880183547 1.5587518215179443
882222520 1.5249496698379517
884189393 1.5071206092834473
886468879 1.5071563720703125
888368428 1.4982203245162964
890359506 1.498336911201477
892582577 1.5124564170837402
894494892 1.549962043762207
896655513 1.5738778114318848
898671362 1.5553226470947266
900812892 1.5344789028167725
902810782 1.513991117477417
905190018 1.4999446868896484
907040344 1.5051919221878052
909909688 1.5025084018707275
911977863 1.503880500793457
914024533 1.5489554405212402
916070695 1.5803040266036987
918140423 1.5756292343139648
920121042 1.5535985231399536
922135240 1.533036231994629
924207462 1.5119153261184692
926300910 1.5143154859542847
928336558 1.504462718963623
930342223 1.5046674013137817
932368954 1.5198935270309448
934381045 1.5610861778259277
936704287 1.5875260829925537
938734217 1.5681897401809692
941269902 1.535394549369812
943278068 1.5178565979003906
945330204 1.5104560852050781
948165021 1.5068390369415283
950166098 1.5064988136291504
952213839 1.5166651010513306
954397793 1.5568642616271973
956597403 1.5823071002960205
958602882 1.5726039409637451
960646850 1.550797700881958
963310173 1.5267987251281738
966182867 1.5147740840911865
968309300 1.5073391199111938
970385388 1.5102964639663696
972824316 1.5224213600158691
975085504 1.579474925994873
977104687 1.586210012435913
979148029 1.563682198524475
981198870 1.5431345701217651
983205030 1.5197933912277222
985250567 1.515152096748352
987240100 1.512376308441162
989276793 1.5104291439056396
991283611 1.509883165359497
993307723 1.543986439704895
995345734 1.5853986740112305
997453645 1.585057258605957
999589145 1.5723923444747925
1565684 1.54716956615448
3626612 1.5260379314422607
5630911 1.5174640417099
7706925 1.516107439994812
9689127 1.511725664138794
11670227 1.5167516469955444
13743103 1.5514074563980103
15987812 1.5901939868927002
17870116 1.5823643207550049
19975161 1.565765380859375
21991361 1.536575436592102
23996441 1.5135724544525146
26052038 1.5199840068817139
28174714 1.5181936025619507
31223377 1.5163697004318237
33309422 1.5466480255126953
35457090 1.5831938982009888
37452588 1.586951732635498
39521424 1.5717380046844482
41519174 1.5472458600997925
43565702 1.522099256515503
45649851 1.518646001815796
48610696 1.5073505640029907
50620175 1.5044169425964355
52653568 1.5301533937454224
54703101 1.567797064781189
56730485 1.586435079574585
58732136 1.5737154483795166
61293721 1.544386625289917
63377140 1.5228338241577148
65358888 1.514849305152893
67474271 1.514987587928772
69452072 1.5142343044281006
71677557 1.5133358240127563
74060369 1.5594944953918457
76116005 1.5877307653427124
78158573 1.5808840990066528
80384385 1.558879017829895
82371939 1.5334665775299072
84396608 1.515122413635254
86471893 1.5214565992355347
88453174 1.508755087852478
90591193 1.510148048400879
93007445 1.5400652885437012
95047643 1.5757290124893188
97347635 1.5913589000701904
99491356 1.5666463375091553
101511018 1.5398364067077637
103506463 1.5150741338729858
105765113 1.5129437446594238
107713543 1.514490008354187
109860650 1.5119309425354004
111890833 1.5156673192977905
114061114 1.5511527061462402
117335110 1.5835497379302979
119382673 1.5681376457214355
121400152 1.545179009437561
123512612 1.524019479751587
125573651 1.5172629356384277
127603975 1.509534478187561
129685244 1.5049164295196533
131706322 1.5155885219573975
133735420 1.5472246408462524
135825146 1.5827059745788574
137845123 1.573072910308838
139871559 1.5581490993499756
141905514 1.5292378664016724
143960467 1.509515404701233
145965780 1.5109387636184692
147977029 1.5054435729980469
150181149 1.5005972385406494
152320644 1.514562726020813
154412036 1.5500411987304688
156443021 1.5834815502166748
158492179 1.5691159963607788
160520365 1.5480120182037354
162511925 1.5234391689300537
164573931 1.505185842514038
167247011 1.5104727745056152
169369755 1.5014283657073975
171429765 1.50309157371521
173429650 1.5378360748291016
175464619 1.5733039379119873
177490949 1.5715875625610352
179497106 1.5543367862701416
181533369 1.531381368637085
183606544 1.504482388496399
185632040 1.5036325454711914
187661738 1.501827597618103
189782592 1.4983701705932617
192909652 1.5197818279266357
195020580 1.5618621110916138
197328277 1.571049690246582
199977679 1.5627458095550537
201960506 1.5305328369140625
203973207 1.5084036588668823
205983795 1.5098702907562256
208043951 1.4990068674087524
210115306 1.5063700675964355
212109966 1.5190695524215698
214477204 1.5530190467834473
216140325 1.5820097923278809
218194315 1.5633447170257568
220261879 1.553809404373169
222290953 1.522234559059143
224287827 1.504654884338379
226317741 1.516347050666809
228330721 1.5076799392700195
230365115 1.5092142820358276
232403187 1.5253986120224
234402185 1.5664634704589844
236428968 1.5933215618133545
238519501 1.580829381942749
240509887 1.5627087354660034
242553943 1.5342894792556763
244577207 1.5172066688537598
246651338 1.5220756530761719
248644587 1.5150278806686401
250692514 1.5116989612579346
252688958 1.5342596769332886
256257412 1.569408655166626
258289727 1.5825821161270142
260371389 1.5628526210784912
262372903 1.536250352859497
264405819 1.522631049156189
266478443 1.530476689338684
268470765 1.5155580043792725
270518393 1.5131752490997314
272585000 1.5369391441345215
274600039 1.5732783079147339
276578226 1.5935862064361572
278622481 1.5818532705307007
280656328 1.564186453819275
282682933 1.5332897901535034
284693852 1.5211819410324097
286770877 1.5245600938796997
288747615 1.5129259824752808
290969486 1.516667366027832
293460792 1.5513657331466675
295513829 1.591080904006958
297591236 1.5886988639831543
299559243 1.5694143772125244
301634231 1.5408347845077515
303617423 1.5207470655441284
305614799 1.5180981159210205
307668168 1.513843297958374
309675916 1.5124751329421997
311749048 1.5191981792449951
313728185 1.554804801940918
315770588 1.5910671949386597
317780458 1.5829745531082153
320369810 1.5627825260162354
322396231 1.5337587594985962
324432607 1.5170044898986816
326439026 1.5239061117172241
328467250 1.5125958919525146
330485227 1.508766770362854
332532093 1.5285890102386475
334555889 1.5710265636444092
336605059 1.587559461593628
338594323 1.573505163192749
340704490 1.5517991781234741
342649787 1.525274634361267
344672962 1.5097588300704956
346759709 1.5123008489608765
348728323 1.5048582553863525
350768730 1.5027961730957031
352764356 1.5260393619537354
354804461 1.5634069442749023
356864136 1.5803189277648926
358870784 1.5699424743652344
360912753 1.5490992069244385
362908228 1.5226714611053467
364953690 1.504855990409851
366966210 1.5118027925491333
369029993 1.5004228353500366
371086694 1.5005462169647217
373035869 1.5289489030838013
375077429 1.5651500225067139
377101748 1.5778834819793701
379135180 1.561603307723999
381125976 1.5339322090148926
383188205 1.5145516395568848
385215311 1.5042595863342285
387230141 1.5108758211135864
389246615 1.5018234252929688
391255007 1.5019522905349731
393293516 1.5376899242401123
395334389 1.5716021060943604
397349653 1.5765902996063232
399367700 1.5706791877746582
401413297 1.541306734085083
403426486 1.5238189697265625
405453297 1.5163551568984985
407476302 1.5116521120071411
409960659 1.505196452140808
412243331 1.5161386728286743
414270439 1.5518046617507935
416593214 1.5760997533798218
418564258 1.5642451047897339
420587298 1.5423367023468018
422602011 1.5184509754180908
424657004 1.4987105131149292
426679379 1.505168080329895
428688769 1.4988713264465332
430767135 1.4975422620773315
432824467 1.5177044868469238
434860881 1.5612138509750366
436862867 1.579423189163208
438921143 1.56747567653656
440940200 1.5453466176986694
442955151 1.5197839736938477
444990024 1.5048044919967651
447064456 1.5075347423553467
449138081 1.5047721862792969
451129541 1.5067791938781738
453183900 1.5348831415176392
455207787 1.5736702680587769
457556759 1.571854591369629
460171905 1.5575034618377686
462175066 1.523708701133728
464199769 1.5042301416397095
466214466 1.5056871175765991
468278762 1.5070743560791016
470330530 1.4964812994003296
472410670 1.5093377828598022
474505923 1.5551233291625977
476483028 1.582922339439392
479047849 1.5653672218322754
481072854 1.5384577512741089
483066303 1.521986722946167
485097373 1.5117840766906738
487156193 1.510661005973816
489143665 1.506073236465454
491171132 1.509223222732544
493210957 1.5386056900024414
495250971 1.5796873569488525
497276560 1.5865106582641602
499290539 1.568577527999878
501323792 1.5426136255264282
503637155 1.5148171186447144
505498652 1.5073732137680054
507523339 1.503915786743164
509553960 1.4991614818572998
511671258 1.5052567720413208
513802028 1.5408885478973389
515772000 1.5744514465332031
517793715 1.5715314149856567
519830722 1.5590827465057373
522214687 1.5276193618774414
525471529 1.5058821439743042
527491170 1.5038024187088013
529522504 1.4963371753692627
531572999 1.5028185844421387
533582809 1.5352660417556763
536367392 1.5706382989883423
538762306 1.5624340772628784
540808180 1.5424487590789795
542829426 1.5201400518417358
544861462 1.5025089979171753
546864154 1.5121039152145386
548899822 1.5019187927246094
550932535 1.497727632522583
552939555 1.5236400365829468
554978889 1.5736820697784424
557129213 1.5838943719863892
559097894 1.572962999343872
561133745 1.54610276222229
563182376 1.5288020372390747
565837743 1.518959641456604
567837710 1.511959433555603
569963182 1.5108561515808105
571942563 1.5147038698196411
573964662 1.5488200187683105
575989872 1.583740234375
577991612 1.5763180255889893
580026030 1.563920021057129
582106306 1.5265880823135376
584089456 1.5030206441879272
586084236 1.5090726613998413
588136206 1.4983599185943604
590154347 1.4990816116333008
592198675 1.5078496932983398
594204471 1.5449464321136475
596234003 1.574865460395813
598260540 1.5696974992752075
600280964 1.5510122776031494
602305084 1.5264521837234497
604342701 1.5069307088851929
606360077 1.515419840812683
608940975 1.5061558485031128
610967614 1.4998148679733276
612976594 1.529884934425354
615112841 1.5674785375595093
617075174 1.5804953575134277
619083601 1.5636212825775146
621116052 1.5410364866256714
623670509 1.5184721946716309
625166100 1.509871006011963
627205149 1.5086603164672852
629245589 1.505462884902954
631237981 1.504467487335205
633258232 1.5434439182281494
635286376 1.5760197639465332
637298969 1.5856188535690308
639337615 1.5716373920440674
641383191 1.545405626296997
643539187 1.529205322265625
645567442 1.5208722352981567
652148188 1.5224148035049438
654191440 1.5571293830871582
656190550 1.5863628387451172
658288546 1.579591989517212
660260850 1.5590057373046875
662273822 1.5313414335250854
664312442 1.5084468126296997
666328599 1.5169808864593506
668357631 1.5068548917770386
670366126 1.5056958198547363
672456582 1.5166711807250977
674473051 1.5566627979278564
676457785 1.5866179466247559
678481499 1.5748883485794067
680516301 1.5603368282318115
682528591 1.5278233289718628
684551447 1.5103601217269897
686597986 1.5246446132659912
688634506 1.5182650089263916
690632656 1.5130573511123657
692662095 1.5297907590866089
694714285 1.572241187095642
696720955 1.59442138671875
698774008 1.5756572484970093
700949125 1.543736457824707
702954457 1.5226495265960693
705106086 1.509834885597229
707117596 1.5155686140060425
709136445 1.5021926164627075
711158891 1.5051027536392212
713213140 1.533384919166565
715207807 1.5706533193588257
717232328 1.5794416666030884
719769194 1.561425805091858
721951575 1.5370246171951294
723798849 1.5138832330703735
726385461 1.510799527168274
728417291 1.5021847486495972
730457688 1.5027306079864502
732497075 1.5191614627838135
734515643 1.5601481199264526
736558267 1.5837762355804443
738552308 1.5640283823013306
740583590 1.5447378158569336
742602844 1.5165979862213135
745088388 1.4988412857055664
747146513 1.5056796073913574
749134398 1.498305320739746
751187103 1.5016868114471436
753211505 1.5255292654037476
755214825 1.5655001401901245
757254555 1.5791361331939697
759305727 1.563361644744873
761297118 1.5429295301437378
763332110 1.5236291885375977
765356691 1.5123237371444702
767383076 1.510071873664856
769432506 1.5077306032180786
771446813 1.5134575366973877
773515576 1.544792652130127
775506366 1.5839601755142212
777544247 1.583945631980896
779550364 1.562387466430664
781593688 1.5361862182617188
783670876 1.5093271732330322
785648619 1.5114692449569702
787727670 1.5081135034561157
789758033 1.4993261098861694
791804363 1.5157088041305542
793856088 1.5432616472244263
795844641 1.5757468938827515
797853067 1.5761421918869019
799872798 1.5623149871826172
801908695 1.5366007089614868
803954561 1.5108596086502075
805964682 1.5122270584106445
808009341 1.5029542446136475
810054517 1.4973483085632324
812025530 1.5082147121429443
814054188 1.5453413724899292
816086776 1.580148458480835
818111204 1.5714070796966553
820123332 1.5535516738891602
822158436 1.5268490314483643
824205161 1.5026204586029053
826238945 1.508880376815796
828310315 1.5029255151748657
830311256 1.4948900938034058
832323445 1.5115448236465454
834347936 1.5477746725082397
836386857 1.5767347812652588
838394444 1.5644546747207642
840418015 1.5471291542053223
842432934 1.5241413116455078
844463532 1.5016976594924927
846509160 1.5103367567062378
848521371 1.4999440908432007
850541136 1.5011831521987915
852579123 1.5186128616333008
854619358 1.557226538658142
856636092 1.5781991481781006
858664339 1.5680721998214722
860688761 1.542924404144287
862707027 1.520119309425354
864722244 1.5044456720352173
866753454 1.508622169494629
868783364 1.4981201887130737
870880380 1.4936749935150146
873082249 1.5201829671859741
875133117 1.5625613927841187
877066905 1.574345588684082
879117516 1.5649127960205078
881123828 1.5425517559051514
883153949 1.5197727680206299
885189721 1.5059963464736938
887226192 1.5116219520568848
889228980 1.5061639547348022
891263424 1.503608226776123
893283139 1.5370556116104126
895293008 1.5733959674835205
897328827 1.5746204853057861
899340555 1.5573813915252686
901394224 1.5315499305725098
903409381 1.509876012802124
905505698 1.4959580898284912
907469006 1.4994882345199585
909496092 1.4966914653778076
911983755 1.4996235370635986
913969045 1.5388559103012085
916006307 1.5767829418182373
918043130 1.5729639530181885
920082506 1.554018497467041
922080814 1.5263043642044067
924165388 1.5055423974990845
926167156 1.5100948810577393
928179819 1.5042953491210938
930229059 1.500180721282959
932228707 1.5148614645004272
934286949 1.5485880374908447
936264718 1.5770049095153809
938292893 1.5629163980484009
940330688 1.547392725944519
942350537 1.519411325454712
944388848 1.498911738395691
946437756 1.5025001764297485
948435979 1.4933083057403564
950446158 1.4941354990005493
952489629 1.5062021017074585
954497689 1.546014428138733
956556826 1.5762536525726318
958597015 1.563612937927246
960619610 1.5462124347686768
962645772 1.5236815214157104
964659057 1.4999524354934692
966731360 1.5117311477661133
968723420 1.5026602745056152
970739738 1.5064975023269653
972744034 1.5226902961730957
974814207 1.564024806022644
976805182 1.5815268754959106
978869221 1.5689566135406494
980862717 1.5443778038024902
982901462 1.5234625339508057
985171771 1.5077486038208008
987249861 1.508528470993042
989249692 1.5049934387207031
991291043 1.5046391487121582
993299637 1.5283852815628052
995340940 1.5684784650802612
997341431 1.5720503330230713
999562032 1.5605521202087402
1570434 1.5308561325073242
3621961 1.5101696252822876
5609331 1.5017499923706055
8307113 1.4954453706741333
10314598 1.4939773082733154
12322971 1.5101112127304077
14387931 1.5465227365493774
16411040 1.5734184980392456
18421955 1.5619642734527588
20468705 1.5417052507400513
22457733 1.519495964050293
24494054 1.4963492155075073
26727232 1.5045521259307861
28787465 1.4915006160736084
30789916 1.4968769550323486
33144235 1.5207992792129517
35160653 1.562852382659912
37190967 1.5724456310272217
39241862 1.5610847473144531
41832774 1.5273003578186035
43856743 1.5066436529159546
45912525 1.5067214965820312
47933384 1.5013731718063354
49949007 1.4985740184783936
51964773 1.5073871612548828
53989174 1.546434760093689
56026493 1.5823955535888672
58050280 1.5707166194915771
60069813 1.5522347688674927
62087793 1.5229705572128296
64136863 1.4988243579864502
66185026 1.5026917457580566
68164350 1.4911961555480957
70205789 1.492698311805725
72422623 1.5039684772491455
74448741 1.547059416770935
76476453 1.5721575021743774
78480736 1.5661134719848633
80539313 1.5513159036636353
82584827 1.5279541015625
84595151 1.506148099899292
86619263 1.5090235471725464
88646380 1.5029264688491821
90679996 1.4997316598892212
92689085 1.517903208732605
94707578 1.5573784112930298
96795568 1.5808132886886597
98774701 1.5721968412399292
100848593 1.5415815114974976
103365642 1.5178169012069702
105328437 1.5093350410461426
107399876 1.5107609033584595
109390308 1.5027143955230713
111427512 1.4967819452285767
113453543 1.5312459468841553
115516612 1.5661158561706543
117495063 1.5766253471374512
119523959 1.558397889137268
121927105 1.5315643548965454
123986737 1.5106168985366821
125975528 1.5069936513900757
127981211 1.5040963888168335
130027484 1.5065491199493408
132043094 1.5099611282348633
134121374 1.5460480451583862
136086115 1.576956033706665
138137844 1.5688728094100952
140152533 1.5522156953811646
142175148 1.5199997425079346
144322062 1.5031054019927979
146316155 1.505305290222168
148334991 1.497369408607483
150376209 1.4951502084732056
152513087 1.5057885646820068
154467920 1.5464675426483154
156459787 1.5722682476043701
158532544 1.5673329830169678
160580820 1.5444308519363403
162805560 1.524928331375122
164783612 1.5031241178512573
166814438 1.5100939273834229
168880219 1.497424840927124
170912402 1.4988104104995728
172902787 1.5204424858093262
174905672 1.563286304473877
176987742 1.5839078426361084
178953685 1.5689162015914917
180975538 1.5410246849060059
183016239 1.5217962265014648
185145585 1.5028537511825562
187187620 1.504170298576355
189107657 1.499589204788208
191124503 1.5007909536361694
193189166 1.5203930139541626
195160609 1.5638489723205566
197218584 1.5798555612564087
199230922 1.5596109628677368
201713641 1.5321131944656372
203754754 1.5139708518981934
205794284 1.5110467672348022
207835556 1.5058515071868896
209860497 1.505791187286377
211971662 1.5114201307296753
213950197 1.5478715896606445
215994441 1.5857352018356323
218011738 1.5716745853424072
220058098 1.5612236261367798
222063627 1.5296305418014526
224124355 1.5049840211868286
226161444 1.5067499876022339
228166433 1.4991482496261597
230169157 1.4942352771759033
232214865 1.5077438354492188
234232909 1.538562297821045
236243837 1.5738091468811035
238267852 1.5652964115142822
240341809 1.5493428707122803
242346618 1.521382212638855
244337778 1.5008653402328491
246374683 1.5081838369369507
248391714 1.4964600801467896
250407011 1.5001875162124634
252435386 1.50812828540802
254498999 1.5473400354385376
256514231 1.5748419761657715
258666538 1.5596740245819092
260677869 1.5367367267608643
262718181 1.508846402168274
264773236 1.491125464439392
266784367 1.5017826557159424
268804155 1.489425778388977
270823334 1.49205482006073
272990269 1.5087782144546509
274926800 1.551833152770996
276957973 1.5700252056121826
278985189 1.5550715923309326
281061413 1.5389798879623413
283038871 1.5191372632980347
285074872 1.5021625757217407
287125575 1.5045443773269653
289105541 1.4999123811721802
291131811 1.497455358505249
293155002 1.5276068449020386
295210306 1.5711393356323242
297265544 1.578426718711853
299250703 1.5633171796798706
301258804 1.533165693283081
303331048 1.515860915184021
305310795 1.5060474872589111
307318824 1.5043740272521973
309357600 1.501174807548523
311386487 1.4979205131530762
313407017 1.5220723152160645
315447522 1.563170075416565
317477994 1.5702213048934937
319516655 1.5536298751831055
321609222 1.5303505659103394
323630784 1.5120762586593628
325667737 1.5030477046966553
327678562 1.4991135597229004
329703046 1.4938340187072754
331725641 1.5029830932617188
333769848 1.5357252359390259
335768900 1.5771514177322388
337808270 1.5796256065368652
339962009 1.5623047351837158
341939581 1.5321123600006104
343990830 1.5136878490447998
345997137 1.51412034034729
348050480 1.5103342533111572
350036128 1.5129987001419067
352066208 1.5165637731552124
354107570 1.5540119409561157
356163554 1.5847694873809814
358139232 1.5812327861785889
360194937 1.5669262409210205
362193876 1.5433205366134644
364211049 1.5221953392028809
366247442 1.5230929851531982
368281205 1.519657850265503
370357292 1.516917109489441
372418718 1.5253081321716309
374393818 1.5635411739349365
376417591 1.5962567329406738
378473638 1.5877315998077393
380785515 1.5666167736053467
382822735 1.5383387804031372
384838756 1.5200854539871216
386850818 1.525903582572937
388883616 1.517270565032959
390903872 1.5165842771530151
392919532 1.539028525352478
394958121 1.5771242380142212
396974878 1.597311019897461
399004893 1.588763952255249
401037552 1.5659960508346558
403052917 1.5463247299194336
405102720 1.5332834720611572
407142926 1.5386847257614136
409126715 1.5286544561386108
411174053 1.533440351486206
413221764 1.5561463832855225
415218534 1.5960251092910767
417242352 1.6054599285125732
419262562 1.5874781608581543
421296121 1.5642926692962646
423328979 1.5397175550460815
425346309 1.5306296348571777
427419681 1.5272259712219238
429399836 1.5206279754638672
431420261 1.522549033164978
433453163 1.5491920709609985
435541159 1.5864640474319458
437483689 1.5944772958755493
439567589 1.5796308517456055
441561363 1.5520691871643066
443578758 1.5302070379257202
445590018 1.5223274230957031
447640092 1.5179119110107422
449652427 1.5158002376556396
451668298 1.5236214399337769
453700164 1.5556590557098389
455746057 1.5893949270248413
457748085 1.5893820524215698
460013822 1.5784995555877686
462042212 1.543876051902771
464048873 1.5206878185272217
466069513 1.5241854190826416
468131245 1.5188032388687134
470121561 1.5211138725280762
472155097 1.5239896774291992
474220268 1.5553607940673828
476342506 1.595954418182373
478290749 1.5863584280014038
480308737 1.5688470602035522
482380263 1.549910545349121
484405389 1.5241955518722534
486416616 1.5235211849212646
488411789 1.5186948776245117
490439518 1.5163240432739258
492468418 1.5308040380477905
494490127 1.5650403499603271
496549115 1.5998482704162598
498553306 1.580639123916626
500560327 1.5653431415557861
502645587 1.5326255559921265
504628486 1.5174002647399902
506708472 1.5266298055648804
508678356 1.5139455795288086
510729503 1.5105855464935303
512931245 1.5275657176971436
514847186 1.5665963888168335
516882984 1.5908772945404053
519828782 1.571704626083374
521875972 1.5411087274551392
523903936 1.5165833234786987
525924084 1.5132322311401367
527923102 1.5117900371551514
529975218 1.5064641237258911
531985216 1.5142220258712769
534031445 1.5467793941497803
536259877 1.583284616470337
538254715 1.5792475938796997
540314718 1.5605742931365967
542352451 1.5371203422546387
544316586 1.512973427772522
546384493 1.5170540809631348
548401930 1.5093228816986084
550410606 1.5024808645248413
552441660 1.517062783241272
554458863 1.5521693229675293
556504797 1.5819120407104492
558531246 1.5676041841506958
560536361 1.5478357076644897
562560785 1.5225569009780884
564577748 1.5005675554275513
566616093 1.5065631866455078
568658767 1.5010777711868286
570655835 1.4996013641357422
572715130 1.5238476991653442
574735167 1.5595636367797852
576756824 1.5890121459960938
578767689 1.5723758935928345
580799941 1.5497013330459595
582830497 1.5264225006103516
584881917 1.5071791410446167
586899953 1.5139888525009155
588905757 1.508705973625183
590959128 1.5043654441833496
592944926 1.5279418230056763
594977452 1.5667569637298584
597021217 1.58543062210083
599040958 1.5651930570602417
601089735 1.5470703840255737
603090702 1.5260201692581177
605104432 1.5107110738754272
607131086 1.5132038593292236
609170342 1.503237247467041
611176734 1.5062834024429321
613201576 1.5291893482208252
615275295 1.5692417621612549
617278731 1.5882000923156738
619302672 1.5651432275772095
621367830 1.5444313287734985
623417917 1.5187948942184448
625867483 1.510751485824585
627852865 1.5057491064071655
629922455 1.5019328594207764
631956240 1.5063968896865845
633946875 1.5419487953186035
635978487 1.5770883560180664
638010823 1.5737156867980957
640047590 1.5633389949798584
642060201 1.5318617820739746
644104897 1.5160069465637207
646148354 1.5122125148773193
648138698 1.5034081935882568
650160140 1.5080562829971313
652201706 1.5170104503631592
654219397 1.5511088371276855
656231142 1.5877206325531006
658283477 1.584307074546814
660295524 1.5652973651885986
662381303 1.538807988166809
664360074 1.514717936515808
666378445 1.5183748006820679
668399162 1.5089534521102905
670447265 1.5082967281341553
672446561 1.5177668333053589
674483956 1.555941104888916
676489889 1.5860323905944824
678558832 1.5752326250076294
680544251 1.558045744895935
682599435 1.526387333869934
684610646 1.5114573240280151
686644989 1.5120412111282349
688657909 1.508692979812622
690671564 1.5104397535324097
692732814 1.5299941301345825
694733724 1.5635735988616943
696768270 1.5899133682250977
698775932 1.5798698663711548
700815239 1.559290885925293
703096920 1.5351693630218506
704911284 1.5179367065429688
707021468 1.5222240686416626
708974318 1.5116368532180786
710986912 1.5064787864685059
714214139 1.5449395179748535
716274531 1.5829391479492188
718270280 1.575495719909668
720326392 1.5639843940734863
722336538 1.5356718301773071
724352960 1.5150718688964844
726366226 1.520782470703125
728391283 1.514083743095398
730443718 1.511523723602295
732439658 1.5235744714736938
734514733 1.5620208978652954
736486163 1.5965627431869507
738551662 1.5820814371109009
740546169 1.5612084865570068
742644008 1.5370556116104126
744622410 1.5136525630950928
746685199 1.5146056413650513
748693443 1.511344075202942
751032234 1.5128529071807861
753037015 1.5285732746124268
755054013 1.560455322265625
757082288 1.5834519863128662
759096813 1.5701041221618652
761129350 1.5455080270767212
763215948 1.5237584114074707
765206848 1.5104340314865112
767244476 1.5143159627914429
769252426 1.5086511373519897
771313048 1.5164307355880737
774061504 1.5531474351882935
776499875 1.5970553159713745
778526583 1.583236575126648
780572472 1.567042350769043
782593853 1.5417660474777222
784621019 1.5208830833435059
786652828 1.5205307006835938
788639960 1.5120521783828735
790663107 1.5165573358535767
793753616 1.5229766368865967
795826888 1.5757914781570435
797833709 1.57955801486969
799897561 1.5638370513916016
801879894 1.5408215522766113
803909319 1.5213295221328735
805939758 1.5067119598388672
807956501 1.5101957321166992
810000275 1.506177544593811
812044444 1.51225745677948
814036637 1.5540125370025635
816060467 1.5868704319000244
818087936 1.5824204683303833
820119871 1.5658711194992065
822154020 1.53705894947052
824163070 1.5193791389465332
826201827 1.5136934518814087
828208359 1.5084455013275146
830493154 1.505927324295044
832512089 1.5203040838241577
835394158 1.5755385160446167
837405522 1.5865325927734375
839448989 1.5654447078704834
841615228 1.5426428318023682
843585104 1.524225115776062
845598221 1.5141223669052124
847612432 1.5061571598052979
849647172 1.5011827945709229
851689058 1.5054974555969238
853716955 1.543063759803772
855730343 1.5773555040359497
857761035 1.5845263004302979
860048367 1.564922571182251
861797241 1.5395888090133667
863831315 1.5178020000457764
865963501 1.5156546831130981
867945880 1.5109134912490845
869943021 1.51016104221344
871966043 1.5126855373382568
874017377 1.5489119291305542
876011526 1.5869451761245728
878036165 1.5872032642364502
880075987 1.5712958574295044
882104587 1.5496424436569214
884127976 1.5247513055801392
886169775 1.5218086242675781
888189162 1.5127930641174316
890208189 1.5173293352127075
892278063 1.5229921340942383
894262405 1.5564497709274292
896283639 1.595335841178894
898320640 1.585257887840271
900394809 1.563087821006775
902371733 1.5354565382003784
904398411 1.51701021194458
906477433 1.52247154712677
908516839 1.51164710521698
910528068 1.5119304656982422
912542461 1.5235927104949951
914581315 1.5570082664489746
916624376 1.5879911184310913
918702780 1.5788967609405518
920717774 1.5583899021148682
922730662 1.5328083038330078
924811043 1.5145177841186523
926872622 1.52265202999115
928853926 1.5141147375106812
930869101 1.5097805261611938
932948637 1.5297367572784424
934930551 1.5683000087738037
936992427 1.595515251159668
938980926 1.5754687786102295
941025692 1.5534279346466064
943058201 1.532012939453125
945073538 1.5152963399887085
947085116 1.5169624090194702
949120769 1.5149210691452026
951166630 1.51259183883667
953172408 1.5305273532867432
955184029 1.5678319931030273
957230349 1.5874824523925781
959229501 1.5749242305755615
961263902 1.545969009399414
963302576 1.52890944480896
965317232 1.5172737836837769
967357702 1.5194087028503418
969378652 1.513096570968628
971414460 1.5148921012878418
973463355 1.5412545204162598
975446144 1.575199007987976
977469719 1.5919150114059448
979497049 1.5735317468643188
981548601 1.5470757484436035
983553951 1.5228328704833984
985565959 1.5176526308059692
987627340 1.5172322988510132
989668344 1.5083160400390625
991701666 1.508162021636963
993731707 1.540969729423523
995768819 1.5779411792755127
997795454 1.5883369445800781
999819493 1.5723440647125244
1832420 1.5464634895324707
3887070 1.5219435691833496
5902426 1.5199172496795654
7905358 1.5172245502471924
9965470 1.516269564628601
11976549 1.5182936191558838
14005475 1.5522931814193726
16003320 1.5847296714782715
21955147 1.5675629377365112
22122253 1.54006028175354
24133571 1.5157651901245117
26167393 1.513048768043518
28205235 1.5046274662017822
30189351 1.5058772563934326
32223231 1.5079255104064941
34252284 1.5451313257217407
36301790 1.573379397392273
38739887 1.5663197040557861
40673337 1.5507447719573975
42703049 1.518112301826477
44719843 1.5069586038589478
46767261 1.5080260038375854
48770187 1.5047491788864136
50812945 1.5030165910720825
52842236 1.5181701183319092
54862367 1.5580915212631226
56929948 1.588853120803833
58904281 1.572748064994812
60916275 1.5501295328140259
62972556 1.5238487720489502
64991359 1.5107399225234985
66997492 1.517651081085205
69043266 1.5082159042358398
71834620 1.5099127292633057
73837254 1.5424755811691284
75988108 1.5803396701812744
77904679 1.5818620920181274
79980768 1.5652475357055664
81941899 1.540553092956543
83976093 1.5168015956878662
85992511 1.5158659219741821
88030325 1.5122785568237305
90058524 1.5021615028381348
92077140 1.5132014751434326
94090724 1.5462335348129272
96136571 1.5891379117965698
98165625 1.5761308670043945
100272799 1.5633323192596436
102241370 1.53036367893219
104262429 1.5159307718276978
106272015 1.514888882637024
108315001 1.5102044343948364
110336685 1.509219765663147
112398588 1.5141814947128296
114394336 1.5492078065872192
116457008 1.5817166566848755
118966727 1.57497239112854
120949855 1.5495725870132446
122924172 1.5232830047607422
124947301 1.5100191831588745
126966138 1.5120923519134521
129048265 1.4988025426864624
131050672 1.4973366260528564
133073042 1.5184837579727173
135087232 1.5574911832809448
137110366 1.5792852640151978
139358631 1.5642831325531006
141361700 1.5392322540283203
143433648 1.5154004096984863
145456992 1.504700779914856
147507095 1.5058314800262451
149534024 1.4974355697631836
151551820 1.4980336427688599
153603167 1.5283088684082031
155598840 1.5668549537658691
157615599 1.575546383857727
159659516 1.5633398294448853
161660375 1.538436770439148
163693153 1.5207525491714478
165713995 1.506740927696228
167732279 1.5018972158432007
169784220 1.5019633769989014
171852812 1.5059218406677246
173816741 1.5404304265975952
175960934 1.580928921699524
177920779 1.5764089822769165
179904870 1.5637617111206055
181967357 1.5311903953552246
183954588 1.507964015007019
185971445 1.503546953201294
187995403 1.499477505683899
190041395 1.4985159635543823
192058813 1.510736346244812
194108727 1.5412743091583252
196095617 1.5755226612091064
198139007 1.5751283168792725
200212947 1.5598082542419434
202214636 1.5393670797348022
204274697 1.5189614295959473
206228561 1.516749620437622
208254394 1.5061994791030884
210388056 1.504913091659546
212351342 1.511391043663025
214372671 1.5476092100143433
216406990 1.5803413391113281
218443449 1.5685491561889648
220478217 1.5518563985824585
222609453 1.5210641622543335
224559858 1.5033084154129028
226539940 1.5097585916519165
228567086 1.497920036315918
230643418 1.4987682104110718
232765662 1.51063072681427
234809069 1.5502829551696777
236882704 1.5774699449539185
238911154 1.5611892938613892
240957081 1.5420228242874146
242968346 1.5250908136367798
244986016 1.5060975551605225
247032803 1.5127700567245483
249071298 1.5008463859558105
251049335 1.5039817094802856
253072996 1.5233432054519653
255105138 1.5668082237243652
257141791 1.5927473306655884
259211839 1.5734786987304688
261216081 1.5502681732177734
263222915 1.52875816822052
265242277 1.510496735572815
267307072 1.5219849348068237
269317483 1.512900471687317
271341489 1.5137839317321777
273467698 1.54068922996521
275430294 1.5802698135375977
277513043 1.5936686992645264
279571599 1.5790010690689087
281609577 1.5524587631225586
283638483 1.5348132848739624
285682752 1.5255589485168457
287673892 1.527984380722046
289697569 1.5223000049591064
291770612 1.5173252820968628
293751032 1.5506573915481567
295768852 1.5920487642288208
297802863 1.592901587486267
299820323 1.5774065256118774
301855678 1.5537030696868896
303903258 1.5323772430419922
305889127 1.5195095539093018
308000878 1.5231586694717407
309953679 1.5223896503448486
311987968 1.5234880447387695
314019754 1.5550639629364014
316018557 1.5942288637161255
318037882 1.5922071933746338
320069562 1.5794037580490112
322174212 1.5507084131240845
324168328 1.5285313129425049
326202867 1.5228428840637207
328219541 1.518298625946045
330668300 1.515065312385559
332710089 1.5267627239227295
334733559 1.5645495653152466
336766480 1.5971264839172363
338784044 1.5782618522644043
341296975 1.5557525157928467
342877724 1.5322412252426147
345233194 1.5135138034820557
347161850 1.5146260261535645
349214432 1.508687973022461
351234138 1.5034126043319702
353265290 1.5290817022323608
355298173 1.5660674571990967
357303445 1.5862059593200684
359338834 1.5735982656478882
361340158 1.5507293939590454
363384059 1.5230026245117188
365490597 1.5121475458145142
367412671 1.5166552066802979
369440216 1.501286506652832
371476611 1.5063743591308594
373510593 1.536435604095459
375510459 1.5742219686508179
377559270 1.5899124145507812
379588186 1.5675896406173706
381630336 1.5437391996383667
383674421 1.5175888538360596
385670104 1.5064955949783325
387678113 1.5107853412628174
389761237 1.5038291215896606
391779071 1.5038878917694092
393765169 1.5392251014709473
395868227 1.5700249671936035
397812210 1.5738359689712524
399858953 1.564347505569458
401907300 1.5364491939544678
403964130 1.5194064378738403
405950548 1.5089168548583984
408031636 1.5031379461288452
410005094 1.5011615753173828
412003889 1.5031367540359497
414051217 1.5433156490325928
416117730 1.57851243019104
418095438 1.5805269479751587
420187505 1.5662848949432373
422277448 1.5345522165298462
424352348 1.5150275230407715
426399679 1.5157655477523804
428425766 1.5097029209136963
430420971 1.5090595483779907
432451074 1.5185976028442383
434466443 1.556439757347107
436920437 1.5886636972427368
439027183 1.5764997005462646
441090532 1.5540035963058472
443111144 1.5320121049880981
445144656 1.5162489414215088
447192671 1.5250356197357178
449208282 1.5096890926361084
451226744 1.5059248208999634
453250262 1.5314910411834717
455317988 1.573221206665039
457317101 1.5918171405792236
459388038 1.5778307914733887
461387614 1.5480011701583862
463404202 1.5348012447357178
465443357 1.5230457782745361
468305076 1.524835467338562
470241311 1.5200114250183105
472299694 1.5234073400497437
474335597 1.5627074241638184
476341976 1.5943350791931152
478384014 1.5870208740234375
480395139 1.5747942924499512
482449234 1.5492302179336548
484442882 1.529093623161316
486486498 1.5349185466766357
488499892 1.5274901390075684
490536165 1.5229039192199707
492563166 1.5346548557281494
494606117 1.572939157485962
496590746 1.606567144393921
498633296 1.5945329666137695
500671369 1.5809149742126465
502689711 1.5563769340515137
504729731 1.5353131294250488
506772041 1.5382970571517944
508787988 1.5336612462997437
510808829 1.5312772989273071
512841454 1.5394880771636963
514856114 1.5796301364898682
516909765 1.6061034202575684
518911382 1.5897865295410156
520930773 1.5771198272705078
522979338 1.5461523532867432
525006581 1.5268521308898926
527410172 1.5335619449615479
529407821 1.5283275842666626
531443214 1.5221998691558838
533463195 1.5493032932281494
535478218 1.5903725624084473
537520744 1.607657790184021
539561403 1.585512399673462
541575644 1.5604667663574219
543622620 1.5422056913375854
545689577 1.530379295349121
547676867 1.5284929275512695
549742648 1.529411792755127
551741522 1.5271210670471191
553789104 1.5581040382385254
556245421 1.5908111333847046
557830789 1.598367691040039
560005076 1.5880835056304932
561942153 1.5565516948699951
563965745 1.5372211933135986
566055683 1.5297579765319824
568057018 1.5214266777038574
570081272 1.5181041955947876
572092125 1.5222822427749634
574132782 1.5611199140548706
576144828 1.5942437648773193
578164744 1.588485836982727
580751820 1.5669749975204468
582818306 1.5344958305358887
584916376 1.5129355192184448
586937215 1.521531581878662
588960706 1.5155079364776611
590984372 1.5108038187026978
593072623 1.5229237079620361
595099542 1.5626741647720337
597094575 1.5917870998382568
599912153 1.5702852010726929
601885840 1.5445858240127563
603921762 1.5229833126068115
605981043 1.5135364532470703
607976212 1.5050584077835083
610014914 1.499934196472168
612024973 1.507190465927124
614039480 1.5402581691741943
616119711 1.573387622833252
618088803 1.5773643255233765
620161141 1.5592095851898193
622169669 1.5286582708358765
624175319 1.5112714767456055
626253705 1.5071377754211426
628222341 1.5031079053878784
630261636 1.498338222503662
632284163 1.502860426902771
634318645 1.5383021831512451
636370011 1.5670208930969238
638394174 1.5650453567504883
640412214 1.5488107204437256
642429007 1.518446683883667
644539873 1.5028927326202393
646576275 1.4996533393859863
648580939 1.4973957538604736
650584104 1.4929412603378296
652591659 1.506543755531311
654625199 1.5409667491912842
656719474 1.5782275199890137
658802651 1.5676298141479492
660755443 1.5467243194580078
662786684 1.5166455507278442
664809318 1.4986398220062256
666831898 1.5014206171035767
668847849 1.4983285665512085
670877920 1.49732506275177
672979352 1.5079526901245117
674971312 1.5507107973098755
676959536 1.581292748451233
678995235 1.5649067163467407
681087878 1.5518875122070312
683082916 1.5264581441879272
685153516 1.5081435441970825
687110191 1.5146455764770508
689137371 1.4995008707046509
691158359 1.501491904258728
693248753 1.5260051488876343
695292666 1.5672073364257812
697304387 1.5851800441741943
699309787 1.572049617767334
701440279 1.5458168983459473
703403882 1.5223315954208374
705395246 1.50985586643219
707874557 1.5079035758972168
709864517 1.5039124488830566
711986939 1.50850510597229
714020959 1.5436850786209106
716064802 1.5759981870651245
718057166 1.5779420137405396
720113815 1.5595988035202026
722134167 1.5395591259002686
724163070 1.5185428857803345
726163902 1.5153124332427979
728194751 1.5041203498840332
730253952 1.5025818347930908
732234064 1.5133930444717407
734283026 1.5507824420928955
736290549 1.5813311338424683
738303461 1.583935260772705
740350663 1.5669513940811157
742367948 1.5348260402679443
744417580 1.516815185546875
746416077 1.514743447303772
748446868 1.504266619682312
750955821 1.5034791231155396
753015293 1.5174192190170288
756564543 1.5569013357162476
758714816 1.5743370056152344
760735193 1.5536118745803833
762852848 1.5300469398498535
764889591 1.5044714212417603
767004295 1.5137696266174316
770302873 1.503187656402588
772276707 1.5083467960357666
774311124 1.5397127866744995
776645131 1.576040506362915
778657752 1.5715657472610474
780701380 1.5528006553649902
782699812 1.5207343101501465
784741998 1.5046027898788452
786789112 1.5113911628723145
788786590 1.5053921937942505
790861895 1.5038222074508667
792909291 1.519258737564087
794911285 1.5512733459472656
796886784 1.5810234546661377
798963894 1.5787794589996338
801085722 1.5563080310821533
803096206 1.535032033920288
805083004 1.5155247449874878
807697686 1.5221611261367798
809648371 1.5115517377853394
811716742 1.5055128335952759
813692392 1.5362685918807983
815848947 1.577867865562439
817812404 1.5839029550552368
819927709 1.5664604902267456
821999100 1.5377755165100098
824086461 1.5189964771270752
826267919 1.5095033645629883
828328997 1.5030347108840942
830326640 1.502493977546692
832401147 1.511979341506958
834451017 1.5455862283706665
836506718 1.577101469039917
838498768 1.570531964302063
840639303 1.5573848485946655
842620111 1.5264036655426025
844702274 1.5041348934173584
846823105 1.5051746368408203
848849744 1.5001990795135498
850840738 1.4976191520690918
852948547 1.5106183290481567
855141773 1.5474777221679688
856976815 1.5771312713623047
858949803 1.5692002773284912
861086583 1.5414294004440308
863049898 1.516699194908142
865070657 1.501046061515808
867102690 1.5064598321914673
869121479 1.499351978302002
871135972 1.4913769960403442
873163003 1.5105665922164917
875172250 1.5460765361785889
877206117 1.5653674602508545
879249793 1.5515540838241577
881313473 1.535856008529663
883292690 1.5074498653411865
885386130 1.4915497303009033
887355272 1.4942883253097534
889396149 1.4912775754928589
899031225 1.5574445724487305
901031884 1.537553071975708
903031235 1.5108850002288818
905080215 1.4947317838668823
907059946 1.499967098236084
909076293 1.4919716119766235
911482481 1.490456461906433
913547991 1.5140454769134521
915592450 1.5580698251724243
917634715 1.5731929540634155
919575005 1.5590249300003052
921636350 1.5354887247085571
923645853 1.5145682096481323
925694715 1.503644347190857
927699761 1.509807825088501
929728120 1.4991509914398193
931743562 1.4970571994781494
933842138 1.5294981002807617
935807952 1.5669045448303223
937831079 1.5843589305877686
940264913 1.562934160232544
942191814 1.5377401113510132
944229643 1.518289566040039
946239398 1.5101603269577026
948296102 1.5060341358184814
950321380 1.5053112506866455
952321215 1.510141134262085
954357459 1.5394243001937866
956384766 1.5776450634002686
958418903 1.576358437538147
960424345 1.5657429695129395
962481000 1.5337210893630981
964497401 1.5131572484970093
966500139 1.5143378973007202
968555125 1.5090830326080322
970594427 1.5062273740768433
972709245 1.5148357152938843
974707201 1.5567845106124878
976727829 1.590722918510437
979088330 1.5837421417236328
981530766 1.5584993362426758
983471944 1.5291014909744263
985463743 1.516697883605957
987468672 1.5278565883636475
989487934 1.5182654857635498
991518310 1.5239155292510986
993566151 1.5442283153533936
995669878 1.585625171661377
997620353 1.6024422645568848
999697347 1.588528037071228
1680317 1.5602259635925293
3702110 1.5442991256713867
5715775 1.5257320404052734
7739173 1.5253806114196777
9799708 1.5180634260177612
11802287 1.5253748893737793
13823772 1.5524530410766602
15842464 1.5936329364776611
17903846 1.5960719585418701
20151249 1.5831981897354126
22084554 1.5472460985183716
24066235 1.529685378074646
26082590 1.520439863204956
28095159 1.5242048501968384
30117471 1.5190165042877197
32164578 1.519233226776123
34250085 1.555018424987793
36201976 1.5967835187911987
38230841 1.6016576290130615
40267081 1.5896282196044922
42323195 1.5684044361114502
44290168 1.5441937446594238
46333422 1.5424706935882568
48396157 1.5358691215515137
50385409 1.5297356843948364
52399505 1.5351593494415283
54427160 1.5694518089294434
56462155 1.6038928031921387
58531767 1.5979154109954834
61473227 1.558666706085205
63517525 1.5386943817138672
65543681 1.5232386589050293
67566437 1.5256673097610474
69992741 1.5173981189727783
73492692 1.5334917306900024
75526036 1.5731931924819946
77557050 1.5949167013168335
79834171 1.574673056602478
81879648 1.552269458770752
83867607 1.5311460494995117
85950696 1.5191681385040283
87930438 1.5165886878967285
89937082 1.5177208185195923
92035941 1.513771891593933
94023072 1.5478445291519165
96038831 1.5858118534088135
98051080 1.5850030183792114
100092801 1.5681142807006836
102156598 1.5419247150421143
104148849 1.5204700231552124
106991073 1.51460599899292
108982091 1.5145572423934937
110994371 1.5142000913619995
113019670 1.5205260515213013
115029539 1.5609345436096191
117076954 1.5891464948654175
119092326 1.5768606662750244
121133725 1.5620880126953125
123183460 1.5353102684020996
125250000 1.516971468925476
127275553 1.5215476751327515
129343891 1.5109745264053345
131376229 1.5088804960250854
133323202 1.5289050340652466
135365227 1.5668182373046875
137415479 1.5818730592727661
139407094 1.5713059902191162
141439473 1.543556809425354
143498180 1.523430585861206
145496287 1.5114188194274902
147534401 1.5115680694580078
149556571 1.5016969442367554
151581859 1.501805067062378
153592224 1.5276365280151367
155638639 1.569402813911438
158377483 1.585824728012085
159761874 1.5673584938049316
161834000 1.542069435119629
163848861 1.522432804107666
165873673 1.5075535774230957
167951890 1.509690523147583
169945713 1.5070807933807373
171971275 1.5102555751800537
173997961 1.5488189458847046
176006214 1.5839283466339111
178059362 1.583996295928955
180049312 1.5642520189285278
182353729 1.5396528244018555
184537343 1.5120612382888794
186511431 1.512010931968689
188551357 1.5059468746185303
190559226 1.4990612268447876
192707777 1.508381962776184
194787108 1.5488998889923096
196831653 1.580719232559204
198843748 1.5766345262527466
200905871 1.5566327571868896
202875277 1.5347832441329956
204927027 1.5044896602630615
206966197 1.5151439905166626
208975821 1.5093752145767212
210965642 1.5070408582687378
213045602 1.518348217010498
215022623 1.5518450736999512
217105193 1.588545322418213
219079250 1.575535774230957
221180710 1.5526175498962402
223124891 1.524256944656372
225170252 1.4988889694213867
227207591 1.5119965076446533
229243713 1.503598690032959
231275168 1.50088632106781
233295533 1.5197389125823975
235303648 1.558963656425476
237330441 1.5818414688110352
239370625 1.5754129886627197
241383945 1.5486247539520264
243419295 1.527265191078186
245506544 1.5159553289413452
247488364 1.517601490020752
249502166 1.5150386095046997
251515327 1.5077792406082153
253549816 1.5336215496063232
255630112 1.5766627788543701
257593601 1.5966870784759521
259701351 1.580395221710205
261662473 1.5559858083724976
263758710 1.531774878501892
265726827 1.5237915515899658
267725300 1.530638575553894
269758538 1.5159919261932373
271794678 1.5156471729278564
273867489 1.545884132385254
275934182 1.5829761028289795
277924361 1.5911601781845093
279923813 1.5724918842315674
281971988 1.5497010946273804
283967883 1.533058524131775
285990063 1.522398829460144
288029757 1.521199345588684
290071648 1.5160411596298218
292070636 1.5159879922866821
294118817 1.553688645362854
296150732 1.5890021324157715
298197828 1.5947394371032715
300186892 1.578235387802124
302203311 1.5487827062606812
304257681 1.524094820022583
306277259 1.5200210809707642
308322299 1.5204501152038574
310316661 1.5141957998275757
312324511 1.5158942937850952
314367276 1.5508348941802979
316404237 1.5868340730667114
318410593 1.5803632736206055
320480341 1.5680854320526123
322654621 1.5427008867263794
324535227 1.5199915170669556
326531088 1.5194735527038574
328578663 1.5172380208969116
330590048 1.515217900276184
332800756 1.519639253616333
334673567 1.556292176246643
336678961 1.5905044078826904
338716542 1.5867679119110107
340764994 1.5684962272644043
342802659 1.5329337120056152
344814207 1.514642596244812
346910465 1.5166805982589722
348874549 1.5129764080047607
350918430 1.5123212337493896
352916467 1.5194584131240845
354941179 1.54824697971344
356967986 1.578865885734558
359019676 1.573482871055603
361028919 1.549358606338501
363062677 1.5262233018875122
365108314 1.5027276277542114
367118181 1.5131900310516357
369153524 1.503440022468567
371179835 1.5072840452194214
373202464 1.5177006721496582
375251606 1.552650809288025
377254666 1.5809823274612427
379294538 1.563981294631958
381301973 1.5413191318511963
383328466 1.5182255506515503
385377776 1.5004109144210815
387380287 1.5055382251739502
389409956 1.4978525638580322
391420580 1.4966156482696533
393489249 1.5210074186325073
395484861 1.5663697719573975
397512340 1.5810954570770264
399563479 1.5718669891357422
401576559 1.5462994575500488
403586840 1.5269726514816284
405621415 1.5084118843078613
407629219 1.5100338459014893
409708603 1.5069291591644287
411682219 1.5037000179290771
413731438 1.5360972881317139
415731185 1.571683406829834
417774636 1.5835728645324707
419823398 1.5658830404281616
421819514 1.539507269859314
423865346 1.5190337896347046
425858998 1.5081791877746582
427904351 1.508946418762207
429917472 1.495781421661377
431952316 1.499067783355713
433966984 1.5289865732192993
436014154 1.5658440589904785
438020143 1.575577974319458
440411106 1.5600370168685913
442081408 1.5332918167114258
444110378 1.5100895166397095
446184180 1.5050090551376343
448190168 1.5048974752426147
450227413 1.497353434562683
452241469 1.5066841840744019
454257026 1.5412522554397583
456304586 1.5737375020980835
458342691 1.5796880722045898
460345871 1.5646270513534546
462362966 1.5371013879776
464399256 1.517541527748108
466417156 1.5133830308914185
468440891 1.507445216178894
470509752 1.5030457973480225
472518564 1.511731743812561
474523884 1.5466514825820923
476546055 1.5800156593322754
478591391 1.5750155448913574
480646891 1.5650062561035156
482664721 1.5349942445755005
484676598 1.5124180316925049
486671494 1.509871006011963
488698293 1.5003180503845215
490743520 1.500725507736206
492770216 1.505732536315918
494788814 1.543648600578308
496800491 1.5787920951843262
498855978 1.5705015659332275
500859407 1.5512843132019043
502875101 1.5264462232589722
504925708 1.50693941116333
506997213 1.5124499797821045
508978750 1.5029399394989014
510980578 1.5023903846740723
513020711 1.5214269161224365
515053845 1.5508687496185303
517165596 1.589202642440796
519109032 1.587007999420166
521124420 1.5678156614303589
523188334 1.5387784242630005
525194645 1.5148205757141113
527216149 1.5225679874420166
529273735 1.5169966220855713
531287314 1.5183969736099243
533312837 1.5312002897262573
535319408 1.576049566268921
537374723 1.597900629043579
539781644 1.576172113418579
541854135 1.5521584749221802
543912114 1.5302867889404297
545871420 1.516021728515625
549178246 1.5161409378051758
550945645 1.5120807886123657
553007579 1.5201826095581055
554990052 1.557974100112915
557021564 1.5840706825256348
559563132 1.576209545135498
561551329 1.5515435934066772
563604673 1.5311461687088013
565585164 1.5150165557861328
567623146 1.5181089639663696
569674290 1.5106313228607178
571665384 1.5054033994674683
573755440 1.5311455726623535
575762142 1.574488639831543
577787162 1.589008092880249
579779138 1.5703754425048828
581830066 1.5461534261703491
583850083 1.525327444076538
585887576 1.5142158269882202
587898453 1.5197784900665283
589915574 1.5117952823638916
591942036 1.5096338987350464
594527738 1.5337073802947998
596583290 1.5833725929260254
598538998 1.5843907594680786
600717736 1.574988603591919
602695735 1.5426405668258667
604690073 1.5176435708999634
606717652 1.5222598314285278
608753565 1.5146472454071045
610781215 1.5148942470550537
612797591 1.5227195024490356
614824452 1.5534734725952148
616841817 1.586592435836792
618866163 1.5808472633361816
620901110 1.5539159774780273
622953368 1.529898762702942
624988112 1.5057621002197266
626981395 1.5096315145492554
628995471 1.5063902139663696
631031903 1.511247158050537
633080963 1.5158147811889648
635078510 1.5502228736877441
637200236 1.5838807821273804
639164045 1.5749104022979736
641164453 1.5565686225891113
643178240 1.52493417263031
645217198 1.514673113822937
647229140 1.516372799873352
649289076 1.5069416761398315
651288265 1.5063358545303345
653324806 1.5250566005706787
655352699 1.564676284790039
657355341 1.591707468032837
659393053 1.576069951057434
661455912 1.5544590950012207
663474902 1.5244677066802979
665525585 1.5137907266616821
667547628 1.5170717239379883
669548530 1.5132173299789429
671555150 1.5074198246002197
673594735 1.5274239778518677
675610409 1.56437087059021
677616600 1.5830671787261963
679654504 1.5720100402832031
681681320 1.5464266538619995
683690175 1.5265789031982422
685761138 1.5083163976669312
687783030 1.50850248336792
689787223 1.4975879192352295
691845208 1.501991868019104
693839652 1.5286411046981812
695844926 1.569974422454834
697879174 1.5855050086975098
699930768 1.562217116355896
701994130 1.5488581657409668
703969323 1.5227713584899902
705973091 1.5110876560211182
708034089 1.5152528285980225
710029491 1.5073845386505127
712048196 1.5039095878601074
714119609 1.5397893190383911
716115027 1.5772130489349365
718124504 1.584316611289978
720641832 1.5647482872009277
722266463 1.5380542278289795
724301590 1.513118028640747
726353257 1.51005220413208
728365357 1.5017220973968506
730386462 1.5033447742462158
732403186 1.5077714920043945
734469437 1.539544701576233
736498242 1.5778586864471436
738984660 1.5739741325378418
740620565 1.5584441423416138
742601403 1.527353048324585
744667292 1.5111546516418457
746655613 1.5024076700210571
748697009 1.5033016204833984
750775815 1.5024241209030151
752756464 1.505369782447815
754818888 1.5414801836013794
756822244 1.5789960622787476
758851026 1.5749629735946655
760876164 1.5626548528671265
763057182 1.5379269123077393
765005480 1.5098247528076172
767064910 1.516977310180664
769064113 1.5073133707046509
771089551 1.5094780921936035
774842619 1.5217660665512085
777982036 1.590094804763794
780079280 1.570507287979126
782079154 1.54670250415802
784106595 1.521783471107483
786198654 1.514626383781433
788253544 1.513463020324707
790235901 1.5100747346878052
792255207 1.5080511569976807
794282418 1.5441999435424805
796302706 1.584829568862915
798377786 1.5853939056396484
800350507 1.5750164985656738
802440176 1.5421758890151978
804400403 1.5292904376983643
806441711 1.519986629486084
809098098 1.518272042274475
811033482 1.511317491531372
813081080 1.5276728868484497
815090312 1.5637946128845215
817114785 1.592268943786621
819144512 1.5823315382003784
821200941 1.563979983329773
823189244 1.5389577150344849
825205369 1.5186055898666382
827231548 1.5217241048812866
829272680 1.5182397365570068
831298494 1.515767216682434
833323883 1.5257692337036133
835345809 1.5668373107910156
837377796 1.5936014652252197
839412092 1.5837101936340332
845797425 1.5161609649658203
847799842 1.5238169431686401
849832838 1.5095617771148682
851876644 1.5151809453964233
853906591 1.5379923582077026
855905373 1.5791542530059814
857967650 1.58876633644104
859948644 1.5726218223571777
862413174 1.5428286790847778
864444907 1.5166836977005005
866481423 1.5126503705978394
868507977 1.51194167137146
870520350 1.509713053703308
872550213 1.5108932256698608
874552833 1.5446020364761353
876645727 1.580589771270752
878632318 1.5657463073730469
880678945 1.5662651062011719
882683641 1.5302104949951172
884696721 1.5090371370315552
886774493 1.5139493942260742
888755556 1.5119916200637817
890778512 1.512656569480896
892809294 1.520687460899353
894863356 1.5569031238555908
896909016 1.588062047958374
898890715 1.5807210206985474
900934592 1.5638267993927002
902935464 1.5307238101959229
904961829 1.508862018585205
906980928 1.508918046951294
909016473 1.5030750036239624
911040463 1.5032471418380737
913071446 1.5125720500946045
915106408 1.5452418327331543
917128879 1.5764884948730469
919137815 1.5682276487350464
921173726 1.550581455230713
923190855 1.5217753648757935
925212770 1.5014399290084839
927259128 1.5101314783096313
929278399 1.4970860481262207
931330576 1.502873420715332
933323763 1.5163136720657349
935371347 1.5510544776916504
937389596 1.579399824142456
939444462 1.5591273307800293
941615904 1.5369057655334473
943616693 1.5176947116851807
945695291 1.49978506565094
947673561 1.500521183013916
949708444 1.498986840248108
951751984 1.491138219833374
953759123 1.5143072605133057
955789359 1.5542638301849365
957845004 1.5728063583374023
959860439 1.5589265823364258
961881926 1.5335246324539185
963995426 1.512421727180481
965936284 1.5005964040756226
967945144 1.505385160446167
969975850 1.4974478483200073
971993371 1.5007449388504028
974045891 1.5249327421188354
976054507 1.5670243501663208
978056923 1.577552318572998
980083789 1.5583962202072144
982111671 1.5362850427627563
984133721 1.5132607221603394
986216721 1.5057622194290161
988241129 1.5083789825439453
990218984 1.501957654953003
992271636 1.4980778694152832
994265540 1.5302952527999878
996290306 1.57288658618927
998321102 1.5767490863800049
370260 1.563494086265564
2402832 1.534550428390503
4458621 1.5123977661132812
6498056 1.511528730392456
8484709 1.5033302307128906
10529161 1.4997458457946777
12527618 1.504893183708191
14638129 1.538138747215271
16641443 1.580045461654663
18660432 1.5796904563903809
20980057 1.5615746974945068
23048845 1.530738353729248
25006759 1.5095702409744263
27047871 1.5131371021270752
29063671 1.5049482583999634
31069654 1.503463625907898
33135915 1.5170620679855347
35154603 1.553950548171997
37198526 1.5872490406036377
39190042 1.585806131362915
41394848 1.5640439987182617
43281232 1.5303467512130737
45276224 1.518682599067688
47407834 1.5241202116012573
49333622 1.5122685432434082
51369839 1.5125230550765991
53387047 1.525917649269104
55431490 1.5701501369476318
57435567 1.594530701637268
59477012 1.5810508728027344
61525548 1.5580413341522217
63573835 1.5309662818908691
65572709 1.5195422172546387
67635971 1.528080940246582
69755436 1.5167819261550903
71831881 1.5133986473083496
74623435 1.5517570972442627
76655440 1.5793009996414185
78680639 1.5862886905670166
80681938 1.5736104249954224
82764959 1.5468103885650635
84755771 1.5279091596603394
86755294 1.5207858085632324
88803482 1.5173858404159546
90843784 1.5136948823928833
92854429 1.522605538368225
94864441 1.5558348894119263
96948493 1.592982292175293
98944009 1.5823699235916138
100978232 1.5624253749847412
102971407 1.539064645767212
104997731 1.5140670537948608
107022764 1.5138736963272095
109034272 1.5112841129302979
111086824 1.5084880590438843
113100350 1.5203325748443604
115131473 1.5559595823287964
117196456 1.592179536819458
119174796 1.5826988220214844
121210254 1.5661647319793701
123260580 1.5394916534423828
125245166 1.5140217542648315
127271725 1.5174247026443481
129311166 1.5109106302261353
131340271 1.5074888467788696
133363200 1.5164483785629272
135396580 1.5586810111999512
137421239 1.5845202207565308
139657152 1.5672920942306519
141736216 1.544018268585205
143776464 1.515998125076294
145813595 1.5045278072357178
147855465 1.5149422883987427
149882962 1.5068843364715576
151928031 1.5026775598526
153919355 1.5307526588439941
155949228 1.5684480667114258
157970286 1.585945725440979
159972700 1.568369746208191
162024083 1.551450252532959
164045893 1.5232033729553223
166046667 1.5125967264175415
168077403 1.5143628120422363
170095347 1.5056053400039673
172136088 1.5032176971435547
174168967 1.5345646142959595
176192471 1.5715607404708862
178204607 1.5798336267471313
181412320 1.5611650943756104
183632828 1.516615390777588
185638575 1.4965989589691162
187663831 1.5091806650161743
190650712 1.4969236850738525
192642494 1.5059303045272827
194651887 1.5373294353485107
196696051 1.5727416276931763
198716157 1.5720694065093994
200795031 1.557011365890503
203091576 1.527468204498291
205089300 1.5039228200912476
207142266 1.5093634128570557
209187745 1.4943612813949585
211201755 1.5014874935150146
213203391 1.5093789100646973
215294203 1.5469729900360107
217292248 1.5752348899841309
219353831 1.5689928531646729
221307800 1.5437180995941162
223373040 1.5181626081466675
225376862 1.5005797147750854
227824020 1.5060588121414185
229830950 1.4978375434875488
231881559 1.4969768524169922
233976051 1.5228155851364136
235960553 1.5587905645370483
237973105 1.5759474039077759
240012620 1.5666470527648926
242133789 1.5416139364242554
244219057 1.5253264904022217
246167242 1.5069676637649536
248757883 1.5196049213409424
250810933 1.5097535848617554
252790118 1.5105359554290771
254884769 1.5464226007461548
256861499 1.5821921825408936
258926523 1.5815311670303345
260902290 1.559505820274353
263442713 1.5256341695785522
264960681 1.5071680545806885
267111477 1.5145305395126343
269135933 1.503408670425415
271173396 1.5009406805038452
273257150 1.5071266889572144
275225011 1.5405008792877197
277228626 1.5754919052124023
279257396 1.5720094442367554
281270607 1.5526820421218872
283303300 1.528605341911316
285326966 1.5095199346542358
287384842 1.5150021314620972
289378244 1.507218599319458
291409474 1.5120857954025269
293462170 1.5284076929092407
295476377 1.5616942644119263
297523073 1.5886943340301514
300864106 1.578702688217163
301674816 1.5568827390670776
303803840 1.5317997932434082
305922715 1.5134330987930298
310199238 1.525540828704834
312202764 1.5120326280593872
314269769 1.5420135259628296
316384435 1.582122564315796
318299409 1.5917584896087646
320368146 1.579178810119629
322426226 1.5558758974075317
324885023 1.5350565910339355
328694308 1.518182635307312
330789287 1.5196939706802368
333043787 1.5171629190444946
335416204 1.5730323791503906
337438821 1.5968042612075806
339486323 1.5885869264602661
341459499 1.5672600269317627
343629683 1.5430195331573486
345535776 1.522438406944275
347645011 1.5226666927337646
349598225 1.517161250114441
351647784 1.5115236043930054
353677109 1.5267696380615234
355701827 1.5667610168457031
357697567 1.5926215648651123
359787619 1.576305627822876
361758407 1.5563191175460815
363808753 1.532760739326477
365846448 1.5238502025604248
367835036 1.5248745679855347
369850480 1.5151410102844238
371914341 1.514471411705017
373948741 1.5422090291976929
375944735 1.5820903778076172
377980958 1.5960146188735962
380059731 1.5852279663085938
382048842 1.5590490102767944
384091407 1.5352450609207153
386110931 1.5264086723327637
388143904 1.5242640972137451
390190143 1.517088532447815
392228848 1.5139904022216797
394190718 1.5438109636306763
396236159 1.5876753330230713
398272621 1.5937671661376953
400290323 1.5733981132507324
402310824 1.5544095039367676
404354605 1.5295029878616333
406364639 1.5162185430526733
408389439 1.5165305137634277
410410702 1.5099081993103027
412487986 1.5109490156173706
414485032 1.5474249124526978
416466369 1.5845084190368652
418514291 1.5884230136871338
420924422 1.572016716003418
422577892 1.5386135578155518
424591342 1.5187361240386963
426641630 1.513513445854187
428643401 1.5114856958389282
430727556 1.5107775926589966
432732105 1.517999529838562
434749034 1.5477871894836426
436788902 1.584073543548584
438957036 1.5779039859771729
440828862 1.5651874542236328
442873508 1.5373308658599854
444946412 1.518925666809082
447180316 1.515514612197876
448953045 1.5106041431427002
450987513 1.5099736452102661
453009090 1.514444351196289
455182741 1.5470082759857178
457129675 1.5833821296691895
459203730 1.5700592994689941
461196921 1.5530261993408203
463223435 1.5275688171386719
465238538 1.501840591430664
467276014 1.5064775943756104
469306573 1.4951328039169312
471328308 1.4972089529037476
473347432 1.5096302032470703
475381586 1.5429373979568481
477419756 1.574126958847046
479810030 1.563177227973938
481818687 1.5382317304611206
483850328 1.513766884803772
485854517 1.5018153190612793
487886910 1.5105609893798828
489934776 1.5032970905303955
491936572 1.5016708374023438
493966994 1.5232720375061035
495993989 1.5664734840393066
498004957 1.583449363708496
500067341 1.5653325319290161
502078906 1.5420459508895874
504117309 1.5149835348129272
506187017 1.5064867734909058
508224166 1.5083818435668945
510238476 1.5029443502426147
512279727 1.4986389875411987
514304052 1.5269954204559326
516320114 1.5684969425201416
518343327 1.580540657043457
520409202 1.561600685119629
522530196 1.5375916957855225
524518538 1.5172232389450073
526548254 1.5061858892440796
528583819 1.505761742591858
530579327 1.5066157579421997
532634002 1.5079023838043213
534634747 1.5401993989944458
536727906 1.5840604305267334
538695966 1.586190104484558
540743550 1.5664398670196533
542851951 1.5383000373840332
544856134 1.5233036279678345
546862470 1.5172879695892334
548905245 1.5152604579925537
550945309 1.5170981884002686
553066955 1.5201495885849
554977063 1.5555365085601807
557013338 1.5886200666427612
559024657 1.5818078517913818
561649308 1.5657744407653809
563681536 1.5397623777389526
565723134 1.5229861736297607
567728548 1.5287741422653198
570173363 1.5158793926239014
572188885 1.519059419631958
574200729 1.539393663406372
576260977 1.584884524345398
578425552 1.5975571870803833
581051407 1.5712250471115112
583076346 1.5423471927642822
585145408 1.5181918144226074
587126689 1.517477035522461
589170422 1.517984390258789
591192289 1.5123546123504639
593202044 1.5215067863464355
595260242 1.5604950189590454
597273411 1.5919806957244873
599315208 1.5801808834075928
601396141 1.5606911182403564
603481587 1.5414793491363525
605458684 1.5149016380310059
607585131 1.5234408378601074
609625099 1.5161356925964355
611812095 1.5157427787780762
613767331 1.5382072925567627
615810203 1.577833890914917
618030828 1.6006046533584595
619971085 1.5837267637252808
621989403 1.5557349920272827
624060105 1.5315736532211304
626150900 1.5226483345031738
628146276 1.5270133018493652
630172052 1.515170693397522
632201445 1.5141501426696777
634230424 1.5396208763122559
636249980 1.5784152746200562
638261665 1.5934982299804688
640312998 1.5699784755706787
642875529 1.541325330734253
644853339 1.5232889652252197
646937132 1.5129305124282837
648946632 1.5099860429763794
650949469 1.5079056024551392
653047407 1.513462781906128
654984625 1.5452144145965576
657048543 1.5789977312088013
659037435 1.5776095390319824
661057370 1.5552630424499512
663083197 1.5292752981185913
665132028 1.5099674463272095
667153156 1.508878231048584
669180352 1.4975720643997192
671200630 1.5006120204925537
673230527 1.5055584907531738
675245475 1.543798804283142
677318908 1.5768369436264038
679434916 1.5673298835754395
681509758 1.5462779998779297
683531847 1.5168956518173218
685565986 1.5001463890075684
687610235 1.5055962800979614
689609466 1.5014573335647583
691654598 1.498048186302185
693704726 1.5150114297866821
695706091 1.5543458461761475
697742300 1.5798900127410889
699753627 1.5651274919509888
701803254 1.5388132333755493
703796239 1.5129026174545288
705833547 1.499273419380188
707860884 1.5028034448623657
709910272 1.4948785305023193
711932179 1.4901915788650513
713935667 1.5081098079681396
715946776 1.5536720752716064
717984389 1.5630838871002197
720018088 1.5528979301452637
722030617 1.5320903062820435
724147199 1.5089348554611206
726106978 1.4950482845306396
728144638 1.499548077583313
730153194 1.4944889545440674
732153703 1.491971731185913
734198350 1.518979787826538
736278437 1.558791160583496
738247264 1.573560357093811
740316493 1.5564682483673096
742292319 1.5321323871612549
744345144 1.5049351453781128
746356068 1.4987295866012573
748388835 1.4970958232879639
750413581 1.4968215227127075
752974443 1.4975907802581787
754987946 1.533968448638916
757029685 1.5625439882278442
759121903 1.5574455261230469
761072737 1.546675682067871
763145729 1.518571138381958
765197879 1.5010470151901245
767140731 1.497251033782959
769194844 1.4881558418273926
771235413 1.4886202812194824
777130196 1.5747880935668945
779533950 1.5661051273345947
781661557 1.5415666103363037
783704438 1.5145423412322998
785701383 1.4992661476135254
787825066 1.5059311389923096
790600100 1.4956775903701782
792861585 1.5018783807754517
794884319 1.53339421749115
797047348 1.574446201324463
799216161 1.5675967931747437
801192924 1.5567693710327148
803233670 1.5255297422409058
805236975 1.511820673942566
807298629 1.5121219158172607
809318635 1.5018062591552734
811323652 1.5045409202575684
813395191 1.5179966688156128
815428644 1.5542171001434326
817397372 1.5879948139190674
819430466 1.5777063369750977
821436756 1.5586907863616943
823542565 1.5301573276519775
825527813 1.5104081630706787
827697539 1.5143656730651855
829721910 1.5105500221252441
831727654 1.5062981843948364
833791154 1.5193536281585693
835786033 1.5593448877334595
837810058 1.5867019891738892
839840381 1.572382926940918
841882369 1.5525363683700562
843901629 1.5329303741455078
845923893 1.5139379501342773
847938462 1.5150083303451538
850440662 1.5097774267196655
852442017 1.5070356130599976
854422603 1.5485159158706665
856466572 1.5840458869934082
858490999 1.5843360424041748
860499499 1.5705101490020752
862526895 1.5484074354171753
864541657 1.530079960823059
866657333 1.5174028873443604
868657191 1.5136078596115112
870682259 1.507507085800171
872752905 1.504172444343567
874763810 1.5385105609893799
876764832 1.5770200490951538
879005507 1.5726388692855835
882433023 1.564418911933899
885628385 1.5262999534606934
887761192 1.5135868787765503
889872519 1.503028154373169
891942621 1.5047749280929565
893962027 1.5241484642028809
895957030 1.5641041994094849
898052517 1.58675217628479
900068525 1.5662517547607422
904414150 1.5225461721420288
906595121 1.5085374116897583
908605803 1.508971095085144
910747052 1.5085985660552979
912782135 1.5067380666732788
914822849 1.5382940769195557
916814421 1.5774528980255127
919004342 1.5795735120773315
921020945 1.5688610076904297
923675460 1.5377516746520996
925825294 1.5141077041625977
927836247 1.5231903791427612
929905324 1.50968599319458
932106865 1.506986379623413
934048092 1.5318162441253662
936159151 1.5698225498199463
938198356 1.593870759010315
940340136 1.5751638412475586
942235743 1.5451000928878784
944306859 1.5278992652893066
946612004 1.5098696947097778
948673953 1.5092130899429321
950706056 1.5044612884521484
952781601 1.5074678659439087
954816024 1.5417004823684692
956777884 1.573594331741333
958846604 1.5750843286514282
962340781 1.5647258758544922
964849889 1.5177019834518433
966875159 1.5108784437179565
968876970 1.5089949369430542
970937226 1.5077617168426514
973106518 1.509953498840332
975187068 1.5510722398757935
977149399 1.5862406492233276
979717802 1.5780889987945557
981868647 1.555452823638916
983836378 1.5213414430618286
985879466 1.5050108432769775
987919821 1.5143983364105225
989996316 1.5080534219741821
991971185 1.5000261068344116
993991607 1.5174260139465332
996005716 1.5612620115280151
998450982 1.5801177024841309
1029771 1.5620460510253906
3071372 1.53977370262146
5086362 1.5104429721832275
7667440 1.5081766843795776
9749183 1.5095007419586182
11708464 1.5087666511535645
13735036 1.5222517251968384
15836251 1.5568113327026367
17834760 1.592976689338684
20068480 1.5757173299789429
22070363 1.5493052005767822
24175537 1.5324267148971558
26345730 1.5144604444503784
28827465 1.5180531740188599
30772357 1.5103373527526855
32871111 1.5144861936569214
34994845 1.5489956140518188
37266850 1.5843325853347778
39240193 1.578395128250122
41268371 1.5687391757965088
43277589 1.537154197692871
45367874 1.5140113830566406
47324676 1.5194156169891357
49366546 1.5126756429672241
51771627 1.5110303163528442
53449120 1.5265055894851685
55485820 1.561011552810669
57542887 1.5941290855407715
59914333 1.5843735933303833
62097298 1.5616679191589355
64128076 1.5325751304626465
66175397 1.5181410312652588
68230147 1.5198181867599487
71721389 1.5147463083267212
74088276 1.533229112625122
76126158 1.571440577507019
78172127 1.589796781539917
80211065 1.5792893171310425
82250007 1.5525856018066406
84246207 1.529466152191162
86379613 1.5137205123901367
89442387 1.5147453546524048
91648445 1.5125471353530884
93697857 1.5251736640930176
95700927 1.5681132078170776
97797163 1.5975857973098755
99911073 1.5888108015060425
101811650 1.5717475414276123
103840489 1.5409982204437256
105902834 1.516844630241394
110118664 1.5253357887268066
112090743 1.5134639739990234
114097958 1.53629732131958
116138090 1.5769954919815063
118180045 1.5991575717926025
120177641 1.5812139511108398
123100169 1.5552685260772705
125139536 1.5270060300827026
127180378 1.5260599851608276
129337750 1.5131394863128662
131358644 1.51382577419281
133403352 1.5189601182937622
135448876 1.5568788051605225
137419538 1.5913138389587402
139977374 1.5844608545303345
141996085 1.5566402673721313
143961873 1.5329561233520508
145985987 1.5166336297988892
148008684 1.5223793983459473
150045576 1.5078643560409546
152075792 1.504508137702942
154102286 1.5273476839065552
156130583 1.5721468925476074
158148516 1.589773178100586
160185948 1.571362853050232
162196490 1.5522477626800537
164231715 1.5321418046951294
166252045 1.515399694442749
168261155 1.5125083923339844
170292990 1.5099296569824219
172317072 1.5074793100357056
174351252 1.5356184244155884
176460750 1.5800191164016724
178711423 1.585795283317566
181937464 1.5503402948379517
183948620 1.5223207473754883
185993114 1.506543517112732
187984926 1.5124456882476807
190113290 1.5066182613372803
192076411 1.498170018196106
194098267 1.5221517086029053
196157442 1.5546245574951172
198160644 1.5805165767669678
200168354 1.5684329271316528
202233942 1.5436511039733887
204246458 1.5154268741607666
206320609 1.5094584226608276
208276190 1.5146784782409668
210317362 1.5086493492126465
212339956 1.5027896165847778
214393359 1.5344995260238647
216380129 1.575655221939087
218455040 1.5872912406921387
220491318 1.5686805248260498
222473336 1.541853427886963
224517271 1.5194649696350098
226511880 1.5118255615234375
228534766 1.5127068758010864
230586411 1.5055261850357056
232611126 1.5076605081558228
234622257 1.5386639833450317
236662600 1.572923183441162
238676424 1.5715662240982056
240694840 1.5614008903503418
242754299 1.5335792303085327
244748386 1.519337773323059
246782026 1.5043444633483887
248837081 1.5044870376586914
250949416 1.502314567565918
252873004 1.510064959526062
254886117 1.5438905954360962
256930117 1.5770246982574463
258937892 1.5818531513214111
261250270 1.5654321908950806
263257543 1.5329856872558594
265284794 1.5158346891403198
267324031 1.5098938941955566
269367589 1.5063111782073975
271416754 1.5113043785095215
273477674 1.512325644493103
275510706 1.5509960651397705
277473163 1.5845417976379395
279512564 1.5744150876998901
281547498 1.5554015636444092
283593428 1.5312438011169434
285576808 1.504971981048584
287622926 1.5099539756774902
289687733 1.5083149671554565
291656955 1.5050102472305298
293704171 1.5201447010040283
295735330 1.5602316856384277
297752502 1.5874602794647217
299792476 1.573485016822815
301792953 1.5516140460968018
303822462 1.5255820751190186
305865936 1.4997066259384155
307878625 1.509468674659729
309902899 1.5022823810577393
311953885 1.4984945058822632
313999498 1.516695261001587
316258639 1.557527780532837
318287388 1.5787708759307861
320311986 1.5556731224060059
322377662 1.5363118648529053
324352786 1.5148676633834839
326385464 1.500303864479065
329520139 1.5047492980957031
331852117 1.495957612991333
333855590 1.513823390007019
336002463 1.5615100860595703
338038394 1.5868127346038818
340138828 1.5695128440856934
342149140 1.5438904762268066
344202727 1.5258325338363647
346266748 1.5159353017807007
348252007 1.511584997177124
350278383 1.5060906410217285
352317426 1.5028831958770752
356668463 1.5736818313598633
358649785 1.5795881748199463
360670052 1.568920612335205
362724095 1.5446780920028687
364734460 1.5245529413223267
366750104 1.5142052173614502
368837348 1.5097384452819824
370823236 1.5071619749069214
372831697 1.5022221803665161
374943458 1.54031240940094
376923391 1.5766537189483643
378925815 1.5826892852783203
380943708 1.5622998476028442
383777078 1.5404268503189087
385726708 1.5113263130187988
387799690 1.5224965810775757
389795213 1.5140682458877563
391920912 1.508649230003357
393831291 1.5236248970031738
395929187 1.5684034824371338
397920041 1.586039662361145
400370016 1.5711606740951538
402383526 1.5542231798171997
404419292 1.5311640501022339
406416582 1.5170364379882812
408464674 1.5176870822906494
410495050 1.5160346031188965
412496369 1.5155918598175049
414518461 1.5473881959915161
416560335 1.5843877792358398
418614180 1.5966308116912842
420598399 1.5814954042434692
422741913 1.5567083358764648
424777023 1.5326117277145386
426787293 1.5198101997375488
428801990 1.519519329071045
430849241 1.518022894859314
432875874 1.5182100534439087
435427683 1.547919511795044
437497849 1.5826412439346313
439524805 1.580779790878296
441801084 1.5653895139694214
443842427 1.5338871479034424
445838638 1.515228271484375
447853835 1.5179073810577393
449852557 1.5123211145401
451905013 1.510727047920227
453922698 1.5238617658615112
455937242 1.5665611028671265
457984746 1.5960376262664795
460015070 1.5783236026763916
462017374 1.5552024841308594
464081642 1.530580759048462
466140560 1.5148895978927612
468157237 1.520842432975769
470156800 1.5134650468826294
472190540 1.509344220161438
474534281 1.5271635055541992
476248873 1.5653634071350098
478299267 1.5864511728286743
480300063 1.570885419845581
482341769 1.5428590774536133
484369195 1.5180902481079102
486400800 1.507039189338684
488427519 1.5119531154632568
490444166 1.5040040016174316
492483311 1.5019428730010986
494479681 1.53009831905365
496534233 1.5686042308807373
498554878 1.5903548002243042
501093597 1.5672706365585327
502653043 1.5438517332077026
504674291 1.5245171785354614
506718120 1.5158275365829468
508726752 1.513864517211914
510773814 1.511439323425293
512805229 1.5103251934051514
514915715 1.5387282371520996
516859676 1.5790107250213623
518977166 1.5787278413772583
521003013 1.5680420398712158
523019588 1.5382153987884521
525046098 1.518485188484192
527052094 1.513325572013855
529149013 1.5096184015274048
531108366 1.5090358257293701
533142358 1.5064905881881714
535269006 1.5417670011520386
537337025 1.5796761512756348
539624268 1.5771944522857666
542265276 1.5470539331436157
544352039 1.5223428010940552
546502703 1.5079220533370972
548566323 1.5145487785339355
550592518 1.5017387866973877
552578829 1.5067976713180542
554803880 1.5347042083740234
556646376 1.5784920454025269
558724008 1.5833476781845093
561932508 1.571475625038147
563919109 1.536760926246643
565997944 1.519995093345642
568382399 1.5239475965499878
570655697 1.5127065181732178
572919822 1.518882155418396
574957055 1.5519158840179443
577007809 1.5860233306884766
579034537 1.5859801769256592
581093039 1.5703010559082031
583115335 1.5371465682983398
586177695 1.518354058265686
588137472 1.5183451175689697
590177375 1.5098756551742554
592199785 1.5094317197799683
594291225 1.5311870574951172
596258335 1.5673332214355469
598296026 1.5852277278900146
600302252 1.574325680732727
602351237 1.5563489198684692
604438895 1.5272166728973389
608249071 1.519777774810791
611782077 1.5063560009002686
613695837 1.5234227180480957
615686675 1.5611282587051392
617694210 1.5943241119384766
619745374 1.5860193967819214
621788226 1.5659477710723877
623805742 1.532713532447815
627480088 1.515976071357727
629550303 1.5106122493743896
631587833 1.5110676288604736
633559298 1.518402338027954
635608686 1.5517712831497192
637605780 1.5792574882507324
640314338 1.5780199766159058
642560537 1.5523202419281006
644545464 1.5279539823532104
646581004 1.5112417936325073
648607348 1.5139708518981934
650629414 1.5080270767211914
652712147 1.513053297996521
655195844 1.5500390529632568
657237099 1.582918405532837
659259798 1.582547903060913
661543929 1.568664312362671
663957580 1.53195059299469
665974484 1.5152697563171387
668009525 1.5184358358383179
670042013 1.5074597597122192
672067458 1.5067027807235718
674072972 1.5237140655517578
676139529 1.5603348016738892
678315693 1.5850633382797241
680332937 1.5644818544387817
682384326 1.540574073791504
684361957 1.5241895914077759
686378526 1.5074594020843506
688399040 1.5105005502700806
690474976 1.5004609823226929
692473773 1.5047879219055176
694536795 1.529427409172058
696544245 1.5691646337509155
698538124 1.581277847290039
701487965 1.5641369819641113
703182390 1.5418963432312012
705226543 1.5196118354797363
707241486 1.516400694847107
709247134 1.507905125617981
711294862 1.5106502771377563
713333906 1.5118606090545654
715360165 1.5452152490615845
717380817 1.5832031965255737
719495961 1.576164722442627
721507868 1.5595824718475342
723540578 1.5266344547271729
725564542 1.5081353187561035
727569581 1.5171114206314087
729949931 1.5071324110031128
732113448 1.5067955255508423
734149179 1.5187134742736816
736169595 1.5579469203948975
738180533 1.5842453241348267
740258686 1.5688018798828125
742243526 1.5423306226730347
744267673 1.5224623680114746
746300460 1.504170298576355
748331867 1.5098015069961548
750366020 1.5019805431365967
752369375 1.499529480934143
754413999 1.522968053817749
756433509 1.5591168403625488
758519559 1.5826787948608398
760465020 1.5641090869903564
762514177 1.542257308959961
764612115 1.518945574760437
766578056 1.5007749795913696
768572293 1.5086830854415894
770616157 1.50142240524292
772634380 1.5044327974319458
774659638 1.5331940650939941
776682895 1.5766448974609375
778708842 1.5795376300811768
780755522 1.5575350522994995
782850414 1.5386698246002197
784784140 1.516891360282898
786821786 1.5100889205932617
788944764 1.508949637413025
790940687 1.501914620399475
792889849 1.5016405582427979
794960452 1.5330603122711182
796968941 1.5725154876708984
798975112 1.5714473724365234
800995866 1.5621912479400635
803021181 1.5318673849105835
805060776 1.5093729496002197
807140838 1.5047228336334229
809350074 1.4954358339309692
811344415 1.502294898033142
813357165 1.508683443069458
815382335 1.5449491739273071
817960987 1.5816776752471924
819982458 1.5712777376174927
822012888 1.5532349348068237
824044031 1.5270235538482666
826147176 1.5106089115142822
828396201 1.512152075767517
830441805 1.5080859661102295
832437043 1.5066829919815063
834475472 1.5308650732040405
836498438 1.5675334930419922
838544239 1.5792795419692993
841874870 1.56199049949646
843849845 1.5275977849960327
845942261 1.5055009126663208
847913965 1.5070488452911377
849903736 1.5010040998458862
851971787 1.4921543598175049
853963945 1.511325716972351
856010779 1.5510282516479492
858026281 1.5820379257202148
860049331 1.570695161819458
862074209 1.5496469736099243
864096627 1.5215154886245728
866125679 1.5037951469421387
868181413 1.5112298727035522
870175707 1.5062545537948608
872237211 1.502549409866333
874253479 1.5253479480743408
876303300 1.5621957778930664
878310865 1.5867726802825928
880384895 1.5729405879974365
882346068 1.5506322383880615
884367262 1.5247716903686523
886520069 1.512282371520996
888569748 1.5160987377166748
890564187 1.5064617395401
892584459 1.508810043334961
894663357 1.5307233333587646
896686492 1.5759294033050537
898661614 1.5895884037017822
900706842 1.573917269706726
902743128 1.5466265678405762
904754142 1.524849534034729
906782799 1.5128449201583862
908843886 1.5160212516784668
910956357 1.5100103616714478
912946419 1.5084583759307861
915007590 1.5425223112106323
916983707 1.5801645517349243
918988757 1.5810153484344482
921080274 1.5718634128570557
934276636 1.5017938613891602
936455795 1.5690783262252808
938887925 1.5880240201950073
941016042 1.5698763132095337
943044463 1.5436325073242188
945107030 1.5232080221176147
947105243 1.5135594606399536
949160902 1.5136651992797852
951193059 1.5082838535308838
955804403 1.5420377254486084
957869177 1.5850307941436768
959906937 1.5804873704910278
962014006 1.559996247291565
963999889 1.5333518981933594
965991520 1.5106894969940186
968029215 1.5146385431289673
970055133 1.503945231437683
972067583 1.5051922798156738
974118820 1.516406774520874
976140764 1.5525288581848145
978263184 1.5811350345611572
980211870 1.5648747682571411
982228443 1.5412007570266724
984267608 1.5241031646728516
986301723 1.5034687519073486
988317525 1.512829303741455
990740200 1.5030139684677124
992788428 1.5025699138641357
994779071 1.5312427282333374
996793806 1.568458080291748
998821754 1.5795252323150635
1198772 1.5630288124084473
3221990 1.5367602109909058
5255310 1.5164740085601807
7313728 1.5065033435821533
9332764 1.5041738748550415
11342599 1.5027698278427124
13368526 1.5090655088424683
15399928 1.5417377948760986
17403766 1.5785552263259888
19459361 1.5754225254058838
21490836 1.5548555850982666
24350188 1.5285879373550415
26369100 1.5036534070968628
28390863 1.5154176950454712
30431888 1.5080004930496216
32449549 1.4995872974395752
34495875 1.525132179260254
36585176 1.5650842189788818
38605773 1.5820808410644531
40607840 1.5691642761230469
42647867 1.5471314191818237
44704132 1.5232157707214355
46756405 1.5095082521438599
48782618 1.516233205795288
50762238 1.505735993385315
52779283 1.5071970224380493
54828696 1.5346404314041138
56833010 1.5728386640548706
58863470 1.5739450454711914
60952284 1.5602905750274658
62933088 1.5344722270965576
64966789 1.5153793096542358
66965531 1.507939338684082
71262611 1.5042705535888672
73334445 1.5086623430252075
75546817 1.5468511581420898
78010884 1.5787984132766724
80038072 1.5714508295059204
82047108 1.5530922412872314
84069212 1.5273253917694092
86095722 1.5039138793945312
88157807 1.5169610977172852
90141217 1.499459147453308
92166288 1.5040736198425293
94195732 1.5176451206207275
96243755 1.552877426147461
98271921 1.5781915187835693
100344459 1.560987949371338
102379693 1.5351635217666626
104480923 1.5139696598052979
106463434 1.4947867393493652
110223952 1.5029609203338623
112602474 1.493591070175171
114621560 1.5215070247650146
116645052 1.5592468976974487
118725497 1.571709394454956
120765961 1.5631262063980103
122731556 1.5379184484481812
124742880 1.5116537809371948
126810320 1.5011749267578125
128815096 1.5023943185806274
130849240 1.4971693754196167
132849938 1.492686152458191
134869661 1.5231876373291016
136905189 1.5659846067428589
138969807 1.5754696130752563
140954625 1.556645154953003
143002412 1.5306860208511353
145155881 1.5083425045013428
147193632 1.4979358911514282
149206390 1.4969030618667603
151239525 1.4942084550857544
153305172 1.5008928775787354
155317431 1.532645344734192
157325497 1.5729238986968994
159366841 1.576668381690979
161393646 1.5610389709472656
163407887 1.5306675434112549
165837391 1.5131423473358154
168052577 1.5142163038253784
170061494 1.5057072639465332
172137876 1.5045385360717773
174137162 1.5182372331619263
176167692 1.5594205856323242
178175080 1.5912584066390991
180201105 1.5763705968856812
182380308 1.5536354780197144
185299310 1.516952395439148
187304438 1.5163676738739014
189312238 1.5135949850082397
191360204 1.5060027837753296
193369232 1.5135964155197144
195424578 1.546971321105957
197488276 1.5860792398452759
199550124 1.578228235244751
202078687 1.5682179927825928
204478240 1.5331125259399414
206470491 1.5145798921585083
208506241 1.5210273265838623
210518636 1.5097109079360962
212576223 1.5105299949645996
215195903 1.5330580472946167
217222637 1.5785677433013916
219254143 1.5814405679702759
221945721 1.5667990446090698
223382580 1.5348765850067139
225434742 1.515595555305481
227438582 1.5139055252075195
229776249 1.5150275230407715
232177558 1.5064107179641724
234214842 1.5203897953033447
236223757 1.5626968145370483
238290814 1.592254877090454
240329294 1.5831364393234253
242372930 1.5540430545806885
244361141 1.5328491926193237
246351830 1.517985463142395
248403407 1.515540361404419
253772173 1.509514570236206
256694982 1.5779584646224976
258688512 1.587071180343628
262660038 1.5629948377609253
265049479 1.5177303552627563
267160889 1.507154941558838
269191103 1.5015233755111694
271246299 1.4984114170074463
273235647 1.4984252452850342
275270579 1.5360139608383179
277277481 1.5714956521987915
279336756 1.5686883926391602
281327794 1.5586745738983154
283366224 1.5333999395370483
287090959 1.5092107057571411
289027933 1.5055278539657593
291057209 1.498407244682312
293100090 1.4998420476913452
295185071 1.5343403816223145
297154378 1.5746853351593018
299144655 1.5773026943206787
301239996 1.5582647323608398
303230383 1.5384408235549927
305267296 1.5105243921279907
307316698 1.510707974433899
309342891 1.5104893445968628
311362823 1.505495548248291
313445894 1.5106295347213745
315457349 1.5419678688049316
317474684 1.5727932453155518
319533539 1.5713744163513184
321570278 1.563310146331787
323564384 1.5382012128829956
325597993 1.5083414316177368
327617390 1.5066603422164917
329643983 1.500120997428894
331671948 1.5048818588256836
333719054 1.5111775398254395
335746065 1.546044111251831
337742765 1.5789846181869507
339764199 1.5719318389892578
341822259 1.5565265417099
344835151 1.5213812589645386
347206442 1.5101186037063599
349334039 1.5056480169296265
351363982 1.5083088874816895
353365824 1.5110304355621338
355401354 1.5466312170028687
357455399 1.580215573310852
359555283 1.5783731937408447
361662320 1.568189263343811
363668300 1.542494773864746
365693246 1.5225486755371094
367904482 1.5233728885650635
369819825 1.5180401802062988
371869687 1.5169247388839722
373876249 1.5273977518081665
375919357 1.563542127609253
377950483 1.5881050825119019
379975665 1.5839942693710327
381990647 1.55624258518219
384045075 1.5324499607086182
386032204 1.5156677961349487
388074355 1.5199391841888428
390100753 1.5146762132644653
392108688 1.511096477508545
394138087 1.5235154628753662
396170782 1.5660855770111084
398207296 1.5883429050445557
400216033 1.5768141746520996
402266453 1.5600649118423462
404264669 1.5330848693847656
406293237 1.5183995962142944
408317673 1.5207957029342651
410369150 1.512959361076355
412698005 1.5128108263015747
414685202 1.5444408655166626
416708963 1.5843271017074585
418758240 1.5995798110961914
420780104 1.575637698173523
422902920 1.5527764558792114
424873213 1.5296493768692017
426907210 1.5233070850372314
428936766 1.5194727182388306
430949943 1.5136862993240356
432987576 1.5149503946304321
434994743 1.545375108718872
437087216 1.5786235332489014
439118764 1.588214635848999
441461049 1.5757057666778564
443782476 1.5461255311965942
445755344 1.5159512758255005
447817089 1.5136011838912964
449808554 1.5046955347061157
451942298 1.501828670501709
453887320 1.5138416290283203
455924713 1.5487109422683716
457926619 1.5819870233535767
460123303 1.5769813060760498
462101393 1.5556895732879639
464147833 1.5266050100326538
466176950 1.506307601928711
468199306 1.5142542123794556
470215236 1.5065685510635376
472263322 1.5002682209014893
474252464 1.5156018733978271
476406485 1.5578714609146118
478433034 1.5794482231140137
480458831 1.572275161743164
482473661 1.5509133338928223
484518498 1.524501919746399
486521725 1.51475191116333
488559834 1.5113887786865234
490599367 1.5037873983383179
492640874 1.5041735172271729
494641881 1.5262556076049805
496650040 1.570860505104065
498686729 1.5870314836502075
500722685 1.5711971521377563
502759084 1.5452969074249268
504754297 1.5256820917129517
506811666 1.5076402425765991
508821228 1.512216567993164
510878701 1.4999268054962158
512880730 1.4988923072814941
514888044 1.5288619995117188
516940251 1.5702764987945557
518981240 1.5797077417373657
520994026 1.5620523691177368
522991599 1.536755084991455
525028886 1.5194004774093628
527042995 1.5061548948287964
529071179 1.506146788597107
531131140 1.499959945678711
533185565 1.501825213432312
535219024 1.5394058227539062
537175071 1.5726573467254639
539245936 1.5768046379089355
541286884 1.562770128250122
543263502 1.5315614938735962
545290000 1.510481357574463
547314902 1.5053353309631348
549360721 1.501305103302002
551425365 1.499367117881775
553450910 1.5067373514175415
555411193 1.5341370105743408
557448477 1.5780941247940063
559566921 1.571224570274353
561604240 1.5566341876983643
563602539 1.5266464948654175
565676574 1.5100849866867065
567752501 1.512259840965271
569806154 1.5057657957077026
571824854 1.501992106437683
573878422 1.5131065845489502
576281162 1.5604792833328247
578349060 1.5859355926513672
580353880 1.570090889930725
582352875 1.5502370595932007
584362936 1.5242074728012085
586425291 1.5067352056503296
588431721 1.5203051567077637
590478040 1.5164101123809814
592483845 1.5118868350982666
594572479 1.5268577337265015
596541645 1.567513108253479
599039423 1.5908254384994507
601092245 1.5694334506988525
603093836 1.5488107204437256
605165768 1.5212301015853882
607182584 1.5105245113372803
611048129 1.5087686777114868
612986681 1.5025112628936768
615033305 1.5362077951431274
617955276 1.5779263973236084
619941708 1.5726737976074219
621974401 1.553858757019043
625095543 1.5220563411712646
627095823 1.5073323249816895
629131603 1.5031976699829102
631241178 1.5011183023452759
633248889 1.4986618757247925
635247464 1.5318881273269653
637303674 1.5681555271148682
639354195 1.5760979652404785
641334211 1.5573065280914307
643358507 1.5293177366256714
645377419 1.506757140159607
647426064 1.5095428228378296
649438299 1.498116374015808
651463541 1.494612216949463
653521017 1.5025230646133423
655512519 1.541738748550415
657551119 1.5764775276184082
659661854 1.5698537826538086
661626763 1.5573890209197998
663638091 1.52316415309906
665645800 1.5036275386810303
667664305 1.5042704343795776
669728850 1.4968665838241577
671802528 1.4961085319519043
673912492 1.5043359994888306
675850629 1.536428689956665
677900030 1.5715725421905518
679914729 1.5725854635238647
681955121 1.5558277368545532
685695946 1.5304523706436157
687679901 1.5094575881958008
689704243 1.5071537494659424
691730628 1.5035773515701294
693767076 1.5100560188293457
695817097 1.5445308685302734
697795124 1.582453727722168
699841771 1.5724868774414062
701890544 1.5528513193130493
703898846 1.521934151649475
705908917 1.4948185682296753
707946858 1.5055787563323975
709993307 1.4986103773117065
712015222 1.4925111532211304
714004970 1.504501223564148
716052941 1.5415856838226318
718084565 1.5695360898971558
720121147 1.5653340816497803
722147314 1.5489386320114136
724177697 1.5208536386489868
726176480 1.4998070001602173
728220153 1.506498098373413
730208547 1.495940923690796
732244593 1.4936233758926392
734271989 1.5109471082687378
736298824 1.5518556833267212
738813311 1.5774011611938477
740913720 1.561407446861267
742876928 1.5365904569625854
744915775 1.5167585611343384
746938654 1.5051722526550293
748984026 1.5060685873031616
750979646 1.498626470565796
752996293 1.5025031566619873
755036486 1.52573823928833
757071943 1.5700989961624146
759115392 1.5770370960235596
761148707 1.5600972175598145
763182652 1.5390256643295288
765203758 1.523897647857666
767199080 1.5119231939315796
769247206 1.507522702217102
771243168 1.5046330690383911
773269170 1.5118093490600586
775352958 1.5502498149871826
777372207 1.5905287265777588
779362958 1.5927345752716064
781417354 1.5735715627670288
783402153 1.5469669103622437
785456477 1.5251561403274536
787456400 1.5155671834945679
789502110 1.5151344537734985
791527863 1.5145032405853271
793615692 1.5196925401687622
795652125 1.5573430061340332
797663555 1.5884783267974854
799722222 1.5914697647094727
801705863 1.5754480361938477
803729313 1.5535390377044678
805827192 1.528513789176941
807793882 1.528838038444519
809812960 1.5222007036209106
812236833 1.519210934638977
814238358 1.534796118736267
816288977 1.5737555027008057
818281670 1.5994194746017456
820327619 1.584193468093872
822352090 1.5602178573608398
824379282 1.5384695529937744
826403883 1.5227364301681519
828410671 1.5285840034484863
830436098 1.5171838998794556
832475977 1.514072299003601
834537783 1.5328502655029297
836525348 1.5762536525726318
838571436 1.6012048721313477
840603188 1.5864436626434326
842588125 1.5672540664672852
844620036 1.5476694107055664
846673620 1.5286892652511597
848678910 1.533191204071045
850698155 1.5263028144836426
852734302 1.5218569040298462
854755193 1.5460500717163086
857266946 1.590364694595337
859279348 1.5913678407669067
861304756 1.5788333415985107
863342048 1.5476324558258057
865358819 1.525071620941162
867450472 1.5201098918914795
869431079 1.5173166990280151
871445606 1.5102442502975464
873455017 1.516608715057373
875498854 1.5479320287704468
877574284 1.5856767892837524
879572994 1.5894323587417603
881585817 1.572321891784668
883614614 1.5488983392715454
885623629 1.5260432958602905
887695138 1.523313045501709
889749612 1.5151845216751099
891773707 1.5155545473098755
893763938 1.5206774473190308
895770660 1.5583469867706299
897788890 1.5865459442138672
899862582 1.583634853363037
901863674 1.5647013187408447
903863724 1.5321325063705444
905911373 1.512402892112732
907956384 1.515067219734192
909956607 1.5039302110671997
912001529 1.509810447692871
914030462 1.5179853439331055
916056841 1.552281379699707
918050972 1.584367275238037
920097018 1.5746150016784668
922139686 1.555591344833374
924199309 1.5306615829467773
926853019 1.515504002571106
928915564 1.5169787406921387
930908226 1.502590537071228
932927007 1.5128387212753296
934933196 1.5389353036880493
936953041 1.5800716876983643
938966032 1.586753249168396
941022314 1.569392442703247
943514861 1.5404539108276367
945487144 1.5229277610778809
947518262 1.520344614982605
949535503 1.5135362148284912
951580443 1.507404088973999
953591446 1.507023572921753
955629083 1.5492531061172485
957704406 1.5786879062652588
959668119 1.5799059867858887
961780726 1.5688401460647583
963794070 1.5363510847091675
965835556 1.5151259899139404
967857683 1.5210708379745483
969888413 1.5104914903640747
971927809 1.5113648176193237
973980396 1.5247150659561157
976004768 1.5611802339553833
978047743 1.5905839204788208
980688312 1.586097240447998
982093165 1.5634961128234863
984128469 1.5324300527572632
986197978 1.5103501081466675
988182243 1.5196795463562012
990188337 1.5132697820663452
992221695 1.5093882083892822
994249634 1.5210893154144287
996261644 1.5614651441574097
998281757 1.591387152671814
314111 1.5820225477218628
2370354 1.561506748199463
4388599 1.5362921953201294
6408191 1.5172538757324219
8460091 1.5224061012268066
10434335 1.512671947479248
12489348 1.516036033630371
14502439 1.5364869832992554
16539376 1.5716404914855957
18551833 1.5980911254882812
20578661 1.581558108329773
22610381 1.5562117099761963
24668943 1.5310790538787842
26656649 1.5141226053237915
28687190 1.5181397199630737
30701757 1.5050337314605713
32749644 1.505635380744934
34771648 1.529746413230896
44500141 1.5680736303329468
46467662 1.5196999311447144
48513565 1.5236402750015259
50537973 1.5137972831726074
52553170 1.5167286396026611
54563937 1.529958963394165
56603294 1.565913200378418
58624424 1.5911941528320312
60666825 1.574416160583496
62689418 1.550039529800415
64732748 1.5265250205993652
66755104 1.508831262588501
68757322 1.5103607177734375
71510600 1.501057505607605
74316160 1.5130342245101929
76369007 1.554995059967041
78367986 1.58405339717865
80376094 1.5716922283172607
82415576 1.552469253540039
84510028 1.5271306037902832
86524227 1.5160419940948486
88542592 1.518945574760437
90556303 1.5087543725967407
92629497 1.5040640830993652
94622663 1.523699164390564
96660682 1.565368890762329
98674367 1.585733413696289
100861242 1.5693888664245605
102918107 1.5385196208953857
104994344 1.5188401937484741
106963359 1.5086414813995361
109009501 1.5111764669418335
111105262 1.499485969543457
113086480 1.5031015872955322
115078759 1.5279946327209473
117119141 1.5651428699493408
119122671 1.5777302980422974
121149414 1.5576002597808838
123286327 1.5359920263290405
125317154 1.5157790184020996
128673679 1.5150059461593628
131720122 1.5139548778533936
134253799 1.5135823488235474
136335196 1.5592619180679321
142999404 1.5921629667282104
145040998 1.5204004049301147
146985882 1.5107611417770386
151107508 1.4982959032058716
153843825 1.502404808998108
155855229 1.543925404548645
157956657 1.5798063278198242
162924534 1.575937271118164
164557221 1.5216119289398193
166989431 1.512733817100525
169593131 1.5111912488937378
174378214 1.5058006048202515
176575109 1.5586172342300415
178517344 1.5822237730026245
181599000 1.567847728729248
183608384 1.5296049118041992
185610705 1.5103849172592163
187650633 1.5018545389175415
189664649 1.5023324489593506
191689564 1.4968489408493042
193780518 1.4988186359405518
195910522 1.5426826477050781
197915041 1.5719244480133057
200010110 1.565930962562561
202702876 1.5461686849594116
205170183 1.5223814249038696
207214855 1.5059418678283691
209387781 1.5045191049575806
211475985 1.4910680055618286
213561265 1.5048372745513916
215534715 1.5383164882659912
220210838 1.570544958114624
222541995 1.5471655130386353
225513472 1.505050539970398
228197230 1.504431128501892
231135562 1.4967453479766846
233096138 1.492307424545288
235107196 1.5206491947174072
237481848 1.5616997480392456
239559419 1.5681126117706299
241611325 1.5529038906097412
243655833 1.5241529941558838
245740118 1.5071196556091309
247768406 1.5067613124847412
249772301 1.4977360963821411
251854297 1.4942501783370972
253821493 1.5047603845596313
255919881 1.5378139019012451
257908614 1.5799447298049927
260196315 1.5762434005737305
262671816 1.5527116060256958
264799214 1.5112029314041138
266948503 1.5001548528671265
269073155 1.5096867084503174
272156637 1.50033700466156
274046557 1.5083712339401245
276098239 1.5406452417373657
278110836 1.5812621116638184
280542314 1.5755664110183716
282278089 1.5562843084335327
284257010 1.5329201221466064
286292922 1.505387306213379
289049415 1.5119719505310059
291063768 1.5025349855422974
293094716 1.5002574920654297
295090797 1.530251383781433
297181885 1.5764403343200684
299199423 1.586832880973816
301253023 1.5699630975723267
303393207 1.538167119026184
305449434 1.5181431770324707
307493306 1.5115830898284912
309489992 1.506712555885315
311535909 1.5016324520111084
313548947 1.506492257118225
315668890 1.5391712188720703
317681977 1.576758623123169
319669436 1.574176549911499
321681087 1.5670766830444336
323820932 1.5397101640701294
325797562 1.5197644233703613
327847022 1.5185056924819946
329842196 1.511151671409607
331912139 1.5075093507766724
333919948 1.5137625932693481
337551695 1.5528175830841064
339558349 1.5810894966125488
342199280 1.56537663936615
344150967 1.5316359996795654
346204230 1.5091201066970825
348239584 1.5097469091415405
350244012 1.5017273426055908
352286523 1.506212592124939
354312642 1.5149534940719604
356321110 1.5525367259979248
358351577 1.5783939361572266
361053788 1.567845344543457
363066053 1.5433290004730225
365132703 1.5269267559051514
367192668 1.5176122188568115
369262561 1.5166800022125244
371266762 1.5113255977630615
373683743 1.5100632905960083
375802088 1.551336407661438
377853642 1.5902204513549805
379911023 1.5885725021362305
382709212 1.568235993385315
384940610 1.5418344736099243
387049374 1.5234514474868774
389132140 1.5288382768630981
391271466 1.5197094678878784
393413194 1.5144463777542114
395450123 1.5496494770050049
397466460 1.5904788970947266
401042822 1.5913307666778564
403019529 1.560450792312622
405056416 1.5388927459716797
407074104 1.5278587341308594
409126237 1.5274258852005005
411163374 1.5225530862808228
413566154 1.5193209648132324
415268662 1.5454277992248535
417419678 1.589076280593872
419345186 1.5929819345474243
421392804 1.5743131637573242
423472181 1.5411112308502197
425489013 1.5248132944107056
427489190 1.512305736541748
429512550 1.51799476146698
431525058 1.5131841897964478
433608753 1.5144057273864746
435872898 1.5440512895584106
437795604 1.5783681869506836
439800782 1.58250093460083
442151437 1.565248727798462
444184201 1.5355967283248901
447074366 1.516842246055603
449028481 1.5182369947433472
451049709 1.515191912651062
453146133 1.5141336917877197
455150387 1.5341124534606934
457175876 1.5815813541412354
459191392 1.584981918334961
461221745 1.5689629316329956
463242272 1.5461218357086182
465284584 1.5236449241638184
467365817 1.514251947402954
469400860 1.5089908838272095
471444240 1.5028067827224731
473458709 1.5044101476669312
475494169 1.530951738357544
477520925 1.5664077997207642
479565717 1.574420690536499
481611033 1.5607056617736816
483652629 1.5329639911651611
485698719 1.513949990272522
487728397 1.5092612504959106
489713074 1.5038764476776123
491745727 1.4985380172729492
493790692 1.5094449520111084
495848179 1.5434800386428833
497819421 1.577467441558838
499838343 1.5762598514556885
501901154 1.5580928325653076
503937701 1.526874303817749
505934248 1.505629062652588
507953697 1.5073338747024536
509969024 1.5025906562805176
512006415 1.5050733089447021
514046444 1.5106923580169678
516050939 1.5471559762954712
518101680 1.5771965980529785
520305060 1.575702428817749
522349254 1.559456706047058
524432550 1.532198190689087
526563943 1.5111356973648071
528554405 1.5215799808502197
530599659 1.5182777643203735
532577922 1.5119309425354004
534627546 1.5294361114501953
536680297 1.5708887577056885
538751837 1.598881721496582
541060784 1.5832364559173584
543056631 1.5589834451675415
545098224 1.5321942567825317
547177769 1.5189281702041626
549176096 1.5187795162200928
551219548 1.5123190879821777
553225201 1.5076894760131836
555239733 1.540651559829712
557284921 1.5759351253509521
559305812 1.5910435914993286
561326147 1.5782725811004639
563354732 1.5484436750411987
565381514 1.5306544303894043
567432478 1.5247575044631958
569418579 1.5227437019348145
571468578 1.525197982788086
573918131 1.5226531028747559
575930566 1.561417818069458
577983849 1.5971074104309082
580219611 1.5882447957992554
583104729 1.5601325035095215
585183969 1.5311877727508545
587172116 1.5190796852111816
589185032 1.5200670957565308
591508585 1.509684443473816
593535068 1.5093461275100708
595551685 1.5404459238052368
597626101 1.5777232646942139
599617226 1.5748825073242188
601646859 1.5696333646774292
603671136 1.5386041402816772
605705212 1.518286943435669
607703304 1.5161975622177124
609747313 1.5097646713256836
611767846 1.5065538883209229
614189923 1.5126816034317017
615807422 1.552842617034912
617941982 1.5925774574279785
619859789 1.5827136039733887
622037393 1.5670604705810547
624022244 1.5401023626327515
626024561 1.5180162191390991
628057154 1.5120010375976562
630088165 1.5086145401000977
632104682 1.5026496648788452
634135275 1.510422706604004
636155293 1.5472604036331177
638222109 1.5793952941894531
640224708 1.5706088542938232
642223203 1.5517833232879639
644299358 1.5202248096466064
646285389 1.4990602731704712
648319186 1.5076245069503784
650404260 1.4915614128112793
652361438 1.4943410158157349
654393167 1.5137447118759155
656438514 1.5517618656158447
658425043 1.5755925178527832
660482290 1.5754646062850952
662553451 1.5560013055801392
664536986 1.5265851020812988
666556199 1.5048259496688843
668614834 1.5157990455627441
670664596 1.503849983215332
672658412 1.506902813911438
674703304 1.516804814338684
676707869 1.5520803928375244
678715194 1.582476019859314
680776651 1.5694643259048462
682766239 1.5402777194976807
684779651 1.5216230154037476
686827658 1.5059444904327393
688844687 1.5143898725509644
690885163 1.5022836923599243
692907557 1.4978981018066406
694942167 1.5228254795074463
696968529 1.5598034858703613
698973312 1.5805487632751465
701004792 1.565012812614441
703025925 1.541733741760254
705052782 1.5150538682937622
707061949 1.5036420822143555
709091604 1.507260799407959
711132107 1.4976623058319092
713167800 1.4983861446380615
715193447 1.5165046453475952
717224968 1.5604181289672852
719225722 1.5705604553222656
722057447 1.5530706644058228
724098689 1.5215433835983276
726158979 1.4997992515563965
728170811 1.5042920112609863
730185007 1.490714192390442
732211549 1.4944713115692139
734264715 1.5035685300827026
736279477 1.5393962860107422
738328657 1.574353575706482
740306422 1.567526936531067
742378235 1.5506823062896729
744414361 1.5222247838974
746399605 1.5055683851242065
748434070 1.5088242292404175
750511559 1.500377893447876
752488412 1.4964476823806763
754530208 1.5106655359268188
756536271 1.5489362478256226
758567190 1.579293966293335
760575394 1.567449688911438
762614284 1.552074670791626
764652099 1.5289134979248047
766672473 1.5089138746261597
768670393 1.5169689655303955
770721018 1.5052310228347778
773107405 1.509529709815979
775230010 1.5340877771377563
777885496 1.574613332748413
779940079 1.5765008926391602
781965666 1.5627087354660034
784049145 1.5377519130706787
786077738 1.5121703147888184
788195741 1.5105646848678589
790153838 1.5027661323547363
792169907 1.5061410665512085
794286948 1.5151911973953247
796251677 1.5442450046539307
798258283 1.577144980430603
800329209 1.573206901550293
802337916 1.5633487701416016
804342121 1.5290952920913696
806363794 1.512026071548462
808396207 1.5143718719482422
810518404 1.5117888450622559
812554914 1.5135494470596313
814622110 1.5261203050613403
816625883 1.567853569984436
818672968 1.596458911895752
820843825 1.580386996269226
822903815 1.5590627193450928
824945677 1.5370639562606812
827000303 1.5241690874099731
829003198 1.5209755897521973
831297915 1.515052080154419
833336754 1.5118836164474487
835371362 1.5346232652664185
837407363 1.5757495164871216
839462947 1.5863120555877686
841470651 1.571475625038147
843464322 1.5499311685562134
845482114 1.518764615058899
847538564 1.5099269151687622
849556445 1.5058656930923462
851575518 1.5036896467208862
853602709 1.5061993598937988
855616423 1.5432238578796387
857666909 1.5838966369628906
859677464 1.5852329730987549
861907503 1.569933295249939
863738872 1.5444295406341553
865748694 1.5251896381378174
867774900 1.518248200416565
869796825 1.5118794441223145
871862972 1.5064398050308228
873851670 1.5066320896148682
875878119 1.5412496328353882
877902537 1.5721813440322876
879943877 1.5704845190048218
881990289 1.5612399578094482
884002107 1.5338926315307617
886023485 1.5093154907226562
888059588 1.505177617073059
890090956 1.4967880249023438
892136757 1.499182939529419
894130682 1.5041769742965698
896146197 1.539736270904541
898180352 1.5770137310028076
900458264 1.566236972808838
902456342 1.5443302392959595
904501613 1.520635962486267
906505012 1.5011805295944214
908541127 1.5038729906082153
910551660 1.4932478666305542
912601549 1.4968591928482056
914613795 1.5043132305145264
916633358 1.5444427728652954
918679434 1.5723069906234741
920698624 1.5579403638839722
922741827 1.5433543920516968
924784835 1.514345645904541
926908023 1.4953161478042603
928868890 1.5032826662063599
930912352 1.4969291687011719
932933742 1.4945194721221924
934970411 1.5186967849731445
936977356 1.556949257850647
939021858 1.5819246768951416
941039347 1.5640164613723755
943067056 1.5362199544906616
945088094 1.5143076181411743
947112733 1.4987261295318604
949122029 1.5064843893051147
951136239 1.5017499923706055
953172880 1.5018116235733032
955799306 1.5207420587539673
957869931 1.5724773406982422
959865619 1.5748629570007324
961995541 1.5595695972442627
963916131 1.5370756387710571
965993325 1.5156370401382446
967989520 1.5165809392929077
969998276 1.5094512701034546
972041243 1.5092695951461792
974078091 1.514462947845459
976176434 1.5501995086669922
978140788 1.586270809173584
980210850 1.5753679275512695
982313110 1.5655851364135742
984230966 1.5334997177124023
986249686 1.5183435678482056
988285241 1.5173310041427612
990300446 1.5131019353866577
992337428 1.5126657485961914
994336633 1.518789529800415
996355870 1.5543233156204224
998385270 1.5831894874572754
432336 1.5756224393844604
3773613 1.5400203466415405
5803783 1.5134447813034058
7816180 1.5068097114562988
9865930 1.500746726989746
11843052 1.4987378120422363
13878722 1.5040441751480103
15890095 1.539979338645935
17912347 1.5717995166778564
19969407 1.5691643953323364
21974440 1.5511243343353271
24073697 1.523958444595337
26029334 1.5059117078781128
28044717 1.5019500255584717
30067585 1.4948219060897827
32144666 1.4978986978530884
34124064 1.500606894493103
36162228 1.5393935441970825
38171724 1.571685552597046
40283615 1.5656733512878418
42416936 1.5485568046569824
44457561 1.5205283164978027
46495902 1.4975513219833374
48511260 1.504264235496521
50536910 1.4995648860931396
52596776 1.4973691701889038
54593077 1.510653018951416
56631090 1.5539875030517578
58637426 1.5842459201812744
60691148 1.5736750364303589
62694889 1.5548259019851685
64711401 1.5226558446884155
66766625 1.5061601400375366
68763892 1.5148580074310303
70885674 1.5079824924468994
72953609 1.5027490854263306
74982731 1.5229076147079468
77078217 1.5568879842758179
79076633 1.58001708984375
81115335 1.564863681793213
83125653 1.541597843170166
85154330 1.5188853740692139
87200040 1.5066200494766235
89240795 1.5068585872650146
91294748 1.4992867708206177
93278380 1.502394676208496
95341228 1.5291547775268555
97324039 1.5695488452911377
99348359 1.5890977382659912
101350179 1.5695832967758179
103384072 1.546051025390625
105416194 1.5162765979766846
107427706 1.5081372261047363
109483055 1.5096665620803833
111484630 1.5036437511444092
113594175 1.5062255859375
115534229 1.5319916009902954
117578617 1.5710066556930542
119615722 1.5793335437774658
121638215 1.5659903287887573
123782737 1.5377249717712402
125797241 1.5114386081695557
127843637 1.511698603630066
129859596 1.5006208419799805
131876914 1.5065995454788208
133903557 1.507839560508728
135944872 1.5442211627960205
137983629 1.5838308334350586
140002016 1.5805084705352783
141996523 1.5640463829040527
144033082 1.5368967056274414
146044485 1.5163698196411133
148083401 1.5178815126419067
150099383 1.5106925964355469
152153693 1.5087312459945679
154215560 1.5147640705108643
156180863 1.549909234046936
158215858 1.581383228302002
160228806 1.5784311294555664
162531916 1.5613203048706055
164565613 1.5381841659545898
166573262 1.51023530960083
168595382 1.5194339752197266
170626124 1.515169382095337
172781391 1.514311671257019
174827310 1.5282094478607178
176847459 1.572090983390808
178889577 1.594933271408081
180868565 1.5838960409164429
182939787 1.5610934495925903
184991466 1.5366889238357544
187043871 1.5190143585205078
189026548 1.5228233337402344
191028487 1.515669345855713
193056063 1.5097548961639404
195089408 1.5284678936004639
197118548 1.5685943365097046
199162756 1.586952567100525
201164513 1.5704158544540405
203183591 1.5485937595367432
205224720 1.525016188621521
207226892 1.5072402954101562
209247589 1.5141689777374268
211310061 1.5068330764770508
213355960 1.5036309957504272
215384033 1.5287295579910278
217375224 1.5772368907928467
219412809 1.590883731842041
221435925 1.5686280727386475
223580452 1.5438830852508545
225593341 1.5215494632720947
227608605 1.5129578113555908
229588404 1.5187031030654907
231627494 1.508765459060669
233655659 1.5112378597259521
235669623 1.5468165874481201
237698078 1.5767982006072998
239745216 1.5784075260162354
242057299 1.5679302215576172
244014008 1.541382074356079
246018974 1.5153923034667969
248074166 1.507151484489441
251350393 1.5042786598205566
252348080 1.49905264377594
254374038 1.5106862783432007
256412907 1.5449696779251099
258448449 1.575988531112671
260435375 1.5633577108383179
262458940 1.555400013923645
264541690 1.525951623916626
266556399 1.500280499458313
268578229 1.5035570859909058
270605239 1.499639868736267
272681884 1.5009626150131226
274615780 1.5114715099334717
276666387 1.5477402210235596
278671902 1.5763475894927979
280803088 1.562690019607544
282755117 1.5478203296661377
284871575 1.5149494409561157
286899499 1.5018342733383179
288931103 1.5043940544128418
290959142 1.4965779781341553
293043138 1.4912528991699219
295051706 1.521230697631836
297117866 1.5544321537017822
299098611 1.580552577972412
301322551 1.5676507949829102
303308718 1.5395088195800781
305334562 1.512475609779358
307365085 1.5022790431976318
309386490 1.5121740102767944
311452684 1.4956507682800293
313473845 1.4955394268035889
315519118 1.5235825777053833
317498681 1.568361759185791
319541895 1.5726661682128906
321680869 1.5599372386932373
323664244 1.5283445119857788
325680847 1.5031232833862305
327734754 1.4958490133285522
329758662 1.4931588172912598
331775883 1.4865350723266602
333802854 1.4884454011917114
335862664 1.5258769989013672
337856562 1.5704070329666138
339906262 1.5739675760269165
341978146 1.553209900856018
343935916 1.5327820777893066
345963934 1.511986255645752
348000251 1.5086168050765991
349991249 1.5089229345321655
352033447 1.50577974319458
354070013 1.5107008218765259
356076060 1.5462994575500488
358109888 1.581099510192871
360134207 1.5844331979751587
362181022 1.5663782358169556
364204693 1.5449070930480957
366220739 1.5235419273376465
368270035 1.5194286108016968
370282419 1.522043228149414
372344111 1.5152678489685059
374308478 1.5243098735809326
376342023 1.561373233795166
378388348 1.5916715860366821
380425183 1.5875372886657715
382436297 1.5729711055755615
384447869 1.5397696495056152
386495852 1.5235600471496582
388514348 1.5296034812927246
390520715 1.5240198373794556
392541408 1.51776123046875
394571838 1.5305888652801514
396693975 1.5674248933792114
398715400 1.5924649238586426
400738016 1.5837593078613281
402834693 1.5660960674285889
404775491 1.5377647876739502
406854790 1.5199936628341675
408866384 1.5180822610855103
410905442 1.5107052326202393
412986839 1.510840654373169
414929089 1.5251437425613403
416998639 1.5680820941925049
418989158 1.5932323932647705
421048336 1.577498197555542
423166338 1.5489814281463623
425190655 1.531191349029541
427215541 1.5168427228927612
429225235 1.5214908123016357
431253435 1.5115693807601929
433281318 1.50625741481781
435725060 1.5350638628005981
437748884 1.5829753875732422
439754931 1.5838929414749146
441745650 1.5661646127700806
443803124 1.5420043468475342
445854215 1.5209861993789673
447867765 1.5107923746109009
449927613 1.5047938823699951
451928038 1.5020394325256348
453963748 1.5115517377853394
456005650 1.549756646156311
458054383 1.5880831480026245
460025755 1.58064866065979
462080391 1.5712145566940308
464097526 1.545897364616394
466169135 1.5220937728881836
468138443 1.5206341743469238
470158727 1.5220195055007935
472191498 1.5144920349121094
474263948 1.5193332433700562
476228495 1.549454689025879
478269907 1.587756633758545
480349882 1.5786027908325195
482308803 1.5623507499694824
484341278 1.5392640829086304
486383089 1.5140671730041504
488396244 1.5191726684570312
490417326 1.5086902379989624
492434180 1.5109716653823853
494475054 1.5118381977081299
496511035 1.55548095703125
498515195 1.5889235734939575
500553826 1.583443284034729
502601140 1.5608770847320557
504653215 1.532649278640747
506640916 1.5067737102508545
508638435 1.5165038108825684
510676117 1.504183292388916
512724019 1.5083513259887695
514734359 1.5137404203414917
516757663 1.5499922037124634
518874106 1.581268548965454
521133187 1.5679363012313843
523123763 1.5389567613601685
525146427 1.5200716257095337
527171178 1.504244089126587
529203179 1.509657382965088
531232053 1.506229043006897
533288496 1.5016311407089233
535335725 1.5278741121292114
537310376 1.565792202949524
539347361 1.5788041353225708
541428056 1.5671722888946533
543496141 1.5365324020385742
545508687 1.5168155431747437
547527775 1.5059958696365356
549635313 1.506425142288208
551574623 1.50137197971344
553620761 1.505862832069397
555635751 1.538547158241272
557658282 1.5734879970550537
559677192 1.5736128091812134
561708351 1.559196949005127
563759400 1.5344340801239014
565817175 1.5163475275039673
567799855 1.5076767206192017
569856760 1.5018895864486694
571857920 1.5007591247558594
573917518 1.501197338104248
575918971 1.540784478187561
577942368 1.575460433959961
579970099 1.5784564018249512
581989823 1.5666755437850952
584055990 1.5421801805496216
586057951 1.5157651901245117
588060174 1.51664137840271
590131354 1.515109896659851
592144566 1.511135220527649
594157277 1.5202957391738892
596196209 1.5554349422454834
598233763 1.585324764251709
600286108 1.5828007459640503
602265204 1.570235013961792
604274069 1.538865327835083
606322360 1.5195188522338867
608326409 1.521585464477539
610416138 1.5123114585876465
612405820 1.5095319747924805
614436977 1.5222728252410889
616440230 1.5563933849334717
618556468 1.5886319875717163
620482192 1.5796924829483032
622541051 1.5623676776885986
624662209 1.5336811542510986
626702724 1.5121480226516724
628662495 1.5178968906402588
630702544 1.5094374418258667
632712993 1.5076937675476074
634747531 1.5205343961715698
636952045 1.5636519193649292
638993550 1.5912716388702393
641045901 1.578912615776062
643056869 1.5569947957992554
645059056 1.5350404977798462
647117574 1.5168672800064087
649112235 1.52383553981781
651216461 1.5125399827957153
653168948 1.5127348899841309
655235949 1.5400630235671997
657284330 1.5792267322540283
659365827 1.601792812347412
661370035 1.586503267288208
663398057 1.5622296333312988
665396307 1.5404049158096313
667454429 1.5215826034545898
669781930 1.5273454189300537
671723372 1.5184119939804077
673744343 1.524385929107666
675751484 1.5548040866851807
677819438 1.5874634981155396
679822527 1.5968430042266846
681882305 1.5811822414398193
683868144 1.549276351928711
685945440 1.5322948694229126
687932181 1.521464228630066
689941616 1.518135666847229
691962155 1.5134215354919434
693995917 1.5197008848190308
696031050 1.5531089305877686
698048557 1.5888880491256714
700070307 1.593238115310669
702123889 1.5769190788269043
704126032 1.5488086938858032
706155380 1.5290377140045166
708225223 1.5258787870407104
710201104 1.5187078714370728
712237637 1.5180476903915405
714266208 1.5304893255233765
716356443 1.5590472221374512
718375484 1.59534752368927
720370387 1.5847194194793701
722483524 1.5679327249526978
724434113 1.5410841703414917
726446193 1.5217496156692505
728477445 1.5219756364822388
730509724 1.5109807252883911
732535222 1.5156244039535522
734603672 1.5180970430374146
736616184 1.556632399559021
738674249 1.5890945196151733
740664985 1.5767015218734741
742668459 1.557839274406433
744798792 1.5320425033569336
746814442 1.5111273527145386
748815563 1.515445590019226
750850952 1.5080715417861938
752826711 1.5094929933547974
754913892 1.5197339057922363
756976627 1.5548293590545654
758983098 1.5851143598556519
761147678 1.5717090368270874
763204312 1.5514979362487793
765213920 1.5323231220245361
767243462 1.5107330083847046
770180409 1.5181856155395508
772300387 1.5063400268554688
775480229 1.5143165588378906
777547995 1.5741605758666992
779651634 1.5899832248687744
781801261 1.5688618421554565
783792616 1.5421100854873657
785857781 1.5255118608474731
787959799 1.5150214433670044
790024630 1.509943962097168
792713904 1.5084927082061768
795168245 1.5278745889663696
797183171 1.5631335973739624
799226754 1.587546706199646
801346102 1.575931191444397
803344832 1.5442078113555908
805426037 1.525268793106079
807432810 1.5109190940856934
809414404 1.51663339138031
811705951 1.5059353113174438
813934589 1.5042686462402344
816026211 1.5417044162750244
817971224 1.5732471942901611
820014319 1.5766109228134155
822435431 1.5560946464538574
824483877 1.5230381488800049
826459515 1.5047924518585205
828588677 1.510238528251648
830597301 1.5053257942199707
832683568 1.5015535354614258
834698315 1.5162497758865356
836696435 1.5498465299606323
838755935 1.5868726968765259
841254295 1.5814194679260254
843176170 1.5570584535598755
845236746 1.5325323343276978
847249311 1.515663743019104
849315003 1.5209698677062988
851283367 1.5106620788574219
853322358 1.5077626705169678
855368309 1.5326097011566162
857394432 1.5764212608337402
859386410 1.5894675254821777
861444643 1.5739624500274658
863813349 1.5471218824386597
865863529 1.5238230228424072
867884346 1.5195581912994385
869885512 1.5094175338745117
871962448 1.5058594942092896
873940324 1.5169134140014648
876034836 1.5415769815444946
878294305 1.5834027528762817
880602741 1.5762927532196045
882641399 1.5645759105682373
884674796 1.5387719869613647
886692406 1.5171653032302856
888712046 1.5227024555206299
890778164 1.509954571723938
892783837 1.5131568908691406
894812821 1.5280007123947144
896832122 1.5619995594024658
898874367 1.5953178405761719
900878870 1.5811601877212524
904989833 1.5630145072937012
906994705 1.5197359323501587
909015712 1.5229499340057373
911066457 1.5203286409378052
913090191 1.515671730041504
915103013 1.5315778255462646
917143665 1.5639574527740479
919136073 1.5922577381134033
921196400 1.57793128490448
923240756 1.5601199865341187
925239710 1.5295904874801636
927305457 1.5096173286437988
929323760 1.5173203945159912
931317496 1.5043212175369263
933976850 1.4975203275680542
935940429 1.5380011796951294
937987596 1.5725312232971191
940007622 1.5794310569763184
942016104 1.565091848373413
944045217 1.5372833013534546
946073613 1.515895128250122
948105554 1.5128260850906372
950133959 1.5101391077041626
952162435 1.5086755752563477
954176652 1.5111660957336426
956417287 1.5448589324951172
958464913 1.583778977394104
960445629 1.5829195976257324
962571509 1.5660706758499146
964544281 1.5390194654464722
966914520 1.5181483030319214
969042178 1.5208181142807007
971056947 1.507952094078064
973567174 1.5061726570129395
975547273 1.5376496315002441
977587717 1.570553183555603
979615963 1.5797055959701538
982342061 1.5606331825256348
984367191 1.5340641736984253
986401908 1.508185863494873
988412556 1.5050281286239624
990441771 1.5036495923995972
992449526 1.5052088499069214
994504555 1.511193871498108
996535467 1.542766809463501
998528751 1.57930588722229
825286 1.5650290250778198
2819502 1.548683762550354
4854233 1.5273162126541138
6980049 1.505130648612976
8973053 1.5109399557113647
11050123 1.5033375024795532
13118251 1.5003153085708618
15100151 1.517926812171936
17565084 1.557104229927063
19553574 1.582005500793457
21594321 1.5649458169937134
23624531 1.5348050594329834
25658254 1.5157604217529297
27679700 1.5065394639968872
29717907 1.5063588619232178
31746716 1.5019267797470093
33752940 1.5025514364242554
35771576 1.5313985347747803
37831094 1.5686293840408325
39847347 1.5708061456680298
41919726 1.5586036443710327
43917759 1.5350565910339355
45901798 1.5115225315093994
47934942 1.5011417865753174
49971844 1.4984233379364014
51987981 1.4963799715042114
54029694 1.4970588684082031
56045255 1.5335581302642822
58064094 1.572321891784668
60160010 1.577270746231079
62420229 1.5580064058303833
64187775 1.531050682067871
66564165 1.5135648250579834
68594764 1.5140737295150757
71224323 1.51075279712677
74608681 1.5194064378738403
76619653 1.5559284687042236
78685043 1.5811076164245605
80666957 1.5789906978607178
82699008 1.5614161491394043
84751304 1.53366219997406
86756019 1.5096572637557983
88792704 1.516874074935913
90820850 1.5074697732925415
92854583 1.505816102027893
94969545 1.5206732749938965
97037348 1.566033124923706
99053935 1.5873855352401733
101083666 1.5713419914245605
103203120 1.554834008216858
105287632 1.5294424295425415
107320921 1.50889253616333
109340865 1.5115602016448975
111349382 1.5044702291488647
113394468 1.5052708387374878
115506555 1.528237223625183
117458316 1.572282314300537
119511799 1.5874565839767456
121542555 1.5713152885437012
123571759 1.548176646232605
125597034 1.521026849746704
127608867 1.5064507722854614
130013254 1.5055984258651733
132057544 1.499144434928894
134052452 1.5069535970687866
136048320 1.5405030250549316
138117877 1.5756511688232422
140143455 1.5812686681747437
142217243 1.5645816326141357
144189009 1.5340802669525146
146233364 1.511885404586792
148233224 1.5057746171951294
150266502 1.507354497909546
152290079 1.5090488195419312
154331066 1.5177688598632812
156341704 1.552319049835205
158381471 1.5815610885620117
160397756 1.5780938863754272
162422335 1.5667017698287964
164484515 1.5345410108566284
166468796 1.5184972286224365
168483623 1.5096750259399414
170515532 1.5077811479568481
172558972 1.50239098072052
174663829 1.5134304761886597
176668440 1.5522589683532715
178716774 1.5821778774261475
180720596 1.5765184164047241
183930491 1.5562753677368164
184781018 1.5259525775909424
186828099 1.5096087455749512
188840581 1.5221236944198608
190876481 1.51313054561615
192875277 1.5180575847625732
195307240 1.526431918144226
197315910 1.5733590126037598
199323687 1.59763765335083
201349602 1.5834646224975586
203380687 1.5647448301315308
205391894 1.53654146194458
207441845 1.5198034048080444
209454014 1.5314439535140991
211472134 1.5158581733703613
213490972 1.5177363157272339
215562522 1.5444401502609253
217591651 1.5778522491455078
219598895 1.5954985618591309
221619886 1.582763433456421
223663577 1.550473928451538
225664580 1.5304774045944214
227709326 1.5168325901031494
229728240 1.5174199342727661
231747630 1.5109554529190063
233782619 1.5125164985656738
235810232 1.5362650156021118
237919473 1.578113317489624
239976514 1.5889599323272705
243061727 1.57362699508667
244774707 1.5409356355667114
246824148 1.5166749954223633
249838013 1.5253312587738037
251236859 1.5156311988830566
253215881 1.5080201625823975
255239840 1.5274336338043213
257268669 1.5666537284851074
259327396 1.5939278602600098
261316459 1.576947569847107
263386098 1.5568393468856812
265436876 1.53276789188385
267448340 1.513405203819275
269474661 1.5247873067855835
271568449 1.5092109441757202
273540135 1.5138359069824219
275647317 1.535665512084961
277669034 1.5824395418167114
279616758 1.5963938236236572
281661397 1.5789234638214111
283743911 1.5554293394088745
285761510 1.5333335399627686
287810778 1.5253483057022095
292136966 1.5113619565963745
294034625 1.5118271112442017
296096794 1.5456569194793701
298097379 1.5779553651809692
301632985 1.5825533866882324
303668751 1.5416538715362549
305696879 1.5149292945861816
307753290 1.5024523735046387
309767667 1.5078626871109009
311798480 1.5051852464675903
313800981 1.5008047819137573
315848748 1.5310474634170532
317851601 1.5792360305786133
319888254 1.5839824676513672
321952251 1.5681180953979492
324077909 1.5404845476150513
326104653 1.5200185775756836
328129404 1.5183427333831787
330174791 1.513038992881775
332214501 1.5043526887893677
334190799 1.5133110284805298
336229662 1.543593406677246
338289154 1.5805726051330566
340265076 1.5744842290878296
343026891 1.561983346939087
344584924 1.5264232158660889
346580777 1.502689242362976
348617974 1.510270118713379
350652862 1.505865216255188
352679758 1.5000344514846802
354701923 1.5153954029083252
356705982 1.5484325885772705
358757285 1.5804245471954346
360801168 1.5749565362930298
363013776 1.559748649597168
364991208 1.5218889713287354
367024726 1.5103521347045898
369062448 1.5162535905838013
371273332 1.5058501958847046
373233707 1.5043368339538574
375255346 1.5202577114105225
377295215 1.560376524925232
379336530 1.5858834981918335
381379934 1.5672180652618408
383364845 1.5416114330291748
385413877 1.5166064500808716
387441608 1.5033355951309204
389444149 1.5041652917861938
391478473 1.5000947713851929
393488829 1.5034888982772827
395529282 1.5213875770568848
397626263 1.5629264116287231
399597979 1.5822532176971436
403823118 1.563562273979187
405912738 1.5181891918182373
407935297 1.5115574598312378
409976812 1.504448652267456
411958849 1.5038007497787476
414010781 1.5036805868148804
416010087 1.5346343517303467
418038306 1.5722817182540894
420393319 1.5764775276184082
422715114 1.5519579648971558
425245501 1.5160341262817383
427298676 1.499552607536316
429314744 1.5063072443008423
431342558 1.4993315935134888
433340023 1.494073510169983
435416056 1.5214322805404663
437392039 1.560117244720459
439427595 1.5799438953399658
441464738 1.5661152601242065
443509485 1.5489197969436646
445525934 1.524565577507019
447554674 1.511793851852417
449577814 1.5178582668304443
451646211 1.5089751482009888
453644188 1.5072119235992432
456455151 1.5522079467773438
458676137 1.58197021484375
462128802 1.5755627155303955
462759433 1.5593173503875732
464846252 1.5315275192260742
466882879 1.509077787399292
470352313 1.5157016515731812
472407390 1.5108747482299805
474406402 1.5168737173080444
476420294 1.5444958209991455
478441325 1.586251974105835
480489923 1.5808970928192139
482512795 1.570929765701294
485198165 1.5356239080429077
487187480 1.516144037246704
489198124 1.521601915359497
491239370 1.51131010055542
493266626 1.5122357606887817
495332443 1.5270822048187256
497307806 1.5667015314102173
499398083 1.5848294496536255
501521895 1.5789300203323364
503629308 1.5511127710342407
505693494 1.5239863395690918
507666943 1.5115342140197754
509706842 1.5154749155044556
511747262 1.5033890008926392
513745401 1.5060926675796509
516007893 1.5355545282363892
517988069 1.573122501373291
520022650 1.5831537246704102
522027855 1.5744733810424805
524100865 1.5485236644744873
526150850 1.525214672088623
528327865 1.521507740020752
530444588 1.5150372982025146
533598876 1.512272834777832
535609603 1.539098858833313
537631769 1.5746455192565918
539659836 1.587479829788208
541707094 1.5741838216781616
544402354 1.539650797843933
546431596 1.5203418731689453
548475920 1.5167748928070068
550509419 1.5119171142578125
552492765 1.507712721824646
554513060 1.5174424648284912
556596708 1.5457037687301636
558574218 1.5812572240829468
561234075 1.5748264789581299
563849484 1.5609962940216064
565908398 1.5263373851776123
567977318 1.5143204927444458
569947784 1.5122405290603638
571999267 1.506605863571167
575624491 1.5143216848373413
577578912 1.5723509788513184
580272715 1.5823744535446167
582361102 1.5644404888153076
584347700 1.5416996479034424
586425295 1.5167524814605713
588428647 1.5127767324447632
590682046 1.5136533975601196
592863162 1.5143674612045288
594908641 1.516619324684143
596939451 1.5533514022827148
598970907 1.5884571075439453
601591416 1.574202299118042
603595362 1.554674744606018
605640274 1.5335752964019775
607808037 1.5204551219940186
609795634 1.5240764617919922
611915686 1.514974594116211
613837579 1.5113810300827026
615862183 1.5450936555862427
617918606 1.5807691812515259
619967822 1.5921199321746826
622223205 1.5712306499481201
626754185 1.515360713005066
628769073 1.5169920921325684
630851240 1.5154509544372559
632837603 1.5091696977615356
636159139 1.5176206827163696
638639370 1.58918035030365
642199734 1.5832393169403076
644675555 1.543172836303711
646751475 1.526921033859253
648843067 1.5235211849212646
650930742 1.5158624649047852
653093874 1.5194447040557861
656141521 1.5277117490768433
658298405 1.588719367980957
660376932 1.590320110321045
662391477 1.5732994079589844
664713750 1.5427507162094116
666758613 1.5206923484802246
668845731 1.5229588747024536
670843342 1.5157917737960815
672888856 1.5229413509368896
674907891 1.5257083177566528
676964405 1.5616246461868286
678984772 1.60213041305542
681052102 1.5890693664550781
683033744 1.5698109865188599
685217225 1.5536224842071533
687229232 1.5289000272750854
689300347 1.5350182056427002
691812744 1.5265699625015259
694345211 1.5258384943008423
696339993 1.5663485527038574
699258810 1.6008386611938477
701312193 1.5844883918762207
703303725 1.5638447999954224
705357524 1.5341460704803467
707335641 1.5184637308120728
709936756 1.5249124765396118
711540327 1.511826515197754
713599021 1.5126506090164185
715599682 1.5297279357910156
717614030 1.5685844421386719
719630348 1.5885257720947266
721701198 1.5758085250854492
723687621 1.5565849542617798
725716291 1.5266389846801758
727738928 1.5163192749023438
729770991 1.5242657661437988
731802033 1.5153456926345825
733810934 1.5096803903579712
735856216 1.5420358180999756
737920574 1.5861999988555908
739972033 1.5936431884765625
742004126 1.5801913738250732
744015690 1.5481261014938354
746015725 1.5288853645324707
748073084 1.5189069509506226
750352452 1.5200071334838867
752474516 1.5099767446517944
755091322 1.5186930894851685
757145094 1.5582332611083984
759141101 1.5910139083862305
761206383 1.5870754718780518
763260907 1.5688871145248413
765306546 1.5443648099899292
767304439 1.5191351175308228
769311686 1.5299805402755737
771419208 1.5182439088821411
773404692 1.5177760124206543
775636598 1.5389468669891357
777785985 1.5792396068572998
779829149 1.5940613746643066
782171246 1.5762137174606323
784218637 1.5456233024597168
786219170 1.5223875045776367
788248858 1.5218863487243652
790272079 1.5139826536178589
792289640 1.509166955947876
794399494 1.5119411945343018
796384857 1.5488899946212769
798390642 1.583744764328003
800385426 1.5826869010925293
802654438 1.5689363479614258
804695972 1.5438308715820312
806703834 1.5217843055725098
808721284 1.5236397981643677
811110722 1.5137193202972412
813129530 1.5125350952148438
815123963 1.5254974365234375
817170005 1.564486026763916
819188134 1.594199299812317
821210658 1.5800158977508545
823231942 1.5562074184417725
825253237 1.531150460243225
827354899 1.510560154914856
829369344 1.512718677520752
831364986 1.5074225664138794
833426834 1.5045812129974365
835425616 1.5167485475540161
837455645 1.5562896728515625
839700289 1.58474600315094
842426853 1.5633527040481567
844455295 1.542699933052063
848160347 1.516055941581726
850142213 1.5145056247711182
852163456 1.5146336555480957
854204841 1.513014316558838
856191438 1.5493383407592773
858208694 1.5843559503555298
860302571 1.5867390632629395
862321731 1.5718390941619873
864280249 1.5438737869262695
866312508 1.5205473899841309
868336692 1.5163586139678955
870415941 1.517902135848999
872413364 1.5107121467590332
874430661 1.5148837566375732
876435776 1.5448545217514038
878466085 1.5813922882080078
880515330 1.5803637504577637
882542821 1.5655481815338135
884580544 1.5415403842926025
886617096 1.5165060758590698
888632632 1.5134531259536743
890654887 1.509921908378601
892706529 1.50678288936615
894692829 1.5148745775222778
896737407 1.5588181018829346
898868812 1.5839509963989258
900883183 1.5746586322784424
902970247 1.5553778409957886
904945473 1.526875615119934
907047993 1.505946397781372
909102931 1.5041053295135498
911475198 1.5063258409500122
913189398 1.4981966018676758
915180789 1.5115957260131836
917177290 1.545723795890808
919214510 1.5705807209014893
921469091 1.5582568645477295
923266612 1.545502781867981
925305155 1.5136432647705078
927356252 1.5034300088882446
929481798 1.506699562072754
931437039 1.4972487688064575
933448960 1.4994124174118042
935485442 1.5242620706558228
937559709 1.5602481365203857
939542019 1.5826916694641113
941586745 1.572152853012085
943594310 1.543481707572937
945650509 1.5225807428359985
947665755 1.509203314781189
949667910 1.509913444519043
951688802 1.5030903816223145
953757875 1.4955840110778809
955750951 1.5255913734436035
957796696 1.5612825155258179
960001404 1.5755022764205933
961958992 1.5580377578735352
963981191 1.5368624925613403
966070450 1.5174468755722046
968079540 1.5034198760986328
970055061 1.503251075744629
972093778 1.5023446083068848
974110971 1.5006706714630127
976156659 1.5417563915252686
978290914 1.5782594680786133
980387104 1.5811599493026733
982397650 1.569283366203308
984465037 1.54014253616333
986456696 1.5182627439498901
988524707 1.5186320543289185
990499759 1.5163781642913818
992556117 1.5154683589935303
994553506 1.5165166854858398
996639561 1.5500757694244385
998607426 1.5839362144470215
616996 1.585648536682129
2653026 1.5714384317398071
4744128 1.53975510597229
6834621 1.5154668092727661
8832242 1.5204243659973145
11382484 1.5106761455535889
13360693 1.5139819383621216
15400115 1.5286811590194702
17442960 1.566401720046997
19463753 1.5928341150283813
21975647 1.5801937580108643
24790217 1.5303292274475098
26850616 1.5093311071395874
28902016 1.5142990350723267
30949535 1.5051114559173584
32960095 1.5013097524642944
34990395 1.5105230808258057
36974344 1.5496140718460083
39005774 1.5791921615600586
41240344 1.571015477180481
43119966 1.5502922534942627
45127744 1.534003734588623
47128071 1.5081346035003662
49161395 1.5144708156585693
51219717 1.5113463401794434
53206825 1.5102049112319946
55284051 1.5288602113723755
57252787 1.5671603679656982
59338502 1.5931841135025024
62365010 1.5794708728790283
65248289 1.5347752571105957
67287292 1.5162893533706665
69567338 1.523267149925232
71621420 1.5110037326812744
73624245 1.510310411453247
75655614 1.531671166419983
77947225 1.5703974962234497
80444477 1.5825564861297607
82760202 1.566216230392456
84807319 1.5353401899337769
86950226 1.5160764455795288
88911406 1.512500286102295
90950822 1.505946397781372
92962756 1.5044689178466797
94971192 1.5154781341552734
96986912 1.5534789562225342
99064117 1.5806660652160645
101058761 1.577077865600586
103076322 1.5533803701400757
105130651 1.531466007232666
107167000 1.5014063119888306
109179677 1.5161857604980469
111165130 1.5055972337722778
113195462 1.504759430885315
115247580 1.516361951828003
117279234 1.5560529232025146
119290247 1.5818729400634766
121367692 1.5679582357406616
123669898 1.5524746179580688
125684498 1.521079421043396
127725182 1.505098819732666
129749841 1.5112788677215576
131774554 1.50643789768219
133826529 1.5024906396865845
136006131 1.5342313051223755
138021168 1.5736571550369263
140049063 1.578971266746521
142081404 1.560496211051941
144083123 1.5357880592346191
146129262 1.5139776468276978
148158960 1.506044864654541
150213132 1.509431004524231
152214774 1.5024837255477905
154239794 1.500205636024475
156246832 1.5285383462905884
158285450 1.571760892868042
160299460 1.5650891065597534
162386415 1.56087064743042
164464634 1.5324382781982422
166489678 1.5120753049850464
168489482 1.5052558183670044
170558725 1.495523452758789
172534975 1.491245985031128
174556674 1.5004396438598633
176612250 1.5404996871948242
178620728 1.5734010934829712
181323002 1.5693320035934448
183272552 1.5399914979934692
185256738 1.5183470249176025
187307111 1.4996424913406372
189356796 1.5069698095321655
191347592 1.4938324689865112
193388913 1.4946551322937012
195404705 1.5136981010437012
197425313 1.5453201532363892
199504600 1.5725151300430298
201526993 1.5600450038909912
203491236 1.5405714511871338
205524069 1.5200728178024292
207598342 1.4986600875854492
209590444 1.5085196495056152
211770474 1.5024241209030151
213637025 1.4988446235656738
215747711 1.5290638208389282
217677548 1.5660886764526367
219710750 1.584563970565796
221727099 1.5711867809295654
223767749 1.5427746772766113
225792996 1.520345687866211
227846956 1.510208010673523
229874958 1.5116114616394043
231875162 1.5046002864837646
233912950 1.4987128973007202
235921464 1.5299460887908936
237940747 1.571010947227478
239981714 1.580967903137207
241984919 1.5665817260742188
244022152 1.5437175035476685
246049418 1.5235651731491089
248107819 1.5107454061508179
250110959 1.5148062705993652
252146730 1.505892038345337
254159380 1.5103105306625366
256167353 1.5423502922058105
258199904 1.5815000534057617
260261035 1.5919784307479858
262264445 1.5797137022018433
264286854 1.5441789627075195
266332676 1.532637357711792
268342557 1.518425464630127
270376595 1.5213046073913574
272441191 1.5144586563110352
274417446 1.5210726261138916
276467181 1.5469621419906616
278498120 1.5887178182601929
280511861 1.5903382301330566
282913265 1.5714272260665894
284876422 1.5461345911026
286901687 1.5266255140304565
288966371 1.5265601873397827
290957288 1.5176924467086792
293022438 1.5143793821334839
294999613 1.5328718423843384
297035964 1.568712592124939
299069765 1.5973539352416992
301088366 1.5901027917861938
303129031 1.5672595500946045
305137497 1.5357195138931274
307184718 1.5164470672607422
309183104 1.5167980194091797
311203211 1.5086208581924438
313263506 1.5057178735733032
315277996 1.5178431272506714
317299089 1.5530192852020264
319420941 1.579337477684021
321473551 1.5661859512329102
323443591 1.5467579364776611
325468530 1.5275522470474243
327493419 1.506955623626709
329534384 1.5187045335769653
331578386 1.5079317092895508
333558885 1.5050822496414185
335586234 1.5265752077102661
337626019 1.5646957159042358
339664861 1.5893778800964355
341669371 1.5720384120941162
343705045 1.5496134757995605
345744939 1.523475170135498
347754225 1.5140659809112549
349774071 1.5144994258880615
351863437 1.5001654624938965
353837078 1.5023740530014038
355869699 1.523720622062683
357907616 1.5620198249816895
359984700 1.5820691585540771
361995181 1.563446283340454
364059763 1.5434012413024902
366066228 1.5234166383743286
368081545 1.512017846107483
370114401 1.515931248664856
372135487 1.5116922855377197
374174082 1.512905478477478
376195353 1.543269395828247
378207628 1.583819031715393
380231319 1.5889253616333008
382267376 1.5753493309020996
384301826 1.5422688722610474
386315777 1.5260672569274902
388353523 1.5186723470687866
390451276 1.5174624919891357
392580104 1.5144286155700684
394787409 1.5216697454452515
396814865 1.5515269041061401
398884927 1.5892375707626343
400880369 1.5838873386383057
402987619 1.570908546447754
404996582 1.5383256673812866
407035913 1.5165446996688843
409009417 1.5209258794784546
411058824 1.5142040252685547
413095213 1.5183005332946777
415115949 1.5275676250457764
417172910 1.5643974542617798
419195828 1.596024990081787
421171406 1.5837429761886597
423223713 1.5668883323669434
425260665 1.5360264778137207
427269893 1.5189826488494873
429317591 1.52021324634552
431330541 1.5141699314117432
433329663 1.5112065076828003
435399900 1.5232815742492676
437431264 1.559610366821289
439413638 1.5883965492248535
441437761 1.5686684846878052
443524260 1.5556801557540894
445515108 1.5297770500183105
447532293 1.5145766735076904
449573203 1.5142161846160889
451647169 1.5092148780822754
453593242 1.5072849988937378
455632760 1.5321109294891357
457633860 1.5723153352737427
459683015 1.5969587564468384
461715049 1.5798479318618774
463731949 1.553536295890808
465802263 1.5331696271896362
467804937 1.5216625928878784
469787249 1.5222457647323608
471859363 1.5116167068481445
473848448 1.5103460550308228
475882201 1.534350872039795
477931290 1.5774840116500854
479961611 1.5878772735595703
481960534 1.5746595859527588
483979007 1.554558515548706
486008775 1.5262571573257446
488030798 1.5145074129104614
490112912 1.5162367820739746
492132330 1.51042640209198
494108058 1.509020447731018
496161309 1.5383440256118774
498235465 1.5773019790649414
500227540 1.5833812952041626
502232406 1.5641826391220093
504250637 1.5338022708892822
506292693 1.5145355463027954
508332733 1.5049058198928833
510350284 1.5001105070114136
512354177 1.5020169019699097
514375502 1.5049364566802979
516416922 1.533874750137329
518448763 1.5744857788085938
520458224 1.5757887363433838
522710128 1.5658825635910034
524628787 1.5397337675094604
526679529 1.5145026445388794
528738292 1.509772539138794
532060792 1.5082756280899048
534081938 1.509548544883728
536137108 1.5377986431121826
538152566 1.5800466537475586
540177378 1.587880253791809
542211150 1.5679540634155273
544248071 1.542272686958313
546283131 1.5160675048828125
548302432 1.5098583698272705
550367416 1.4989161491394043
552385248 1.4956941604614258
554388627 1.4922140836715698
556414176 1.5276702642440796
558442174 1.5686089992523193
560483195 1.56391179561615
562558750 1.5520976781845093
564571097 1.5256391763687134
566816984 1.5003973245620728
568807402 1.4958430528640747
570834962 1.4941929578781128
572864100 1.4939353466033936
574905388 1.5009524822235107
576922062 1.544785976409912
578931081 1.5775303840637207
580989741 1.5686476230621338
583079980 1.5495270490646362
585062386 1.5156344175338745
587039341 1.5030889511108398
589087202 1.5100847482681274
591107461 1.4995405673980713
593172429 1.4954386949539185
595193975 1.5086725950241089
597179012 1.543091058731079
599203034 1.5694811344146729
601918709 1.5627498626708984
603932215 1.534430742263794
605957988 1.5174936056137085
608026250 1.5043715238571167
610132335 1.5104784965515137
612097267 1.5031511783599854
614144072 1.502548098564148
616143300 1.5289500951766968
618168901 1.5668773651123047
620210969 1.5755491256713867
622235529 1.5527048110961914
624284244 1.5293169021606445
626966853 1.4985361099243164
629020602 1.4968596696853638
631002577 1.4948230981826782
633036870 1.4914370775222778
635090576 1.501367211341858
637084522 1.5324923992156982
639110161 1.5702874660491943
641135765 1.5679092407226562
643157805 1.549809455871582
645190073 1.5236189365386963
647200758 1.506019115447998
649267536 1.5126938819885254
651420161 1.506972312927246
653457585 1.5038553476333618
655523640 1.521671175956726
657497539 1.5611069202423096
659520299 1.5907734632492065
661552758 1.5718941688537598
663581709 1.5500627756118774
665611260 1.5204130411148071
667624707 1.5066049098968506
669693742 1.5127595663070679
671698887 1.5002870559692383
673740108 1.4932066202163696
675758787 1.5166099071502686
677800398 1.551923155784607
679782550 1.572554349899292
681922006 1.5587321519851685
683926231 1.531463623046875
685933726 1.5075759887695312
687957948 1.4971860647201538
689967632 1.497679352760315
691992696 1.4868141412734985
694011818 1.4981563091278076
696043689 1.5218935012817383
698052607 1.5698381662368774
700083785 1.5790642499923706
702126742 1.563086986541748
704147197 1.5397416353225708
706162967 1.5168877840042114
708188878 1.5065793991088867
710209770 1.511393666267395
712262352 1.501520037651062
714259686 1.5061578750610352
716288281 1.5339751243591309
718346276 1.5691725015640259
720360073 1.578964352607727
722395291 1.566506266593933
724416391 1.5392276048660278
726534130 1.5156773328781128
728525503 1.508555293083191
730539848 1.5054570436477661
732586384 1.498226284980774
734625178 1.513996958732605
736632474 1.5472006797790527
738645601 1.586397409439087
740690643 1.5770459175109863
742742178 1.5641322135925293
744733747 1.5351507663726807
746738798 1.511108636856079
748797626 1.5116389989852905
750886768 1.5080037117004395
752828145 1.5016227960586548
754848808 1.5072801113128662
756866131 1.5334287881851196
758969667 1.5683934688568115
760961792 1.5654017925262451
763139377 1.5526256561279297
765158447 1.5215141773223877
767167056 1.5019054412841797
769169817 1.5122627019882202
771181610 1.5022695064544678
773221299 1.5047043561935425
775276478 1.514840841293335
777285336 1.5548970699310303
779353230 1.5931360721588135
781345364 1.5791375637054443
783400648 1.5587897300720215
785431906 1.536242961883545
787422922 1.5119773149490356
789462046 1.5243844985961914
791477887 1.512500524520874
793500968 1.5072015523910522
795580677 1.525362491607666
797565479 1.562432885169983
799669464 1.5873370170593262
801761828 1.5780965089797974
803753501 1.5556176900863647
805806512 1.5307562351226807
807875064 1.5145530700683594
810015226 1.5132249593734741
812004498 1.507868766784668
814007123 1.5111998319625854
816052557 1.5356390476226807
818054693 1.573110818862915
820059598 1.5865916013717651
822098541 1.57013738155365
824111827 1.545735239982605
826146694 1.5276296138763428
828160670 1.515572190284729
830204730 1.515712857246399
832229726 1.5170081853866577
834238036 1.5124262571334839
836279012 1.547223687171936
838298991 1.5843685865402222
840320301 1.5885621309280396
842336139 1.5763065814971924
844378270 1.5563340187072754
846425296 1.5256773233413696
848419500 1.5163140296936035
850466756 1.516566276550293
852472569 1.5090389251708984
854540405 1.5094815492630005
856549692 1.5473774671554565
858580864 1.5864710807800293
860606138 1.5792264938354492
862629491 1.5686774253845215
864654709 1.5352668762207031
866669161 1.5168354511260986
868722945 1.5104951858520508
870753208 1.5110114812850952
872772171 1.502976894378662
874772930 1.5063977241516113
876800178 1.5388590097427368
878847365 1.5745089054107666
880889174 1.5685129165649414
882879728 1.5609252452850342
884918169 1.536102533340454
886918224 1.5106720924377441
888941954 1.5162973403930664
890981498 1.505584955215454
893013602 1.5084455013275146
895066074 1.516016960144043
897062324 1.5548040866851807
899079316 1.5895048379898071
901129085 1.5827170610427856
903125080 1.5637884140014648
905148708 1.5353764295578003
907178195 1.5157188177108765
909205364 1.5132943391799927
911249366 1.5128858089447021
913264628 1.509057641029358
915334759 1.5186741352081299
917312668 1.5538928508758545
919336695 1.58433198928833
921359380 1.5800702571868896
923392840 1.5595635175704956
925489166 1.53451669216156
927452701 1.5129201412200928
929480400 1.5236866474151611
931507376 1.5152931213378906
933516516 1.5129871368408203
935585736 1.5300545692443848
937614496 1.5675106048583984
939626722 1.5915193557739258
941618786 1.5770565271377563
943651897 1.5571999549865723
945671079 1.529841423034668
947778886 1.5137940645217896
949730345 1.5239570140838623
951746763 1.5128247737884521
953782489 1.5078530311584473
955847895 1.5297974348068237
957841500 1.5704644918441772
959907028 1.5900061130523682
961899159 1.5755043029785156
963938321 1.5536478757858276
965946881 1.5246970653533936
967967464 1.5133193731307983
970412325 1.511700987815857
972445671 1.5082966089248657
974531449 1.5057768821716309
976496449 1.5425866842269897
978565701 1.5753923654556274
980610719 1.582995057106018
982580898 1.5644644498825073
984630402 1.5405795574188232
986633359 1.51569402217865
988656974 1.509999394416809
990681585 1.5075523853302002
992733006 1.5034880638122559
994735163 1.5081850290298462
996777213 1.5500296354293823
998819427 1.580452799797058
1434130 1.5723598003387451
3464958 1.554452657699585
6249451 1.5310702323913574
8224436 1.5187312364578247
10221618 1.5157607793807983
12344607 1.5076634883880615
14349298 1.5056698322296143
16374883 1.5416043996810913
18427949 1.5821638107299805
20451618 1.5849103927612305
22534659 1.5643432140350342
24620847 1.5386441946029663
26638005 1.5204098224639893
28644231 1.5164304971694946
30687567 1.51688814163208
32699903 1.5058139562606812
34854885 1.5111325979232788
36841496 1.5423389673233032
38867386 1.5842260122299194
40877602 1.5751934051513672
43015498 1.568886160850525
45072812 1.5366723537445068
47062300 1.518310785293579
49066638 1.524061918258667
51102963 1.5085046291351318
53132428 1.5130099058151245
55167220 1.5222259759902954
57189047 1.5598654747009277
59208314 1.5913320779800415
61259504 1.5859583616256714
63265176 1.569137692451477
65308776 1.5362573862075806
67296207 1.5148297548294067
69433035 1.5221855640411377
72135190 1.514402985572815
74152951 1.5081267356872559
76172490 1.5360549688339233
78205607 1.5812206268310547
80227228 1.5831068754196167
82248276 1.5719802379608154
84293422 1.550841212272644
86337472 1.5301545858383179
88327320 1.5261238813400269
90358184 1.521507740020752
92402116 1.516422986984253
94451649 1.516870379447937
96449788 1.552137017250061
98479405 1.5897493362426758
100514361 1.5922434329986572
102550327 1.5811594724655151
104535459 1.5503020286560059
106572603 1.527017593383789
108650271 1.5229843854904175
110621588 1.52281653881073
112636578 1.5128422975540161
114685306 1.5194091796875
116698714 1.554561734199524
118731369 1.5930908918380737
120782997 1.591377854347229
122812123 1.5780069828033447
124801526 1.5501900911331177
126831818 1.5285072326660156
128872953 1.528085470199585
130906351 1.5225945711135864
132904317 1.5197548866271973
134932480 1.523964762687683
136971675 1.5572988986968994
138978179 1.5933493375778198
141001769 1.584542989730835
143069107 1.5696442127227783
145077520 1.543918490409851
147081883 1.5211615562438965
149105223 1.5199663639068604
151176624 1.5156828165054321
153164968 1.5117353200912476
155183215 1.5222586393356323
157251511 1.5531710386276245
159268770 1.583592414855957
161270768 1.582671880722046
163287453 1.557775855064392
165333672 1.5309627056121826
167351253 1.5040502548217773
169400493 1.513639211654663
171400542 1.502677083015442
173439288 1.5012904405593872
175454031 1.5160821676254272
177469742 1.5574774742126465
179490609 1.5817594528198242
181647574 1.5762242078781128
183582874 1.5589978694915771
185576565 1.529929757118225
187622601 1.5088123083114624
189634916 1.524824619293213
191666394 1.5110392570495605
193682827 1.508159875869751
195721486 1.523134708404541
197722569 1.5592575073242188
199747047 1.5819756984710693
201789876 1.5653547048568726
203826775 1.5435956716537476
205848545 1.5197384357452393
207865682 1.50057852268219
211811856 1.5066341161727905
213780964 1.4995070695877075
215812618 1.5199185609817505
217841494 1.5651582479476929
219869138 1.5844709873199463
221915135 1.5683472156524658
224035504 1.5427098274230957
226070893 1.525055170059204
228107158 1.5085948705673218
230112015 1.51210355758667
232188651 1.5072674751281738
234240101 1.5101377964019775
236242295 1.5362513065338135
238258529 1.5776212215423584
240365396 1.590636968612671
242930922 1.5751029253005981
244382589 1.5494493246078491
246412704 1.5272510051727295
248413597 1.5164653062820435
250899114 1.5228599309921265
252806805 1.520470380783081
254832590 1.5260149240493774
256889205 1.562144160270691
258888625 1.5953748226165771
260913549 1.587202548980713
263316960 1.5677871704101562
265336346 1.5437954664230347
269560717 1.5244871377944946
271739587 1.519097924232483
273746108 1.5123720169067383
275786238 1.5308141708374023
277806312 1.5633739233016968
279820602 1.591654896736145
281832715 1.568919062614441
290694831 1.5514883995056152
292758991 1.5032531023025513
294775145 1.5065234899520874
296815704 1.5418856143951416
298856510 1.5818849802017212
301923566 1.576953649520874
303802860 1.5506879091262817
305812996 1.5296244621276855
308330715 1.511598825454712
310393734 1.5148817300796509
312386879 1.5101410150527954
314396567 1.5045315027236938
316419378 1.5407637357711792
318461930 1.5812078714370728
320524196 1.580510139465332
322549573 1.5701487064361572
324520365 1.5438661575317383
326548965 1.522979736328125
328594152 1.5116338729858398
330606210 1.5045349597930908
332708179 1.500595211982727
334681887 1.502062201499939
336748343 1.5377815961837769
338757551 1.5753889083862305
340824344 1.5677447319030762
342847145 1.5569990873336792
344908265 1.5246182680130005
346906148 1.504817247390747
348929698 1.5023127794265747
350951413 1.496843695640564
352950273 1.4940379858016968
354978200 1.5001592636108398
357026672 1.5404505729675293
359087777 1.5720010995864868
361356080 1.5664056539535522
363363163 1.5559589862823486
365399114 1.534301519393921
367387646 1.5085877180099487
369427519 1.5153297185897827
371488808 1.5063457489013672
373477043 1.507473111152649
375498361 1.5258415937423706
377511413 1.562865138053894
379554620 1.5974128246307373
381572199 1.5870610475540161
383590867 1.5622661113739014
385616534 1.530515193939209
387633055 1.5138553380966187
389671170 1.521364450454712
392306643 1.5108563899993896
394309136 1.5079827308654785
396340091 1.5420465469360352
398367747 1.5780025720596313
400417115 1.5906044244766235
402485526 1.5775539875030518
404925152 1.5356954336166382
406958019 1.5235108137130737
408984944 1.5215834379196167
411072831 1.519620418548584
413041911 1.5189151763916016
415064559 1.521666169166565
417116951 1.5580120086669922
419136972 1.5965198278427124
421150422 1.5868041515350342
423168023 1.5723414421081543
425342633 1.5420132875442505
427404874 1.5170704126358032
429387962 1.523927927017212
431422874 1.517543911933899
433452646 1.5141412019729614
435472709 1.525571584701538
437572445 1.5609087944030762
439613419 1.592745304107666
441656736 1.577390432357788
443694399 1.5609954595565796
445767642 1.5291298627853394
447714036 1.51455819606781
449743192 1.5245813131332397
451812046 1.5097386837005615
453798534 1.50913667678833
455838477 1.5268908739089966
457867860 1.5611909627914429
459884543 1.5789059400558472
461905801 1.5659123659133911
463974126 1.541149616241455
465951089 1.5189521312713623
468016137 1.4971354007720947
470029147 1.5054656267166138
472056907 1.4971225261688232
474081465 1.495529294013977
476119549 1.5218634605407715
478121553 1.5619040727615356
480160439 1.579664945602417
482169504 1.5580726861953735
484336396 1.535529613494873
486395654 1.5156707763671875
488427446 1.5048377513885498
490405579 1.49745512008667
492444068 1.4962444305419922
494470474 1.501746416091919
496486016 1.5340125560760498
498518830 1.5690556764602661
500553485 1.5741173028945923
502584585 1.5594366788864136
504622403 1.5315604209899902
506630992 1.5150482654571533
508658442 1.5035195350646973
510665343 1.5040620565414429
512697957 1.4983556270599365
514720563 1.5036604404449463
516780005 1.5404458045959473
519463283 1.5716962814331055
521400078 1.56827712059021
523420045 1.553134799003601
525493445 1.5263038873672485
527515919 1.5064820051193237
529515564 1.513004183769226
531555677 1.501697301864624
534090488 1.5017898082733154
536114232 1.5315736532211304
538149193 1.5665665864944458
540193883 1.5820331573486328
542216462 1.5631648302078247
544252775 1.5425208806991577
546251034 1.5153865814208984
548278654 1.5064133405685425
550312266 1.5096654891967773
552330047 1.5012171268463135
554364245 1.5059996843338013
556368154 1.5377023220062256
558411251 1.573981523513794
560456354 1.5877552032470703
562921749 1.5675604343414307
564654023 1.5404632091522217
566698284 1.5246915817260742
568705487 1.5180951356887817
570705839 1.5060571432113647
572819991 1.510019063949585
574776311 1.5155950784683228
576785267 1.5472760200500488
578820604 1.588079810142517
580849923 1.5873996019363403
582879451 1.570725440979004
584922410 1.540853500366211
587309861 1.5197535753250122
589380374 1.5217134952545166
591386678 1.5079898834228516
593431022 1.5135928392410278
595424045 1.5241727828979492
597484057 1.5534950494766235
599466371 1.5883378982543945
601731100 1.5766116380691528
603713728 1.5591697692871094
605759238 1.5289603471755981
607775248 1.5116686820983887
609775548 1.5126961469650269
611811505 1.5079121589660645
613827111 1.50731360912323
615878079 1.5279980897903442
617930357 1.5676982402801514
619969917 1.5956307649612427
621942100 1.58207106590271
624314231 1.557053565979004
626323672 1.524101972579956
628331464 1.508033037185669
630385555 1.5114247798919678
632387277 1.5076017379760742
634425515 1.5046244859695435
636441566 1.534965991973877
638496166 1.5754783153533936
640530272 1.5822467803955078
643005568 1.567629337310791
644580114 1.545050859451294
646586687 1.53024160861969
648615250 1.5152511596679688
650669725 1.5116125345230103
652664948 1.5076771974563599
654686014 1.512540578842163
656750093 1.5459612607955933
658733524 1.5813019275665283
661320437 1.5849581956863403
663306983 1.5606361627578735
665304225 1.5342215299606323
667325644 1.5156766176223755
669375958 1.5184825658798218
671364736 1.5145747661590576
673383083 1.5124720335006714
675443094 1.5231952667236328
677435226 1.5547717809677124
679461487 1.584887981414795
681480543 1.5720930099487305
683540801 1.5569669008255005
685550730 1.5298393964767456
687581943 1.51186203956604
689587585 1.5159738063812256
691636626 1.5069139003753662
693640234 1.5069903135299683
695685523 1.5184893608093262
697742777 1.5547412633895874
699751145 1.5867748260498047
701784987 1.5735957622528076
703831604 1.5533483028411865
705844185 1.5226619243621826
707855521 1.5050103664398193
709881137 1.515352487564087
712302261 1.5084006786346436
714355267 1.5074419975280762
716582581 1.534090280532837
718552305 1.5726063251495361
720653447 1.5837713479995728
722598864 1.5675022602081299
724655514 1.544028639793396
726663912 1.525034785270691
728676340 1.5146534442901611
730715941 1.5157610177993774
732742402 1.5140695571899414
734778969 1.5169024467468262
736789683 1.553229808807373
738819105 1.587009310722351
740824633 1.5912866592407227
742885295 1.5775656700134277
744927493 1.5470165014266968
746962270 1.5233489274978638
748979608 1.5203111171722412
750955923 1.5156989097595215
752988660 1.5146909952163696
755018094 1.5145553350448608
757051287 1.5499008893966675
759113262 1.578830361366272
761114377 1.5764126777648926
764638429 1.539401888847351
766856552 1.5232996940612793
768871031 1.5111373662948608
770847802 1.504041314125061
772911653 1.500455617904663
776103692 1.5143394470214844
778197447 1.577117919921875
781292214 1.5885100364685059
783600242 1.559684157371521
785715800 1.5355371236801147
787824803 1.5143803358078003
795349139 1.5231685638427734
797356162 1.55620539188385
799363114 1.5887479782104492
801391092 1.5794084072113037
803407373 1.5625081062316895
805438301 1.5393213033676147
807482704 1.5147578716278076
809475738 1.5192501544952393
811536617 1.506365418434143
813535976 1.505668044090271
815561451 1.5273609161376953
817602904 1.562610387802124
819628014 1.5920038223266602
821665368 1.5833957195281982
823805331 1.5640583038330078
825878820 1.5314853191375732
827986620 1.52367103099823
829968217 1.5311083793640137
831979463 1.522005558013916
833991377 1.5176554918289185
836034746 1.5363690853118896
838079512 1.581723690032959
840910347 1.6032073497772217
842157130 1.586897611618042
844174669 1.5626640319824219
846185493 1.5366065502166748
848246524 1.5234357118606567
850253447 1.5251083374023438
852301964 1.5211925506591797
854321385 1.5237932205200195
856331765 1.5489082336425781
858361850 1.5885980129241943
860763217 1.600721001625061
862810575 1.5863580703735352
864824473 1.5556340217590332
866854279 1.5325671434402466
869049603 1.5232062339782715
870983540 1.5206538438796997
873028432 1.5154790878295898
875065446 1.5187461376190186
877068921 1.5553098917007446
879105694 1.5883047580718994
881111449 1.5852729082107544
883739683 1.5669752359390259
886267566 1.5358387231826782
888264355 1.520158052444458
890313912 1.5145930051803589
892353286 1.510648488998413
894346167 1.5124799013137817
896366104 1.5424138307571411
898410563 1.578277349472046
900408361 1.585355520248413
902455110 1.5677013397216797
904850571 1.540122151374817
906937373 1.5204410552978516
908909091 1.5174925327301025
910921906 1.5202935934066772
912958167 1.513676643371582
915229822 1.5213963985443115
916986955 1.5509450435638428
919019078 1.5863642692565918
921044976 1.5873136520385742
923072582 1.5763026475906372
925119690 1.547999620437622
927151484 1.5289007425308228
929209828 1.5258142948150635
931175487 1.5163999795913696
933204690 1.5186808109283447
935685084 1.5281774997711182
937690660 1.569717288017273
939718027 1.5954177379608154
941804131 1.5787420272827148
943806036 1.559383511543274
945863242 1.531019687652588
947935334 1.5118447542190552
949889673 1.5152721405029297
951905494 1.5074089765548706
953937944 1.5064690113067627
955956226 1.5269683599472046
957985609 1.5691925287246704
960026652 1.5899089574813843
962093698 1.5811632871627808
964083300 1.5592520236968994
966095312 1.5396631956100464
968120515 1.5159096717834473
970149042 1.528012752532959
972160547 1.5190104246139526
974709865 1.520877480506897
976727203 1.55607008934021
978739862 1.5905654430389404
980798727 1.595902919769287
982901983 1.581128478050232
984846056 1.548309564590454
986860933 1.5214149951934814
988938047 1.523287057876587
990947947 1.5180590152740479
992947087 1.513725757598877
995004403 1.5222934484481812
996990516 1.55436110496521
999029508 1.5923582315444946
1036341 1.5908348560333252
3067571 1.5784090757369995
5432886 1.5480034351348877
7485236 1.5253171920776367
9480559 1.5227117538452148
11478968 1.5147640705108643
13572052 1.520471453666687
15607029 1.529321551322937
18047358 1.5689671039581299
20050226 1.5963455438613892
22144486 1.5840500593185425
24132074 1.5626633167266846
26193422 1.536120891571045
28253787 1.5195884704589844
30229738 1.5209214687347412
32424865 1.5230991840362549
34503628 1.5170379877090454
36508299 1.5491822957992554
38591026 1.585513710975647
40625747 1.591572642326355
42637153 1.5775381326675415
44696220 1.5540096759796143
46683964 1.5289602279663086
48718353 1.521061658859253
50771656 1.516452431678772
52756650 1.5171071290969849
54798685 1.5198049545288086
57034576 1.5529749393463135
59072906 1.5909837484359741
61083028 1.584815502166748
63158298 1.5687936544418335
65188882 1.540605902671814
67233449 1.5191426277160645
70085384 1.5202267169952393
72836530 1.5129109621047974
74869009 1.5210049152374268
76912854 1.5446343421936035
78912161 1.5846768617630005
80927377 1.5877081155776978
82946487 1.5762437582015991
84993083 1.5471254587173462
87040862 1.5260370969772339
89053835 1.5228703022003174
91051475 1.523072361946106
93136877 1.5178265571594238
95135985 1.5238146781921387
97136164 1.5629098415374756
99186733 1.6018491983413696
101203437 1.5974671840667725
103222557 1.5817255973815918
105272394 1.549058198928833
107270185 1.5288686752319336
109312929 1.5296248197555542
111334683 1.5279195308685303
113338013 1.5249708890914917
115380677 1.5398499965667725
117390105 1.5716253519058228
119435507 1.5998575687408447
121492559 1.5953729152679443
123642014 1.577006220817566
125696337 1.5484752655029297
127681637 1.527639389038086
129766123 1.5313483476638794
131724225 1.5150893926620483
133754480 1.517008900642395
135825392 1.531494379043579
137809028 1.5716469287872314
139988126 1.5949456691741943
142078801 1.5801914930343628
144072837 1.5576109886169434
146101070 1.5347394943237305
148155422 1.5197830200195312
150119167 1.5222587585449219
152168170 1.5126744508743286
154194471 1.5185832977294922
156215028 1.5387510061264038
158253292 1.5807806253433228
160251578 1.5996055603027344
162277114 1.5879944562911987
164300811 1.5628619194030762
166344146 1.5378364324569702
168397901 1.5221816301345825
170374071 1.5261669158935547
172417359 1.5139873027801514
174853202 1.5165780782699585
176944904 1.550839900970459
178928829 1.5873708724975586
180945929 1.5901786088943481
182983251 1.5682083368301392
185031210 1.5408332347869873
187013750 1.5169037580490112
189050477 1.513161301612854
191068326 1.5108829736709595
193124648 1.506222128868103
195131533 1.5048280954360962
197181642 1.540189504623413
199206077 1.5785744190216064
201209029 1.5669867992401123
203224872 1.5516562461853027
205272045 1.5321288108825684
207329521 1.5098572969436646
209303777 1.5096406936645508
211344033 1.5027769804000854
213360817 1.5043925046920776
215492158 1.5071676969528198
217418888 1.5427266359329224
219459706 1.5809632539749146
222029684 1.569036841392517
223491507 1.5557324886322021
225579304 1.5273021459579468
227579901 1.5053534507751465
229625839 1.5143463611602783
231637373 1.505600094795227
233653738 1.5000126361846924
235681797 1.506811261177063
237707647 1.5433841943740845
239822769 1.57858407497406
241778494 1.5635850429534912
243863852 1.5437841415405273
245875672 1.5218627452850342
247860484 1.501698613166809
249905580 1.5085391998291016
251906761 1.5022693872451782
253992706 1.4981404542922974
256037317 1.5149165391921997
258032869 1.5533517599105835
260035234 1.575185775756836
262199796 1.5652934312820435
264171325 1.544042944908142
266177227 1.5177183151245117
268210638 1.5024324655532837
270219973 1.5086872577667236
272282303 1.5012387037277222
274333094 1.4985145330429077
276632034 1.5311245918273926
278715536 1.5681235790252686
280730810 1.5800658464431763
282707446 1.5661886930465698
284770523 1.541539192199707
286789272 1.5238051414489746
288863762 1.5095583200454712
290886233 1.510129690170288
292949931 1.5040526390075684
294934999 1.5092217922210693
296995107 1.5436549186706543
299051362 1.5819363594055176
301065430 1.5809378623962402
303042620 1.5631914138793945
305082209 1.5369513034820557
307133208 1.5102747678756714
309114840 1.511832594871521
311149850 1.5069797039031982
313179652 1.5025670528411865
315450810 1.5116701126098633
317432071 1.543330192565918
319415363 1.5802969932556152
321494511 1.5711863040924072
323555839 1.561416745185852
325495779 1.531408429145813
327538368 1.5091952085494995
329557607 1.511583685874939
331576713 1.5080585479736328
333638690 1.5009527206420898
335638443 1.516669750213623
337662642 1.558619737625122
339681815 1.5833221673965454
341729220 1.5787521600723267
343946778 1.555367350578308
345965859 1.5370770692825317
347996399 1.5113831758499146
350020622 1.5197956562042236
352043814 1.5086041688919067
354048645 1.5077606439590454
356077603 1.521973967552185
358119884 1.5628923177719116
360155931 1.5853915214538574
362204109 1.5699172019958496
364184859 1.5474660396575928
366242653 1.523659348487854
368286725 1.5002795457839966
370364596 1.5052406787872314
372359784 1.5007978677749634
374365572 1.4984698295593262
376422974 1.5257625579833984
378427654 1.5673191547393799
380452226 1.5822652578353882
382471118 1.5669020414352417
384578270 1.5413239002227783
386564282 1.5195695161819458
388566979 1.5129612684249878
390619702 1.5091323852539062
392617372 1.4991705417633057
394655705 1.505208134651184
396680055 1.5349870920181274
398732201 1.5767477750778198
400726584 1.5782387256622314
402970623 1.5706562995910645
404915782 1.5431760549545288
406975638 1.5221918821334839
408973156 1.5152088403701782
411027893 1.5113880634307861
413036670 1.507290244102478
415080394 1.514716386795044
417109785 1.5493327379226685
419105930 1.5818778276443481
421186708 1.5813755989074707
423350948 1.566253900527954
425384606 1.5307563543319702
427389698 1.5163387060165405
429453280 1.517291784286499
431467935 1.5119504928588867
433487181 1.5104615688323975
435500526 1.5199381113052368
437540363 1.5575976371765137
439549971 1.589766025543213
441593570 1.5867769718170166
443618309 1.571513295173645
445629072 1.542752981185913
447696286 1.5247207880020142
449734499 1.5238566398620605
451705887 1.5172592401504517
453724530 1.516860008239746
455771645 1.525618314743042
457819789 1.5653080940246582
459815920 1.5904794931411743
461861372 1.5790796279907227
463955000 1.5554695129394531
465923478 1.5300649404525757
467951498 1.5100213289260864
469969050 1.5185071229934692
471981527 1.5069248676300049
474120304 1.501661777496338
476082154 1.519905924797058
478134755 1.5584602355957031
480093939 1.5787608623504639
482121982 1.5700533390045166
484191622 1.5466526746749878
486241458 1.5226399898529053
488305017 1.5050851106643677
490295628 1.5066211223602295
492334454 1.4944798946380615
494561927 1.4951344728469849
497080148 1.5388543605804443
499110799 1.5721207857131958
501239446 1.5749082565307617
503266078 1.5535740852355957
505292379 1.5266567468643188
507339093 1.503786563873291
509369906 1.5019463300704956
511355323 1.504148244857788
513394899 1.501613736152649
515433511 1.5102518796920776
517432587 1.5529203414916992
519445246 1.5811405181884766
521779598 1.5729600191116333
523729228 1.5596660375595093
525777252 1.5323150157928467
527796060 1.5103503465652466
529807838 1.5213085412979126
531842127 1.5117619037628174
533860912 1.5114598274230957
535909979 1.5222523212432861
537924091 1.5628430843353271
539972408 1.585723638534546
541972461 1.5741174221038818
544050178 1.5520029067993164
546772402 1.520315408706665
548749125 1.50645911693573
550773944 1.504882574081421
552803890 1.5021589994430542
554830038 1.5019935369491577
556875209 1.532851219177246
558880693 1.5694518089294434
560947065 1.5753417015075684
562972748 1.5615154504776
564943418 1.5316351652145386
566996992 1.5139061212539673
569001547 1.5073914527893066
571037757 1.5015850067138672
573101645 1.5008691549301147
575088209 1.5100244283676147
577134408 1.5499610900878906
579383362 1.5841912031173706
581156876 1.5802584886550903
583199684 1.5657579898834229
585275606 1.5382593870162964
587916627 1.5177613496780396
590065402 1.5180989503860474
592109662 1.5149303674697876
594097555 1.5054340362548828
596140132 1.530446171760559
598167151 1.5649054050445557
600228877 1.5846941471099854
602218007 1.5759334564208984
604282966 1.5528181791305542
606280428 1.5300759077072144
608301992 1.512357234954834
610355328 1.5238122940063477
612408427 1.509551763534546
614441510 1.5104376077651978
616480293 1.5396215915679932
618491578 1.5795245170593262
621668486 1.5874557495117188
623872514 1.5589139461517334
625878901 1.5313819646835327
627915612 1.5122144222259521
629917265 1.5155949592590332
631921671 1.5060698986053467
634177106 1.5073144435882568
636479017 1.5254462957382202
638488858 1.5719722509384155
640528377 1.5865012407302856
642632515 1.568497896194458
644560066 1.5478765964508057
646583219 1.5244086980819702
648622753 1.5125473737716675
650670462 1.5136867761611938
652661419 1.5093233585357666
654703715 1.5062648057937622
656740319 1.5358914136886597
658770723 1.5760821104049683
660763255 1.5826082229614258
662800241 1.561627745628357
664820664 1.539597988128662
666857257 1.513109564781189
668902374 1.5048696994781494
670911253 1.507062554359436
672971227 1.5026090145111084
674958044 1.5004380941390991
677008979 1.534151315689087
679018892 1.5721335411071777
681061675 1.571224331855774
683062884 1.5571331977844238
685085360 1.5361868143081665
687106058 1.5099329948425293
689154427 1.501580834388733
691174672 1.4963905811309814
693223583 1.49740731716156
695211086 1.5046199560165405
697244667 1.5472263097763062
699315112 1.5836561918258667
701287312 1.5758740901947021
703336960 1.5658581256866455
705392800 1.5378286838531494
707368589 1.5194392204284668
709386952 1.5214837789535522
711439587 1.511654019355774
713446062 1.5058956146240234
715462451 1.5181434154510498
717499425 1.548200011253357
719528220 1.5850110054016113
721548554 1.5775407552719116
723581440 1.5622851848602295
725613869 1.5406885147094727
727629977 1.5146504640579224
729644118 1.5204700231552124
731756176 1.5094155073165894
733772483 1.509745478630066
735817309 1.522525668144226
737788601 1.5656524896621704
739805788 1.5952868461608887
741840841 1.584934949874878
743929219 1.5579601526260376
745927015 1.534793496131897
747920480 1.5137920379638672
749932570 1.519083857536316
751973534 1.5155746936798096
754027820 1.511225938796997
756013573 1.5254813432693481
758051736 1.562330961227417
760062399 1.5924618244171143
762091210 1.5780911445617676
764117822 1.552342414855957
766155377 1.5337837934494019
768174754 1.5124508142471313
770187429 1.524282455444336
772247071 1.5144572257995605
774547164 1.509932279586792
776680300 1.539675235748291
778672460 1.5809519290924072
780756852 1.592629313468933
782925101 1.5691680908203125
785556359 1.5257277488708496
787548583 1.5036492347717285
789552601 1.5156933069229126
791595633 1.5121244192123413
793614499 1.5101646184921265
795641048 1.5194237232208252
797944163 1.55218505859375
800024548 1.5844439268112183
802016783 1.5734028816223145
804034525 1.552259087562561
806047932 1.529207706451416
808129624 1.5121605396270752
810113349 1.515354871749878
812156234 1.509412169456482
814206066 1.5034362077713013
816212908 1.5257822275161743
818226631 1.5664435625076294
820239953 1.5872447490692139
822304659 1.5718977451324463
824319629 1.5473074913024902
826313118 1.525011420249939
828363095 1.508135437965393
830386842 1.5111554861068726
832396815 1.5065903663635254
834392120 1.505725383758545
836446891 1.5292634963989258
838464628 1.5710885524749756
840486718 1.5817201137542725
842514408 1.5711556673049927
844563268 1.5386641025543213
846611525 1.522712230682373
848644901 1.5085172653198242
850682558 1.5051403045654297
852706932 1.49993097782135
854729180 1.5060374736785889
856764831 1.535136103630066
858804045 1.5721162557601929
860811030 1.5786577463150024
862876271 1.5601798295974731
864919102 1.5370815992355347
866924448 1.516891360282898
868924336 1.5052427053451538
870947730 1.5026075839996338
872977559 1.4991728067398071
875006587 1.50494384765625
877027431 1.5354424715042114
879223712 1.5723462104797363
881243090 1.5734412670135498
883239341 1.5594191551208496
885305029 1.53734290599823
887304782 1.5143487453460693
889334499 1.5170003175735474
891363207 1.5067651271820068
893395589 1.51185941696167
895591020 1.5284212827682495
897527285 1.567568302154541
899558113 1.5935215950012207
901624923 1.5853627920150757
903791341 1.5690596103668213
905955369 1.5346100330352783
907873598 1.5148413181304932
909869055 1.5190246105194092
911962291 1.5121961832046509
913974921 1.5120618343353271
915967914 1.5279619693756104
918030085 1.56736159324646
920025017 1.5949991941452026
922035271 1.58765709400177
924059466 1.5719456672668457
926111710 1.5411092042922974
928117472 1.5218479633331299
930140244 1.531453013420105
932174092 1.5240087509155273
934202469 1.518157958984375
936206861 1.5435584783554077
938241357 1.578580379486084
940270276 1.601988673210144
942361742 1.5932124853134155
944348333 1.5643136501312256
946346798 1.544052004814148
948421225 1.5265475511550903
950458545 1.5324280261993408
952462613 1.5190178155899048
954482229 1.5177114009857178
956520982 1.5374189615249634
958523358 1.57779860496521
960569245 1.5923705101013184
962705346 1.5809853076934814
964690142 1.553134799003601
966731389 1.5260982513427734
968755901 1.5156038999557495
970810895 1.5153601169586182
972828986 1.5092854499816895
974820003 1.509879231452942
976844351 1.5429104566574097
978903471 1.5822349786758423
980917966 1.585116982460022
982924713 1.568877100944519
984955610 1.5467294454574585
987003113 1.5248383283615112
989009096 1.5164813995361328
991028046 1.5104174613952637
993089095 1.507271647453308
995159863 1.516263723373413
997112990 1.5489838123321533
999134290 1.584316372871399
1166349 1.5849599838256836
3196285 1.5711761713027954
5209229 1.55097234249115
7255130 1.5261363983154297
9262158 1.5235565900802612
11302877 1.5188745260238647
13319849 1.5160812139511108
15435929 1.5219125747680664
17436267 1.5570365190505981
19451281 1.5918281078338623
21584624 1.5823311805725098
23543148 1.5684117078781128
25535537 1.527405858039856
27545661 1.5118118524551392
29582005 1.5177196264266968
31592177 1.505988359451294
33632356 1.507734775543213
35693284 1.5159327983856201
37842811 1.5562714338302612
39822092 1.5873565673828125
41984371 1.5749598741531372
44105030 1.5584628582000732
46144738 1.535399317741394
48154978 1.5187321901321411
50183908 1.5238423347473145
52234337 1.5218815803527832
54236653 1.5215246677398682
56316860 1.5425455570220947
58317699 1.5813559293746948
60306790 1.5992894172668457
62696291 1.5841208696365356
65104318 1.5521049499511719
67127630 1.5322844982147217
69146543 1.5251208543777466
72232647 1.5279563665390015
74292650 1.516972541809082
76321216 1.5324337482452393
78350296 1.5738710165023804
80367016 1.589178204536438
82403781 1.5739552974700928
84422421 1.5474773645401
86459729 1.5255063772201538
88470537 1.5090068578720093
90501889 1.5083304643630981
92531859 1.5040311813354492
94569836 1.5022122859954834
96577344 1.5308499336242676
98600139 1.56998610496521
100641132 1.58534574508667
102686380 1.566180944442749
105053676 1.5340991020202637
107090251 1.5137826204299927
109101925 1.5109302997589111
111115232 1.5081406831741333
113150501 1.5042451620101929
115186728 1.5089339017868042
117218063 1.5415903329849243
119229509 1.574068307876587
121271661 1.5722453594207764
123531462 1.562072515487671
125589262 1.5349472761154175
127564659 1.5198808908462524
129587916 1.5162217617034912
131647485 1.5037516355514526
133675737 1.5060679912567139
135697197 1.520644187927246
137705933 1.5548739433288574
139735519 1.5825865268707275
141787220 1.5824631452560425
143787685 1.5589537620544434
145841511 1.5311089754104614
147843612 1.508992314338684
149886170 1.5137370824813843
151871440 1.5035604238510132
153953774 1.502787709236145
155938653 1.513218879699707
157967261 1.5445146560668945
159978842 1.5732380151748657
162096713 1.5731160640716553
164092185 1.5513403415679932
166131647 1.5223959684371948
168128633 1.5121889114379883
170161266 1.5196627378463745
172185177 1.5046374797821045
174300427 1.5083469152450562
176316015 1.5255130529403687
178330232 1.5705667734146118
180360602 1.5945522785186768
182369954 1.5759029388427734
184419108 1.5502314567565918
186463760 1.528670310974121
188515068 1.5158002376556396
190487097 1.5166484117507935
192569072 1.515565037727356
194543543 1.5133295059204102
196696246 1.5348771810531616
198651749 1.5758638381958008
200684177 1.5910857915878296
202708756 1.5760551691055298
204758148 1.5507752895355225
206786392 1.5315419435501099
208808918 1.5143170356750488
211133818 1.5169025659561157
212839993 1.5086296796798706
214861274 1.5119080543518066
216875976 1.5413321256637573
218966541 1.583153486251831
220951895 1.5860092639923096
222958478 1.5735005140304565
224990157 1.5432006120681763
227025016 1.5251636505126953
229051385 1.512833833694458
231097750 1.510798692703247
233132879 1.508541464805603
235148278 1.5132777690887451
237443803 1.546136498451233
239480447 1.5852006673812866
241648260 1.5848780870437622
243567114 1.5739604234695435
245585838 1.5473568439483643
247600685 1.525453805923462
249647829 1.52638840675354
251674757 1.517636775970459
253690232 1.5190762281417847
256366337 1.5307291746139526
258279701 1.576021432876587
260741244 1.5988755226135254
262685142 1.5800756216049194
264693790 1.5527970790863037
266727053 1.525496006011963
268789762 1.516279935836792
270845557 1.5109695196151733
272890480 1.5035454034805298
274943588 1.503848910331726
276967332 1.529920220375061
279003877 1.570705771446228
281062107 1.5760247707366943
283062264 1.5623853206634521
285103835 1.5347323417663574
287096832 1.5151156187057495
289220390 1.5057204961776733
291176023 1.5039724111557007
293204166 1.5011632442474365
295235247 1.5043562650680542
297248288 1.5374059677124023
299337702 1.5796582698822021
301301311 1.5824731588363647
303335828 1.5554006099700928
305364500 1.5258134603500366
307383779 1.5060138702392578
309398696 1.507138967514038
311430655 1.507275104522705
313456170 1.5052011013031006
315477636 1.5090032815933228
317506789 1.5427579879760742
319548592 1.5739330053329468
322460484 1.574651837348938
324418017 1.540444254875183
326469540 1.5230345726013184
328473191 1.500552773475647
330515330 1.5077855587005615
332519874 1.4951478242874146
334552920 1.4976930618286133
336577600 1.5203688144683838
338631056 1.561981201171875
340645104 1.5759273767471313
342684922 1.5617992877960205
344719841 1.5349887609481812
346846160 1.508210301399231
348888479 1.504002571105957
350909984 1.503117322921753
352944399 1.5003647804260254
354948564 1.500085711479187
356973619 1.5368492603302002
359013191 1.5703175067901611
361030259 1.5731003284454346
363337777 1.5618140697479248
365074118 1.5390602350234985
367164705 1.5163005590438843
369204241 1.5084130764007568
371181992 1.5019354820251465
373193070 1.5016523599624634
375387850 1.509160041809082
377411241 1.5432554483413696
379421853 1.5761668682098389
381453493 1.5747584104537964
383552706 1.5617115497589111
385521649 1.5252304077148438
387553497 1.5084620714187622
389587307 1.5069553852081299
391603686 1.5023503303527832
393640795 1.5045673847198486
395666779 1.5153141021728516
397674311 1.5489267110824585
399719020 1.5862836837768555
401725112 1.5760061740875244
403785505 1.5605548620224
405812739 1.5319805145263672
407822689 1.5127116441726685
409825070 1.5176206827163696
411862752 1.5076671838760376
413912707 1.5134220123291016
416877926 1.530839204788208
418885795 1.581465244293213
420913740 1.591320276260376
422938793 1.5734984874725342
424983487 1.5494600534439087
426991118 1.5252103805541992
428993286 1.5223368406295776
431012103 1.5206040143966675
433047684 1.5171113014221191
435093078 1.5176451206207275
437088265 1.5555275678634644
439125985 1.5978782176971436
441195626 1.5984044075012207
443184399 1.585504412651062
445231587 1.5547553300857544
447240339 1.5334043502807617
449334126 1.5261834859848022
451430779 1.5204997062683105
453440521 1.5107336044311523
455435009 1.5245825052261353
457475609 1.5563087463378906
459495973 1.5890636444091797
461531737 1.5858992338180542
463560431 1.5711759328842163
465605659 1.5427911281585693
467627646 1.5148019790649414
469717279 1.5117467641830444
471682207 1.5057861804962158
473718031 1.5072087049484253
475720622 1.510464072227478
477753843 1.5475764274597168
479784402 1.5825456380844116
481797306 1.573408842086792
483879127 1.562751054763794
485834019 1.5353587865829468
487889910 1.512365460395813
489918288 1.5162230730056763
491923257 1.5076992511749268
493937702 1.505700945854187
495982105 1.5222595930099487
498004275 1.5574220418930054
500026497 1.5830888748168945
502046782 1.572267770767212
504097058 1.550138235092163
506142490 1.5266506671905518
508127863 1.50534188747406
510159379 1.5136750936508179
512190404 1.5010349750518799
514210298 1.5002846717834473
516255873 1.5186649560928345
518274350 1.5549566745758057
520279485 1.5767621994018555
522327373 1.5682692527770996
524337427 1.546939492225647
526373652 1.5263335704803467
528402060 1.507829189300537
530410796 1.5147082805633545
532430748 1.5050781965255737
534476535 1.5020463466644287
536529318 1.5223398208618164
538538689 1.5700256824493408
540561187 1.5872020721435547
542589328 1.569753885269165
544682832 1.5400516986846924
546614838 1.5168390274047852
548650247 1.5071091651916504
550690247 1.5122171640396118
552727026 1.5034009218215942
554720770 1.504464030265808
556751271 1.5286298990249634
558783248 1.5693804025650024
560785070 1.5822906494140625
562836273 1.5695009231567383
564905992 1.546278476715088
566908288 1.5271711349487305
568934485 1.5153716802597046
570960470 1.5143314599990845
572995199 1.507423758506775
574978035 1.5074642896652222
576997684 1.541671872138977
579040943 1.5792869329452515
581071356 1.5826976299285889
583096034 1.5673154592514038
585122038 1.5350855588912964
587161923 1.516652226448059
589189444 1.5055696964263916
591193548 1.50836181640625
593205185 1.5005301237106323
595236443 1.5077402591705322
597269520 1.533098816871643
599294136 1.573681354522705
601357912 1.5771007537841797
603380714 1.5635432004928589
605385148 1.533674955368042
607406391 1.5186911821365356
609433643 1.5152103900909424
611463931 1.512851595878601
613524924 1.5135530233383179
615496270 1.5139268636703491
617527766 1.553419828414917
619564437 1.587398886680603
621586224 1.582187294960022
624103515 1.5621757507324219
626189472 1.5279557704925537
628210973 1.5067005157470703
630196207 1.515767216682434
632218939 1.5054956674575806
634235494 1.5049203634262085
636265440 1.514185905456543
638282548 1.5514260530471802
640315377 1.5821897983551025
642340524 1.558240294456482
644380634 1.5465236902236938
646397236 1.5240241289138794
648429177 1.5021768808364868
650453496 1.5089963674545288
652505278 1.5051016807556152
654500796 1.5022178888320923
656549726 1.5244089365005493
658546891 1.5648832321166992
660593852 1.5835721492767334
662622529 1.57191002368927
664648268 1.5457849502563477
666668943 1.5257539749145508
668709319 1.5087798833847046
670725508 1.516055941581726
672730586 1.5063763856887817
674747064 1.5074368715286255
676821603 1.5332884788513184
678807497 1.572089672088623
680818144 1.5829510688781738
682919170 1.5652631521224976
684877342 1.5464612245559692
686945462 1.5245981216430664
688992849 1.5084331035614014
690989687 1.5114424228668213
692977140 1.5071675777435303
695029960 1.5078271627426147
697056274 1.5426443815231323
699058048 1.5865654945373535
701110782 1.5866177082061768
703154805 1.5710896253585815
705172854 1.5411344766616821
707180549 1.5176372528076172
709187748 1.5156066417694092
711244048 1.5156948566436768
713246998 1.5066173076629639
715323747 1.5077881813049316
717294110 1.5418174266815186
719378362 1.583086371421814
721393368 1.5826709270477295
723389646 1.5677070617675781
725445748 1.5428454875946045
727452867 1.5208595991134644
729776668 1.5202618837356567
731807172 1.5089294910430908
733862530 1.5118541717529297
736020888 1.5220763683319092
737913324 1.5576605796813965
739919114 1.5949980020523071
741932712 1.5817654132843018
743960974 1.5651472806930542
745994149 1.534669041633606
748055248 1.516716480255127
750032434 1.5169296264648438
752055523 1.5064479112625122
754087865 1.5074336528778076
756114307 1.5167194604873657
758143084 1.5574595928192139
760167512 1.5760457515716553
762230085 1.567696213722229
764239272 1.5491491556167603
766250227 1.5238940715789795
768266274 1.503685474395752
770786821 1.5114409923553467
772837842 1.5012199878692627
774858884 1.4975770711898804
776910648 1.5313588380813599
778914663 1.5694291591644287
780931315 1.578241229057312
782960078 1.5599104166030884
785026779 1.5366061925888062
787007593 1.5183382034301758
789029922 1.5059688091278076
791073677 1.5065633058547974
793076776 1.5022132396697998
795110875 1.4981203079223633
797124243 1.5317766666412354
799220308 1.569684624671936
801220430 1.5722315311431885
803250680 1.5564841032028198
805294867 1.52937650680542
807309604 1.5075469017028809
809344079 1.4969022274017334
811366886 1.496820330619812
813373748 1.4927359819412231
815428572 1.4969873428344727
817452196 1.529561996459961
819490990 1.5659494400024414
821529334 1.5625526905059814
824025353 1.537847876548767
826030755 1.5125905275344849
828080421 1.4922550916671753
830122070 1.4941362142562866
832135976 1.4952696561813354
834161913 1.4863919019699097
836155087 1.5027061700820923
838194731 1.541199803352356
840286943 1.5725353956222534
842253816 1.5599333047866821
844271863 1.5425089597702026
846303527 1.520102620124817
848321849 1.4973732233047485
850377152 1.5036826133728027
852414392 1.498966932296753
854433868 1.497868299484253
856459758 1.52139151096344
858500395 1.5634685754776
860544480 1.58395254611969
862572010 1.567162275314331
864577927 1.5438073873519897
866629588 1.5186448097229004
868640435 1.5019689798355103
870650240 1.5111504793167114
872741316 1.501542091369629
874730083 1.4967776536941528
876751888 1.5184468030929565
878775810 1.560028076171875
880777479 1.5726261138916016
882810147 1.5603229999542236
884821370 1.5332411527633667
886858510 1.511297583580017
888899677 1.5045206546783447
890906369 1.5007504224777222
892948315 1.4991165399551392
894977915 1.5008245706558228
897006011 1.5370879173278809
899008341 1.5782198905944824
901044562 1.5894733667373657
903365920 1.5705779790878296
905119266 1.5425465106964111
907123880 1.5226223468780518
909151908 1.5150543451309204
911180467 1.5065709352493286
913200023 1.5045456886291504
915222336 1.5087181329727173
917237686 1.5384876728057861
919261891 1.571364164352417
921300584 1.573242425918579
923418559 1.5600568056106567
925367136 1.5326132774353027
927378328 1.5104029178619385
929405499 1.5059075355529785
931435338 1.5000275373458862
933482225 1.4994418621063232
935486405 1.5068529844284058
937616573 1.5437719821929932
939564412 1.5739043951034546
941548519 1.5746028423309326
943630053 1.5596903562545776
945630034 1.533990740776062
947664149 1.5056395530700684
949700551 1.511256456375122
951767104 1.5015039443969727
953762693 1.5009145736694336
955818570 1.5156546831130981
957883151 1.5482059717178345
959852209 1.5838048458099365
961911363 1.5747194290161133
963969115 1.5557832717895508
965984078 1.5283743143081665
967969498 1.510346531867981
969998071 1.5112533569335938
972001521 1.5011563301086426
974114962 1.5044193267822266
976101744 1.5210999250411987
978148824 1.5563369989395142
980147952 1.5866624116897583
982318739 1.5759552717208862
984285448 1.5512465238571167
986363391 1.5186439752578735
988419083 1.502903699874878
990400811 1.5084168910980225
992452781 1.5038354396820068
994457874 1.498250126838684
996534710 1.5127912759780884
998509941 1.5544806718826294
612300 1.5762097835540771
2600732 1.5667521953582764
5366113 1.5331225395202637
7538315 1.5113918781280518
9575947 1.5063790082931519
11594653 1.503997564315796
13672358 1.5052489042282104
15674666 1.5155962705612183
17715677 1.549997329711914
19733862 1.5863823890686035
21794770 1.5791795253753662
23776855 1.5669219493865967
25841484 1.5385998487472534
27867645 1.5188145637512207
35356449 1.510671854019165
37436506 1.5504145622253418
39538782 1.5832706689834595
42756512 1.588086485862732
44771372 1.5601160526275635
46779500 1.5372774600982666
48840831 1.5221492052078247
50912132 1.5229676961898804
52997131 1.5123629570007324
55045769 1.5132935047149658
57117261 1.545709490776062
59092369 1.5825756788253784
61131540 1.588486671447754
63183005 1.5685734748840332
65208336 1.5443546772003174
67229838 1.5282624959945679
71183066 1.515426516532898
74614575 1.5107520818710327
76614552 1.5218281745910645
78610143 1.5603536367416382
80647496 1.5883805751800537
82678086 1.5699408054351807
84759716 1.5492618083953857
86804973 1.531783938407898
88784324 1.5143928527832031
90813779 1.5209373235702515
92835164 1.5153385400772095
95740218 1.5177407264709473
97801697 1.557847261428833
99829627 1.5874584913253784
101955389 1.5826703310012817
103940544 1.5652527809143066
105946487 1.5346144437789917
107988324 1.5170708894729614
110026122 1.514457106590271
112068590 1.5058629512786865
114111219 1.5025867223739624
116122548 1.5138696432113647
118139471 1.5481178760528564
120164220 1.5825390815734863
122195844 1.5717405080795288
124345521 1.5536104440689087
126595367 1.5265077352523804
128643786 1.507358431816101
130684756 1.50917387008667
132681390 1.507041335105896
134714855 1.5003104209899902
136758932 1.5322338342666626
138816268 1.5720548629760742
140819839 1.5902957916259766
142875862 1.5715103149414062
144888356 1.5431735515594482
146901245 1.5219870805740356
148904561 1.5126268863677979
151012739 1.515277624130249
153044192 1.5089694261550903
155053843 1.4989917278289795
157074986 1.5303664207458496
159135355 1.5692527294158936
161216010 1.5731126070022583
163223973 1.560318112373352
165300960 1.5357234477996826
167251181 1.5114952325820923
169300561 1.4997042417526245
171305128 1.4988901615142822
173341707 1.4991517066955566
175380146 1.5044132471084595
177410979 1.53508460521698
179406835 1.5767171382904053
181432138 1.5759705305099487
183529072 1.561283826828003
185543423 1.532822847366333
187552814 1.5045568943023682
189674975 1.5103645324707031
191906973 1.501773476600647
193927655 1.5035316944122314
195948633 1.5160118341445923
197991500 1.5498970746994019
204031381 1.5763444900512695
205996771 1.5320203304290771
208000553 1.5035557746887207
210013822 1.513034462928772
212029704 1.5064482688903809
214051916 1.5067505836486816
216097338 1.519258975982666
218091491 1.5572803020477295
220186778 1.5875898599624634
222189984 1.5794134140014648
224175496 1.5563509464263916
226198739 1.5292606353759766
228744694 1.5088368654251099
230661747 1.5183454751968384
232702679 1.511779546737671
234720402 1.505479335784912
236769876 1.5370334386825562
238784218 1.570383071899414
240797592 1.5832133293151855
242851669 1.568213939666748
244865368 1.5446182489395142
246928799 1.5249375104904175
248916243 1.5132302045822144
250935384 1.5152230262756348
252951909 1.5061711072921753
255009661 1.5027178525924683
257041108 1.5376574993133545
259065328 1.5816351175308228
261103673 1.5917131900787354
263110486 1.5772120952606201
265137342 1.5542099475860596
267182171 1.5297287702560425
269210630 1.5223073959350586
271237218 1.5159523487091064
273266202 1.5104179382324219
275297891 1.5157772302627563
277344684 1.544529914855957
279360402 1.5811573266983032
281372397 1.5857549905776978
283427801 1.5728857517242432
285534929 1.5424467325210571
287552081 1.5249836444854736
289574332 1.5142889022827148
291634578 1.5075831413269043
293634085 1.5131036043167114
295674842 1.5142602920532227
297682086 1.5547645092010498
299714433 1.5886263847351074
301814398 1.5822350978851318
304171851 1.5618176460266113
306196824 1.5331789255142212
308219569 1.5170875787734985
310278905 1.5270445346832275
312277727 1.5137702226638794
314342666 1.514578104019165
316337592 1.5250707864761353
318366018 1.56483793258667
320400786 1.5849053859710693
322554684 1.5671918392181396
324544692 1.5510462522506714
326559513 1.5271319150924683
328604533 1.5125486850738525
330620343 1.514636754989624
332688386 1.510475516319275
334665236 1.506303310394287
336692515 1.5265159606933594
338760385 1.569881558418274
342399826 1.5908546447753906
343785462 1.5696449279785156
345743139 1.537221074104309
347784014 1.5187886953353882
349803028 1.5143638849258423
351912216 1.5090951919555664
353929826 1.5088474750518799
356915245 1.5116980075836182
359030641 1.5695089101791382
361042142 1.579407811164856
366866269 1.56179940700531
367916508 1.5101064443588257
369945146 1.513812780380249
372451218 1.5051906108856201
374663520 1.5000132322311401
379325095 1.5430651903152466
381411990 1.5772514343261719
383462498 1.5668487548828125
385503816 1.5289119482040405
387464453 1.5126113891601562
389488507 1.5071189403533936
391535926 1.5071542263031006
393556706 1.5076189041137695
395620231 1.5098023414611816
397583890 1.5438376665115356
399625029 1.578285813331604
401770047 1.5806052684783936
403840334 1.5633164644241333
405960832 1.5300266742706299
407955651 1.5147093534469604
409989344 1.5138790607452393
411979649 1.5044063329696655
414029050 1.5016729831695557
416069258 1.5121452808380127
418038285 1.5465455055236816
420085159 1.577349305152893
422389263 1.563706398010254
424164031 1.5429929494857788
426209105 1.5131393671035767
428254133 1.4967273473739624
430238797 1.4988641738891602
432267135 1.4977302551269531
434292364 1.4956570863723755
436350225 1.504481554031372
438332334 1.5466729402542114
440370652 1.5786123275756836
442387622 1.560365080833435
444435841 1.5451728105545044
446467170 1.5228644609451294
448501305 1.4998774528503418
450576497 1.5057103633880615
452577428 1.49599289894104
454615224 1.4943461418151855
456593367 1.519244909286499
458659174 1.5546081066131592
460657212 1.5794378519058228
462740712 1.562186360359192
464913162 1.533894419670105
466801892 1.5175049304962158
468828480 1.5034615993499756
470859135 1.5065690279006958
472908843 1.5001425743103027
475007868 1.4970674514770508
477045619 1.5256503820419312
479052789 1.563323974609375
481085778 1.5756771564483643
483096441 1.5555031299591064
485138499 1.5338786840438843
487148260 1.5153387784957886
489198643 1.4992711544036865
491211464 1.497833251953125
493228697 1.4947645664215088
495277655 1.4938169717788696
497308394 1.5296083688735962
499301857 1.5718268156051636
501335810 1.5750339031219482
503407838 1.560976266860962
505414668 1.5357915163040161
507415439 1.510575771331787
509438748 1.5071678161621094
511464893 1.5056194067001343
513497045 1.5023645162582397
515516012 1.5040425062179565
517553817 1.5381779670715332
519876760 1.5762734413146973
521599228 1.5744109153747559
523701493 1.5581923723220825
525746594 1.531981348991394
527749544 1.512520670890808
529802808 1.5131951570510864
531836226 1.5105053186416626
533905345 1.5045512914657593
535874869 1.5179179906845093
537883486 1.5531646013259888
539929898 1.5913628339767456
541931847 1.5803210735321045
543953675 1.5657696723937988
545988317 1.5371906757354736
548026988 1.5141713619232178
550034956 1.5165870189666748
552062803 1.5134572982788086
554081960 1.511102318763733
556135541 1.5248147249221802
558182317 1.5615322589874268
560160683 1.5911648273468018
562186602 1.5878596305847168
564221706 1.571692705154419
566245811 1.5406616926193237
568352595 1.523012399673462
570303968 1.5291951894760132
572319851 1.5210928916931152
574419761 1.5192054510116577
576378408 1.5334951877593994
578399801 1.5739178657531738
580431867 1.6011486053466797
583018703 1.5856199264526367
585120227 1.552858829498291
587133517 1.5356024503707886
589141094 1.5201668739318848
591154416 1.5247976779937744
593185485 1.51575767993927
595267487 1.5149165391921997
597253303 1.541263461112976
599269290 1.580812692642212
601323232 1.5854636430740356
603667334 1.5665711164474487
605601265 1.5431950092315674
607640501 1.5219677686691284
609800308 1.5108458995819092
611943984 1.5113188028335571
613942131 1.5117253065109253
615950121 1.5209728479385376
617992676 1.5619664192199707
620048543 1.5937007665634155
622075900 1.5850542783737183
624051234 1.5636885166168213
626200366 1.5378633737564087
628793424 1.5148905515670776
630817540 1.5217130184173584
632820060 1.5121954679489136
634853652 1.5056837797164917
636852777 1.528900146484375
638936927 1.5660134553909302
640985108 1.5841869115829468
642944729 1.5709470510482788
644982690 1.5416233539581299
646990315 1.5200985670089722
649033650 1.5088214874267578
651040311 1.507634162902832
653137693 1.4985510110855103
655769368 1.5026328563690186
657759844 1.5426795482635498
659801993 1.5779306888580322
663096414 1.5750997066497803
665115905 1.5420078039169312
667778477 1.5144721269607544
669826624 1.508726954460144
671903364 1.506949543952942
673864038 1.50681734085083
675921934 1.5111680030822754
680306681 1.5791785717010498
682484999 1.567641019821167
684462094 1.546053409576416
686497181 1.5225995779037476
688493079 1.5090450048446655
690578503 1.5104191303253174
693356024 1.5036183595657349
695385689 1.5092804431915283
697421973 1.5433712005615234
699427391 1.5811057090759277
701462026 1.5853599309921265
703576597 1.56803560256958
705561989 1.540746808052063
707637311 1.51553213596344
709728525 1.510651707649231
711762115 1.5124540328979492
713767404 1.508232593536377
715753795 1.5145964622497559
717794142 1.552780032157898
719834263 1.5835676193237305
721926034 1.5774636268615723
724689563 1.5627542734146118
726722030 1.5252248048782349
728754093 1.5097304582595825
730849544 1.5152028799057007
732930320 1.5076507329940796
734907789 1.5052330493927002
736948242 1.5373008251190186
738950036 1.5780518054962158
741285704 1.5908291339874268
745014494 1.5457490682601929
747007180 1.5212409496307373
749029097 1.5131767988204956
751039155 1.515697956085205
753067702 1.5090688467025757
755140399 1.5092196464538574
757128921 1.5396360158920288
759160142 1.5824949741363525
761193262 1.5905756950378418
763220945 1.5697054862976074
765312432 1.5508047342300415
767313584 1.5262826681137085
769371867 1.518457293510437
771384538 1.5167964696884155
773420681 1.5096759796142578
775421434 1.509717345237732
777493441 1.5404837131500244
779474325 1.5799859762191772
781504844 1.5804831981658936
783559962 1.5634387731552124
785574421 1.5340272188186646
787592815 1.514421820640564
789614835 1.5045303106307983
792974919 1.5034162998199463
794960580 1.5034183263778687
796986543 1.5234414339065552
799012088 1.562710165977478
801043133 1.5843596458435059
803083655 1.5642940998077393
805132340 1.5405312776565552
807135062 1.5212568044662476
809140367 1.5065109729766846
811195959 1.5065674781799316
813195341 1.4974520206451416
815215150 1.4973502159118652
817258020 1.5315624475479126
819291193 1.5710251331329346
821292739 1.5809462070465088
823331215 1.5617567300796509
825401534 1.5390276908874512
827394062 1.5130430459976196
829404304 1.5045511722564697
831460795 1.494544267654419
833455080 1.4960659742355347
835518486 1.5018621683120728
837569512 1.5291235446929932
839613149 1.566375494003296
841638457 1.5630768537521362
843828561 1.5519813299179077
845691139 1.527228593826294
847716683 1.5038137435913086
850106331 1.4985861778259277
852074439 1.4904792308807373
854639816 1.4911271333694458
856650910 1.5116541385650635
858635668 1.5496201515197754
860688843 1.5761889219284058
863577364 1.5655453205108643
865670668 1.5284563302993774
867646360 1.5077128410339355
869674566 1.508812427520752
871690848 1.5049937963485718
873720873 1.5026267766952515
875852492 1.5110303163528442
877845915 1.5427495241165161
879854504 1.5767852067947388
881915796 1.5776453018188477
883910758 1.5641579627990723
885922385 1.5320780277252197
887960294 1.5115227699279785
890032228 1.5152331590652466
892382097 1.5082379579544067
896717851 1.5201753377914429
898757644 1.5624489784240723
900866424 1.5782191753387451
904836839 1.5682425498962402
907154426 1.5191739797592163
909158244 1.5072910785675049
911179803 1.5033282041549683
913239894 1.5023175477981567
915233684 1.4953670501708984
917230242 1.5208486318588257
919264836 1.5648367404937744
921338973 1.5695607662200928
923692335 1.5539393424987793
925350630 1.5254639387130737
927380267 1.5039031505584717
929417739 1.4998401403427124
931423276 1.4943552017211914
933517943 1.4938914775848389
935579247 1.5010470151901245
937592243 1.5365318059921265
939584305 1.5717079639434814
941610458 1.5715601444244385
944508621 1.5581433773040771
946541295 1.5184299945831299
948612353 1.4990239143371582
950616488 1.5108134746551514
952616995 1.4986352920532227
954649678 1.4936317205429077
956658185 1.515125036239624
964560740 1.5537952184677124
967163494 1.507314682006836
969193487 1.493706226348877
971207751 1.4899612665176392
973419292 1.4919004440307617
975376313 1.4899224042892456
977456814 1.5254064798355103
979447492 1.5662455558776855
981447460 1.5635849237442017
983474774 1.551920771598816
985512246 1.523770809173584
987670954 1.5049539804458618
989701531 1.4979201555252075
991693757 1.495500087738037
993715643 1.4961369037628174
995733273 1.5022367238998413
998320711 1.5379952192306519
297066 1.574503779411316
2440313 1.560865044593811
4549308 1.5430680513381958
6489959 1.5139188766479492
8505138 1.4944881200790405
10526656 1.504104733467102
12559844 1.4887151718139648
14589710 1.4948376417160034
16585634 1.5161240100860596
18634406 1.5509382486343384
20669125 1.5799450874328613
22681362 1.557636022567749
24913023 1.538088083267212
26953117 1.5147017240524292
28993385 1.4978917837142944
31226025 1.5075887441635132
33252264 1.4999161958694458
35366209 1.4996707439422607
37960823 1.532042384147644
40041129 1.5696808099746704
42008966 1.5683033466339111
44026977 1.552920937538147
46048832 1.5286741256713867
48076183 1.5060768127441406
50129817 1.5058153867721558
52141224 1.4959882497787476
54187424 1.49504816532135
56189095 1.5082520246505737
58243701 1.549109697341919
60278683 1.5825929641723633
62260627 1.5723804235458374
64301751 1.5545952320098877
66337677 1.5266441106796265
68359565 1.5064356327056885
73605299 1.5081218481063843
75649265 1.513217568397522
77652346 1.5444766283035278
79755806 1.5836278200149536
81772016 1.5834918022155762
83789775 1.5716814994812012
85875103 1.5421357154846191
87850499 1.5182074308395386
89932298 1.516357660293579
91907051 1.5074069499969482
93922117 1.5063225030899048
95999158 1.5107511281967163
98035603 1.5479466915130615
100054778 1.583652138710022
102132248 1.5695738792419434
104188943 1.5573885440826416
106233932 1.5268409252166748
108212766 1.5101532936096191
110266392 1.5098308324813843
112306478 1.5064910650253296
114293647 1.5080827474594116
116315789 1.5226677656173706
118347012 1.5594090223312378
120377401 1.5835219621658325
122393977 1.5802953243255615
124433485 1.560805082321167
126444456 1.5263478755950928
128609934 1.5099056959152222
130606326 1.5104061365127563
132643833 1.5002987384796143
134661103 1.4977712631225586
136788011 1.5195561647415161
138768072 1.5591514110565186
140778357 1.582162857055664
142830183 1.5660457611083984
144849661 1.538139820098877
146944500 1.5170148611068726
148924556 1.50259268283844
150937160 1.5065011978149414
152948168 1.500822901725769
154983927 1.5001873970031738
157006663 1.5258201360702515
159027670 1.563202977180481
161056296 1.5788376331329346
163086668 1.5667636394500732
165103969 1.5457566976547241
167130622 1.5261427164077759
169156369 1.507447600364685
171233829 1.5042390823364258
173206589 1.5030531883239746
175239549 1.5040268898010254
177262109 1.5334714651107788
179297017 1.575777530670166
181361656 1.5808234214782715
183406071 1.5653560161590576
185444421 1.5395346879959106
187404169 1.5233232975006104
189401489 1.5069092512130737
191488118 1.5115442276000977
193534041 1.5112416744232178
195711798 1.514257550239563
197725637 1.5442718267440796
199778436 1.5837013721466064
201801885 1.5828545093536377
203853134 1.5682240724563599
205852774 1.5395219326019287
207878328 1.5166126489639282
209902440 1.5163923501968384
211924792 1.5103099346160889
213964725 1.503674030303955
216084586 1.5161106586456299
218013871 1.5516623258590698
220049712 1.5871798992156982
222105584 1.577561855316162
224128554 1.5595040321350098
226129946 1.5284943580627441
228154044 1.5075441598892212
230196281 1.5129035711288452
232254641 1.5053523778915405
234231987 1.5033056735992432
236265874 1.5117930173873901
238365498 1.5426431894302368
240349119 1.5709691047668457
242338409 1.5687023401260376
244391554 1.551171898841858
246420414 1.5218305587768555
248447723 1.5019924640655518
250456990 1.5056618452072144
252520581 1.4991284608840942
254567174 1.493755578994751
256733157 1.509830355644226
258714831 1.5526878833770752
260763126 1.571577548980713
262849971 1.5574711561203003
264819318 1.5329875946044922
266945082 1.5080844163894653
268932880 1.491618275642395
271755104 1.4939898252487183
272929501 1.4920549392700195
275016145 1.491409420967102
276991055 1.5150266885757446
278986363 1.5602961778640747
281035433 1.5761280059814453
283064696 1.5631269216537476
285139633 1.547639012336731
287215877 1.5194091796875
289230196 1.5066654682159424
291326903 1.510428786277771
293304638 1.5052642822265625
295416107 1.5033890008926392
297414166 1.5430374145507812
299432731 1.5796992778778076
301533639 1.5765275955200195
303506987 1.5622050762176514
305592987 1.531756043434143
307572949 1.507889747619629
309620664 1.5077004432678223
311620546 1.501270055770874
313666540 1.4969696998596191
315677682 1.5036394596099854
317700532 1.5391918420791626
319753599 1.5706794261932373
321753741 1.569860577583313
323831405 1.5558229684829712
325795069 1.5289465188980103
327876156 1.5073267221450806
329910630 1.5071520805358887
331907767 1.4983137845993042
333939452 1.5015004873275757
335943254 1.5009739398956299
337967380 1.5427870750427246
340000601 1.5805082321166992
342081078 1.5789811611175537
344388394 1.556100845336914
346150730 1.527186393737793
348161149 1.50447678565979
350231405 1.5096900463104248
352237268 1.501481056213379
354298303 1.5028022527694702
356284033 1.514012098312378
358315485 1.5476596355438232
360338656 1.583910346031189
362363288 1.580008625984192
364380761 1.5596754550933838
366455730 1.533544898033142
368442720 1.5133107900619507
370487399 1.5162663459777832
372525120 1.5030114650726318
374588009 1.5000436305999756
376581505 1.5185000896453857
378657965 1.5581721067428589
381914001 1.5743181705474854
384249920 1.5643173456192017
386267935 1.5289671421051025
388226108 1.5105772018432617
390252724 1.518271565437317
392311376 1.5046354532241821
394333588 1.5049678087234497
396387055 1.5156747102737427
398359853 1.5558454990386963
400399438 1.5854284763336182
402821540 1.582188606262207
405039426 1.5506304502487183
407089413 1.5266491174697876
409179287 1.510956883430481
411201976 1.514554500579834
413162226 1.504876971244812
415175765 1.505155324935913
417206579 1.534148097038269
419320598 1.5758655071258545
421374321 1.58231520652771
424075733 1.5630149841308594
426039237 1.5317413806915283
428060948 1.5128594636917114
430076378 1.508548378944397
432152229 1.5065298080444336
434125575 1.5062236785888672
436161726 1.5170080661773682
438180914 1.5519810914993286
440772602 1.5856480598449707
442753796 1.5727485418319702
444765838 1.550507664680481
446810097 1.5317888259887695
448837058 1.5114094018936157
450873617 1.52016019821167
452943828 1.5036042928695679
454991079 1.5082005262374878
456990911 1.529203176498413
459050470 1.572959542274475
461053782 1.5880508422851562
463089707 1.5712896585464478
465131346 1.5451756715774536
467170996 1.5224872827529907
469192602 1.5079081058502197
471200502 1.5116610527038574
473236470 1.5032634735107422
475835160 1.5059027671813965
477861457 1.5483112335205078
479957335 1.581579566001892
481958042 1.5833361148834229
483991501 1.5751798152923584
486001635 1.5431724786758423
488045708 1.5192731618881226
490054510 1.5247142314910889
492064939 1.515056848526001
494103845 1.5137946605682373
496174572 1.5207363367080688
498196222 1.5549448728561401
500174562 1.5865504741668701
502207515 1.5755493640899658
504220598 1.554603934288025
506304325 1.5219413042068481
508324013 1.4999991655349731
510327764 1.5097527503967285
512404020 1.503015398979187
514379623 1.5027954578399658
516438871 1.5133153200149536
518453748 1.5537078380584717
520483027 1.58243989944458
522582853 1.5705463886260986
524678264 1.556020736694336
526696657 1.5265225172042847
528730393 1.5119452476501465
530746811 1.5164332389831543
532778141 1.5088813304901123
534852597 1.5089682340621948
536815094 1.5317798852920532
539025913 1.5720888376235962
540970074 1.588343858718872
543205790 1.5754637718200684
545321505 1.551607370376587
547265445 1.5295193195343018
549289001 1.51404869556427
551317699 1.5182639360427856
553360905 1.5128870010375977
555375041 1.512954831123352
557416178 1.5449539422988892
559420439 1.5794425010681152
561481615 1.5837007761001587
563519263 1.5688707828521729
565553533 1.5436973571777344
567550940 1.522568702697754
569564180 1.5096594095230103
571678191 1.5039682388305664
573780995 1.5008680820465088
575915666 1.5139826536178589
577928066 1.5425783395767212
580033169 1.579844355583191
582053502 1.5725926160812378
584220849 1.5586707592010498
586265566 1.5258984565734863
588250090 1.507351040840149
590318118 1.5116641521453857
592353163 1.504011631011963
594370305 1.5036900043487549
596479169 1.525543212890625
598437430 1.5627586841583252
600473033 1.5926371812820435
602539525 1.587576150894165
604906291 1.5716743469238281
606940587 1.5344254970550537
608955627 1.5199553966522217
610978838 1.5246082544326782
613006570 1.5158578157424927
615044529 1.5092933177947998
617101356 1.5296993255615234
619101999 1.5735859870910645
621121510 1.5858910083770752
623132418 1.566179871559143
625167192 1.538613200187683
627181996 1.5147980451583862
629212294 1.4981927871704102
631239387 1.5035473108291626
633252480 1.4967753887176514
635297581 1.4984043836593628
637345836 1.524264931678772
639348626 1.5615912675857544
641365875 1.5724103450775146
643399916 1.5550000667572021
645425062 1.5326977968215942
647449681 1.5130283832550049
649457563 1.5064873695373535
651506469 1.5013198852539062
653521703 1.4961133003234863
655545206 1.500479817390442
657582766 1.536573886871338
659620388 1.574651837348938
661677442 1.577572226524353
663681071 1.5634355545043945
665856391 1.5320520401000977
667854186 1.5129470825195312
669924379 1.5045990943908691
672046671 1.5062000751495361
674056284 1.500551700592041
676040081 1.5030714273452759
678064683 1.543300747871399
680092237 1.5757466554641724
682283766 1.5659387111663818
684170863 1.5526124238967896
686178402 1.5328469276428223
688214853 1.5108572244644165
690234258 1.5125378370285034
692266028 1.5011056661605835
694269998 1.5058600902557373
696310136 1.5151101350784302
698341774 1.549911618232727
700380728 1.5834559202194214
702469812 1.5706899166107178
704420175 1.55020272731781
706447427 1.5237417221069336
708485103 1.5049835443496704
710504863 1.5080021619796753
712514163 1.5064009428024292
714549059 1.5040737390518188
716573664 1.516605019569397
718614060 1.5531095266342163
720648746 1.5809557437896729
722685615 1.5706273317337036
724671734 1.5512921810150146
726700348 1.529017448425293
728739027 1.5084214210510254
730810036 1.5151716470718384
732782536 1.5060560703277588
734817286 1.5031787157058716
736826807 1.5248005390167236
738854960 1.5645544528961182
740884134 1.588208556175232
742907046 1.5701205730438232
744930005 1.5421401262283325
746967716 1.5192623138427734
749506319 1.5014394521713257
751454544 1.5075753927230835
753482685 1.5037548542022705
755495208 1.504692554473877
757566392 1.5347360372543335
759621866 1.5749900341033936
761612898 1.5769692659378052
763645323 1.5620737075805664
765666047 1.5385124683380127
767715776 1.5169694423675537
769781901 1.5067229270935059
771757654 1.5063161849975586
773829808 1.5024334192276
775935945 1.5102639198303223
778100348 1.5482308864593506
780087263 1.5788416862487793
782249531 1.572778582572937
784176975 1.5535680055618286
786207431 1.5259976387023926
788227134 1.5042016506195068
790379532 1.5091451406478882
792484462 1.5014399290084839
794424970 1.5010782480239868
796472212 1.5130890607833862
798489073 1.5457115173339844
800513441 1.5725548267364502
802935115 1.5646988153457642
804980749 1.5413001775741577
807005987 1.5194120407104492
809044699 1.50507390499115
811050551 1.5039538145065308
813069674 1.4963843822479248
815094309 1.500591516494751
817148381 1.5204130411148071
819146326 1.565648078918457
821190680 1.575260877609253
823223538 1.5579044818878174
825212562 1.5307331085205078
827254099 1.5045349597930908
829306313 1.493811845779419
831311532 1.5019490718841553
833334450 1.4954957962036133
835353835 1.49652099609375
837392207 1.525795578956604
839439190 1.5665618181228638
841438540 1.5732624530792236
843488864 1.561699628829956
845484381 1.540017008781433
847532400 1.5200427770614624
849539545 1.5138996839523315
851585107 1.5145339965820312
853628498 1.5076537132263184
855642988 1.514418363571167
857632647 1.544696569442749
859686013 1.5833450555801392
861745920 1.5823249816894531
863850365 1.566636323928833
865806263 1.5377014875411987
867859280 1.5176035165786743
869899143 1.513685941696167
871928617 1.509162187576294
873999085 1.5076566934585571
875973850 1.5130525827407837
877989453 1.5484224557876587
880018632 1.5878301858901978
882050062 1.5829956531524658
884076643 1.5670145750045776
886128913 1.5439621210098267
888148780 1.5217598676681519
890165378 1.5260564088821411
892186242 1.5187313556671143
894204419 1.5173012018203735
896261185 1.5270698070526123
898269422 1.56437349319458
900298140 1.5957515239715576
902330067 1.5826348066329956
904338364 1.5657470226287842
906398060 1.5359137058258057
908401492 1.5141727924346924
910416488 1.5197579860687256
912459750 1.509466290473938
914520037 1.5100138187408447
916505671 1.523298978805542
918519093 1.5548243522644043
920542288 1.583132266998291
922912540 1.5751560926437378
925009326 1.5512140989303589
926956931 1.5324608087539673
928984232 1.5141139030456543
931033646 1.517273187637329
933142180 1.5025912523269653
935212091 1.5048922300338745
937249726 1.5287785530090332
939256271 1.5664783716201782
941336210 1.5790574550628662
943328127 1.5622406005859375
945346118 1.5375699996948242
947378611 1.5108027458190918
949436173 1.5034793615341187
951416726 1.5034688711166382
953443820 1.497811198234558
955501842 1.497812271118164
957558084 1.5320760011672974
959527027 1.572063684463501
961563443 1.5798829793930054
963696884 1.5692894458770752
965695846 1.5414707660675049
967717901 1.5206153392791748
969708589 1.5098780393600464
971748702 1.5105589628219604
973796430 1.5012785196304321
975824561 1.5097110271453857
977848909 1.5393638610839844
979905532 1.5764915943145752
982266812 1.5657258033752441
983954930 1.5533502101898193
986000574 1.5306310653686523
988009969 1.5097731351852417
990019896 1.5097657442092896
992075156 1.5013316869735718
994079492 1.499420404434204
996158417 1.5130491256713867
998133851 1.5496519804000854
228882 1.5801154375076294
2229880 1.578155755996704
4660221 1.5584661960601807
6713883 1.5342662334442139
8709430 1.5160126686096191
10748088 1.5180548429489136
12748357 1.5134626626968384
14780324 1.5099643468856812
16867836 1.5296621322631836
18844503 1.5668574571609497
20850602 1.5903303623199463
22926401 1.5755069255828857
24984123 1.547381043434143
26990970 1.5229331254959106
29018101 1.5053819417953491
31087321 1.5087025165557861
33078584 1.5003340244293213
35098642 1.4973541498184204
37145640 1.5194673538208008
39174149 1.5607826709747314
41184197 1.5737416744232178
43210310 1.5592173337936401
45236017 1.5385127067565918
47320119 1.5083935260772705
49307053 1.4986729621887207
51374755 1.5001314878463745
53356505 1.4942213296890259
55388638 1.4902980327606201
57390060 1.5223302841186523
59432852 1.5609596967697144
61447620 1.5653815269470215
64069857 1.5460407733917236
66129512 1.508034586906433
68124071 1.4893754720687866
71371814 1.501498818397522
73397092 1.491816520690918
75763826 1.4905519485473633
77795401 1.5314228534698486
79861471 1.5632097721099854
81847797 1.56656813621521
84192880 1.5532104969024658
86208053 1.5306528806686401
88221423 1.503919243812561
90302914 1.506327509880066
92259733 1.4998353719711304
94312821 1.4969744682312012
96322232 1.510992407798767
98337224 1.5461199283599854
100390848 1.5783971548080444
102387161 1.5700210332870483
104427835 1.5454132556915283
106481504 1.5156763792037964
108470321 1.4980486631393433
110592977 1.4993202686309814
113519955 1.4910539388656616
115529698 1.4893380403518677
117588986 1.5231056213378906
119631352 1.565718412399292
121622777 1.5701701641082764
123622994 1.5558301210403442
125744669 1.5322563648223877
127780858 1.5145492553710938
129801354 1.5151795148849487
131903881 1.510998249053955
133858092 1.5088109970092773
135873779 1.511620283126831
137903788 1.5456029176712036
139953884 1.5858573913574219
141963472 1.5814425945281982
145654190 1.560312271118164
146002190 1.5326130390167236
148046900 1.5161478519439697
150072916 1.5092618465423584
152072785 1.512837290763855
154137646 1.5058479309082031
156151328 1.514783501625061
158157107 1.5476657152175903
160199156 1.586585283279419
162255811 1.5796434879302979
165232959 1.554472804069519
167267263 1.532129168510437
169316735 1.5210901498794556
171392172 1.5249528884887695
173379083 1.5135554075241089
175396373 1.5159614086151123
177433573 1.5438358783721924
179497380 1.5813138484954834
181473984 1.5920008420944214
183508068 1.5740671157836914
185532778 1.5518145561218262
187555072 1.5268349647521973
189590017 1.5184918642044067
191667175 1.5150933265686035
193642685 1.5088777542114258
195695310 1.515085220336914
197695145 1.5501848459243774
199758609 1.5848193168640137
201765219 1.588680624961853
203840964 1.5776042938232422
205829577 1.549567461013794
207832242 1.525720238685608
209890446 1.5265942811965942
211875786 1.5180836915969849
214006803 1.518428087234497
215997208 1.5223562717437744
218000119 1.5601794719696045
220041854 1.5944451093673706
222199722 1.588789701461792
224570922 1.561881184577942
226587889 1.5282150506973267
229202234 1.5093852281570435
231146493 1.5180662870407104
233168546 1.5072647333145142
235211438 1.5039036273956299
237202808 1.5257434844970703
239266157 1.5658810138702393
241270500 1.5786073207855225
243338486 1.566176414489746
245321720 1.5441124439239502
247355380 1.522156834602356
249626466 1.5131417512893677
251582965 1.5107975006103516
253650551 1.5001941919326782
255656187 1.5054715871810913
257691609 1.5407286882400513
259762917 1.5812585353851318
261796938 1.5797040462493896
263849196 1.5598210096359253
265873445 1.5362935066223145
267959177 1.5103373527526855
269947250 1.5023514032363892
271937940 1.4992293119430542
273958074 1.4991008043289185
275986643 1.5045799016952515
278041575 1.5358176231384277
280058201 1.5681164264678955
282078090 1.5659047365188599
286442203 1.5245285034179688
288486015 1.4952735900878906
290519645 1.5089703798294067
293209603 1.4997020959854126
295235533 1.4976787567138672
297305699 1.5303936004638672
299306811 1.5670427083969116
301312046 1.5769977569580078
312408391 1.4994354248046875
314545100 1.5050837993621826
316659759 1.5153589248657227
318703375 1.5549159049987793
320800303 1.5863860845565796
322940092 1.5679506063461304
324995075 1.547871708869934
326997012 1.5275734663009644
329025380 1.5089926719665527
331054076 1.5136438608169556
333072820 1.5077394247055054
335127298 1.5060961246490479
337158284 1.5253610610961914
339143543 1.5659571886062622
341307979 1.5778087377548218
343287804 1.561835527420044
345296774 1.5376498699188232
347359833 1.5158332586288452
349356084 1.5057865381240845
351370807 1.5051183700561523
353411107 1.496089220046997
355449133 1.4986883401870728
357514917 1.5282948017120361
359532067 1.5669814348220825
361557075 1.573601484298706
363668499 1.5585699081420898
365782985 1.530074954032898
367741448 1.5115771293640137
369759801 1.505505084991455
371834206 1.5064396858215332
373883378 1.5039783716201782
375908809 1.5108766555786133
377920195 1.5475302934646606
379986851 1.5853168964385986
381980640 1.575554370880127
384010165 1.56353759765625
386003918 1.538184404373169
388013815 1.5131332874298096
390027621 1.511191487312317
392052567 1.5100327730178833
394115659 1.507094144821167
396142809 1.5132213830947876
398196628 1.5487060546875
400156438 1.5830131769180298
402206646 1.5778666734695435
404248882 1.5661455392837524
406301423 1.53884756565094
408296006 1.5161842107772827
410333329 1.5236660242080688
412369232 1.5184155702590942
414406891 1.5164034366607666
416431968 1.5332204103469849
418520610 1.5680917501449585
421958665 1.5886125564575195
424568085 1.569205403327942
426586223 1.5342870950698853
428608317 1.5170817375183105
430668762 1.5219210386276245
432673698 1.5187098979949951
434767525 1.511587381362915
436722694 1.528545618057251
438766340 1.5678057670593262
440773869 1.5923770666122437
442846046 1.5821242332458496
444883145 1.5641546249389648
446943242 1.5391254425048828
448979130 1.5230547189712524
450962017 1.530197024345398
453019296 1.5204933881759644
455015134 1.5136363506317139
457037932 1.5370099544525146
459380484 1.5721582174301147
461120215 1.5944936275482178
463140278 1.5797960758209229
465154675 1.5553618669509888
467181838 1.5275524854660034
469193459 1.5157259702682495
471247160 1.515525460243225
473262631 1.508080005645752
475276339 1.5040282011032104
477302966 1.5266352891921997
479326586 1.5709755420684814
481355052 1.5864402055740356
483781512 1.5687119960784912
485770686 1.5389283895492554
487850960 1.5163668394088745
489841196 1.5144308805465698
491849853 1.5047041177749634
493880673 1.5043201446533203
495918638 1.5089787244796753
497933508 1.54826819896698
499961783 1.5844128131866455
501984948 1.5800697803497314
503995253 1.5682566165924072
506041151 1.5397639274597168
508077983 1.517882227897644
510087455 1.5163826942443848
512115879 1.5142818689346313
514139662 1.5065572261810303
516161699 1.5126879215240479
518195015 1.5486711263656616
520261608 1.5840153694152832
522269544 1.574631690979004
524276120 1.556422472000122
526303552 1.5323656797409058
528317693 1.5133250951766968
530353260 1.5088273286819458
532427135 1.5040979385375977
534411156 1.5088804960250854
536426276 1.5159728527069092
538485122 1.5553762912750244
540501689 1.5836868286132812
542522255 1.5803675651550293
544546923 1.5506126880645752
546601866 1.5245394706726074
548610971 1.5101923942565918
550596209 1.5156828165054321
552648771 1.5047231912612915
554654138 1.5050746202468872
556675771 1.5140905380249023
558713508 1.555349588394165
560731363 1.5833065509796143
562823778 1.5680992603302002
564792580 1.5513588190078735
566814313 1.5256450176239014
568839403 1.509903073310852
570889949 1.5136785507202148
572938073 1.5051528215408325
574928590 1.503190040588379
576951733 1.5251120328903198
578969399 1.5633331537246704
581022160 1.5811142921447754
583024158 1.5649728775024414
585068863 1.5449943542480469
587078296 1.5228568315505981
589104716 1.504233956336975
591187278 1.5100177526474
593136100 1.5022169351577759
595175796 1.491563081741333
597226997 1.5184805393218994
599266898 1.5577706098556519
601292285 1.5765208005905151
603297282 1.5562126636505127
605316219 1.537390112876892
607320949 1.513593077659607
610427287 1.5070453882217407
613036732 1.5048564672470093
615110499 1.4994932413101196
617089141 1.5238959789276123
619115362 1.568979024887085
621129391 1.5845235586166382
623194233 1.5639610290527344
625188002 1.5354013442993164
627235322 1.5134406089782715
629278907 1.4987202882766724
631290838 1.508767008781433
633309652 1.502234697341919
635307633 1.497887134552002
637342420 1.5240764617919922
639399861 1.5617626905441284
641407886 1.573917031288147
643496622 1.5573084354400635
645461205 1.5417767763137817
647490278 1.5164985656738281
649520044 1.5050029754638672
651568130 1.5087946653366089
653554753 1.504501223564148
655573333 1.5062369108200073
657600676 1.5412824153900146
659638920 1.582153558731079
661684071 1.584547758102417
663683470 1.5627446174621582
665753264 1.5386912822723389
667789145 1.5226222276687622
669808019 1.5123111009597778
671823162 1.5134601593017578
673907138 1.5036005973815918
675924619 1.512180209159851
677962533 1.545861005783081
679982243 1.5779502391815186
681979014 1.5804500579833984
684026233 1.564443826675415
686018391 1.5353474617004395
688078801 1.5181052684783936
690087845 1.5195276737213135
692121775 1.5147955417633057
694125247 1.5131914615631104
696158817 1.5247058868408203
698184249 1.559032917022705
700248067 1.5888023376464844
702248428 1.587038278579712
704303697 1.573428750038147
706290437 1.5412813425064087
708315466 1.5184433460235596
710346285 1.517008900642395
712358173 1.5099809169769287
714398862 1.5099002122879028
716434749 1.5209547281265259
718448272 1.5533170700073242
720490840 1.5891238451004028
722658104 1.5845502614974976
724710332 1.5604028701782227
726679268 1.5338492393493652
728705854 1.5177441835403442
730703072 1.5225801467895508
732731372 1.51604163646698
735080605 1.5058729648590088
737105019 1.529950499534607
739129802 1.5770740509033203
741180694 1.5931611061096191
743166346 1.5809037685394287
745184302 1.5555685758590698
747242746 1.5288327932357788
749264653 1.5095760822296143
751289806 1.5123145580291748
753300514 1.5086373090744019
755468346 1.5022432804107666
757462327 1.5272216796875
759470052 1.5673956871032715
761514233 1.5721266269683838
763548516 1.5565829277038574
765556387 1.5330970287322998
767616140 1.5113297700881958
769635285 1.5013140439987183
771627636 1.4984381198883057
773655144 1.4946364164352417
775721207 1.495779037475586
777793693 1.530900001525879
783274240 1.5707299709320068
786301140 1.5360503196716309
788277580 1.5029388666152954
790270348 1.5012476444244385
792347727 1.4922887086868286
794337336 1.4941306114196777
796358255 1.5058262348175049
798400449 1.5403672456741333
800435626 1.576521396636963
803055540 1.5676175355911255
805146156 1.5400481224060059
807150647 1.5190943479537964
809168266 1.50582754611969
811257446 1.508341670036316
813257475 1.50600266456604
815301899 1.5062838792800903
817301844 1.5342837572097778
819519694 1.5747944116592407
821574825 1.585994839668274
823580826 1.5643094778060913
825601653 1.5413240194320679
827619377 1.5233651399612427
829665692 1.5111191272735596
831677832 1.5107553005218506
833694545 1.5011931657791138
835726668 1.5048662424087524
837755840 1.5358765125274658
839786093 1.570576786994934
841829950 1.5724546909332275
843815262 1.5572446584701538
845865751 1.5402804613113403
847934432 1.516985297203064
849984407 1.5138263702392578
851946611 1.507589340209961
854740258 1.5054429769515991
856750508 1.5201095342636108
858785620 1.56494140625
860921960 1.5918278694152832
862963743 1.5813391208648682
864973630 1.5533242225646973
867029464 1.5319154262542725
869060559 1.514615774154663
871059710 1.5183607339859009
873080443 1.5089432001113892
875117683 1.5080077648162842
877167208 1.5271947383880615
879169720 1.5679681301116943
881204411 1.5803290605545044
883296980 1.567021131515503
885433092 1.5430644750595093
887456935 1.5160845518112183
889505093 1.5028927326202393
891523084 1.5059969425201416
893544315 1.5025980472564697
895558425 1.5048891305923462
897605157 1.5360805988311768
899665237 1.573704481124878
901633893 1.5827293395996094
903930692 1.569082260131836
905694940 1.5393518209457397
907718350 1.5212464332580566
909750364 1.5090662240982056
911765978 1.5090166330337524
913807541 1.5101286172866821
915814380 1.5074787139892578
917929068 1.5411678552627563
919954316 1.5839059352874756
921987216 1.5780986547470093
924128021 1.5686737298965454
926169903 1.540302038192749
928174472 1.519831895828247
930201208 1.518696665763855
932229427 1.510414958000183
934261318 1.5080121755599976
936269123 1.515411615371704
938306490 1.5565863847732544
940395692 1.5872457027435303
943469533 1.5746984481811523
944390256 1.5624037981033325
946490676 1.5316191911697388
948590954 1.5077893733978271
950625039 1.5140997171401978
952651538 1.5044790506362915
954744329 1.501224160194397
956690797 1.5121891498565674
958731853 1.551952838897705
960749256 1.5768979787826538
962771227 1.5681166648864746
964781023 1.5530225038528442
966854851 1.5295404195785522
968855948 1.5066554546356201
970877644 1.515350580215454
972916527 1.504668951034546
974938674 1.505027174949646
977005497 1.528219223022461
979112894 1.5651156902313232
981178197 1.5914994478225708
983270372 1.5799713134765625
985241056 1.5551761388778687
987261139 1.5299131870269775
989300760 1.5141452550888062
991339358 1.5210736989974976
993333789 1.5160194635391235
995902229 1.5130165815353394
997884552 1.5435035228729248
999942580 1.5782679319381714
1944409 1.585695505142212
4095903 1.5701005458831787
6399976 1.5391430854797363
8400369 1.5149110555648804
10443498 1.5155675411224365
12429334 1.507725715637207
14456831 1.505553126335144
16504226 1.518610954284668
18575804 1.5560903549194336
20802209 1.5921589136123657
23071346 1.5787239074707031
25159117 1.550333023071289
27165949 1.5249743461608887
29166310 1.510239601135254
31221347 1.5190625190734863
33218953 1.5076406002044678
35360034 1.5072458982467651
37417531 1.5271387100219727
39423744 1.5759918689727783
41452977 1.5853193998336792
43442017 1.576534628868103
45505605 1.5512775182724
47590707 1.5297781229019165
49568399 1.5187550783157349
51591914 1.5237308740615845
53614484 1.5162664651870728
55676455 1.513444423675537
57667210 1.5487881898880005
59691431 1.5881762504577637
61725367 1.590577483177185
63774442 1.575737476348877
66043512 1.544820785522461
68012169 1.5275905132293701
70139203 1.520389437675476
72905638 1.5116991996765137
74922739 1.5099152326583862
76945823 1.5292456150054932
79121392 1.5620110034942627
81113151 1.5838128328323364
83139949 1.5731521844863892
85181654 1.5506091117858887
87157825 1.5263060331344604
89176022 1.5095041990280151
91224984 1.5196890830993652
93398629 1.5045511722564697
95413895 1.5077893733978271
97482855 1.5365089178085327
99490027 1.576557993888855
101503166 1.584879994392395
103561506 1.5682851076126099
105569832 1.551360011100769
107581219 1.5302520990371704
109597571 1.5166478157043457
111625365 1.5153435468673706
113659756 1.5059417486190796
115704272 1.5061533451080322
117727825 1.5401785373687744
119759976 1.574794054031372
121845323 1.5788453817367554
123982171 1.5669649839401245
126011829 1.5347647666931152
128066991 1.5199960470199585
130245678 1.5151638984680176
132669230 1.5086719989776611
134671080 1.5046570301055908
136693542 1.520889401435852
138733824 1.562604546546936
140810100 1.5902100801467896
142830484 1.5797553062438965
144833286 1.5579320192337036
146842971 1.5381356477737427
148890721 1.5170729160308838
151520804 1.5268704891204834
153561253 1.5119702816009521
155628446 1.504928708076477
157643045 1.538956642150879
159619050 1.574458122253418
161654068 1.5800740718841553
163817515 1.568129539489746
165804717 1.5422645807266235
167866239 1.5251176357269287
169909890 1.5109573602676392
171987966 1.5083009004592896
173937246 1.5091068744659424
175948541 1.5095058679580688
178001572 1.5449413061141968
180036096 1.5872150659561157
182038587 1.5806121826171875
184131074 1.5687357187271118
186185436 1.532402515411377
188155117 1.5149848461151123
190157630 1.5146440267562866
192191344 1.5124189853668213
194199354 1.5140823125839233
196223012 1.5164518356323242
198260319 1.5514432191848755
200288912 1.57899010181427
202423904 1.573386549949646
204334271 1.557957410812378
206362930 1.5297490358352661
208384992 1.5091594457626343
210444833 1.5110501050949097
212438243 1.5049512386322021
214542839 1.5105406045913696
216561679 1.5160547494888306
218576493 1.553974986076355
220561569 1.5886902809143066
222601438 1.5729875564575195
224755776 1.5600985288619995
226992010 1.5322585105895996
229010109 1.5133259296417236
231061519 1.5174623727798462
233041045 1.509984016418457
235058809 1.5016158819198608
237149077 1.5240262746810913
239133333 1.5592695474624634
241157173 1.5847219228744507
243177627 1.568013072013855
245199057 1.5390607118606567
247223357 1.5184510946273804
249241611 1.5054514408111572
251282855 1.5051227807998657
253317495 1.4985548257827759
257302323 1.4939062595367432
259223433 1.5605030059814453
261281258 1.5755622386932373
263306946 1.562375783920288
265581011 1.536704659461975
267577936 1.5132405757904053
269605646 1.5064537525177002
271671237 1.502954363822937
273687688 1.5012845993041992
275745855 1.4942067861557007
279723663 1.5302189588546753
282079653 1.5713188648223877
284110564 1.56130850315094
287139918 1.5301941633224487
289720878 1.502254843711853
291760784 1.5000540018081665
294695908 1.496772289276123
296837825 1.521868348121643
298846163 1.563003420829773
300912231 1.5883609056472778
302921420 1.5720058679580688
304927010 1.5582177639007568
306932384 1.528216004371643
309069961 1.5162477493286133
311017638 1.516240119934082
313004847 1.507460355758667
315056104 1.5092766284942627
317151647 1.5247740745544434
319111555 1.566584587097168
321159841 1.5838714838027954
323202461 1.5753378868103027
325222717 1.5484105348587036
327263932 1.5223875045776367
329288657 1.5066285133361816
331307769 1.507361888885498
333351253 1.5065823793411255
335354634 1.4991562366485596
337367239 1.527897834777832
339415381 1.5699082612991333
341477893 1.5791245698928833
343498304 1.5665152072906494
345550727 1.5368740558624268
348743899 1.5116474628448486
350710711 1.5065091848373413
352769195 1.4976307153701782
354774981 1.4984309673309326
356912704 1.5065118074417114
358906597 1.5498408079147339
360908745 1.5746632814407349
363387874 1.5650001764297485
365163161 1.5400248765945435
367186253 1.5188549757003784
369225403 1.4999405145645142
371251386 1.5022321939468384
373295228 1.4923827648162842
375294354 1.4844927787780762
377438514 1.5142077207565308
379439268 1.5582809448242188
381508073 1.570902705192566
383533345 1.5538047552108765
385546369 1.532632827758789
387615902 1.5097872018814087
389606061 1.498075246810913
392665822 1.4952986240386963
394000794 1.4923934936523438
396073958 1.4972989559173584
398051441 1.5316880941390991
400082592 1.5669193267822266
402129953 1.5682138204574585
404245052 1.5562512874603271
406234586 1.53005051612854
408294330 1.5083645582199097
410294193 1.5120633840560913
412319494 1.5052542686462402
414356262 1.5103775262832642
416415507 1.516855239868164
418405361 1.5519437789916992
420434454 1.589585542678833
424045443 1.5817471742630005
425939334 1.5426201820373535
427981598 1.5208709239959717
430026851 1.5171204805374146
432025791 1.5182253122329712
434042150 1.5111247301101685
436076684 1.5191086530685425
438071330 1.5446151494979858
440099223 1.580214262008667
442132610 1.5728154182434082
444151719 1.5615854263305664
446188182 1.534700632095337
448195974 1.5109678506851196
450225245 1.508288860321045
452280705 1.5061310529708862
454510667 1.5050278902053833
456304375 1.512993574142456
458324019 1.5541439056396484
460373109 1.5830620527267456
462710963 1.5812256336212158
464405311 1.5657241344451904
466450219 1.537152647972107
468461444 1.5192317962646484
470492338 1.5250751972198486
472556254 1.515738844871521
474538779 1.5162433385849
476568108 1.5261943340301514
478736673 1.5629557371139526
480613413 1.5930227041244507
482664146 1.5868362188339233
484768316 1.566701889038086
486771398 1.538598895072937
488823490 1.5150349140167236
490845553 1.5225026607513428
492879714 1.508641004562378
494931520 1.5107522010803223
496924047 1.5232795476913452
499513932 1.5617570877075195
501408174 1.5910580158233643
503437909 1.571352243423462
505488677 1.549689769744873
507468435 1.5268468856811523
509501132 1.5130261182785034
511535724 1.5183542966842651
513550569 1.516884446144104
515572958 1.510450005531311
517609975 1.5390832424163818
519629361 1.5739800930023193
521722532 1.5864298343658447
524503494 1.5736644268035889
526531737 1.5361735820770264
528560164 1.5126150846481323
530637984 1.5211924314498901
532606044 1.5123207569122314
534658423 1.5119396448135376
536665326 1.5192679166793823
538682269 1.554507851600647
540733065 1.5884000062942505
542740756 1.5757646560668945
544772830 1.555567979812622
546813839 1.521630048751831
548833944 1.4987252950668335
550856511 1.5029383897781372
552862127 1.4989625215530396
554942536 1.4979643821716309
556986224 1.5110249519348145
558952096 1.549783706665039
560985510 1.5799349546432495
563009979 1.5601987838745117
565060378 1.5424387454986572
567091609 1.5130181312561035
569090253 1.4957672357559204
571096438 1.5041630268096924
573145622 1.4953019618988037
575161664 1.4895371198654175
577194423 1.519831895828247
579195485 1.5552232265472412
581224526 1.5751603841781616
583246804 1.565414309501648
585328726 1.5411808490753174
587317416 1.5169440507888794
589366303 1.4983255863189697
591371845 1.5064196586608887
593388976 1.4988713264465332
595606327 1.4989345073699951
597546961 1.528286337852478
599571884 1.5702009201049805
601617981 1.5772407054901123
604410426 1.562174916267395
606327467 1.5318090915679932
608352238 1.5057947635650635
610380926 1.5013608932495117
612423530 1.4955288171768188
614435822 1.5005195140838623
616467694 1.5081008672714233
618479526 1.5431511402130127
620516275 1.5803824663162231
623574310 1.569841980934143
625556145 1.539878487586975
627588032 1.5184288024902344
629605406 1.512843132019043
631687302 1.5136061906814575
633677912 1.5089107751846313
635697678 1.5089600086212158
637744191 1.5422191619873047
639763418 1.5803173780441284
641758454 1.5833994150161743
643790076 1.5750696659088135
645851943 1.5509321689605713
647917215 1.5282548666000366
649955782 1.5257313251495361
651964053 1.5141061544418335
654059517 1.5105797052383423
656034662 1.5130579471588135
658044286 1.5475144386291504
660079556 1.5837318897247314
662133519 1.5806831121444702
664126517 1.570085883140564
666172529 1.541054129600525
668168392 1.5185215473175049
670226476 1.51358962059021
672242533 1.5095633268356323
674285931 1.5044511556625366
676288670 1.511405348777771
678321607 1.5485472679138184
680335801 1.587033748626709
682370527 1.5789719820022583
684856272 1.5541448593139648
686877461 1.5252476930618286
688901635 1.5080634355545044
690939025 1.5166971683502197
692969225 1.508170485496521
695012634 1.507236123085022
696994600 1.5233806371688843
699033943 1.565979242324829
701381450 1.5901927947998047
703422954 1.583544135093689
705430803 1.5558714866638184
707455761 1.5321165323257446
709496444 1.5240274667739868
711542006 1.5266399383544922
713540054 1.5266069173812866
715549012 1.529881238937378
717572597 1.5497713088989258
719622191 1.5894969701766968
721651744 1.5965242385864258
723886375 1.5813380479812622
725851474 1.5507466793060303
727905150 1.530179500579834
729902323 1.5178470611572266
731912974 1.5199460983276367
733972103 1.5124537944793701
736025362 1.5124558210372925
738027838 1.5503509044647217
740069415 1.5828022956848145
742079507 1.5832619667053223
744095947 1.561328649520874
746118836 1.531944751739502
748147073 1.5138423442840576
750179044 1.5132471323013306
752218882 1.5075373649597168
754212668 1.5086616277694702
756255959 1.5129120349884033
758281084 1.5552105903625488
760349127 1.5874929428100586
762336958 1.581444263458252
764348071 1.5693837404251099
766381031 1.5433409214019775
768410034 1.5221246480941772
770535898 1.5204507112503052
772547665 1.510937213897705
774545939 1.5086603164672852
776575181 1.5222833156585693
778578594 1.5544390678405762
780602604 1.5877292156219482
782642007 1.5760475397109985
784672990 1.5574491024017334
786711042 1.5270733833312988
788702644 1.5087412595748901
790747147 1.5088660717010498
792828347 1.5028523206710815
794808274 1.4984805583953857
796824463 1.5113787651062012
798866777 1.5492128133773804
800889554 1.5718024969100952
802960564 1.56397545337677
805050710 1.5422255992889404
807027958 1.5134345293045044
809039507 1.4943346977233887
817366476 1.5036336183547974
819305171 1.55587637424469
821350829 1.5794546604156494
823385179 1.5628674030303955
825458189 1.5390002727508545
827513068 1.5161057710647583
829537811 1.5087629556655884
831584059 1.512072205543518
833641733 1.506028652191162
835622101 1.504330039024353
837639462 1.532923698425293
839741250 1.5743573904037476
841811656 1.5888720750808716
843793157 1.5710028409957886
845841382 1.544260025024414
848013310 1.521012306213379
850189203 1.5140858888626099
858260771 1.5110647678375244
861066291 1.589569330215454
863028334 1.5767123699188232
865081624 1.5493136644363403
867170990 1.523638129234314
869166263 1.5018857717514038
871217276 1.5046000480651855
873268370 1.497501254081726
875321014 1.4990129470825195
877371037 1.5252445936203003
879403037 1.5678882598876953
881423679 1.5811856985092163
883508794 1.5768274068832397
885512865 1.5542017221450806
887755072 1.5309226512908936
889564195 1.5183395147323608
891579426 1.519432544708252
893660131 1.5130289793014526
895650576 1.5126851797103882
897736051 1.5424399375915527
899765800 1.5835930109024048
901798541 1.5923445224761963
903819909 1.5739117860794067
906071867 1.5492936372756958
908035078 1.5274640321731567
910054320 1.5175672769546509
912094929 1.5163079500198364
914147347 1.509162425994873
916129852 1.516225814819336
918149078 1.5476497411727905
920216109 1.5825196504592896
922223809 1.5815777778625488
924439183 1.5639532804489136
926526275 1.5406090021133423
928464165 1.5151464939117432
930503679 1.5176092386245728
932571186 1.5077450275421143
934573295 1.509535312652588
936596895 1.52389395236969
938622062 1.5558369159698486
940635726 1.5850707292556763
942713554 1.5774940252304077
944708403 1.5570439100265503
946743621 1.525384545326233
948805567 1.5024681091308594
950800102 1.5096876621246338
952838282 1.5093474388122559
954906605 1.5052913427352905
956889747 1.5232295989990234
958865084 1.5604557991027832
960911457 1.5909273624420166
963217141 1.5744760036468506
965321687 1.5506727695465088
967251182 1.530396819114685
969294631 1.517109990119934
971320934 1.5224077701568604
973425147 1.5071793794631958
975539691 1.5086723566055298
977562916 1.5339317321777344
979608059 1.5739797353744507
981597818 1.588594913482666
983628037 1.5697964429855347
985653669 1.5432898998260498
987688343 1.5215662717819214
989711345 1.514488935470581
991799802 1.5168741941452026
993769712 1.5171691179275513
995800239 1.5113288164138794
997839831 1.54569673538208
999855864 1.5859789848327637
1979810 1.59010648727417
4099918 1.5757389068603516
6024248 1.5533260107040405
8088749 1.527281403541565
10098040 1.5222196578979492
12286883 1.5190281867980957
14243713 1.5198144912719727
16247204 1.5234023332595825
18273892 1.5614848136901855
20322729 1.5945287942886353
22343734 1.590437412261963
24385496 1.5760747194290161
26425389 1.5450594425201416
28436450 1.523003339767456
30505036 1.5219573974609375
32484226 1.5211282968521118
34511784 1.5221199989318848
36702573 1.528172254562378
38574814 1.5621185302734375
40580861 1.5927257537841797
42626023 1.5859259366989136
44748800 1.566748857498169
46759499 1.537445068359375
48778134 1.5191532373428345
50823155 1.5182982683181763
52865051 1.5112582445144653
54878911 1.5083860158920288
56908981 1.5251288414001465
58931490 1.5643812417984009
60938261 1.5913687944412231
62993557 1.5715065002441406
64990511 1.5562970638275146
67023778 1.5271000862121582
69682798 1.5089689493179321
74061377 1.505990982055664
76076455 1.5137163400650024
78091650 1.5479979515075684
80109671 1.578876256942749
82210234 1.5847747325897217
84393803 1.5638999938964844
86345381 1.5382111072540283
88346635 1.5129163265228271
90661854 1.5106053352355957
92637675 1.499861478805542
94667405 1.5007739067077637
97284172 1.5246696472167969
99463730 1.566159963607788
101446443 1.5772804021835327
104081082 1.5697033405303955
105593821 1.5359034538269043
107570557 1.5149576663970947
109589918 1.4994207620620728
111612321 1.50417959690094
113637274 1.4937165975570679
115673146 1.4903645515441895
117695812 1.5154681205749512
119747180 1.5570696592330933
121822412 1.5657238960266113
124070465 1.5491523742675781
126108665 1.5205943584442139
128106460 1.4972470998764038
130192199 1.4950573444366455
132198564 1.4879558086395264
134197755 1.489137053489685
136370896 1.4959900379180908
138418365 1.5308221578598022
140544441 1.573091983795166
142476965 1.563525915145874
144693699 1.5500694513320923
146738571 1.51651930809021
148742332 1.498374581336975
150823615 1.4976681470870972
152818048 1.497761607170105
154940538 1.4941664934158325
156989068 1.5053759813308716
158926357 1.5458673238754272
160942973 1.5760586261749268
163043917 1.5693645477294922
165035243 1.5445481538772583
167041260 1.517096757888794
169070309 1.496853232383728
171123684 1.506758451461792
173121158 1.4932491779327393
175157980 1.4907920360565186
177183817 1.513325810432434
179201058 1.556254267692566
181230746 1.5813937187194824
183283798 1.5624001026153564
185290180 1.5465208292007446
187300482 1.5241209268569946
189601513 1.5067425966262817
191597314 1.5093708038330078
193625518 1.5008395910263062
195689912 1.502167820930481
197693362 1.5277259349822998
199741603 1.5739071369171143
201720889 1.584165096282959
203793065 1.5697721242904663
205800357 1.551530361175537
207812206 1.5309900045394897
209838621 1.5186033248901367
211864675 1.5204490423202515
213888064 1.5153028964996338
216502092 1.5228952169418335
218534717 1.5580682754516602
220533544 1.5913413763046265
222551234 1.5816408395767212
225215994 1.555124282836914
227224531 1.5275232791900635
229345180 1.5110254287719727
231382147 1.5168484449386597
233321082 1.510452151298523
235352012 1.5029820203781128
237376607 1.525464653968811
239394519 1.5656739473342896
241447340 1.5853685140609741
243434242 1.5718975067138672
245511579 1.551655888557434
247506793 1.5353847742080688
249494731 1.5153207778930664
251572545 1.5212503671646118
253656978 1.5120794773101807
255592319 1.5158993005752563
257629441 1.5410420894622803
259649448 1.5792629718780518
261670342 1.5934653282165527
264136006 1.5749198198318481
265796588 1.5537351369857788
268306399 1.5236296653747559
270347567 1.5220996141433716
272365097 1.519505500793457
274368465 1.5185480117797852
276408340 1.5236316919326782
278504731 1.5558512210845947
280471067 1.5935076475143433
282471544 1.5873044729232788
284504980 1.5716474056243896
286532658 1.5416913032531738
288549735 1.5169761180877686
290604848 1.5242136716842651
293219737 1.5137763023376465
295210143 1.516650915145874
297523821 1.5339609384536743
299820229 1.576815128326416
301829363 1.5928914546966553
304365422 1.5722222328186035
305915645 1.5433156490325928
307903179 1.525485634803772
309965111 1.5181825160980225
311959481 1.5162816047668457
313995011 1.5107722282409668
316045650 1.515956997871399
318048140 1.547695517539978
320082696 1.5888959169387817
322114160 1.5902179479599
324209534 1.5758299827575684
326224235 1.5502771139144897
328229641 1.5342292785644531
330274597 1.5273874998092651
332296791 1.5226950645446777
334307527 1.5236610174179077
336339045 1.5269232988357544
338430159 1.5644155740737915
340425695 1.5942533016204834
342435422 1.5909572839736938
344451508 1.571155071258545
346476423 1.5400561094284058
348580638 1.522652506828308
350659082 1.5159426927566528
352611710 1.5140000581741333
354648565 1.508341908454895
356664328 1.5163626670837402
358692427 1.5535469055175781
360860597 1.5910991430282593
362869990 1.582554817199707
364933033 1.5637762546539307
366928863 1.537016749382019
368949663 1.5152912139892578
370994020 1.5245866775512695
373025759 1.5141922235488892
375057888 1.5105748176574707
377079802 1.523124098777771
379115345 1.5652878284454346
381286373 1.5904895067214966
383261420 1.5751285552978516
385291749 1.5466722249984741
387328749 1.5240826606750488
389348271 1.5085256099700928
391386785 1.5153248310089111
393392152 1.5068989992141724
395414606 1.5030215978622437
397425918 1.5239660739898682
399451297 1.5675439834594727
401483103 1.5867406129837036
403537639 1.5703327655792236
405556264 1.5537195205688477
407563256 1.5256047248840332
409607594 1.5155518054962158
411618480 1.5132352113723755
413697362 1.5069907903671265
415822823 1.5037212371826172
417698389 1.5326348543167114
419740336 1.576948881149292
421785526 1.5847160816192627
423796598 1.5663602352142334
425814604 1.5463440418243408
427821827 1.5253604650497437
429848962 1.510843276977539
431903085 1.511648416519165
433986492 1.5099419355392456
436024796 1.512799620628357
438034045 1.547868013381958
440069797 1.5819528102874756
442092091 1.5789357423782349
444614813 1.567975401878357
446669267 1.5415904521942139
448752854 1.5195214748382568
451091011 1.524467945098877
453214276 1.5133697986602783
455231115 1.511759877204895
457279748 1.5366334915161133
459320280 1.5682239532470703
461330324 1.5885212421417236
463939984 1.574857473373413
465978383 1.5452156066894531
467998872 1.5284667015075684
470010180 1.5191912651062012
472063288 1.5194002389907837
474079739 1.5105780363082886
476104630 1.5182392597198486
478119519 1.5475409030914307
480148887 1.5872293710708618
482184251 1.585531234741211
484194614 1.5725724697113037
486241488 1.5450338125228882
488766957 1.5193533897399902
490807895 1.531793236732483
492818155 1.521172046661377
494846231 1.5220378637313843
496915998 1.5309646129608154
498887303 1.5722222328186035
500988680 1.6008260250091553
502980498 1.5918705463409424
504998256 1.568725347518921
507015883 1.5442365407943726
509158977 1.5259000062942505
511187625 1.5295252799987793
513292594 1.5214297771453857
515257540 1.5164555311203003
517315938 1.5332281589508057
519288431 1.5732288360595703
521415333 1.5910025835037231
523375201 1.5832691192626953
525542009 1.5550613403320312
527584558 1.5328696966171265
529620950 1.5240352153778076
531939014 1.5214399099349976
533992118 1.5182151794433594
535982602 1.5167884826660156
538724310 1.5540122985839844
540045015 1.580142855644226
542054179 1.5900999307632446
544107378 1.5732780694961548
546174019 1.5479419231414795
549980028 1.5314860343933105
552737043 1.5227047204971313
554688001 1.5274591445922852
556714701 1.5328071117401123
558755843 1.5686800479888916
560870804 1.6037070751190186
563196880 1.5953387022018433
565144733 1.5726549625396729
567148922 1.5445187091827393
569468389 1.5254777669906616
571489652 1.5270278453826904
573551607 1.5182209014892578
576254256 1.520103931427002
578416510 1.559853434562683
580437030 1.5962355136871338
582472076 1.5825438499450684
584539561 1.569890022277832
586533951 1.5375498533248901
588576097 1.5156995058059692
590584162 1.5141969919204712
592726861 1.5019257068634033
594713132 1.5023688077926636
596738335 1.520742416381836
598732300 1.5543240308761597
600816325 1.583103060722351
602915183 1.5747450590133667
604825091 1.556079626083374
606862802 1.5365561246871948
608906081 1.5098820924758911
610935457 1.5185431241989136
612918658 1.5072364807128906
614951791 1.5028084516525269
616977076 1.5177538394927979
619011652 1.5570292472839355
621039893 1.5881949663162231
623065733 1.571390986442566
625086526 1.551326036453247
627204200 1.5257295370101929
629196714 1.5089499950408936
631238838 1.5115429162979126
633228958 1.5029929876327515
635245107 1.5015947818756104
637286816 1.5179282426834106
639331798 1.5576938390731812
641329472 1.5809834003448486
643354885 1.5644363164901733
645386931 1.5371054410934448
647507204 1.517285943031311
649484895 1.5031237602233887
651543402 1.4996683597564697
653515490 1.4890573024749756
655580381 1.491493821144104
657581847 1.5153441429138184
659623684 1.558250904083252
661664657 1.57222318649292
663946497 1.5556187629699707
666020699 1.5237281322479248
668017247 1.5015772581100464
670010330 1.495672345161438
672139792 1.4981646537780762
674115478 1.4929583072662354
676131615 1.5003950595855713
678201079 1.5336897373199463
680181074 1.5705680847167969
682228211 1.5755373239517212
685240371 1.5623652935028076
687268255 1.5236495733261108
689344338 1.5108128786087036
691337339 1.5141140222549438
693335581 1.500749111175537
695384387 1.501690149307251
697403369 1.527084469795227
699420553 1.5667409896850586
701425658 1.5864155292510986
703705139 1.5725715160369873
705755833 1.543534517288208
707852521 1.5181553363800049
709800153 1.5058876276016235
711819603 1.5062333345413208
713859061 1.5006294250488281
715906087 1.4991421699523926
717938047 1.5311030149459839
719934279 1.5708074569702148
721952727 1.5789142847061157
724020417 1.5720102787017822
726018329 1.5445237159729004
728031882 1.5281342267990112
730080310 1.5186940431594849
732095799 1.5135245323181152
734134125 1.5091453790664673
736154784 1.518875002861023
738180376 1.5496824979782104
740197302 1.5859125852584839
742255311 1.5882205963134766
744246889 1.5662809610366821
746314809 1.5475331544876099
748309887 1.517243504524231
750327948 1.5161699056625366
752327668 1.5077064037322998
754371094 1.5057313442230225
756425637 1.5156186819076538
758442909 1.546013355255127
760473976 1.5815558433532715
762624260 1.5836786031723022
764554432 1.5626118183135986
766588667 1.5399318933486938
768641512 1.517894983291626
770642631 1.5176527500152588
772679927 1.5080256462097168
774748342 1.506837010383606
776863320 1.5125490427017212
778875159 1.5531471967697144
780888640 1.5840240716934204
783165637 1.569153904914856
785201211 1.5471183061599731
787247329 1.5172725915908813
789267802 1.5047152042388916
791271108 1.5141687393188477
793290522 1.4994767904281616
795332548 1.5027519464492798
797351723 1.5196492671966553
799386602 1.5595943927764893
801402164 1.5786092281341553
803429616 1.5646858215332031
805474191 1.5399138927459717
807506201 1.518182635307312
809503520 1.5084540843963623
811536495 1.5082697868347168
813538793 1.5018776655197144
815573782 1.5000938177108765
817602822 1.5242865085601807
819643865 1.5653632879257202
821646818 1.5808489322662354
823738133 1.5541424751281738
825752070 1.5288509130477905
827842677 1.5065494775772095
829802820 1.496383547782898
831825711 1.4933947324752808
833867342 1.4911549091339111
835939413 1.489059567451477
837972400 1.5164172649383545
840020917 1.5600800514221191
841985696 1.5612692832946777
844014282 1.5485955476760864
846085623 1.5264393091201782
848168960 1.512313723564148
850158117 1.4989283084869385
853514453 1.502885341644287
854169547 1.5051301717758179
856237372 1.5041935443878174
858270095 1.5423842668533325
860260022 1.575985074043274
862293256 1.5761659145355225
864313926 1.565018892288208
866337594 1.5352224111557007
868392038 1.5144764184951782
870369147 1.5091552734375
872425703 1.5103023052215576
874444314 1.5030955076217651
876465347 1.508678674697876
878498662 1.5474261045455933
880516002 1.575162649154663
882534598 1.5669444799423218
884815172 1.5526865720748901
886859244 1.5243107080459595
888881942 1.4996813535690308
890878074 1.5051149129867554
892906664 1.494382381439209
894947602 1.4892264604568481
897426031 1.5040632486343384
899373236 1.545875906944275
901418428 1.5691524744033813
903414531 1.55088472366333
905563695 1.5262192487716675
907507280 1.5076606273651123
909528476 1.4914031028747559
911556397 1.4930814504623413
913944159 1.490166425704956
915599474 1.4838846921920776
917626866 1.506759524345398
919648637 1.5514225959777832
921685810 1.56520676612854
923711104 1.5549476146697998
925747204 1.5275030136108398
927777436 1.5077277421951294
929783119 1.4961293935775757
931842639 1.5027872323989868
933818506 1.488038182258606
935879324 1.4865796566009521
938668815 1.5327930450439453
940690131 1.56536066532135
942758636 1.5572965145111084
944756203 1.5383920669555664
946766773 1.507907748222351
948821721 1.4843900203704834
950863288 1.485914945602417
952842309 1.4783879518508911
954908074 1.477691411972046
956916283 1.4901622533798218
958959189 1.523411750793457
960960052 1.5537642240524292
963541047 1.5500558614730835
965535690 1.5264562368392944
967645028 1.4983094930648804
969680631 1.4847482442855835
971677112 1.488855242729187
973747209 1.4819954633712769
975799887 1.489526391029358
977952625 1.5237377882003784
979979394 1.5614924430847168
982030246 1.5696375370025635
984054756 1.5538272857666016
986056913 1.528447151184082
988091336 1.5057438611984253
990110413 1.5035955905914307
992151275 1.4985229969024658
994191466 1.4919933080673218
996190608 1.4984322786331177
998220342 1.5285422801971436
245961 1.5687953233718872
2283684 1.5678038597106934
4635247 1.554439902305603
6628086 1.5299651622772217
8753707 1.5042192935943604
10787558 1.5055123567581177
12853002 1.5046110153198242
14866157 1.4965715408325195
16909907 1.5129446983337402
18904243 1.550203561782837
20917379 1.5821638107299805
22938587 1.5712437629699707
24948327 1.5571190118789673
26992830 1.5282809734344482
29009668 1.511483907699585
31046068 1.5185712575912476
33070028 1.5076563358306885
35084123 1.5104020833969116
37147009 1.5214403867721558
39164608 1.5610483884811401
41193755 1.5938987731933594
43202755 1.5795954465866089
45225531 1.560200572013855
47242701 1.5405793190002441
49297324 1.5199482440948486
51381928 1.5287433862686157
53364324 1.518890619277954
55375173 1.5183727741241455
57401207 1.5355454683303833
59451797 1.5760366916656494
61455517 1.598423719406128
63479098 1.578251600265503
65529318 1.5528795719146729
67804760 1.5255439281463623
69861584 1.5109152793884277
73576804 1.5068928003311157
75583723 1.501781702041626
77643122 1.5232765674591064
79696894 1.5643234252929688
81663255 1.5839697122573853
83677186 1.565927505493164
85718237 1.551805019378662
87747663 1.5238052606582642
89962735 1.5110749006271362
91990935 1.5208687782287598
94029310 1.514345645904541
96169298 1.514189600944519
98259911 1.5476504564285278
100196173 1.5808614492416382
102264869 1.5872660875320435
105117879 1.5706630945205688
107040274 1.5322041511535645
109069469 1.511181116104126
111175718 1.516137719154358
113163894 1.5085053443908691
115196433 1.5065714120864868
117202478 1.5179206132888794
119232086 1.5585310459136963
121300936 1.581527590751648
123297712 1.5671985149383545
125356529 1.550396203994751
127343837 1.5228897333145142
129350413 1.5095958709716797
131411968 1.5141997337341309
133425395 1.5034096240997314
135486649 1.5034866333007812
137489913 1.5219628810882568
139514963 1.565566062927246
141531149 1.5814902782440186
143549807 1.5656862258911133
145585533 1.5429328680038452
147622157 1.5147970914840698
150324812 1.5021651983261108
151647620 1.5090559720993042
153691734 1.497424602508545
155718455 1.4977364540100098
157738566 1.5288547277450562
159746889 1.565953016281128
161792938 1.5777957439422607
163880562 1.5640124082565308
167371670 1.5210046768188477
169413999 1.5008578300476074
171535935 1.5125324726104736
173484019 1.500664234161377
175498779 1.5007015466690063
177524029 1.5209336280822754
181122140 1.5648316144943237
183587529 1.5736124515533447
185075536 1.5494163036346436
187139642 1.5237486362457275
189178826 1.503530740737915
191173233 1.5034356117248535
193195086 1.5054360628128052
195215688 1.4950318336486816
197245340 1.5116149187088013
199402933 1.5511927604675293
201309795 1.5736989974975586
203481876 1.558556318283081
205376471 1.5373708009719849
207385782 1.510183334350586
209418589 1.4935333728790283
211440213 1.4979097843170166
213534053 1.4923666715621948
215513170 1.4880564212799072
217535258 1.5110669136047363
220399886 1.5506168603897095
222300754 1.5639780759811401
224311149 1.5530035495758057
226340818 1.5269883871078491
228367163 1.5015161037445068
230378836 1.4941039085388184
232437524 1.4950213432312012
234446708 1.494127631187439
236491951 1.498565435409546
238517440 1.539332628250122
240538301 1.564201831817627
242602631 1.5691159963607788
244568484 1.5532519817352295
246596140 1.524907112121582
248624962 1.5010273456573486
250646597 1.5030699968338013
252673981 1.4952232837677002
254703621 1.4978145360946655
256729115 1.509556531906128
258784320 1.5473846197128296
260775602 1.577445149421692
262812021 1.5688151121139526
264871931 1.5497921705245972
266888420 1.5236201286315918
268949455 1.4965629577636719
270974805 1.5082261562347412
273274936 1.499071717262268
275181654 1.500396966934204
277197159 1.51546311378479
279261357 1.555722713470459
281293681 1.5828337669372559
283395743 1.572009563446045
285364131 1.5500476360321045
287360996 1.529821753501892
289397498 1.5143623352050781
291426451 1.5174355506896973
293455344 1.5139954090118408
295478948 1.5112252235412598
297504657 1.5300754308700562
299524905 1.5714058876037598
301678362 1.5920677185058594
303577703 1.575745940208435
305606302 1.546891212463379
307723650 1.5283459424972534
309653642 1.51858389377594
311690799 1.5218223333358765
313699713 1.5106873512268066
315753667 1.5072240829467773
317764206 1.5292301177978516
319785108 1.576502799987793
321824224 1.5953102111816406
323876473 1.577261209487915
325875625 1.552476167678833
327882906 1.5362797975540161
329911666 1.5204225778579712
331932814 1.5257680416107178
333941878 1.5220321416854858
336006701 1.5169949531555176
338018078 1.545032262802124
340028413 1.5946630239486694
342064612 1.5941985845565796
344099585 1.5775995254516602
346116555 1.5523085594177246
348167955 1.5264699459075928
350212232 1.525652527809143
352214057 1.5207171440124512
354236550 1.5163027048110962
356265950 1.5193208456039429
358275739 1.5465773344039917
360317895 1.5854792594909668
362324967 1.5833740234375
364367789 1.568692684173584
366377084 1.5413991212844849
368957784 1.5129523277282715
370965104 1.5219672918319702
373011786 1.5161542892456055
375059816 1.513681411743164
377186342 1.5270721912384033
379142168 1.5634996891021729
381162609 1.5882763862609863
383492566 1.574347734451294
385247877 1.560788869857788
387275395 1.526038646697998
389266350 1.5123229026794434
391296733 1.5162239074707031
393326450 1.5110700130462646
395359937 1.5055667161941528
397361117 1.5209609270095825
399385563 1.558558702468872
401440862 1.5797783136367798
403452938 1.5698566436767578
405468002 1.5519025325775146
407489464 1.5191208124160767
409550756 1.5067341327667236
411555860 1.5084906816482544
413569075 1.5060111284255981
415634298 1.5069842338562012
417637001 1.5231003761291504
419689621 1.5698554515838623
421684242 1.5841701030731201
423728955 1.566643238067627
425745539 1.5443124771118164
427778330 1.5161714553833008
429787328 1.5056015253067017
431821338 1.5063321590423584
433833984 1.4992574453353882
435883759 1.5031324625015259
437879946 1.527537226676941
439937831 1.5615885257720947
441954675 1.572608232498169
444537289 1.5546679496765137
446493057 1.5252399444580078
448616532 1.5045934915542603
450579337 1.4985634088516235
452608529 1.4922763109207153
454683164 1.4930999279022217
456708067 1.4993138313293457
458722477 1.540086269378662
460778186 1.5754451751708984
462787195 1.568622350692749
464869662 1.5534594058990479
466904726 1.5209895372390747
468962678 1.4953804016113281
470927851 1.5019127130508423
472966328 1.4973163604736328
474987696 1.4953291416168213
477014695 1.505886435508728
479041126 1.5438846349716187
481075100 1.5768959522247314
484062808 1.5693145990371704
486016018 1.5371794700622559
488018210 1.5173932313919067
490076303 1.5105268955230713
492164886 1.5029493570327759
494183877 1.5040584802627563
496185982 1.5067722797393799
498219625 1.5415904521942139
500258402 1.58112370967865
502274363 1.5822101831436157
504303741 1.5682662725448608
506333090 1.535043478012085
508348239 1.5163465738296509
510366919 1.5132609605789185
512416203 1.510307788848877
514449243 1.5060832500457764
516487459 1.509426474571228
518499211 1.5442389249801636
520538667 1.5791349411010742
522545102 1.5753083229064941
524562358 1.5638056993484497
526588068 1.5325464010238647
528613815 1.5161237716674805
530669161 1.5142951011657715
532669907 1.5074907541275024
534691962 1.5090563297271729
536745250 1.5161020755767822
538744634 1.5528907775878906
540783813 1.5895419120788574
542812913 1.5770788192749023
544826940 1.5582505464553833
546859422 1.5328997373580933
548907639 1.5087803602218628
550950291 1.5127524137496948
552945282 1.5052680969238281
554954223 1.5036835670471191
557010983 1.5143178701400757
559028537 1.5492568016052246
561039411 1.5832176208496094
563055894 1.5764871835708618
565088709 1.5588047504425049
567116227 1.5296505689620972
569166100 1.514448881149292
571151610 1.5198698043823242
573211856 1.513170838356018
575243952 1.5138413906097412
577454118 1.5262730121612549
579481286 1.5750820636749268
581546708 1.5988752841949463
583528482 1.5858303308486938
585552076 1.5587754249572754
587582554 1.542141318321228
589615074 1.521360993385315
591656056 1.5274171829223633
593676522 1.5160518884658813
595686499 1.5110063552856445
597743753 1.5323736667633057
599801960 1.5734299421310425
601828831 1.5898158550262451
603950017 1.5738365650177002
605947156 1.5446178913116455
607943744 1.5218846797943115
609996462 1.5129936933517456
611979143 1.5134867429733276
614152490 1.5048129558563232
616059563 1.5089647769927979
618078979 1.5412204265594482
620182017 1.581406831741333
622216878 1.5815647840499878
624340020 1.5666143894195557
626478064 1.5411500930786133
628560759 1.507082462310791
630579244 1.5110678672790527
632598429 1.5059701204299927
634649758 1.5057986974716187
636705191 1.5051453113555908
638873799 1.5470741987228394
640959161 1.5715816020965576
643107469 1.5720512866973877
645178040 1.5497721433639526
647234135 1.5253480672836304
649206288 1.503636121749878
651244625 1.5090680122375488
653280130 1.5063490867614746
655312900 1.5015403032302856
657404213 1.5136528015136719
659345535 1.556330680847168
661380055 1.5828988552093506
663478830 1.5666576623916626
665553212 1.5418132543563843
667540742 1.5184322595596313
669524639 1.505265712738037
671529667 1.510176420211792
673582121 1.505422830581665
675638203 1.4976286888122559
677630330 1.5153064727783203
679682168 1.5592807531356812
681697533 1.5725321769714355
684880491 1.5626966953277588
687003080 1.5207829475402832
689000042 1.5052722692489624
691107693 1.509503960609436
693062334 1.5056036710739136
695137285 1.5044139623641968
697281491 1.520583152770996
699259679 1.5617164373397827
701293395 1.596901774406433
703292391 1.5886601209640503
705297442 1.5643982887268066
707314331 1.540710210800171
709462882 1.52470862865448
711539192 1.528361201286316
713546047 1.518357515335083
715596607 1.517486333847046
717596599 1.5417006015777588
719706824 1.5760060548782349
721697448 1.5939468145370483
724088838 1.5814563035964966
726286760 1.5555275678634644
728332266 1.5304850339889526
730316695 1.5210440158843994
732354406 1.5244961977005005
734349195 1.5167646408081055
736397670 1.5278633832931519
738463462 1.5578322410583496
740499589 1.5939282178878784
742565109 1.588844895362854
745279660 1.5614618062973022
747340467 1.5360934734344482
749335659 1.5189822912216187
751350874 1.532972812652588
753388773 1.5201451778411865
755403755 1.5201703310012817
757441096 1.5463765859603882
759494457 1.5829484462738037
761485762 1.6037898063659668
763703454 1.5946028232574463
765752924 1.5688798427581787
767733784 1.5435398817062378
769771697 1.5316001176834106
771833771 1.5357154607772827
773866839 1.5298655033111572
776143192 1.526668667793274
779401286 1.57957923412323
781424146 1.608569860458374
783462554 1.5945518016815186
785517475 1.5716044902801514
787576967 1.5452274084091187
789586902 1.5275272130966187
791613877 1.5334948301315308
793644118 1.516066074371338
795666019 1.5157701969146729
797783157 1.5409964323043823
799801331 1.5885260105133057
801828635 1.602850317955017
803824446 1.5838340520858765
805902200 1.5595513582229614
807919240 1.5354825258255005
809936444 1.5206530094146729
811933585 1.5231705904006958
814008965 1.5143173933029175
815996867 1.5216238498687744
818022261 1.554641604423523
820037991 1.593969464302063
822158870 1.6011812686920166
824111224 1.5815640687942505
826903211 1.5567569732666016
828908931 1.5244981050491333
830994557 1.5326653718948364
832953838 1.5165036916732788
834976342 1.5162392854690552
837000087 1.5292389392852783
839034942 1.562490463256836
841059777 1.5862655639648438
843173171 1.5758750438690186
845726489 1.5482515096664429
847769391 1.5271819829940796
849773268 1.505301594734192
851850539 1.5122647285461426
853882497 1.5027246475219727
855904415 1.5002435445785522
858264251 1.5283877849578857
860279959 1.5701994895935059
862293107 1.5708386898040771
864483407 1.5560126304626465
866533217 1.529281735420227
868520838 1.5048397779464722
870565543 1.4995132684707642
872575603 1.4928735494613647
875277331 1.496129035949707
877491107 1.5136221647262573
879545582 1.5570025444030762
881596673 1.5767567157745361
883753910 1.5642846822738647
885774448 1.5383789539337158
887847944 1.5187036991119385
891621725 1.5090241432189941
893655478 1.4997329711914062
895717763 1.4967676401138306
897714343 1.522430181503296
899738637 1.5646132230758667
901758670 1.5773015022277832
903818565 1.5619752407073975
905800629 1.5370259284973145
907851996 1.5062735080718994
910975207 1.5014698505401611
911906846 1.5000154972076416
913933219 1.4932217597961426
915957831 1.487777829170227
917975460 1.5175889730453491
919986837 1.5633723735809326
922036891 1.564979076385498
924026116 1.5456358194351196
926079452 1.5218136310577393
928105579 1.5019828081130981
930118138 1.4981926679611206
932160948 1.4883103370666504
934168622 1.4878661632537842
941011488 1.4916024208068848
942969434 1.5618155002593994
945006878 1.5456582307815552
947244545 1.522849202156067
949254836 1.5044504404067993
951280165 1.5081173181533813
953312862 1.5006424188613892
955773480 1.5024399757385254
957813156 1.520749807357788
959864993 1.5643091201782227
961935685 1.5791047811508179
964002363 1.564595341682434
965978121 1.5394972562789917
968018236 1.5178583860397339
970074168 1.5038456916809082
972059569 1.503636360168457
974086840 1.500599980354309
976156930 1.502352237701416
978178329 1.5327152013778687
980200122 1.574034571647644
982220834 1.5768532752990723
984231369 1.564713478088379
986270167 1.531813144683838
988263208 1.5155130624771118
990292944 1.5085452795028687
992313149 1.5094388723373413
994455240 1.5084728002548218
996471326 1.5126004219055176
998677907 1.5451124906539917
1560327 1.5946747064590454
3597296 1.5807077884674072
5702420 1.5544244050979614
7752695 1.5345468521118164
9717673 1.5172902345657349
11815282 1.5202202796936035
13778394 1.5140794515609741
15830933 1.5136263370513916
17858291 1.5373237133026123
19862122 1.5867915153503418
21865675 1.599287509918213
23922179 1.580937385559082
26011325 1.5507839918136597
27992370 1.532715082168579
30020448 1.5170137882232666
32034302 1.519781470298767
34057412 1.512360692024231
36118885 1.5139272212982178
38139962 1.5419893264770508
40183191 1.5821689367294312
42236757 1.5865471363067627
44241355 1.5728107690811157
46288318 1.5403058528900146
48335999 1.5215436220169067
50364138 1.521977186203003
52354410 1.5152288675308228
54671417 1.5144846439361572
56654298 1.5172874927520752
58701062 1.557133674621582
60724704 1.5924201011657715
62758634 1.5876429080963135
64824893 1.5710742473602295
66939052 1.541569471359253
69572530 1.520914077758789
72456192 1.515230655670166
74451851 1.5185105800628662
76530275 1.5211923122406006
78520647 1.5507398843765259
80772727 1.5868749618530273
82938332 1.5777450799942017
84955299 1.5626951456069946
86957459 1.539931058883667
89004936 1.5185118913650513
91082620 1.5136085748672485
93055368 1.506705641746521
95128178 1.5106287002563477
97365589 1.524242639541626
99164819 1.5635157823562622
101166417 1.589461088180542
103181150 1.5792487859725952
105230999 1.5617021322250366
107267398 1.53069007396698
109260505 1.5174394845962524
111647375 1.5203723907470703
113354610 1.5178983211517334
116686839 1.5157877206802368
118670146 1.5515278577804565
120729084 1.5899477005004883
122746384 1.5827432870864868
124771757 1.5700289011001587
126776853 1.5374430418014526
128801839 1.5200440883636475
130849089 1.5152839422225952
133062275 1.5084035396575928
135053781 1.4998981952667236
137091693 1.512590765953064
139110302 1.5486602783203125
141148839 1.5859298706054688
143159184 1.5689802169799805
145181727 1.5463120937347412
147278029 1.5190688371658325
149246214 1.504655361175537
151276711 1.5091578960418701
153307360 1.4976978302001953
155321727 1.502626895904541
157359860 1.5163705348968506
159385819 1.5488213300704956
163080956 1.575049877166748
165134151 1.5512852668762207
167145852 1.5292348861694336
169174840 1.510312557220459
171235194 1.512961983680725
173287125 1.5058883428573608
175281681 1.5049614906311035
177302193 1.5153988599777222
179522449 1.5572324991226196
181462932 1.5847625732421875
183507226 1.5726802349090576
185558957 1.5501561164855957
187550670 1.5224860906600952
189705893 1.5010249614715576
191668869 1.5101754665374756
193702554 1.5117701292037964
195736625 1.5030988454818726
197750785 1.5295326709747314
199796532 1.5648694038391113
201908805 1.580834150314331
203906459 1.5609514713287354
205948200 1.5426603555679321
208028453 1.516146183013916
209948501 1.5044348239898682
212012882 1.5069905519485474
214011398 1.4953508377075195
216025915 1.4979398250579834
218055289 1.5301529169082642
220083681 1.5750513076782227
222129689 1.5805814266204834
224126216 1.562006950378418
226496211 1.535536766052246
228198719 1.5168629884719849
230235762 1.5068286657333374
232244442 1.5051811933517456
234256074 1.4980473518371582
236298964 1.501808524131775
238299996 1.538176417350769
240338856 1.572791337966919
242358140 1.5743184089660645
244376585 1.558643102645874
246445507 1.53996741771698
248456888 1.5146560668945312
252209874 1.505961537361145
252835755 1.5014162063598633
255530824 1.501749038696289
257599774 1.5239604711532593
259597853 1.5617117881774902
261621415 1.5823683738708496
263637415 1.5667715072631836
265716737 1.5437506437301636
267740927 1.5220489501953125
269696470 1.5024439096450806
271788108 1.507483959197998
273758954 1.5020787715911865
275851103 1.5004632472991943
277845217 1.5200022459030151
279971382 1.5598948001861572
282003383 1.577392578125
284017585 1.559606671333313
286613515 1.5334030389785767
288621081 1.5118062496185303
290644270 1.5056740045547485
292667612 1.5056812763214111
294698321 1.5081523656845093
296889884 1.5096243619918823
298910373 1.5491725206375122
300969903 1.5880134105682373
303574703 1.5771154165267944
305650853 1.5465455055236816
307714566 1.5279628038406372
309700612 1.5130119323730469
312189892 1.5200952291488647
313762526 1.5104749202728271
315830747 1.507472276687622
317875692 1.5356817245483398
319932244 1.572697639465332
321929892 1.5919743776321411
323976039 1.5790139436721802
325990314 1.5577924251556396
328022499 1.5325798988342285
330139684 1.5188080072402954
332120556 1.520768165588379
334481544 1.5154163837432861
336184165 1.5143290758132935
338235666 1.553467035293579
340418679 1.5850238800048828
342291378 1.5884665250778198
344316761 1.5780590772628784
346352699 1.546770453453064
348387685 1.5283528566360474
350408304 1.5238076448440552
352440770 1.5165504217147827
354463884 1.5190123319625854
356535285 1.5188894271850586
358548051 1.5491329431533813
360536816 1.590695858001709
362981053 1.5877965688705444
365099510 1.5725953578948975
367458242 1.5499533414840698
370206383 1.5268117189407349
374826984 1.5218009948730469
376716945 1.526768445968628
378738648 1.5615310668945312
380745525 1.597296953201294
382765287 1.595130443572998
384810870 1.5751936435699463
386817926 1.5471636056900024
388850489 1.5257627964019775
390890050 1.5219188928604126
392887930 1.5127888917922974
394938684 1.513005018234253
396963698 1.52315354347229
398964118 1.5537869930267334
400994523 1.5875109434127808
403486969 1.580043077468872
405442852 1.555185317993164
407444279 1.5254583358764648
409492047 1.5125811100006104
411504826 1.5230205059051514
413535308 1.5122246742248535
415565606 1.5097229480743408
417571211 1.5307056903839111
419604898 1.5688387155532837
421662234 1.5955140590667725
423691967 1.5775716304779053
425725616 1.5545026063919067
427707353 1.5316650867462158
429747911 1.5088104009628296
431760291 1.5234858989715576
433819077 1.5129961967468262
436005121 1.5043710470199585
437991926 1.5279648303985596
439984319 1.5756175518035889
442044846 1.5834786891937256
444058827 1.566622257232666
446169294 1.5400487184524536
448110047 1.5185332298278809
450131079 1.5092636346817017
452143262 1.5109905004501343
454168529 1.5043352842330933
456204166 1.4980591535568237
458249263 1.5371134281158447
460242397 1.5732803344726562
462297186 1.5731436014175415
464332223 1.5573216676712036
466337920 1.533505916595459
468350016 1.5146443843841553
470413956 1.5073250532150269
472441348 1.5105667114257812
474423876 1.5036035776138306
476467542 1.5053207874298096
478465070 1.542702078819275
480529340 1.5768526792526245
482531213 1.578908920288086
484552467 1.5669773817062378
486600765 1.5468717813491821
488624204 1.5243648290634155
490666036 1.5145583152770996
492670718 1.5154857635498047
494691453 1.5164743661880493
496730041 1.517982006072998
498753558 1.5579254627227783
500764660 1.590480923652649
502849365 1.5831023454666138
504836522 1.5739021301269531
506920752 1.5390620231628418
508882184 1.5187386274337769
510913872 1.5187492370605469
512939279 1.5100833177566528
514989201 1.5093677043914795
517017515 1.5238022804260254
519021804 1.5520689487457275
521051326 1.5855646133422852
523496930 1.5759718418121338
525493132 1.5522568225860596
527512341 1.5229995250701904
529520442 1.5101548433303833
531539553 1.5138335227966309
533571501 1.5015901327133179
535614516 1.4967516660690308
537635611 1.5193188190460205
539658969 1.563308596611023
541686866 1.5876761674880981
543729604 1.568320393562317
547623269 1.523720383644104
549642975 1.5017790794372559
551921432 1.5137649774551392
553875430 1.5028035640716553
555930316 1.508414626121521
558353409 1.5262537002563477
559974739 1.568130612373352
562010826 1.5827934741973877
564005927 1.5664684772491455
566046531 1.5405633449554443
568859752 1.521557092666626
570840580 1.5117238759994507
573009810 1.507918357849121
575140982 1.5062533617019653
577075492 1.5139613151550293
579131850 1.550806999206543
581158190 1.5879788398742676
583685740 1.5788254737854004
585643866 1.54666006565094
587645987 1.5196654796600342
589693171 1.5094741582870483
591699533 1.5130901336669922
593752078 1.503211498260498
595768837 1.5014897584915161
597780621 1.526110291481018
599802349 1.5655221939086914
601829263 1.5863933563232422
603874695 1.57496976852417
605976495 1.5552089214324951
607933379 1.5304893255233765
609945642 1.5217026472091675
611991537 1.519472360610962
613993590 1.5101104974746704
616028566 1.5091654062271118
618051634 1.5402750968933105
620099764 1.578122854232788
622117096 1.592800498008728
624193482 1.5705959796905518
626213443 1.5435824394226074
628219003 1.5213499069213867
630232744 1.5125194787979126
632265581 1.504157543182373
634277973 1.5001797676086426
636328722 1.4974626302719116
638313845 1.5276674032211304
640366492 1.5649865865707397
643081129 1.5705300569534302
645047416 1.5525596141815186
647036256 1.525044560432434
649066311 1.501407504081726
651107686 1.50977623462677
653119873 1.499130129814148
655114914 1.4963159561157227
657168252 1.511419653892517
659189369 1.5438965559005737
661270180 1.578294038772583
663431166 1.5701122283935547
665419208 1.5398775339126587
667514969 1.5216825008392334
669465659 1.4987907409667969
671484685 1.5121443271636963
673530708 1.5027967691421509
675540094 1.496522068977356
677580165 1.5170830488204956
679592917 1.5517301559448242
681680653 1.5765572786331177
683703154 1.5612657070159912
685671154 1.5403170585632324
687745500 1.5177727937698364
689835686 1.498651146888733
691852884 1.5018818378448486
693881255 1.492358684539795
695934629 1.4943667650222778
697944107 1.5168061256408691
699965326 1.5614186525344849
701994459 1.5728248357772827
705094376 1.5645549297332764
707206352 1.5194859504699707
709208162 1.497129201889038
711267697 1.5049113035202026
713284955 1.4960081577301025
715315425 1.4961146116256714
717311796 1.5074639320373535
719369403 1.542388677597046
721367095 1.573430061340332
723451545 1.564440131187439
725419039 1.5455172061920166
727473106 1.5205857753753662
729475034 1.4973889589309692
733323734 1.4961094856262207
735298033 1.4963717460632324
737337691 1.5084099769592285
739458308 1.5481464862823486
741505299 1.5753823518753052
743460150 1.5663630962371826
745494063 1.5456159114837646
747510247 1.5151664018630981
749525602 1.499252200126648
751565255 1.5060452222824097
753589604 1.50291109085083
755610346 1.5013971328735352
757690001 1.5172213315963745
759687880 1.5544062852859497
761727420 1.5803163051605225
764613661 1.569380283355713
766593557 1.54546058177948
768626136 1.5206058025360107
770849147 1.5135979652404785
774561994 1.504852294921875
777822445 1.5245436429977417
780225270 1.5841236114501953
782287437 1.59177565574646
784313583 1.5696001052856445
787070040 1.5444879531860352
789108581 1.5125960111618042
791183093 1.5209425687789917
793205111 1.5156561136245728
795216978 1.5067940950393677
797245067 1.5209568738937378
799283377 1.562502384185791
801276902 1.585193157196045
803807311 1.5727359056472778
805814869 1.5489009618759155
807818286 1.5287491083145142
809874545 1.5182864665985107
811912865 1.5194165706634521
813882091 1.507768154144287
815999333 1.5089552402496338
818663781 1.5319926738739014
820921777 1.595129132270813
822947700 1.5852413177490234
825181943 1.5648772716522217
827180802 1.532618522644043
829194877 1.509342908859253
831727158 1.5179779529571533
833742518 1.5065096616744995
835761801 1.5064573287963867
837775921 1.5321382284164429
841462866 1.5739128589630127
843441354 1.5811917781829834
845457171 1.5640790462493896
847547181 1.5350011587142944
849843044 1.5237559080123901
851923178 1.5204927921295166
854945749 1.513630747795105
857018223 1.5212621688842773
859042395 1.5578174591064453
861076212 1.5899204015731812
863110212 1.5802974700927734
865126801 1.5614962577819824
867166812 1.530385971069336
869164483 1.51073157787323
871233122 1.5108121633529663
873235823 1.5029066801071167
875276475 1.5011200904846191
877323764 1.5171732902526855
879317107 1.5534663200378418
881353229 1.58034086227417
883538236 1.569623589515686
885944310 1.5451438426971436
887965377 1.5230118036270142
890176705 1.5184286832809448
892230026 1.5143990516662598
894227414 1.5059738159179688
896242184 1.5055402517318726
898287708 1.5417606830596924
900337415 1.5819408893585205
902687115 1.588730812072754
904355506 1.5698981285095215
906375337 1.5492924451828003
908454572 1.529823660850525
910987209 1.5166815519332886
912998601 1.5080146789550781
915013764 1.5137356519699097
917026215 1.5176002979278564
919098843 1.5561747550964355
921101962 1.5874532461166382
923484795 1.5758265256881714
925369361 1.561371922492981
927418470 1.5338599681854248
929462519 1.5093815326690674
931459811 1.5165259838104248
933597811 1.5057568550109863
935542626 1.5006734132766724
938702837 1.5201109647750854
940773757 1.5755620002746582
942818544 1.5729891061782837
944866055 1.5633339881896973
946902922 1.5225197076797485
948880141 1.5045180320739746
950924585 1.5074437856674194
952930081 1.5065799951553345
954946104 1.5014348030090332
956992608 1.5101450681686401
959038380 1.541759967803955
961065796 1.5747466087341309
963125038 1.5748777389526367
965109304 1.5562260150909424
967342310 1.5293346643447876
969192426 1.5091521739959717
971215880 1.5162537097930908
973247425 1.5058187246322632
975260575 1.5061893463134766
977279835 1.5187933444976807
979970304 1.5753281116485596
981991348 1.586606502532959
984090584 1.5699599981307983
986234989 1.5474274158477783
988248834 1.5183396339416504
990351787 1.5085548162460327
992346622 1.5086525678634644
994380708 1.5041329860687256
996399562 1.4997050762176514
998413041 1.5336335897445679
426430 1.5695197582244873
2496709 1.573451280593872
5044552 1.555030107498169
6994403 1.5273101329803467
8992815 1.5073403120040894
11027500 1.506934642791748
13104003 1.5010771751403809
15073377 1.5027700662612915
17280964 1.5187169313430786
19230184 1.556132197380066
21253043 1.5858738422393799
24578697 1.5704278945922852
26592124 1.5368115901947021
28647019 1.5150350332260132
30665782 1.514631748199463
32668882 1.5078399181365967
34693996 1.5050654411315918
36785839 1.5117443799972534
38765621 1.5448501110076904
40766368 1.5815653800964355
42803758 1.5704894065856934
44828376 1.56290602684021
46898009 1.533800721168518
48918732 1.510589599609375
51002632 1.5052095651626587
52971563 1.504765510559082
54983627 1.4969348907470703
57015369 1.5111206769943237
59066337 1.5492844581604004
61068169 1.580315113067627
63081440 1.571502685546875
65085173 1.5560717582702637
67134555 1.524733304977417
71523442 1.5040433406829834
73550244 1.501874566078186
76699721 1.4982160329818726
79629451 1.558720350265503
81625079 1.5815422534942627
83654241 1.5656169652938843
85729325 1.5522013902664185
87723422 1.5230883359909058
89753778 1.505465030670166
91775802 1.5096604824066162
93816732 1.5018329620361328
95829420 1.4999686479568481
97881787 1.5262502431869507
99904344 1.570194959640503
101914949 1.5875258445739746
103969170 1.5732682943344116
105991738 1.5469739437103271
108363731 1.5202115774154663
110525724 1.5094889402389526
112504000 1.510465383529663
114535249 1.5056401491165161
116545173 1.5089308023452759
118583173 1.539923071861267
120727814 1.5712918043136597
122675948 1.5689849853515625
124698279 1.55868661403656
126766615 1.5315061807632446
129128180 1.5111676454544067
130801629 1.5105234384536743
132821630 1.4988943338394165
134841381 1.4984747171401978
136877133 1.507430076599121
138942744 1.5457829236984253
140975731 1.5796058177947998
143109605 1.5727849006652832
145069030 1.5589346885681152
147099174 1.5295360088348389
149120033 1.5124567747116089
151168230 1.5093209743499756
153191839 1.507367730140686
155213776 1.5095371007919312
157291917 1.524211049079895
159302539 1.552755355834961
161293137 1.5835798978805542
163317612 1.578279733657837
165522489 1.56186044216156
168800453 1.5179804563522339
170869032 1.5116190910339355
172889283 1.506425142288208
174906961 1.5048468112945557
176903834 1.5108451843261719
178963317 1.5540719032287598
181044189 1.5827724933624268
184532901 1.573313593864441
186614115 1.5359665155410767
188675667 1.5113427639007568
190686239 1.5065027475357056
192759012 1.5056246519088745
194747611 1.5038384199142456
196818776 1.5083355903625488
200772514 1.5432820320129395
202979435 1.5707979202270508
205554425 1.5575692653656006
207500330 1.5250210762023926
209541412 1.512773871421814
211572529 1.520949125289917
213570465 1.502599835395813
215607666 1.5109103918075562
217633978 1.5219203233718872
220489181 1.5628385543823242
221981579 1.5876623392105103
224109841 1.5704492330551147
226049512 1.542337417602539
228110452 1.524448275566101
230314429 1.5092936754226685
232177667 1.5093566179275513
234263745 1.5031496286392212
236330361 1.5043038129806519
238409542 1.538863182067871
240459591 1.5694046020507812
242539894 1.5748116970062256
244544272 1.5627470016479492
246557306 1.539049744606018
248575703 1.5132012367248535
251510702 1.5024999380111694
253229698 1.4993550777435303
255249203 1.4994829893112183
257484759 1.507386565208435
259487026 1.5461968183517456
261480500 1.5744987726211548
265390806 1.5568759441375732
267180979 1.516937494277954
269414092 1.496421456336975
271528870 1.4999264478683472
273565501 1.4935493469238281
275610468 1.4901447296142578
277599642 1.5047656297683716
279657362 1.548548698425293
281746049 1.5694302320480347
283884580 1.5601544380187988
287101140 1.5392755270004272
289153502 1.505239486694336
291127166 1.5019309520721436
293153671 1.4991201162338257
295176413 1.4975184202194214
297207513 1.5106232166290283
299213273 1.548797369003296
301251695 1.5878928899765015
303269002 1.576261281967163
305322537 1.5582352876663208
307400611 1.5316808223724365
309458200 1.509907603263855
311464247 1.5159788131713867
313513879 1.5086545944213867
315533403 1.5083128213882446
317952226 1.5299495458602905
319993051 1.5690715312957764
322128310 1.580763578414917
324524111 1.5675230026245117
326584349 1.5392072200775146
328772652 1.5148285627365112
331323708 1.513549566268921
334173869 1.5044535398483276
336210056 1.5015748739242554
338168223 1.5316410064697266
340193838 1.5733808279037476
342419819 1.5886609554290771
344419858 1.5675368309020996
346463119 1.5413436889648438
348560300 1.5131882429122925
350593064 1.5069069862365723
352618121 1.5059654712677002
354631661 1.5006425380706787
356774954 1.5033818483352661
358755108 1.5394413471221924
360790628 1.5757718086242676
362833943 1.573973536491394
364827920 1.564070224761963
367229937 1.5305770635604858
369223689 1.504143238067627
371267708 1.50951087474823
373311476 1.5007667541503906
375461268 1.5031297206878662
377364328 1.514944076538086
379446563 1.5500746965408325
381453698 1.5802603960037231
383433561 1.5713659524917603
385487245 1.5488359928131104
387504402 1.5255788564682007
389508445 1.5004663467407227
391701773 1.5094140768051147
393605698 1.5012121200561523
395603793 1.5025218725204468
397641446 1.5164144039154053
399666127 1.5521749258041382
401686645 1.5775882005691528
403696048 1.5696682929992676
405750019 1.5459259748458862
407751048 1.5169888734817505
409823396 1.4991401433944702
411815018 1.501633644104004
413837580 1.4888954162597656
415855044 1.4913578033447266
417872777 1.5166982412338257
419939532 1.5541315078735352
421938474 1.5706156492233276
423970152 1.5545661449432373
425991038 1.5258700847625732
428019177 1.5052481889724731
430053014 1.501037836074829
432074657 1.4951246976852417
434079936 1.4885307550430298
436119892 1.4886682033538818
438139306 1.5176753997802734
440196583 1.556467056274414
442227553 1.5671061277389526
444257797 1.5559580326080322
446276961 1.5276330709457397
448288096 1.5091809034347534
450317614 1.5030196905136108
452422326 1.50082528591156
454357392 1.5002799034118652
456389972 1.5010557174682617
458403577 1.5371214151382446
460446555 1.5759483575820923
462479143 1.5758577585220337
464826339 1.5614088773727417
466521610 1.5350970029830933
468548396 1.5150196552276611
470562669 1.5073565244674683
472611549 1.5076860189437866
474683121 1.5068954229354858
476663586 1.5071709156036377
478684805 1.5402946472167969
480702785 1.580101728439331
482803430 1.5781700611114502
484761936 1.5692288875579834
486818417 1.5372225046157837
488796353 1.5205247402191162
490831424 1.5180113315582275
492850007 1.5178433656692505
494907994 1.5143251419067383
496914816 1.5186729431152344
498934538 1.5600184202194214
500973022 1.5939686298370361
503001917 1.5888370275497437
505051300 1.5695202350616455
507020096 1.538304328918457
509072768 1.519136667251587
511100738 1.520851492881775
513125870 1.5144075155258179
515150773 1.514073133468628
517170888 1.5181699991226196
519221850 1.5553734302520752
521259428 1.5922034978866577
523311341 1.5797221660614014
525281250 1.5641001462936401
527295178 1.5316121578216553
529332708 1.5090608596801758
531365125 1.5115536451339722
533449992 1.5109443664550781
535485673 1.5037634372711182
537500676 1.5125240087509155
539527100 1.5514774322509766
541544141 1.5795140266418457
543704923 1.56034517288208
545681832 1.547805905342102
547730302 1.5201866626739502
549772330 1.5043483972549438
551758163 1.509913682937622
553789680 1.5005643367767334
555825408 1.5007028579711914
557926299 1.5232161283493042
559951141 1.5660853385925293
562067907 1.580451250076294
564050156 1.574141502380371
566035890 1.5532442331314087
568080101 1.5285853147506714
570114753 1.5086958408355713
572142047 1.5130568742752075
574150462 1.50689697265625
576186781 1.5123951435089111
578196727 1.5363644361495972
580234085 1.5820446014404297
582262578 1.590252161026001
584283557 1.5740759372711182
586296946 1.5515321493148804
588341276 1.5259647369384766
590367084 1.5200626850128174
592387582 1.5178568363189697
594396965 1.5123249292373657
596475706 1.5122610330581665
598468225 1.5462452173233032
600478830 1.582095742225647
602535142 1.583266019821167
604561899 1.577297329902649
606562926 1.5452144145965576
608582712 1.522794485092163
610613258 1.516182780265808
612633636 1.51068115234375
614672598 1.5086714029312134
616706159 1.5164575576782227
618719740 1.5524964332580566
620729813 1.5895673036575317
622833278 1.5874147415161133
625653415 1.574947714805603
627664077 1.5352877378463745
629702890 1.5245397090911865
631699808 1.5302248001098633
633723273 1.5148751735687256
635781536 1.5163848400115967
637800086 1.5325130224227905
639849408 1.574344277381897
641877388 1.5966830253601074
643909995 1.5830289125442505
645941092 1.5629925727844238
647939010 1.5372543334960938
649982104 1.5202568769454956
651985935 1.52250075340271
654037060 1.510962724685669
656037703 1.5070966482162476
658113839 1.5319658517837524
660101559 1.5689241886138916
662146758 1.58353590965271
664159173 1.5680251121520996
666213501 1.5397074222564697
668201531 1.5185463428497314
670225906 1.5015729665756226
672268327 1.5043402910232544
674273196 1.4999439716339111
676301905 1.498156189918518
678332432 1.5309407711029053
680367578 1.568068504333496
682415247 1.5781304836273193
684435961 1.5670522451400757
686469589 1.5433260202407837
688565145 1.52095365524292
690566885 1.5123406648635864
692582509 1.5121172666549683
694600980 1.5073901414871216
696644172 1.5062358379364014
698675681 1.5435916185379028
700686892 1.587380290031433
702701696 1.583221673965454
704719956 1.5703461170196533
706769853 1.545938491821289
708852541 1.5234087705612183
710859879 1.5209190845489502
712848719 1.516205072402954
714870538 1.5084487199783325
716888115 1.507951021194458
718930056 1.5466275215148926
720940415 1.5751734972000122
723033455 1.5728542804718018
725099954 1.5556902885437012
727397751 1.5252647399902344
729406716 1.5030531883239746
731434109 1.5088251829147339
733496513 1.4909334182739258
735478744 1.4920204877853394
737504502 1.512205958366394
739562977 1.5544822216033936
741571294 1.5821783542633057
743580626 1.5753915309906006
745619513 1.5595240592956543
747637425 1.5306857824325562
749642927 1.5126242637634277
751681831 1.5238475799560547
753703946 1.5143871307373047
755800864 1.511438012123108
757796808 1.5331312417984009
759828467 1.5676321983337402
761837150 1.5909777879714966
763856470 1.5720335245132446
765862266 1.5576130151748657
767912427 1.5286083221435547
769926071 1.5126993656158447
771940228 1.5144551992416382
774268215 1.5035674571990967
776586303 1.5093598365783691
778604329 1.5422149896621704
780604994 1.5823532342910767
782599085 1.5824992656707764
784642763 1.5652750730514526
786664119 1.5364480018615723
788820264 1.5159894227981567
790755167 1.509945273399353
792791313 1.510616660118103
794836932 1.5079352855682373
796882569 1.5047645568847656
798884658 1.5382122993469238
800903437 1.5744140148162842
802926959 1.5689818859100342
804950614 1.5535659790039062
806970729 1.5273925065994263
808979087 1.507084608078003
811013780 1.5054296255111694
813069026 1.5053138732910156
815069192 1.5066229104995728
817088065 1.5126854181289673
819131994 1.5537290573120117
821129032 1.5819615125656128
823167857 1.5726912021636963
825195069 1.5587619543075562
827223218 1.5295969247817993
829251918 1.5107626914978027
831283331 1.5119761228561401
833298766 1.5049136877059937
835331959 1.4985311031341553
837383828 1.5063459873199463
839375796 1.545324444770813
841396144 1.569778323173523
843554300 1.5569409132003784
846198858 1.526013970375061
848222397 1.5122164487838745
850250979 1.4970120191574097
852300058 1.49307119846344
854315872 1.4827810525894165
856344311 1.4912551641464233
858352348 1.5221549272537231
860404507 1.5517686605453491
862409677 1.560943365097046
864417021 1.54628324508667
866521628 1.5149250030517578
868497930 1.5026459693908691
870527649 1.4894294738769531
872583810 1.4898649454116821
874588074 1.486427664756775
876624000 1.4957761764526367
878670790 1.528131365776062
880692635 1.5603911876678467
882720998 1.5656925439834595
884742438 1.5558902025222778
886749629 1.5265843868255615
888802006 1.5072790384292603
891214428 1.5024739503860474
893239593 1.4936856031417847
895291504 1.4968011379241943
897314917 1.5130404233932495
899358103 1.5492628812789917
901350068 1.581830620765686
903382557 1.570483684539795
905418563 1.554877519607544
907440094 1.5249707698822021
909526751 1.5079556703567505
911492055 1.5087860822677612
913542343 1.505388855934143
915541374 1.5061075687408447
917593422 1.5163533687591553
919610733 1.5592960119247437
923237040 1.5756189823150635
925247488 1.5574700832366943
927306169 1.530073642730713
929302056 1.5075526237487793
931315701 1.5136587619781494
933361856 1.503674030303955
935384721 1.5036368370056152
937379791 1.5153088569641113
939427448 1.55216646194458
941467907 1.581977367401123
943570009 1.5706226825714111
945586292 1.55026376247406
947645513 1.5223195552825928
949630073 1.5046119689941406
951683196 1.5108741521835327
953702309 1.50664484500885
955714106 1.5071501731872559
957735079 1.5173206329345703
959791264 1.5620911121368408
961785444 1.58273184299469
964112180 1.5631641149520874
966245630 1.5430322885513306
968443060 1.5196722745895386
970367202 1.504915714263916
972373043 1.5069191455841064
974382869 1.5021493434906006
976370702 1.5025298595428467
978443151 1.5306614637374878
980429795 1.5783504247665405
982448217 1.5807857513427734
984519004 1.5657509565353394
986522006 1.5381642580032349
988548176 1.522230863571167
990593422 1.515051245689392
992653371 1.5099849700927734
995143160 1.5104745626449585
997216383 1.51776123046875
999293253 1.5524924993515015
1262510 1.5857921838760376
3972782 1.5817680358886719
5932951 1.5560358762741089
7962911 1.5344657897949219
9992850 1.5145307779312134
11993167 1.5156680345535278
14029374 1.5062342882156372
16049920 1.5014559030532837
18259964 1.524117112159729
20112335 1.5720330476760864
22122774 1.5849080085754395
24176485 1.568379282951355
26787639 1.531233549118042
28778326 1.5048691034317017
30808269 1.509319543838501
32831400 1.5081250667572021
34864540 1.5032503604888916
36905591 1.5110552310943604
38957971 1.5442410707473755
40974882 1.578361988067627
42980530 1.5800446271896362
44995419 1.5615471601486206
47044868 1.5390433073043823
49779614 1.5074574947357178
51913318 1.5141756534576416
53913966 1.5060726404190063
55917756 1.5015575885772705
57971695 1.52030611038208
60139724 1.5687801837921143
62188301 1.5808982849121094
64168687 1.5645085573196411
66210414 1.5331388711929321
68219501 1.5120151042938232
71233997 1.5014119148254395
74340304 1.498976707458496
76511277 1.5015699863433838
78543859 1.5290263891220093
80530052 1.571485996246338
82572049 1.5781939029693604
84571780 1.5658652782440186
86637495 1.5353121757507324
89882045 1.5179738998413086
91865348 1.5127503871917725
93904671 1.5019798278808594
95899607 1.5032705068588257
97916110 1.5231928825378418
100023941 1.5657211542129517
102024266 1.582701563835144
104073077 1.5674901008605957
106185830 1.542994737625122
108185674 1.5207271575927734
110231032 1.5121244192123413
112241343 1.513066053390503
114260759 1.5093876123428345
116279427 1.508790373802185
118404727 1.5369229316711426
120395365 1.5802924633026123
122593115 1.5854109525680542
124662819 1.573951005935669
126847894 1.548244833946228
130383943 1.526127815246582
132449052 1.5165789127349854
134420471 1.51210618019104
136464812 1.5160951614379883
138463687 1.5489501953125
140522157 1.5823018550872803
142533417 1.5840083360671997
144553216 1.5685272216796875
146572090 1.5437216758728027
148604760 1.5223788022994995
150659755 1.515312671661377
152687983 1.510261058807373
154713936 1.5089877843856812
156724114 1.5048320293426514
158743856 1.5353249311447144
160759451 1.5738580226898193
162916176 1.5805076360702515
164922319 1.5660985708236694
166944035 1.5352404117584229
168925602 1.513702392578125
170950172 1.5091279745101929
172998836 1.5077458620071411
175009987 1.5081932544708252
177024328 1.514769434928894
179061942 1.5515105724334717
181105205 1.5904712677001953
183152768 1.5806455612182617
185216989 1.5667238235473633
187187948 1.53113853931427
190422536 1.5101053714752197
192366672 1.5148605108261108
194388045 1.5060962438583374
196412543 1.506266713142395
198473157 1.5388953685760498
200461357 1.5742120742797852
202483038 1.5829615592956543
204536906 1.5592032670974731
206548510 1.5356029272079468
208592666 1.5178248882293701
210638183 1.502340316772461
212639184 1.4990413188934326
214734006 1.4978797435760498
216767616 1.5080065727233887
218780718 1.5413206815719604
220807396 1.5825450420379639
222838219 1.5829100608825684
224954870 1.5715320110321045
226900565 1.5383955240249634
228909953 1.520149827003479
230948492 1.5111451148986816
232959859 1.5078238248825073
235023122 1.503613829612732
237025642 1.512034296989441
239028625 1.547364592552185
241054013 1.5786341428756714
243111637 1.5733410120010376
245122733 1.5654619932174683
247217476 1.5413886308670044
249194211 1.5112884044647217
251249838 1.5157551765441895
253250738 1.5104053020477295
255283772 1.5074928998947144
257306424 1.5165762901306152
259389026 1.5564181804656982
261396440 1.5880839824676514
263435898 1.5830341577529907
265491345 1.5635924339294434
267508930 1.5328525304794312
269828221 1.5148875713348389
271994002 1.5217511653900146
274212546 1.512064814567566
276597515 1.5119949579238892
278614953 1.5469340085983276
280640012 1.5831953287124634
282779786 1.586822509765625
284818616 1.5740573406219482
286776646 1.5537031888961792
288988397 1.5264092683792114
291038957 1.5228792428970337
293051406 1.5119048357009888
295078177 1.5145138502120972
297105688 1.523808240890503
299155918 1.5581023693084717
301170401 1.5984190702438354
303216553 1.5878701210021973
305264023 1.576694130897522
307248469 1.5494327545166016
309276962 1.5231298208236694
311283984 1.5261629819869995
313342547 1.517899751663208
315462508 1.515381932258606
317491829 1.5227758884429932
319501365 1.5590676069259644
321571712 1.5915861129760742
323545936 1.5794378519058228
325717713 1.5616503953933716
327642402 1.5339406728744507
329637827 1.514234185218811
331793171 1.5164943933486938
333671941 1.5061945915222168
337676625 1.509839415550232
339707651 1.5660367012023926
341746657 1.5903520584106445
346229581 1.5746697187423706
348188815 1.5257420539855957
350208276 1.5156625509262085
352298787 1.5127017498016357
354256271 1.5062241554260254
356284261 1.5088212490081787
358307721 1.5369864702224731
360354844 1.5719797611236572
362412119 1.585085391998291
364379951 1.5677920579910278
366426031 1.549965262413025
368485483 1.5221939086914062
370465374 1.5142507553100586
372495114 1.5181431770324707
374506128 1.5073639154434204
376565678 1.5068354606628418
378567409 1.5436447858810425
380638743 1.5764695405960083
382615902 1.579946517944336
384640922 1.5607413053512573
386821758 1.5307605266571045
388833927 1.5147533416748047
390856100 1.5117647647857666
392905010 1.505176067352295
394928395 1.4982906579971313
396927690 1.507114052772522
399001059 1.5439183712005615
400998104 1.5759062767028809
403020664 1.5739312171936035
405050797 1.5633327960968018
407081920 1.533791184425354
409102456 1.514280080795288
411120611 1.5119152069091797
413151116 1.5094726085662842
415186631 1.5104740858078003
417211581 1.524397611618042
419238915 1.558510422706604
421267924 1.59059739112854
423723271 1.5832384824752808
425535198 1.5650990009307861
427550783 1.5373567342758179
429592418 1.5161446332931519
431617538 1.5227923393249512
433642007 1.5124611854553223
435659282 1.5076204538345337
437712212 1.522348165512085
439841108 1.5647273063659668
441764550 1.5892767906188965
443797415 1.57736074924469
445819680 1.5559706687927246
447863595 1.5261476039886475
449863784 1.513927698135376
451900293 1.5096449851989746
453932075 1.50088369846344
455959380 1.5002765655517578
458030692 1.5172462463378906
459999747 1.555739164352417
462070659 1.5785605907440186
464122405 1.563860535621643
466140321 1.5386416912078857
468184292 1.5121986865997314
470215281 1.505967617034912
472249056 1.5095685720443726
474243363 1.5044602155685425
476249826 1.5033479928970337
478326338 1.5306603908538818
480337710 1.5710692405700684
482340364 1.589424729347229
484418248 1.5761295557022095
486405406 1.5485221147537231
488504882 1.530090093612671
490533344 1.5174263715744019
492696582 1.509248971939087
494542410 1.5071383714675903
496539280 1.509415864944458
498586551 1.533374309539795
500637289 1.5752042531967163
502623271 1.5770683288574219
504659255 1.560953140258789
506678344 1.5366777181625366
508692613 1.5108059644699097
510741841 1.5033509731292725
513129251 1.4961153268814087
515087625 1.496342658996582
517110851 1.5032979249954224
519158207 1.5393825769424438
521173753 1.5716180801391602
523267414 1.5632529258728027
525238251 1.558619737625122
527261356 1.5336610078811646
529298742 1.5133525133132935
531909366 1.519607663154602
533935358 1.505670428276062
535958532 1.5060421228408813
537991246 1.5269004106521606
540008459 1.5697808265686035
542041454 1.5879144668579102
544065462 1.569691777229309
546100766 1.546189308166504
548123548 1.5197185277938843
550163587 1.5091211795806885
552164156 1.5088392496109009
554242640 1.4985560178756714
556328082 1.4970775842666626
558376923 1.5253182649612427
560450780 1.5658378601074219
562389554 1.5750173330307007
564441511 1.5661208629608154
566461188 1.5351766347885132
568475497 1.5201199054718018
570529567 1.5103808641433716
572555748 1.505898356437683
574561012 1.503586769104004
576580998 1.5010199546813965
578616045 1.5293320417404175
580640577 1.5758070945739746
582663318 1.5754356384277344
586429428 1.5605039596557617
588465579 1.510407567024231
590468523 1.5051136016845703
592479524 1.5071907043457031
594511079 1.4992790222167969
596720661 1.4972612857818604
598690531 1.5355826616287231
600705780 1.5736892223358154
602754831 1.5776786804199219
604887767 1.5608627796173096
606823350 1.5389386415481567
608853332 1.516122579574585
610867675 1.5156584978103638
612918479 1.5118911266326904
614947173 1.513588786125183
616934708 1.5115371942520142
619013151 1.5479308366775513
621018861 1.5833042860031128
623046407 1.5814306735992432
625062201 1.5621201992034912
627067287 1.5331982374191284
629118301 1.508421540260315
631137265 1.5075836181640625
633151357 1.497422456741333
635179178 1.5047869682312012
637200038 1.5076920986175537
639216799 1.5463674068450928
641538895 1.5774593353271484
643453332 1.5714443922042847
645526186 1.5594823360443115
647514812 1.5315375328063965
649566682 1.5101211071014404
651570934 1.512161374092102
653605408 1.503210425376892
655630151 1.5049022436141968
657644176 1.5231914520263672
659667919 1.5633227825164795
661713740 1.5857421159744263
663748394 1.5736523866653442
665746955 1.550924301147461
667764036 1.5207972526550293
669789967 1.5039551258087158
671818736 1.5054422616958618
673832209 1.5000805854797363
675859300 1.4969366788864136
677932079 1.5115855932235718
679941674 1.5596083402633667
682029841 1.583526611328125
683985013 1.567903757095337
686018740 1.5473971366882324
688025236 1.5213053226470947
690060586 1.5108479261398315
692111562 1.5087958574295044
694103920 1.5021101236343384
696126445 1.506569504737854
698172387 1.5329666137695312
700229505 1.5717995166778564
702197229 1.58738112449646
704231920 1.5690867900848389
706276655 1.540990948677063
708293812 1.5190284252166748
710319539 1.5114666223526
712337399 1.5099735260009766
714854595 1.506172776222229
716797455 1.5058714151382446
718815058 1.5424940586090088
720859550 1.5771305561065674
722886782 1.578669786453247
726079644 1.5638446807861328
728093766 1.5247843265533447
730151478 1.508804202079773
732160054 1.5120012760162354
734300853 1.5021275281906128
736395898 1.501107931137085
738446191 1.534116268157959
740470610 1.5735644102096558
742473985 1.583052635192871
744497888 1.563249945640564
746538518 1.5319616794586182
748554118 1.5132156610488892
750605070 1.5044362545013428
752619283 1.5072977542877197
754635872 1.496046543121338
756682912 1.4988678693771362
758694477 1.5292062759399414
760717669 1.569944977760315
762851758 1.5785443782806396
764822425 1.5653756856918335
766886625 1.5370460748672485
768827560 1.5113486051559448
770890114 1.511273980140686
772960300 1.50898015499115
774987513 1.5050718784332275
777651428 1.5106908082962036
779939708 1.568634033203125
783134535 1.5879638195037842
785303710 1.5651214122772217
787388688 1.532589077949524
789356578 1.5125806331634521
791387776 1.511479139328003
793392223 1.5085731744766235
795453790 1.4979461431503296
797464529 1.5112100839614868
799492439 1.5482860803604126
801527463 1.5756806135177612
803524512 1.5721970796585083
805548840 1.557961344718933
807626233 1.5257179737091064
809604443 1.510791301727295
811663843 1.5141055583953857
813663587 1.5042188167572021
815723758 1.504501223564148
817719307 1.5133912563323975
819736234 1.5607503652572632
821754810 1.5862350463867188
823865168 1.5750138759613037
825905068 1.5513310432434082
827921917 1.5260761976242065
829928814 1.5080406665802002
832072984 1.5173101425170898
834059044 1.5035362243652344
836117946 1.5057307481765747
838157251 1.5250979661941528
840158927 1.568868637084961
842185543 1.586548089981079
844230093 1.5738389492034912
846248769 1.5514274835586548
848368874 1.5255682468414307
850279237 1.5173941850662231
852327151 1.5174592733383179
854335113 1.5109742879867554
856367918 1.512987494468689
858418976 1.5356005430221558
860427870 1.5779063701629639
862447908 1.5799899101257324
865357826 1.5640727281570435
867308987 1.5247998237609863
869351601 1.5005444288253784
879189398 1.5045549869537354
881147093 1.5695788860321045
883164127 1.5656588077545166
885181605 1.5590882301330566
887215927 1.5225313901901245
889300281 1.506744623184204
891277812 1.5074069499969482
893297045 1.5027495622634888
895310307 1.5041502714157104
897354592 1.5116183757781982
899367418 1.5528663396835327
901376194 1.5866413116455078
903420679 1.5741567611694336
905440227 1.554489254951477
907467346 1.5268744230270386
909498184 1.5049924850463867
911536080 1.5100407600402832
913544838 1.5113625526428223
915561003 1.505429983139038
917754990 1.5186350345611572
919772740 1.558843970298767
921790852 1.5818501710891724
923844958 1.56868577003479
925890681 1.5478330850601196
927884536 1.5203880071640015
929911464 1.5046937465667725
931931198 1.5129916667938232
933999184 1.5030226707458496
936006922 1.5007761716842651
938026924 1.5215141773223877
940063672 1.5622053146362305
942074270 1.581705093383789
944243782 1.566443681716919
946238077 1.5459251403808594
948262292 1.5138007402420044
950319613 1.503157615661621
952327523 1.5022944211959839
954363693 1.497154951095581
956416900 1.4987131357192993
958418573 1.5264472961425781
960435905 1.5678658485412598
962499236 1.5771929025650024
964548380 1.5651729106903076
966585727 1.5430264472961426
968561489 1.5281490087509155
970592552 1.51528799533844
972649458 1.5157254934310913
974715882 1.5092843770980835
976697878 1.5119785070419312
978725868 1.5442758798599243
980736319 1.5800583362579346
982774282 1.5834646224975586
984779394 1.5731693506240845
986847984 1.5461091995239258
988871726 1.5171840190887451
990864914 1.5131888389587402
992910514 1.5083342790603638
995234547 1.5036005973815918
997250590 1.5143680572509766
999256567 1.5403658151626587
1298304 1.5795812606811523
3941175 1.5750916004180908
6120126 1.5541932582855225
8201553 1.5251197814941406
10150859 1.5131810903549194
12256471 1.516021490097046
14273366 1.50975501537323
16304826 1.5099228620529175
18340216 1.53726065158844
20337876 1.5810611248016357
22428710 1.596899390220642
24381587 1.575435996055603
26480330 1.556183099746704
28519794 1.5269919633865356
30548009 1.5175457000732422
32583163 1.5176910161972046
34620182 1.5071072578430176
36655334 1.5077307224273682
38661952 1.542184591293335
40702018 1.5788520574569702
42714308 1.5769586563110352
45570312 1.566043734550476
47448899 1.536394476890564
49451088 1.516086459159851
51485552 1.519338846206665
53538090 1.5106821060180664
56835492 1.5090008974075317
58887580 1.549913763999939
60907531 1.5826244354248047
63019950 1.5793099403381348
65251729 1.5633955001831055
67389730 1.536272406578064
69912665 1.5166513919830322
71933839 1.514626145362854
73985234 1.504379153251648
75997053 1.501707673072815
77991270 1.5215442180633545
80011210 1.5602473020553589
82108549 1.5835822820663452
84104165 1.566580057144165
86120043 1.550481915473938
88142002 1.52584707736969
90192591 1.5126240253448486
92185504 1.51313054561615
94229559 1.505246877670288
96266757 1.5018818378448486
98250419 1.5285476446151733
100299228 1.577122449874878
102313281 1.5892798900604248
104351111 1.5756322145462036
106391949 1.5527143478393555
108465642 1.5240432024002075
110445860 1.5077298879623413
112554406 1.5186530351638794
114555426 1.5089349746704102
116526319 1.507477045059204
118556207 1.5343050956726074
120612125 1.5705726146697998
122680831 1.5812857151031494
124777457 1.5637128353118896
126876674 1.537148356437683
128935378 1.51570463180542
130881721 1.5116442441940308
132946060 1.5125905275344849
134980649 1.5044161081314087
136996859 1.511646032333374
139022381 1.5495671033859253
141056772 1.5826882123947144
143054230 1.5788428783416748
145129154 1.5681082010269165
147172059 1.53551185131073
149221456 1.5111361742019653
151350989 1.5148042440414429
153422727 1.504743218421936
155602366 1.5060150623321533
157556456 1.5139079093933105
159605856 1.5447689294815063
161617233 1.578640341758728
163686512 1.5673948526382446
165699448 1.5499753952026367
167700046 1.5271775722503662
169737649 1.5059902667999268
171924279 1.513318419456482
173951795 1.5032838582992554
175995538 1.5010926723480225
178110164 1.5224483013153076
180077962 1.559924840927124
182084820 1.5833675861358643
184095719 1.565678596496582
186124338 1.5382684469223022
188145077 1.5187095403671265
190171767 1.505082130432129
192219734 1.5091021060943604
194330040 1.501565933227539
196284286 1.501499056816101
198300985 1.527260661125183
200365751 1.5710656642913818
202359961 1.5826643705368042
204413813 1.5681350231170654
206526453 1.5464046001434326
208634221 1.5254544019699097
210584472 1.5139970779418945
212627638 1.5173903703689575
214646601 1.5080980062484741
216664475 1.510313868522644
218713947 1.5482321977615356
220716425 1.585607647895813
222745429 1.5881810188293457
224812646 1.5684821605682373
226799456 1.5417871475219727
228832205 1.5190906524658203
230875819 1.5084714889526367
232936752 1.5061434507369995
234903526 1.505631446838379
236931655 1.5096015930175781
239005265 1.540688157081604
240987735 1.5788044929504395
243014469 1.5757708549499512
245036415 1.563730239868164
247100654 1.5421197414398193
249084648 1.5177229642868042
251507189 1.5171535015106201
253644239 1.5122119188308716
255667610 1.5106513500213623
257697685 1.5333385467529297
259931288 1.5722050666809082
261758585 1.5937656164169312
263807113 1.581082820892334
265831464 1.558138370513916
267816768 1.5278916358947754
269914944 1.5127208232879639
271932787 1.5191620588302612
274006622 1.5107226371765137
276024861 1.508095622062683
278045571 1.527202844619751
280172031 1.5647612810134888
282140364 1.5806556940078735
284182101 1.568210482597351
286175730 1.5472750663757324
288280210 1.5256532430648804
290312451 1.5075920820236206
292366945 1.5146669149398804
294338215 1.5043085813522339
296387206 1.5060079097747803
299309758 1.5302150249481201
301684343 1.5824167728424072
303727062 1.5722246170043945
305737000 1.554121494293213
307753589 1.5274227857589722
309799211 1.5057899951934814
311817040 1.5138523578643799
313839618 1.501099705696106
315854112 1.4972962141036987
317902663 1.5127568244934082
319914843 1.5466786623001099
321988687 1.5778405666351318
324007204 1.564812183380127
326003812 1.5452061891555786
328022161 1.5188180208206177
330048620 1.4974567890167236
332092913 1.5022333860397339
334152350 1.4958231449127197
336148155 1.4927387237548828
338158402 1.5180883407592773
340201418 1.56101393699646
342211187 1.5765725374221802
344461157 1.5584818124771118
346259494 1.5316742658615112
348328568 1.5097202062606812
350421822 1.4974820613861084
352373477 1.4947832822799683
354413400 1.4886258840560913
356432873 1.4906808137893677
358449444 1.5160714387893677
360479461 1.5548648834228516
362530899 1.5595488548278809
364584598 1.5473508834838867
366526220 1.5266499519348145
368576172 1.5073938369750977
370604037 1.4961118698120117
372752610 1.499860405921936
374673980 1.4857935905456543
376687682 1.4904720783233643
378755225 1.5290042161941528
380758997 1.5728585720062256
382756194 1.5709203481674194
384806909 1.5595065355300903
386848040 1.530285358428955
388837515 1.5075937509536743
390872808 1.502049207687378
392914836 1.5010846853256226
394924147 1.4988831281661987
396936599 1.498960256576538
398961814 1.5317482948303223
400994104 1.5621875524520874
403056552 1.5681579113006592
405180427 1.556251049041748
407184057 1.5218605995178223
409204434 1.5009790658950806
411218686 1.5028821229934692
413239297 1.4926265478134155
415294852 1.491335153579712
417315796 1.5046992301940918
419330316 1.5419337749481201
421354093 1.575089693069458
424068166 1.5720863342285156
425971758 1.541673183441162
428004116 1.5234417915344238
430007651 1.500906229019165
432049810 1.5105831623077393
434101933 1.5064058303833008
436120315 1.5010980367660522
438186919 1.5225964784622192
440152889 1.560088038444519
442771994 1.5767829418182373
444766600 1.555873155593872
446786917 1.5314538478851318
448823234 1.5148942470550537
450820143 1.5093716382980347
452818558 1.5025800466537476
454859190 1.5016995668411255
456912361 1.5009886026382446
460130155 1.5361921787261963
460938050 1.5725932121276855
462967050 1.567847728729248
464986804 1.5605206489562988
467600377 1.5262165069580078
469626600 1.501625895500183
471657766 1.5046350955963135
473685018 1.4998549222946167
475705560 1.498775601387024
477714417 1.5135260820388794
479749722 1.5556082725524902
481785204 1.5766069889068604
483798785 1.5652360916137695
485819591 1.5457260608673096
487864408 1.518762230873108
489886834 1.5013548135757446
491887565 1.5052226781845093
493929278 1.4939002990722656
495949276 1.4996393918991089
498002388 1.518945574760437
500029509 1.5584557056427002
502014726 1.5803745985031128
504061186 1.5646178722381592
506090862 1.5346755981445312
508102018 1.5134896039962769
510127880 1.5043058395385742
512142083 1.5040810108184814
514178009 1.4996249675750732
516203621 1.4982068538665771
518222691 1.5241258144378662
520254745 1.56350576877594
522285706 1.5793665647506714
524324416 1.5627367496490479
526335317 1.5377616882324219
528444175 1.5186760425567627
530384806 1.5097135305404663
532413329 1.5059921741485596
534502958 1.497746229171753
536463022 1.5036357641220093
538487631 1.5267364978790283
540526132 1.5683701038360596
542536121 1.5748416185379028
544557315 1.557560920715332
546600660 1.5332245826721191
548629157 1.511345386505127
550651838 1.5057591199874878
552687024 1.5050969123840332
554723849 1.5012924671173096
556715466 1.5022282600402832
558741433 1.5394530296325684
560779251 1.5786144733428955
562801434 1.5818021297454834
564826813 1.567767858505249
566997073 1.5419681072235107
568873004 1.517741322517395
570987725 1.5085430145263672
573839739 1.503071904182434
576171560 1.5002418756484985
577930625 1.5151180028915405
579952599 1.5640809535980225
582013628 1.5895270109176636
584001773 1.5717122554779053
586037111 1.5439239740371704
588062702 1.5234577655792236
590068338 1.508008360862732
592119930 1.513237714767456
594130359 1.5052722692489624
596149304 1.4963436126708984
598177647 1.51984703540802
600200649 1.5585185289382935
602263351 1.575551986694336
604289434 1.5655831098556519
606863640 1.5346119403839111
608869515 1.5143402814865112
610887366 1.5079233646392822
612924014 1.5051835775375366
614944953 1.50515878200531
616980227 1.5099562406539917
619017140 1.547696590423584
621030037 1.5852906703948975
623051278 1.583104133605957
625136440 1.5692155361175537
627117878 1.5432517528533936
629152725 1.5208323001861572
631147213 1.5214570760726929
633209075 1.5173983573913574
635197803 1.5206557512283325
637249938 1.5150094032287598
639256657 1.5509908199310303
641312904 1.5845980644226074
644335908 1.5781006813049316
645994977 1.5583478212356567
648046706 1.533079743385315
650045992 1.5143638849258423
652077765 1.5252069234848022
654177533 1.5076839923858643
656363287 1.5057841539382935
658380707 1.5334665775299072
660393215 1.5743358135223389
662426691 1.584824562072754
664451886 1.57320237159729
666524337 1.5515000820159912
668491659 1.52420973777771
670567285 1.5121995210647583
672558125 1.519557237625122
674625104 1.5146028995513916
676711742 1.518202781677246
678766257 1.5486981868743896
680768850 1.5857540369033813
682773833 1.5955052375793457
684875551 1.5854114294052124
687047981 1.5548503398895264
689117342 1.533399224281311
691134469 1.5252550840377808
693166957 1.5224460363388062
695177036 1.5241868495941162
697201346 1.5274239778518677
699228397 1.5628303289413452
701257147 1.59635329246521
703300128 1.5874881744384766
705346609 1.5687408447265625
707330723 1.534421682357788
709368831 1.5092958211898804
711418644 1.5113186836242676
713412358 1.5059789419174194
715448710 1.5121839046478271
717462524 1.5184298753738403
719479630 1.5476305484771729
721510518 1.579982042312622
723556992 1.571073293685913
725589943 1.5546355247497559
727590871 1.5252115726470947
729619822 1.5040276050567627
731642639 1.5072945356369019
733682028 1.5023101568222046
735693638 1.5033446550369263
737771232 1.516876220703125
739767210 1.5589362382888794
741816452 1.5908201932907104
743824557 1.5700052976608276
745885873 1.5479635000228882
747885170 1.5244306325912476
749962220 1.5069595575332642
752033204 1.5106174945831299
754005900 1.5011197328567505
756030670 1.5017603635787964
758248023 1.5237022638320923
760276053 1.5645567178726196
762283389 1.5826094150543213
764295999 1.5627719163894653
766376521 1.5511306524276733
768347481 1.5201365947723389
770405929 1.508716344833374
772413963 1.510084867477417
774494056 1.5061241388320923
776749086 1.5037853717803955
778889982 1.5467807054519653
780874799 1.5826079845428467
783248708 1.5849077701568604
785230158 1.566659688949585
787254952 1.535639762878418
789288588 1.5160075426101685
791335657 1.5198496580123901
793634324 1.5068949460983276
795622806 1.5128909349441528
797604683 1.5216896533966064
799622987 1.5601285696029663
801677892 1.585013508796692
804304478 1.5820730924606323
806906287 1.556380033493042
808835247 1.5253777503967285
810856149 1.517298936843872
812890359 1.5186784267425537
814925435 1.512864589691162
816935663 1.5170506238937378
818985370 1.55831778049469
820999033 1.5862431526184082
823007843 1.5859562158584595
825047663 1.5747348070144653
827065614 1.5421749353408813
829089678 1.5243839025497437
831120475 1.5187146663665771
833152778 1.513337254524231
835229294 1.5147649049758911
837192400 1.5155062675476074
839251507 1.5553855895996094
841258570 1.586413860321045
844657592 1.5759162902832031
845336480 1.5685431957244873
847366945 1.5328879356384277
849386039 1.5134681463241577
851417547 1.5175769329071045
853451849 1.5082483291625977
855477589 1.507018804550171
857516973 1.525006651878357
859568853 1.5630252361297607
861540535 1.5888848304748535
863588106 1.5872985124588013
865650060 1.5688079595565796
867616540 1.536191463470459
869643731 1.5168827772140503
871681493 1.523062825202942
873721130 1.5096385478973389
875779889 1.5115755796432495
877957715 1.5317916870117188
880003162 1.5626156330108643
881987222 1.5883935689926147
884021349 1.5833193063735962
886066484 1.5579047203063965
888075702 1.5306843519210815
890107983 1.5168033838272095
892163701 1.5218472480773926
894150003 1.5095391273498535
896235729 1.5128473043441772
898233271 1.5330604314804077
900345948 1.576682686805725
903608271 1.5862438678741455
905636338 1.5564508438110352
907654064 1.5389604568481445
909675698 1.512144684791565
911713678 1.5245662927627563
913766351 1.5183969736099243
915783821 1.5090421438217163
917801776 1.5226597785949707
919861756 1.5635223388671875
921843275 1.5930345058441162
923869165 1.5777153968811035
925910454 1.561194896697998
927959552 1.5359729528427124
929968429 1.5224283933639526
931997048 1.5231876373291016
934055372 1.5105412006378174
936057612 1.506930947303772
938061005 1.529491662979126
940134891 1.5661197900772095
942125509 1.5889158248901367
944196823 1.5697691440582275
946365212 1.548232078552246
948348570 1.5213758945465088
950370477 1.511101245880127
952671420 1.5122612714767456
954586463 1.503780484199524
956639792 1.4997022151947021
958667913 1.53211510181427
960669149 1.5673755407333374
962697475 1.5768431425094604
964718960 1.5635030269622803
966983171 1.537730097770691
969125833 1.5120049715042114
971125201 1.5043786764144897
973128806 1.5031782388687134
975181833 1.502252459526062
977512112 1.5109961032867432
979477468 1.5454939603805542
981507417 1.5759146213531494
983509105 1.5694034099578857
985539431 1.5479856729507446
987557917 1.5174462795257568
989749004 1.495163083076477
991682824 1.5096046924591064
993645272 1.4969823360443115
995665345 1.4967728853225708
997714247 1.5051987171173096
999761099 1.546620488166809
1818689 1.572327733039856
3791877 1.560506820678711
5884324 1.5507980585098267
7840846 1.5228586196899414
9880992 1.4952466487884521
11922636 1.5050307512283325
13919389 1.4905455112457275
15938883 1.4948642253875732
17963618 1.5160316228866577
19989432 1.5584098100662231
22049308 1.5791715383529663
24194789 1.5572484731674194
26233569 1.5321738719940186
28220145 1.5088770389556885
30273016 1.4966248273849487
32289094 1.5007896423339844
34318313 1.488724946975708
36330434 1.4931108951568604
38368519 1.5216550827026367
40398379 1.5587375164031982
42404935 1.5730044841766357
44462208 1.5593020915985107
46470684 1.5410082340240479
48503808 1.5128117799758911
50524229 1.5021599531173706
52590446 1.5098681449890137
55081388 1.502719521522522
57058961 1.5154460668563843
59099397 1.5491480827331543
61142655 1.5803947448730469
63218601 1.5838770866394043
65182227 1.5591775178909302
67756221 1.533835530281067
69778936 1.5092390775680542
73494153 1.5077579021453857
75499814 1.5055097341537476
77524821 1.513375997543335
79572800 1.5481858253479004
81618833 1.5793712139129639
83591867 1.5759292840957642
85654624 1.5584031343460083
87697883 1.531930685043335
89704661 1.5113823413848877
91747724 1.5176042318344116
93745128 1.5101656913757324
95824789 1.5130611658096313
97795821 1.5226354598999023
99822737 1.5638372898101807
101906753 1.593563199043274
104094690 1.5866070985794067
106104800 1.5593149662017822
108720069 1.5279860496520996
110759449 1.517478346824646
112767285 1.5181307792663574
114809134 1.5126866102218628
116815088 1.514908790588379
119341861 1.547194242477417
121275849 1.5903419256210327
123311872 1.589675784111023
125353358 1.5724506378173828
127413376 1.5428379774093628
129394519 1.518854022026062
131442731 1.5158836841583252
133446264 1.5004856586456299
135461060 1.5045915842056274
137515339 1.5196157693862915
139523109 1.5526734590530396
141575260 1.5822162628173828
144147713 1.5684130191802979
146071385 1.5473684072494507
148116708 1.5225014686584473
150108550 1.5037341117858887
152147460 1.51216721534729
154157476 1.5003488063812256
156231585 1.4973385334014893
158220802 1.525170922279358
160276047 1.5637177228927612
162281473 1.5775060653686523
164306938 1.5645735263824463
166314575 1.5440285205841064
168349701 1.5220832824707031
170363129 1.5056480169296265
172397889 1.5069220066070557
174413412 1.5030144453048706
176436240 1.5022403001785278
178479601 1.523979902267456
180515126 1.5688844919204712
182521842 1.5818558931350708
184571829 1.5705351829528809
187021308 1.5368554592132568
189036316 1.516463041305542
191045141 1.5122380256652832
193083617 1.5060395002365112
196277302 1.50596284866333
197189754 1.509224534034729
199236599 1.5388379096984863
201245139 1.577278971672058
203259021 1.5748600959777832
205635269 1.5508692264556885
207677781 1.5333056449890137
209693359 1.5097771883010864
211734354 1.5142394304275513
213748137 1.5038222074508667
215773426 1.5041769742965698
217797762 1.5143548250198364
219822313 1.5528713464736938
221846514 1.5811948776245117
223919075 1.5666649341583252
225904645 1.542722225189209
227936455 1.5242103338241577
229943359 1.504008412361145
231978658 1.5114994049072266
234010210 1.5058165788650513
236042304 1.5065155029296875
238066290 1.5207254886627197
240075492 1.5525286197662354
243266464 1.5807569026947021
244923142 1.5602489709854126
246997198 1.531035304069519
249255950 1.5064691305160522
250986196 1.5059664249420166
253018011 1.503963828086853
255532482 1.492958903312683
257346800 1.510279655456543
259369063 1.5456252098083496
261391557 1.5787550210952759
263889247 1.5764894485473633
265533231 1.5554865598678589
267532955 1.5260374546051025
269550090 1.5014251470565796
271601119 1.511979341506958
273625627 1.501075267791748
275638598 1.5071038007736206
277655492 1.515662431716919
279834065 1.5562328100204468
281793741 1.5852468013763428
283844311 1.5759965181350708
285929053 1.556067705154419
287957443 1.524366021156311
290008846 1.5108922719955444
292021586 1.5134717226028442
294026662 1.5027672052383423
296051300 1.5052523612976074
298049191 1.5278657674789429
300118763 1.5614664554595947
302529911 1.5862045288085938
304707831 1.5621281862258911
306605088 1.536730408668518
308641140 1.5190843343734741
310654338 1.5096955299377441
312676419 1.5140196084976196
314768270 1.5081102848052979
316765047 1.5048811435699463
318763644 1.5387098789215088
320802878 1.573527455329895
322824554 1.5806760787963867
325450924 1.5677281618118286
327951308 1.5259778499603271
329984224 1.5052417516708374
332018571 1.5094749927520752
334112117 1.5018954277038574
336091553 1.4961888790130615
338125725 1.521499514579773
340143328 1.5612455606460571
343116400 1.5830329656600952
344530854 1.5675017833709717
346551739 1.5423394441604614
348561293 1.5215973854064941
350587994 1.5086658000946045
352644805 1.5118680000305176
354876859 1.5085989236831665
356817865 1.504581093788147
358875797 1.5383002758026123
360916383 1.5800933837890625
362980788 1.5789061784744263
365427284 1.5657687187194824
367372905 1.5278866291046143
369434956 1.5016193389892578
371707674 1.5065094232559204
373694710 1.4980175495147705
375707721 1.4945205450057983
377799368 1.5095548629760742
379813549 1.5509026050567627
381803004 1.5799226760864258
383921243 1.5716387033462524
385966377 1.5558664798736572
387966790 1.526589035987854
390549525 1.511317491531372
395199140 1.510874629020691
397586863 1.5126322507858276
399663649 1.5554499626159668
404124202 1.5884127616882324
407217638 1.5534942150115967
409234299 1.5228806734085083
412635348 1.5156960487365723
414722088 1.5091866254806519
416833417 1.5102083683013916
418930820 1.5434277057647705
420981856 1.5827043056488037
425176853 1.580977439880371
430351142 1.5141927003860474
436831796 1.5123211145401
438881756 1.5436948537826538
440988032 1.5802596807479858
443026159 1.581534743309021
444975135 1.5681601762771606
447819176 1.5427896976470947
449671906 1.5091990232467651
451959571 1.5213253498077393
454193835 1.5078312158584595
456674261 1.5037884712219238
458691394 1.544244408607483
461092292 1.5818002223968506
463322181 1.5831925868988037
465374013 1.5678620338439941
467365555 1.5456339120864868
469402209 1.5225603580474854
471420764 1.5264782905578613
473458269 1.5237669944763184
475528279 1.5200854539871216
477546207 1.5321083068847656
479532028 1.567850112915039
481557659 1.5985894203186035
483650494 1.5923216342926025
485617546 1.5715948343276978
487711162 1.5462205410003662
489681351 1.5231517553329468
491683841 1.5287803411483765
493775899 1.5194419622421265
495772867 1.5179988145828247
497843741 1.5259082317352295
499890548 1.5631489753723145
502277499 1.5964901447296143
504238835 1.5743049383163452
506272376 1.5497006177902222
508315899 1.527255892753601
510346965 1.5144346952438354
512352961 1.5159711837768555
514382529 1.5121614933013916
516416339 1.5091567039489746
518460612 1.5287967920303345
520440397 1.5736078023910522
522518819 1.5857586860656738
524520657 1.5690505504608154
526535321 1.5467679500579834
529918625 1.526331901550293
531934190 1.515458583831787
534002332 1.5084418058395386
536045288 1.502058744430542
538009283 1.5210357904434204
540566254 1.560605525970459
542600055 1.5825029611587524
544676454 1.5669357776641846
546667327 1.5376758575439453
548770334 1.522048830986023
550815140 1.5076415538787842
552993962 1.5102444887161255
554787843 1.502681851387024
556825454 1.503610372543335
558852734 1.542476773262024
560879465 1.580202579498291
562924001 1.5767295360565186
564964233 1.5673115253448486
566970305 1.5381430387496948
568999896 1.5144363641738892
571061107 1.508957028388977
573271574 1.5056055784225464
575655181 1.5021965503692627
577650447 1.5238052606582642
579712076 1.5587120056152344
581815240 1.5927170515060425
583869275 1.5773733854293823
586602567 1.5425750017166138
588620072 1.5208569765090942
592390999 1.5109984874725342
594471271 1.5060248374938965
596490829 1.5089930295944214
598526467 1.5368212461471558
600800255 1.5823664665222168
602856160 1.5863583087921143
604898961 1.5745351314544678
606881827 1.54648756980896
608901186 1.52783203125
610983698 1.5158826112747192
612945313 1.5103710889816284
614987974 1.5099073648452759
616999464 1.5118969678878784
619091636 1.5500034093856812
621058999 1.581911325454712
624795007 1.5868266820907593
626816336 1.5403767824172974
628861233 1.5158765316009521
630909976 1.5145018100738525
632935185 1.5108373165130615
635203259 1.5049256086349487
637197361 1.513890266418457
639229899 1.5491338968276978
642721563 1.578234314918518
645017620 1.562890648841858
647028842 1.5369625091552734
649053332 1.519203543663025
651081435 1.510656714439392
653102983 1.5053249597549438
655142003 1.5069432258605957
657192075 1.513075351715088
659319874 1.5466883182525635
661253954 1.5833852291107178
663341276 1.5817837715148926
666125169 1.5638153553009033
668415122 1.5148520469665527
670472073 1.5058434009552002
672489003 1.5061196088790894
674550571 1.4957705736160278
676576102 1.4943761825561523
678589825 1.52339768409729
680631429 1.5631921291351318
682651984 1.5744885206222534
684681400 1.5571444034576416
686704123 1.5355829000473022
688751933 1.5127568244934082
690760577 1.5028570890426636
692776902 1.5015945434570312
694847934 1.4941062927246094
696836139 1.4928404092788696
698901663 1.5284239053726196
700884728 1.5700989961624146
703007967 1.5715513229370117
705118351 1.5585602521896362
707137753 1.5329684019088745
709207258 1.5142282247543335
711205297 1.5088763236999512
713215906 1.509002447128296
715293520 1.504372000694275
717284346 1.5125360488891602
719321785 1.5510585308074951
721340769 1.585074543952942
723490651 1.5778123140335083
725841720 1.5703442096710205
727491719 1.5395410060882568
729477935 1.5100312232971191
731522075 1.5137838125228882
733572486 1.5088409185409546
735612261 1.500618815422058
737597699 1.5143146514892578
739673384 1.5508052110671997
741972967 1.579663872718811
743959933 1.5661876201629639
746019459 1.544676661491394
748001429 1.5188710689544678
750042045 1.5044476985931396
752058625 1.510703444480896
754089052 1.5072708129882812
756271078 1.4998364448547363
758231977 1.5240248441696167
760270860 1.5671356916427612
762302447 1.58335280418396
764314742 1.5728256702423096
766408204 1.549073576927185
768417838 1.5280390977859497
770641722 1.5167728662490845
772708982 1.51448392868042
774734597 1.508493185043335
776745357 1.5091451406478882
778859527 1.5457335710525513
780885340 1.5796293020248413
782974782 1.5806809663772583
784991876 1.563132405281067
787167474 1.5379034280776978
789423771 1.510703444480896
791618428 1.5146782398223877
793625121 1.510185718536377
795670291 1.5066622495651245
797697926 1.5158578157424927
799793167 1.5510274171829224
801789332 1.582332968711853
803864623 1.5711956024169922
805873449 1.5484645366668701
807910705 1.5243781805038452
809904594 1.4993165731430054
811962624 1.5057721138000488
814204385 1.4971386194229126
816219641 1.4944566488265991
818278953 1.5192192792892456
820376577 1.5630333423614502
822344094 1.5782614946365356
824749086 1.5597538948059082
827069074 1.5283269882202148
829261179 1.5064241886138916
831375209 1.50316321849823
833471712 1.5010299682617188
835368881 1.5056352615356445
837420020 1.508986234664917
839503595 1.5470349788665771
841518438 1.5761058330535889
843525377 1.5721323490142822
845552998 1.563974380493164
848001507 1.5325708389282227
849951502 1.5130616426467896
852005226 1.5210659503936768
854045469 1.5100489854812622
856106955 1.5036237239837646
858096362 1.5280437469482422
860159441 1.5679863691329956
862203306 1.59206223487854
864838226 1.5650527477264404
867404536 1.5360339879989624
871549572 1.515729308128357
873631346 1.5103158950805664
875623202 1.509706974029541
877785446 1.521613359451294
879701558 1.55953049659729
881735365 1.5909435749053955
883744975 1.5839751958847046
887172928 1.5595200061798096
889153445 1.524751901626587
891169196 1.5200902223587036
893197918 1.5148273706436157
895217566 1.5171509981155396
897263294 1.519043207168579
899294291 1.5562175512313843
901318205 1.5938751697540283
903372387 1.5875589847564697
905365176 1.5711109638214111
907385483 1.5405795574188232
909689018 1.5155152082443237
911684749 1.5232166051864624
913716170 1.5149997472763062
915774612 1.513845443725586
917811765 1.519329309463501
919823805 1.5617700815200806
921817033 1.5911102294921875
923839259 1.5747580528259277
925861386 1.565416693687439
927886953 1.535101056098938
929947257 1.5142029523849487
931958411 1.5198562145233154
933978269 1.5121225118637085
935998123 1.5050395727157593
938099894 1.5251017808914185
940126934 1.5614368915557861
942146437 1.5852653980255127
944175503 1.5729131698608398
946226267 1.5449162721633911
948275153 1.5229721069335938
950239624 1.5067769289016724
952333383 1.512387990951538
954402126 1.5043123960494995
956403821 1.5012625455856323
958437754 1.5307379961013794
960482241 1.5668256282806396
962482979 1.579630970954895
964516798 1.564535140991211
966537306 1.5457878112792969
968596046 1.5228005647659302
970593298 1.5066334009170532
972635609 1.505721926689148
974643356 1.4954179525375366
976708635 1.4986705780029297
981633593 1.534523606300354
983908302 1.5720138549804688
985697025 1.5482760667800903
987750982 1.5239580869674683
989782718 1.5117007493972778
991803583 1.514530897140503
993812629 1.5098143815994263
995879526 1.5043928623199463
997876404 1.5188497304916382
999936381 1.5639680624008179
1942012 1.5859568119049072
4004258 1.5760021209716797
6006168 1.5580482482910156
8039273 1.535637617111206
10128337 1.512663722038269
12126097 1.5211493968963623
14157008 1.5123475790023804
16192591 1.5091760158538818
18229305 1.5302503108978271
20245502 1.5693455934524536
22430557 1.591162919998169
24533932 1.5634292364120483
26520971 1.5395636558532715
28512708 1.5204741954803467
30553113 1.512912392616272
32585453 1.5186063051223755
34612009 1.5078177452087402
36630683 1.5082308053970337
38677756 1.538501501083374
40679814 1.5735197067260742
42737840 1.5783518552780151
44750146 1.5671629905700684
46760855 1.5479638576507568
48823428 1.5232669115066528
50812970 1.5090662240982056
52922057 1.519489049911499
54888514 1.5089040994644165
56902958 1.5073537826538086
58924578 1.5443717241287231
60969077 1.5818171501159668
63940940 1.581520438194275
65989542 1.5527955293655396
67962246 1.5234241485595703
72013592 1.5103938579559326
74156067 1.5089226961135864
76243029 1.5091824531555176
78252982 1.5335150957107544
80314091 1.569877028465271
82353858 1.5879786014556885
84358106 1.5774520635604858
86387360 1.547102928161621
89173127 1.525184988975525
91140917 1.5141891241073608
93177821 1.5129345655441284
95188265 1.5039219856262207
99006095 1.515609622001648
100944634 1.5819454193115234
103002586 1.5785245895385742
105218702 1.567041039466858
107311208 1.5320343971252441
109292699 1.5182048082351685
111295615 1.5191044807434082
113347162 1.5089666843414307
119168924 1.5134460926055908
121180963 1.581196904182434
123180991 1.5787956714630127
125385205 1.564920425415039
127432059 1.5370824337005615
129439119 1.5158005952835083
131766790 1.5216151475906372
134699662 1.5111291408538818
136697331 1.507715106010437
138744724 1.540443778038025
140757697 1.583025336265564
142870448 1.5839643478393555
144960918 1.567751407623291
147566981 1.5351588726043701
149580445 1.509312629699707
151614410 1.519180178642273
153660003 1.5060606002807617
155717005 1.5050745010375977
157681105 1.514098882675171
159757962 1.5520448684692383
164377767 1.5824393033981323
166340666 1.543913722038269
168348802 1.523638367652893
170396737 1.5107920169830322
172424586 1.5112587213516235
174430370 1.5032949447631836
176475807 1.5022985935211182
178496845 1.5257105827331543
180531597 1.5725646018981934
182542536 1.5847421884536743
184704110 1.5653891563415527
186739344 1.5392590761184692
188798656 1.518243432044983
190861361 1.5070466995239258
192887810 1.5096113681793213
194962562 1.5052788257598877
196960737 1.504757285118103
198978911 1.5343523025512695
201017997 1.5762850046157837
203024793 1.5822579860687256
205054802 1.5636755228042603
207213845 1.5378916263580322
209195850 1.512178659439087
211244916 1.5140364170074463
213251538 1.508080244064331
215342022 1.508448839187622
217335888 1.5054010152816772
219385620 1.5437978506088257
221488326 1.5764967203140259
223945078 1.5782510042190552
225511396 1.5509731769561768
227548997 1.5239835977554321
229545718 1.5054152011871338
231561717 1.507644534111023
233595402 1.5040018558502197
235638931 1.5017352104187012
237658858 1.5150243043899536
239867551 1.556243896484375
241708505 1.5877950191497803
243763900 1.5740939378738403
245778314 1.5609420537948608
247847934 1.538958191871643
249854327 1.5172996520996094
251865640 1.524721622467041
253906237 1.5174098014831543
255911983 1.5138816833496094
257925964 1.5292549133300781
259978206 1.5654324293136597
262009128 1.5878137350082397
264019503 1.5766459703445435
266051989 1.5549558401107788
268044976 1.5246480703353882
270254189 1.509846806526184
272268506 1.5088155269622803
274305537 1.4965035915374756
276335684 1.5022722482681274
279014656 1.5250238180160522
281040538 1.5757088661193848
283184612 1.5782651901245117
285171077 1.5660738945007324
287190199 1.5429490804672241
289236498 1.5221105813980103
291243830 1.5178827047348022
293307020 1.5118296146392822
295287787 1.5087882280349731
297329246 1.516223430633545
299373951 1.5537000894546509
301459301 1.5840163230895996
303480478 1.575325608253479
305536798 1.562504768371582
307513374 1.5312212705612183
309519696 1.5123010873794556
311566778 1.515810251235962
313628356 1.5099958181381226
315710525 1.5033535957336426
319730592 1.5158337354660034
322147868 1.584351897239685
324295849 1.5743495225906372
326317119 1.5470445156097412
328385347 1.5208312273025513
330401706 1.5147660970687866
332442796 1.5134344100952148
334499618 1.5056874752044678
336553117 1.50214421749115
338599916 1.5325193405151367
340599060 1.5717434883117676
342665445 1.5826224088668823
344666633 1.5595474243164062
346697822 1.537131667137146
348754876 1.5135068893432617
350820499 1.5020685195922852
352775924 1.4974323511123657
354781960 1.4933905601501465
356882426 1.4961178302764893
358861861 1.5257065296173096
360850596 1.5600391626358032
362932490 1.5638413429260254
365768030 1.5537914037704468
367930585 1.5188144445419312
369948060 1.4963690042495728
371969201 1.504548192024231
374012294 1.4984126091003418
376015884 1.4928749799728394
378051440 1.5160402059555054
380075045 1.5566333532333374
382102479 1.5848349332809448
384122676 1.5699106454849243
386153138 1.5420695543289185
388158317 1.5208369493484497
390193844 1.5023292303085327
392263158 1.511638879776001
394237555 1.5018870830535889
396299690 1.5016950368881226
398309965 1.5286287069320679
400321793 1.5661311149597168
402359997 1.5859637260437012
404739645 1.566272497177124
406806462 1.5434476137161255
408848156 1.521282434463501
410872209 1.5158241987228394
412876470 1.512600302696228
414953518 1.5022437572479248
417046227 1.516882061958313
419049996 1.5552778244018555
421117402 1.5931000709533691
423231563 1.592390537261963
425340272 1.574181318283081
428661412 1.5371944904327393
430694841 1.521670937538147
432703227 1.5210856199264526
434758878 1.516311526298523
436805821 1.5191454887390137
438847276 1.548747181892395
440841590 1.588636875152588
442877016 1.5945261716842651
444904640 1.5822675228118896
446933493 1.554558277130127
448971537 1.532226324081421
450977802 1.5279215574264526
453006803 1.520655870437622
455067342 1.5164786577224731
457079909 1.5215595960617065
459071364 1.5510047674179077
461121919 1.5884597301483154
463146644 1.5899242162704468
465307229 1.5669664144515991
467316909 1.5390825271606445
469352278 1.5148916244506836
471350323 1.5221185684204102
473403636 1.5120158195495605
476341337 1.5079171657562256
478346290 1.5343050956726074
480338661 1.5759034156799316
482383134 1.5955439805984497
484399283 1.5797607898712158
486428022 1.5579875707626343
488446136 1.5313024520874023
490458784 1.5192047357559204
492537837 1.5206373929977417
494533720 1.5119438171386719
496547298 1.5119401216506958
498604705 1.5394901037216187
500614984 1.5782036781311035
502638743 1.5855823755264282
504713235 1.5718178749084473
506756115 1.5441888570785522
508780149 1.5193406343460083
510768641 1.5126827955245972
512870962 1.5039896965026855
514863956 1.499970555305481
516883009 1.502317190170288
518905888 1.5318046808242798
520910530 1.5719064474105835
522965042 1.5765490531921387
524980986 1.5672296285629272
526981141 1.5344643592834473
529018057 1.5143842697143555
531064592 1.505344271659851
533088691 1.500712513923645
535104623 1.5000804662704468
537132844 1.50113046169281
539141743 1.5381652116775513
541172167 1.5786528587341309
543233065 1.5765175819396973
545210336 1.5570576190948486
547298219 1.528174877166748
549286089 1.5080358982086182
551301539 1.5038089752197266
553327569 1.501039743423462
555359198 1.5012893676757812
557392539 1.5093226432800293
559413674 1.545219898223877
561446230 1.582732081413269
563488732 1.5743290185928345
565499339 1.560003638267517
567534980 1.5384987592697144
569601152 1.5155766010284424
571661557 1.5172398090362549
574172987 1.5137187242507935
576150813 1.504721760749817
578194843 1.5277148485183716
580243718 1.573390007019043
582228253 1.5898349285125732
584263566 1.5779345035552979
586286524 1.551598072052002
588358185 1.5275523662567139
590384600 1.5170880556106567
592409150 1.518740177154541
594417160 1.5112003087997437
596451071 1.5129246711730957
598487418 1.5388654470443726
600507654 1.580731749534607
602521542 1.5901496410369873
604585160 1.5810000896453857
606774018 1.5580271482467651
608728159 1.5342926979064941
610740496 1.5211838483810425
612790072 1.523310899734497
614787254 1.511621356010437
616863791 1.5132324695587158
618876852 1.5529308319091797
620947973 1.5907032489776611
622956856 1.5850672721862793
625264603 1.574537992477417
627008667 1.549583911895752
629028716 1.5208966732025146
631077042 1.512678623199463
633102787 1.51318359375
635107024 1.5121467113494873
637165226 1.5130013227462769
639146349 1.5504953861236572
641211823 1.5858166217803955
643220863 1.583685278892517
645224927 1.5694471597671509
647268277 1.5404703617095947
649374373 1.5219820737838745
651347417 1.513724684715271
653384925 1.5153239965438843
655413920 1.511537790298462
657440226 1.5220777988433838
659440841 1.5537936687469482
661486056 1.5904810428619385
663579893 1.5758273601531982
666599677 1.561467170715332
668542243 1.527328610420227
670567787 1.5161703824996948
672680954 1.517288088798523
674800669 1.513366460800171
676822810 1.5125610828399658
678843000 1.5483428239822388
680877904 1.590154767036438
682886659 1.5935020446777344
684935788 1.5801348686218262
686951052 1.5564985275268555
689007619 1.5309447050094604
690978872 1.5284481048583984
693037090 1.528232216835022
695083988 1.5223453044891357
697065925 1.5334982872009277
699127717 1.562668800354004
701124423 1.6008158922195435
703196287 1.5943632125854492
705582357 1.5794774293899536
707583258 1.5467294454574585
709614226 1.5277105569839478
711641591 1.5264148712158203
713673542 1.513919472694397
715750756 1.5147746801376343
717807570 1.5293729305267334
719813833 1.565737009048462
721828075 1.5923492908477783
727260920 1.5870441198349
729772096 1.526845932006836
731788266 1.531905174255371
733820679 1.5245437622070312
735844971 1.5182690620422363
737876274 1.5321691036224365
739915056 1.571810245513916
741939921 1.5980563163757324
743967948 1.5857110023498535
746000455 1.5674890279769897
748007367 1.5303822755813599
750112055 1.5150461196899414
752136123 1.5180692672729492
754221426 1.5060646533966064
756212513 1.4988634586334229
759387076 1.5407367944717407
762279655 1.5813379287719727
764331116 1.5655391216278076
766375108 1.5403175354003906
768365102 1.512798547744751
770452078 1.498739242553711
772742036 1.506014347076416
774489160 1.495131492614746
776488065 1.492567777633667
778485116 1.5173287391662598
780777379 1.5604400634765625
782758807 1.5703339576721191
784808565 1.5586131811141968
786828327 1.5316108465194702
788818591 1.5073140859603882
790874044 1.5041322708129883
792903378 1.5031169652938843
794998468 1.4921263456344604
796985186 1.4997648000717163
799007591 1.5319457054138184
801169601 1.5709657669067383
803197369 1.5700809955596924
805390229 1.5546551942825317
807326100 1.5309429168701172
809353378 1.5094727277755737
811375043 1.51204514503479
813394594 1.4962204694747925
815419045 1.497891902923584
817452928 1.5055450201034546
819645864 1.5430991649627686
821667670 1.573304533958435
823755577 1.5638724565505981
825743074 1.542992353439331
827747086 1.5176478624343872
829785903 1.493744969367981
831856407 1.501002550125122
833825008 1.4939844608306885
835863315 1.490431308746338
837948677 1.5020523071289062
839987971 1.5407136678695679
842024959 1.575726866722107
844031429 1.5635318756103516
846054686 1.5418871641159058
848086517 1.5194190740585327
850102864 1.5054892301559448
852544820 1.5094075202941895
854629813 1.4984949827194214
856643147 1.5005011558532715
858640308 1.540090799331665
860676983 1.5785876512527466
862765677 1.5870285034179688
865056916 1.5689433813095093
867024466 1.540749192237854
869057514 1.518389344215393
871096472 1.5148497819900513
873125157 1.511043667793274
875315468 1.5086932182312012
877354412 1.5087602138519287
879375808 1.5463181734085083
881402365 1.581705093383789
883408175 1.5747251510620117
885444090 1.5616658926010132
887467857 1.5326745510101318
889502014 1.5104339122772217
891519250 1.5138684511184692
893651611 1.5071895122528076
895636295 1.5012397766113281
897642499 1.5182042121887207
899669173 1.5563619136810303
901719024 1.5851008892059326
903962468 1.5781270265579224
906031022 1.557786226272583
908019711 1.5332448482513428
910032317 1.5125693082809448
912063064 1.5193054676055908
914074534 1.509250283241272
916107283 1.5069961547851562
918115319 1.528977632522583
920163537 1.5639833211898804
922231836 1.5866706371307373
924227941 1.5747443437576294
926261124 1.549521565437317
928271498 1.528523325920105
930293167 1.5128867626190186
932320387 1.5149292945861816
934399248 1.5087149143218994
936394278 1.5084532499313354
938389433 1.5298665761947632
940423121 1.57575261592865
942462955 1.5853383541107178
944490327 1.5728225708007812
946516694 1.5458459854125977
948522829 1.5254617929458618
950571871 1.5161399841308594
952571105 1.519699215888977
954599916 1.5144203901290894
956636070 1.514639139175415
958651362 1.539547324180603
960675745 1.5823736190795898
962702275 1.5889328718185425
964724226 1.5745247602462769
966769724 1.5445557832717896
968902628 1.5264972448349
971217473 1.5162303447723389
973193907 1.5094616413116455
975791417 1.5090103149414062
977717294 1.5288211107254028
979761641 1.5603370666503906
981787298 1.587846279144287
983805855 1.5719516277313232
985807595 1.5606155395507812
987839873 1.5311014652252197
989873500 1.505658507347107
991888439 1.5176430940628052
993928757 1.5091867446899414
995944535 1.4992096424102783
997959543 1.5151338577270508
21886 1.551863193511963
2041015 1.5786972045898438
4041269 1.567630410194397
6537078 1.5419228076934814
8581161 1.5146818161010742
10614156 1.5053349733352661
12626081 1.5053836107254028
14637300 1.497348666191101
16682451 1.4990298748016357
18697674 1.5342873334884644
20739463 1.566974401473999
22745227 1.5739576816558838
25811053 1.5580105781555176
27779093 1.5192121267318726
29808509 1.497805118560791
31832941 1.5048693418502808
33852094 1.496610164642334
35993339 1.4943605661392212
38032074 1.5084772109985352
40040812 1.5467993021011353
42105627 1.5740315914154053
44096173 1.5612432956695557
46138786 1.5399723052978516
48160639 1.514315128326416
50180838 1.492372989654541
52195777 1.5012320280075073
54211947 1.492092251777649
56260013 1.491123080253601
58296938 1.5187549591064453
60340576 1.559349775314331
62454176 1.574422836303711
64388281 1.5616227388381958
66421979 1.5382883548736572
68429331 1.510420560836792
70546376 1.500795841217041
73825643 1.4980438947677612
75866575 1.4978468418121338
77948425 1.5091984272003174
79925333 1.5537574291229248
81952583 1.5829527378082275
85373397 1.5681027173995972
87434945 1.5351343154907227
89444040 1.5135160684585571
91478792 1.5135047435760498
93477215 1.504779577255249
95504823 1.5075656175613403
97549565 1.5152711868286133
99559411 1.554049015045166
101615941 1.5856696367263794
104285165 1.581025242805481
106258205 1.5447770357131958
108331378 1.5247715711593628
110315723 1.5090807676315308
112331884 1.5126616954803467
114361545 1.5042613744735718
116404835 1.504032015800476
118404639 1.5245170593261719
120491767 1.5715104341506958
122452862 1.5911047458648682
124512399 1.5742957592010498
126518096 1.5513789653778076
128541308 1.5279186964035034
130567099 1.510834813117981
132608014 1.5119578838348389
134605859 1.5033187866210938
136668198 1.5063586235046387
138697241 1.5410791635513306
140705632 1.5828109979629517
142732094 1.5847517251968384
144740850 1.5711342096328735
146802573 1.5443819761276245
148806760 1.5243335962295532
150881343 1.514471411705017
152872835 1.5214786529541016
154909561 1.5161868333816528
156918025 1.5198545455932617
158943496 1.5554858446121216
160965697 1.5883773565292358
163027390 1.5882071256637573
165005541 1.5813333988189697
167036556 1.5541561841964722
169115903 1.5333869457244873
171135725 1.5224322080612183
173112284 1.5197761058807373
175161924 1.5119051933288574
177187779 1.5202218294143677
179191718 1.5497307777404785
181232698 1.5820107460021973
183276957 1.5847933292388916
185589969 1.5630371570587158
187607129 1.532294750213623
189641119 1.5109636783599854
191669868 1.5122401714324951
193800019 1.5081286430358887
196234573 1.5027503967285156
198294976 1.5234110355377197
200296130 1.5633450746536255
202299438 1.5843663215637207
204348210 1.5712251663208008
206648675 1.550066351890564
208387888 1.5275194644927979
210404012 1.5135869979858398
212437800 1.5105818510055542
214487309 1.5104798078536987
216480576 1.5093176364898682
218490880 1.533220648765564
220527295 1.5717575550079346
222553409 1.5831348896026611
224594529 1.5592080354690552
226602265 1.5373471975326538
228629200 1.519468069076538
230672603 1.5068070888519287
232694582 1.5041720867156982
234707798 1.5087592601776123
236748550 1.5045398473739624
238761168 1.5363487005233765
240797058 1.5687435865402222
242868913 1.5744645595550537
245112302 1.5605430603027344
246919932 1.5313934087753296
248923191 1.51698899269104
250964394 1.5084587335586548
252989691 1.5059492588043213
255019121 1.5041424036026
257060332 1.5115773677825928
259116518 1.5497267246246338
261106718 1.590105414390564
263181865 1.5903598070144653
265256956 1.5694091320037842
267256483 1.5422263145446777
269348415 1.5266034603118896
271286118 1.5233138799667358
273334331 1.5160852670669556
275335630 1.5205836296081543
277356186 1.5232211351394653
279459254 1.5575357675552368
281440059 1.59470534324646
283477503 1.5908658504486084
285510627 1.5721558332443237
287540169 1.542414903640747
289589704 1.5184266567230225
291560625 1.5188758373260498
293632806 1.515993595123291
295613928 1.506637692451477
297638541 1.5239719152450562
299655562 1.5617035627365112
301698962 1.5924493074417114
303794928 1.5802284479141235
305990877 1.5560919046401978
307943199 1.5283262729644775
311334499 1.5101836919784546
313326024 1.5060439109802246
315346748 1.5079970359802246
317368349 1.5082520246505737
319384247 1.5405604839324951
321423378 1.5785068273544312
323741185 1.5705111026763916
325731303 1.5521156787872314
327730160 1.5264931917190552
329776706 1.5033892393112183
331810019 1.502308964729309
333830579 1.5023361444473267
335852449 1.4956237077713013
337913844 1.5133330821990967
339918032 1.5526999235153198
341970305 1.5799857378005981
343989337 1.5662376880645752
345995740 1.5458707809448242
348025596 1.515079379081726
350047251 1.499843955039978
352075735 1.503692626953125
354103594 1.4974285364151
356101542 1.4941716194152832
358141446 1.5193146467208862
360217895 1.5573861598968506
362245892 1.5733509063720703
364229206 1.565116286277771
366276703 1.5472447872161865
368294275 1.520948052406311
370332780 1.507261037826538
372357135 1.5073837041854858
374359482 1.5032448768615723
376385117 1.502040982246399
378396529 1.5264531373977661
380426380 1.5738518238067627
382455906 1.580872893333435
384483502 1.5678489208221436
386577963 1.5425363779067993
388538989 1.520617961883545
390570796 1.511878490447998
392596291 1.5144846439361572
394679315 1.5041896104812622
396707938 1.5093892812728882
398753100 1.5413495302200317
400761724 1.5787161588668823
402807706 1.5808024406433105
405242280 1.5641473531723022
406855804 1.5420219898223877
409050792 1.525313138961792
411076709 1.5207916498184204
413062514 1.514858365058899
415070336 1.506804347038269
417152299 1.5253716707229614
419137715 1.5549767017364502
421168470 1.59205961227417
423328325 1.5884335041046143
425400245 1.568194031715393
427405443 1.543920636177063
429434947 1.5159610509872437
431472646 1.519540548324585
433520135 1.509578824043274
435548080 1.5130596160888672
437559816 1.522294282913208
439592259 1.558838129043579
441597668 1.589898705482483
443658101 1.5815112590789795
445700171 1.567591667175293
447719462 1.5445036888122559
449773015 1.5222853422164917
451769453 1.5310306549072266
453797870 1.5233867168426514
455852832 1.5181763172149658
457886207 1.5357316732406616
459904785 1.5749988555908203
461910699 1.6053047180175781
463938932 1.5895979404449463
465945966 1.5709999799728394
467995568 1.5401197671890259
470023899 1.5291101932525635
472056997 1.5310221910476685
474084031 1.5242319107055664
476093341 1.5223876237869263
478116208 1.533892035484314
480203416 1.5724196434020996
482203428 1.5983829498291016
484207657 1.5816518068313599
486240628 1.5541454553604126
488330674 1.532382607460022
490280963 1.5159832239151
492303470 1.5195237398147583
494327246 1.5109652280807495
496376009 1.5097094774246216
498384362 1.529259204864502
500435828 1.5767897367477417
502440571 1.580535650253296
504480515 1.5646772384643555
506477448 1.5429270267486572
508507065 1.5233794450759888
510545667 1.5094218254089355
512570195 1.5109531879425049
514586855 1.5100284814834595
516626629 1.5094867944717407
518657471 1.5397189855575562
520656211 1.5833113193511963
522701549 1.5790480375289917
524763604 1.5687675476074219
526749362 1.5455478429794312
528764987 1.5255076885223389
530803617 1.511624813079834
532849627 1.5079014301300049
534920418 1.5040984153747559
536875963 1.5056723356246948
538939038 1.540717363357544
540947114 1.5808771848678589
543013743 1.57805335521698
545034037 1.5598275661468506
547019002 1.5344327688217163
549143885 1.5116194486618042
551149093 1.507091999053955
553176318 1.5057849884033203
555236446 1.5079028606414795
557232474 1.5106779336929321
559320527 1.5545709133148193
561320331 1.5801968574523926
563402652 1.577061653137207
565449197 1.5597972869873047
567473150 1.5350492000579834
569489783 1.5099236965179443
571540371 1.5126897096633911
573541524 1.5097074508666992
575603531 1.506885051727295
577626978 1.5243796110153198
579646686 1.5588715076446533
581652466 1.586806297302246
583669796 1.578608512878418
585708398 1.560489296913147
587756519 1.5314134359359741
589750616 1.507698655128479
591773571 1.5149480104446411
593798999 1.5015268325805664
595826546 1.5011276006698608
597864128 1.512894868850708
599884594 1.5553698539733887
601916000 1.5799500942230225
603999313 1.569080114364624
606001127 1.5510196685791016
608011512 1.5221679210662842
610032906 1.5051953792572021
612027588 1.511069655418396
614065337 1.4990414381027222
616093044 1.494644045829773
618121215 1.5218027830123901
620144079 1.5548546314239502
622167593 1.5851482152938843
624246054 1.5678188800811768
626538673 1.544585108757019
628456568 1.5168676376342773
630499588 1.5099154710769653
632543421 1.509081482887268
634533007 1.500056266784668
636565389 1.5062010288238525
638585268 1.5350940227508545
640621095 1.5722837448120117
642749392 1.5835175514221191
644740929 1.5678260326385498
646798127 1.5461970567703247
648795978 1.5245156288146973
650847525 1.516569972038269
652856086 1.5110702514648438
654883973 1.5080540180206299
656923463 1.5123686790466309
658944083 1.5450644493103027
660987598 1.5838680267333984
663012864 1.5816642045974731
665074929 1.5663594007492065
667185751 1.5384674072265625
669196559 1.5154480934143066
671230161 1.516437292098999
673258925 1.5054070949554443
675296108 1.5068674087524414
677313542 1.51153564453125
679484344 1.5525826215744019
681461945 1.5887374877929688
683456260 1.5754163265228271
685481912 1.562577486038208
687526771 1.5362977981567383
689574493 1.5118165016174316
691541896 1.5183172225952148
693603534 1.508815884590149
695625817 1.508047103881836
697630539 1.5197094678878784
699659611 1.5589720010757446
701746244 1.5889829397201538
703710224 1.5801210403442383
705745681 1.5593838691711426
707761192 1.5327579975128174
709786571 1.5109258890151978
711820997 1.5205634832382202
713829691 1.5105178356170654
715857074 1.513261318206787
717925792 1.5225803852081299
719931216 1.5633258819580078
721969987 1.5912981033325195
724024229 1.5791857242584229
726034778 1.5586121082305908
728036895 1.535410761833191
730086924 1.5205920934677124
732128536 1.525614857673645
734118591 1.5111926794052124
736165942 1.5114928483963013
738234189 1.530093789100647
740208663 1.569290280342102
742259441 1.589807391166687
744246735 1.5713032484054565
746328346 1.547183871269226
748311015 1.527970552444458
756608271 1.5160537958145142
758648120 1.5398781299591064
761311180 1.5815188884735107
763276461 1.5874242782592773
765393660 1.5730668306350708
767345179 1.5434399843215942
769431024 1.52438485622406
771385313 1.528144359588623
773398351 1.5158162117004395
775467797 1.518066167831421
777466007 1.521808385848999
779468866 1.5622889995574951
782083898 1.5933363437652588
784112507 1.57064950466156
786159679 1.5469022989273071
788167753 1.5284595489501953
790182137 1.503695011138916
792198120 1.5086140632629395
794223778 1.502984642982483
796245785 1.4984606504440308
798290942 1.5240304470062256
800292142 1.5615675449371338
802377418 1.5769803524017334
804369072 1.562970757484436
806380899 1.5435162782669067
808404654 1.5209282636642456
810445196 1.502467393875122
812465884 1.5096794366836548
814496597 1.4990226030349731
816540734 1.5031729936599731
819726372 1.5537813901901245
821716483 1.5860028266906738
823799753 1.5701205730438232
825797051 1.551640510559082
827826348 1.5142773389816284
829900978 1.4985382556915283
831916493 1.5107007026672363
833908807 1.502503752708435
835940436 1.4990051984786987
838143550 1.517135739326477
840083671 1.5573678016662598
842103905 1.5845052003860474
844126965 1.5659520626068115
846150633 1.5489534139633179
848170792 1.5243457555770874
850183126 1.5076098442077637
852243777 1.5126593112945557
854237127 1.4999914169311523
856277830 1.4979033470153809
858306675 1.5299196243286133
860322220 1.566882848739624
862360479 1.5850074291229248
865480228 1.5656530857086182
867532938 1.531752347946167
869546529 1.507030963897705
871571028 1.5141642093658447
873622314 1.5088279247283936
875618351 1.5000487565994263
877704873 1.5152901411056519
879710133 1.5530078411102295
881726837 1.5848745107650757
883712632 1.5789389610290527
885807976 1.5625274181365967
887810242 1.5345488786697388
889789100 1.5128731727600098
891818596 1.517462134361267
895061874 1.5071712732315063
897061448 1.5096344947814941
899118999 1.5449341535568237
905306168 1.5634887218475342
906640396 1.5380908250808716
908714751 1.5193705558776855
910708227 1.5088030099868774
912815607 1.508812427520752
914854830 1.5031914710998535
916849493 1.503522276878357
918996986 1.5308364629745483
921314338 1.5730960369110107
923814861 1.5731679201126099
925444472 1.5644199848175049
927512605 1.5325965881347656
929510332 1.5052398443222046
932267965 1.5151151418685913
934230778 1.5069371461868286
936520907 1.5040675401687622
938627122 1.5415420532226562
940658432 1.5885018110275269
942689500 1.5930984020233154
945595599 1.5797479152679443
946736793 1.5470314025878906
948774966 1.525953769683838
950830626 1.5131471157073975
952843689 1.514135718345642
954878823 1.508621096611023
956962501 1.5064853429794312
958953600 1.5439797639846802
960947199 1.577154278755188
963205611 1.574784278869629
965256936 1.5637154579162598
967287895 1.5330321788787842
969310882 1.5136798620224
971300310 1.511704683303833
974302676 1.5037574768066406
977448615 1.5173174142837524
980200893 1.566039800643921
982281846 1.5845296382904053
984252289 1.5653868913650513
986273920 1.545676827430725
988330743 1.525032877922058
990315524 1.509921669960022
992343468 1.5101386308670044
994506737 1.5064877271652222
996599749 1.5055912733078003
998651176 1.5303733348846436
658892 1.5724375247955322
2684416 1.584302544593811
4726637 1.5679123401641846
6744244 1.545922040939331
8815001 1.5282834768295288
10854854 1.5125116109848022
12868207 1.5109081268310547
14914547 1.505753993988037
16964967 1.5059765577316284
18961727 1.5380696058273315
20981552 1.5785914659500122
23032432 1.5771584510803223
25086352 1.563002109527588
27688605 1.5353951454162598
30691774 1.5073457956314087
32820923 1.5056787729263306
35084572 1.4986494779586792
37130849 1.5024561882019043
39128021 1.5387572050094604
41147619 1.5749741792678833
43174930 1.5746791362762451
45219386 1.5601617097854614
47303677 1.5348730087280273
49247824 1.5124050378799438
51307641 1.5091835260391235
53304371 1.5018194913864136
55315475 1.504084825515747
57341678 1.5103728771209717
59385767 1.5434510707855225
61457559 1.5799554586410522
64073818 1.572913646697998
66049619 1.5460830926895142
68082941 1.521946668624878
71538673 1.5104715824127197
73665413 1.502661943435669
75763682 1.5038267374038696
77783590 1.5153523683547974
79850275 1.5505465269088745
81855462 1.5781116485595703
83921680 1.5697576999664307
85987859 1.5458427667617798
88063957 1.5170347690582275
90097862 1.5033347606658936
92072099 1.5039232969284058
94127109 1.494977355003357
96145746 1.4948582649230957
98145853 1.5201879739761353
100186734 1.5526520013809204
102253690 1.570984959602356
104290385 1.556626796722412
106269880 1.5345460176467896
108282152 1.514090895652771
110331133 1.4984495639801025
112339200 1.5058964490890503
114379247 1.4972310066223145
116390935 1.4993163347244263
118406224 1.521325707435608
120425153 1.5684030055999756
124195649 1.5824284553527832
126188189 1.5490667819976807
128187313 1.521536111831665
130215101 1.5126245021820068
132247036 1.5112113952636719
134311122 1.5065674781799316
136353723 1.5074797868728638
138340073 1.5380332469940186
140381997 1.5758622884750366
142386565 1.5865483283996582
144419928 1.5769667625427246
146444660 1.547640085220337
148465131 1.520520806312561
150478878 1.5143922567367554
152544869 1.5110411643981934
154587772 1.5071114301681519
156606647 1.5077214241027832
158621651 1.5318423509597778
160661367 1.5759004354476929
162730383 1.5824472904205322
164748306 1.5675667524337769
167485855 1.5318303108215332
169493803 1.5095665454864502
171716889 1.5150054693222046
173937707 1.5090669393539429
176125119 1.5056090354919434
178166767 1.5332019329071045
180165517 1.5713967084884644
182219661 1.5895652770996094
184260868 1.5785199403762817
186248666 1.5538439750671387
188414937 1.5311914682388306
190383896 1.521335244178772
192477774 1.5220390558242798
194715588 1.513989806175232
196818464 1.518355369567871
204401436 1.5475515127182007
206413057 1.5567243099212646
212522552 1.53818678855896
214544872 1.5158300399780273
216630428 1.5103106498718262
218800025 1.5370123386383057
220844441 1.587395191192627
222965866 1.5894620418548584
224974278 1.5736184120178223
227030910 1.541762351989746
229055510 1.5167335271835327
231115446 1.518670916557312
233129761 1.512861728668213
235330296 1.5111258029937744
237326962 1.5160256624221802
241876258 1.5511573553085327
243317026 1.5821584463119507
245749827 1.5770338773727417
247686999 1.537309169769287
249727124 1.5139381885528564
251734997 1.5172717571258545
253930866 1.5114458799362183
256039747 1.5094534158706665
258344261 1.5252774953842163
260341455 1.5727463960647583
263240134 1.586296796798706
265352874 1.5605546236038208
267385550 1.532645344734192
269492241 1.5105880498886108
271534343 1.5138338804244995
274239699 1.505581021308899
276699251 1.5039082765579224
278695999 1.5373443365097046
282575582 1.5724018812179565
285055718 1.5612587928771973
287032564 1.5388259887695312
289138243 1.5215628147125244
291111709 1.5145072937011719
293264521 1.5069777965545654
295177650 1.5064445734024048
297268771 1.5083335638046265
299245647 1.5454597473144531
301290427 1.5878593921661377
303300423 1.5767370462417603
305332751 1.567994236946106
307375690 1.5410810708999634
309601322 1.5196120738983154
311485887 1.5189656019210815
313466938 1.5115350484848022
315502994 1.5072877407073975
317525642 1.5204459428787231
319569426 1.5544171333312988
321579735 1.584851622581482
323611788 1.5760762691497803
325609575 1.562753677368164
327657271 1.5349864959716797
329675885 1.514935851097107
331725014 1.5173853635787964
333735470 1.5080180168151855
335814430 1.5089876651763916
337793119 1.522033929824829
339816912 1.5634381771087646
341836416 1.5887137651443481
343862803 1.5794715881347656
345874698 1.5590479373931885
347946828 1.5335055589675903
349939517 1.5152479410171509
351966912 1.5214171409606934
353991304 1.5152912139892578
356010620 1.5140814781188965
358061951 1.5290167331695557
360053773 1.5696040391921997
362115930 1.593488097190857
364952256 1.5829637050628662
366381388 1.5602154731750488
368194561 1.5366592407226562
370179256 1.5179640054702759
372214562 1.5224487781524658
374253659 1.5218994617462158
376280057 1.5173652172088623
378290463 1.538199543952942
380338512 1.578955054283142
382331159 1.5949560403823853
384410957 1.576545238494873
386442868 1.5496329069137573
388449772 1.5253952741622925
390518813 1.5158988237380981
392511248 1.5154703855514526
394528150 1.50704026222229
396577947 1.5119762420654297
398593934 1.5392686128616333
400634707 1.5755244493484497
402650849 1.587327480316162
404720016 1.5714706182479858
406732029 1.5471625328063965
408785664 1.5276535749435425
410783043 1.5196993350982666
412809483 1.5122328996658325
414929568 1.5085206031799316
416921655 1.5126060247421265
418925467 1.5540869235992432
420970256 1.5897550582885742
423011098 1.5930956602096558
425080507 1.5805530548095703
427107803 1.5479459762573242
429108861 1.5258734226226807
431191395 1.5266224145889282
433277001 1.5230063199996948
435269794 1.5187455415725708
437314761 1.5214734077453613
440138600 1.577371597290039
442198685 1.6015993356704712
444231904 1.577741265296936
446283970 1.5619033575057983
448314727 1.533531904220581
450346157 1.5213552713394165
452382576 1.5303055047988892
454390341 1.5200613737106323
456413362 1.5183297395706177
458454493 1.5443614721298218
460497249 1.5877546072006226
462478887 1.6006436347961426
464525584 1.5849546194076538
466557101 1.558089017868042
468617658 1.532529592514038
470602054 1.5212633609771729
475005088 1.5252723693847656
476996406 1.5164761543273926
479019767 1.5506256818771362
481148826 1.5889248847961426
483146341 1.5879987478256226
486227394 1.573082685470581
488243259 1.5343817472457886
490294733 1.5240718126296997
492439035 1.5236343145370483
494465997 1.521713137626648
496632947 1.5176235437393188
498671441 1.5544439554214478
500767623 1.5953640937805176
502771905 1.5946040153503418
504791223 1.578440546989441
506831086 1.5515912771224976
508813756 1.5300406217575073
510853788 1.516705870628357
512902029 1.5192339420318604
515003455 1.5150688886642456
516932870 1.5158295631408691
518944973 1.5457817316055298
521002999 1.5822792053222656
523074230 1.5840822458267212
525018274 1.5718772411346436
527263664 1.542417287826538
529236811 1.5107526779174805
531258785 1.5088697671890259
534876298 1.5093415975570679
535583132 1.5046589374542236
537621703 1.516739010810852
539649194 1.5578693151474
541679167 1.5834510326385498
543789922 1.5797799825668335
545775757 1.5624228715896606
547797835 1.534071922302246
549837321 1.5152218341827393
551864482 1.521719217300415
553957471 1.5126475095748901
555991014 1.5164319276809692
558045617 1.5265506505966187
560103313 1.5735983848571777
562122478 1.5932493209838867
564162760 1.5833704471588135
566680063 1.5495045185089111
568735130 1.5277692079544067
570910608 1.5176719427108765
572908163 1.5162911415100098
575020916 1.5053749084472656
576993989 1.5116692781448364
579033734 1.5442988872528076
581066190 1.583918809890747
583104227 1.579097032546997
585120489 1.563971996307373
587157546 1.5408610105514526
589184873 1.517974853515625
591175510 1.5157697200775146
593187618 1.5116760730743408
595238558 1.5123350620269775
597279206 1.5180777311325073
599276993 1.553272008895874
601315541 1.5869349241256714
603340362 1.5827080011367798
605354108 1.5710580348968506
607425325 1.5393333435058594
609441010 1.5148802995681763
611652030 1.5176782608032227
613600190 1.5169994831085205
615619980 1.5126707553863525
617647141 1.5319581031799316
619803407 1.569191813468933
621696263 1.5918134450912476
623730960 1.5794806480407715
625730148 1.5582008361816406
627775510 1.5322366952896118
629836351 1.5113725662231445
631865601 1.5155704021453857
633925858 1.5151691436767578
635931622 1.5099115371704102
638266640 1.5342212915420532
640287293 1.5722880363464355
642324706 1.5900918245315552
644394712 1.577236294746399
646755399 1.545244812965393
648783574 1.5271382331848145
650843084 1.5188010931015015
652834630 1.5145512819290161
654861663 1.5070699453353882
656953994 1.5135126113891602
659081916 1.5426361560821533
661782001 1.5841296911239624
663806307 1.575462818145752
665918899 1.5464134216308594
667933304 1.5206875801086426
669938938 1.50772225856781
672003966 1.5085211992263794
674133665 1.5033198595046997
676277080 1.4996569156646729
678264867 1.5226681232452393
680303785 1.563777208328247
682314440 1.5806303024291992
684361562 1.5631065368652344
686374502 1.5409964323043823
688393660 1.5178422927856445
690440981 1.5018301010131836
692441902 1.5077565908432007
694500940 1.4939665794372559
696509702 1.496611475944519
698555591 1.5315818786621094
700546414 1.5674124956130981
702584737 1.5712825059890747
704621623 1.556398868560791
707190996 1.5312042236328125
709239611 1.5080994367599487
711243909 1.506469964981079
713277406 1.5000125169754028
715329523 1.500272512435913
717333436 1.508844256401062
719437300 1.5432919263839722
721475075 1.5804471969604492
723475301 1.5744750499725342
725501882 1.5587332248687744
727537917 1.5370746850967407
729556721 1.5128381252288818
731575928 1.5185593366622925
733572161 1.5056560039520264
735637182 1.5055830478668213
737619801 1.5164687633514404
739650340 1.5534188747406006
741689217 1.5883322954177856
743949174 1.5751006603240967
745730368 1.5545523166656494
747769516 1.5283644199371338
749799865 1.5071141719818115
751817131 1.516190528869629
753841790 1.498599886894226
755917498 1.5004125833511353
757922013 1.5141370296478271
759955181 1.551180124282837
761957207 1.5767874717712402
763982605 1.5691773891448975
765995738 1.5498507022857666
768030526 1.5241081714630127
770038059 1.51177179813385
772084383 1.5163171291351318
774232575 1.5076849460601807
776398010 1.5059720277786255
779170179 1.5497266054153442
781794363 1.5911821126937866
783867099 1.5786552429199219
786285959 1.5571485757827759
788372946 1.5223811864852905
790413151 1.5140442848205566
792480938 1.5146305561065674
794727886 1.5041755437850952
796763006 1.507965326309204
798818751 1.5341764688491821
800813964 1.5791517496109009
802869912 1.5818032026290894
804869059 1.5711374282836914
806925917 1.5400288105010986
808922763 1.5223236083984375
810979559 1.510569453239441
812966543 1.5092929601669312
815024107 1.5017054080963135
817016625 1.5061594247817993
819051223 1.5424340963363647
821079855 1.5836905241012573
823178364 1.5760102272033691
825328576 1.5597363710403442
827197552 1.5340214967727661
829231524 1.5058412551879883
831237413 1.5072275400161743
833265112 1.4982247352600098
835314070 1.4942128658294678
837331021 1.4995006322860718
839348337 1.5386892557144165
841370348 1.575684905052185
844027499 1.567952036857605
845953311 1.5540834665298462
847982559 1.5269297361373901
849987342 1.5082954168319702
852026842 1.516846776008606
854149747 1.5049777030944824
856133066 1.504796028137207
858151104 1.5274057388305664
860178162 1.5640311241149902
862181193 1.5877177715301514
864212854 1.566486120223999
866255039 1.547767996788025
868264481 1.516876220703125
870306919 1.501477599143982
872348784 1.5116071701049805
874385332 1.5007495880126953
876487701 1.498005747795105
878528913 1.5213629007339478
880530911 1.5611557960510254
882568234 1.5768836736679077
884698518 1.5646862983703613
886655878 1.5349239110946655
888708275 1.514860987663269
890752730 1.5100992918014526
892798655 1.5074881315231323
894866912 1.5023469924926758
896943792 1.5090174674987793
898951988 1.543501615524292
900983234 1.5820624828338623
902968399 1.5846978425979614
904985203 1.5716572999954224
907020995 1.5419193506240845
909052567 1.5214606523513794
911121144 1.5210654735565186
913153216 1.5158281326293945
915144744 1.5147711038589478
917179684 1.5180100202560425
919226468 1.550257682800293
921245368 1.5835241079330444
923282249 1.5852020978927612
926375102 1.5502843856811523
928382080 1.5262542963027954
930401971 1.5139039754867554
932421880 1.5196837186813354
934477251 1.5128906965255737
936532036 1.5118567943572998
938525969 1.5400748252868652
940564878 1.584784984588623
942593702 1.5893529653549194
944673315 1.57135009765625
946661476 1.5430881977081299
948681458 1.521153450012207
950720217 1.516383171081543
952926988 1.513375163078308
954907447 1.5128475427627563
956926323 1.5157784223556519
958994906 1.547200083732605
961016451 1.580320119857788
963040156 1.5823745727539062
965603837 1.5719548463821411
967645584 1.5354571342468262
969661272 1.5111819505691528
971666340 1.5143781900405884
973698475 1.500906229019165
975730196 1.505849838256836
977831909 1.5204328298568726
979808952 1.5551502704620361
981816481 1.5883761644363403
983912899 1.5770549774169922
985908000 1.5564335584640503
987933221 1.528801679611206
989960355 1.5061945915222168
991979237 1.5202248096466064
993991920 1.5108835697174072
996007747 1.5028939247131348
998048790 1.523547887802124
90180 1.5618624687194824
2137275 1.5826773643493652
4123857 1.5636171102523804
6158859 1.5415427684783936
8171264 1.5204044580459595
10210086 1.5061743259429932
12297181 1.5070298910140991
14254834 1.4976197481155396
16284583 1.5012742280960083
18308486 1.5283828973770142
20772572 1.564540982246399
22733652 1.580464482307434
25171581 1.569471836090088
27158454 1.5345215797424316
29141105 1.517660140991211
31226638 1.5132110118865967
33195942 1.5097576379776
35233262 1.5136314630508423
37249263 1.514760971069336
39305139 1.5546796321868896
41321746 1.5852165222167969
43335817 1.580214023590088
45366438 1.5681897401809692
47392005 1.537929654121399
49430098 1.5103939771652222
51456366 1.5185565948486328
53472327 1.5078930854797363
55567580 1.5060149431228638
57729866 1.5229240655899048
59716304 1.5604039430618286
61728263 1.590651512145996
63770816 1.5770808458328247
65815554 1.5594948530197144
67821791 1.5293214321136475
69839038 1.512799859046936
71864459 1.5241955518722534
73969560 1.5147731304168701
75984263 1.508457064628601
78005097 1.5261282920837402
80021147 1.5624539852142334
82137885 1.5866754055023193
84274407 1.5791246891021729
86292461 1.5548441410064697
88322146 1.5266408920288086
90368288 1.5184348821640015
92369554 1.5190939903259277
94421453 1.5131808519363403
96458930 1.5155818462371826
98455440 1.5397065877914429
100466100 1.5841397047042847
102618771 1.5936658382415771
105732933 1.5720800161361694
107752975 1.5350159406661987
109790121 1.5198458433151245
111805624 1.527565360069275
113881941 1.5142261981964111
115851942 1.5094282627105713
117866333 1.5287472009658813
119994066 1.5629937648773193
122206284 1.5861073732376099
124191207 1.574669599533081
126272412 1.552516222000122
128286105 1.52865469455719
130283698 1.5096136331558228
132313511 1.519896388053894
134322822 1.509385347366333
136344382 1.5135231018066406
138357358 1.5407166481018066
140449881 1.5773259401321411
142455137 1.5908379554748535
144491750 1.5786020755767822
146522872 1.5568065643310547
148510707 1.534258484840393
150683779 1.5203118324279785
152694179 1.5235992670059204
155140039 1.5163159370422363
157101797 1.526381254196167
159130252 1.5564051866531372
161201601 1.589902639389038
163233778 1.5873125791549683
165233401 1.569025993347168
167345583 1.5518550872802734
169479308 1.5234743356704712
171505143 1.5243878364562988
173470828 1.5167996883392334
175500510 1.514072299003601
177526985 1.526353359222412
179550859 1.562457799911499
181620841 1.5933241844177246
183617624 1.5830318927764893
185654969 1.5618194341659546
187674035 1.5302170515060425
189688017 1.513570785522461
191715449 1.5195066928863525
193746290 1.5173063278198242
195776251 1.5127232074737549
197806572 1.5216116905212402
199858359 1.562859058380127
201844831 1.5898215770721436
204595778 1.5749478340148926
206579012 1.5474413633346558
208635212 1.5240850448608398
210631216 1.514399766921997
212661816 1.515756607055664
214707793 1.5115495920181274
216719164 1.5095244646072388
218814911 1.5372824668884277
221069611 1.5807768106460571
222957294 1.5802531242370605
224947571 1.5690693855285645
227014688 1.5409412384033203
229002835 1.521350622177124
231042195 1.5156702995300293
233066434 1.512194037437439
235074276 1.5033706426620483
237103086 1.5067572593688965
239144003 1.5425686836242676
241155350 1.5787014961242676
244845119 1.576737642288208
246914000 1.53191077709198
248903617 1.5107825994491577
250935050 1.5033175945281982
252937757 1.4960366487503052
254958015 1.4957348108291626
257019889 1.4988629817962646
259017486 1.5368481874465942
261075314 1.5706430673599243
263065480 1.5723226070404053
265094060 1.5580674409866333
267127655 1.528361201286316
269124630 1.50459885597229
271194168 1.5031317472457886
273218031 1.5037429332733154
275309902 1.5017883777618408
277311904 1.509227991104126
279330878 1.5447733402252197
281368412 1.578894853591919
283874791 1.5721269845962524
285874066 1.550702452659607
287998917 1.5193513631820679
290020223 1.4971504211425781
292012421 1.5105416774749756
294051266 1.4935227632522583
296082858 1.499151587486267
298087897 1.5170228481292725
300102842 1.556999921798706
302165668 1.5783915519714355
304269565 1.5588774681091309
306298084 1.5327733755111694
308324440 1.514394760131836
310389187 1.5061225891113281
312414352 1.5071959495544434
314480071 1.5012686252593994
316455717 1.5017938613891602
318451475 1.5252691507339478
320518630 1.5668084621429443
322518696 1.5797390937805176
324542384 1.5621182918548584
326557955 1.542715311050415
328578451 1.5201389789581299
330603492 1.5115025043487549
332634224 1.5088977813720703
334651954 1.5015246868133545
336673230 1.5064208507537842
338702796 1.5344693660736084
340730855 1.5742682218551636
342759664 1.5854172706604004
344775375 1.5630888938903809
346840015 1.5312893390655518
348863492 1.5127087831497192
350857880 1.501164197921753
352912732 1.498663067817688
354933230 1.4935656785964966
356962068 1.5030654668807983
358991455 1.5321028232574463
361032275 1.5708270072937012
363025434 1.5730786323547363
365074161 1.5593359470367432
367073769 1.5315916538238525
369109697 1.506792426109314
371123226 1.5051730871200562
373436688 1.4962425231933594
375394511 1.4989243745803833
377432308 1.5049657821655273
379629759 1.5409982204437256
381600029 1.5706549882888794
383677735 1.5666303634643555
385671682 1.5481373071670532
387699934 1.5245081186294556
390340200 1.4977986812591553
392378192 1.5058069229125977
394415636 1.4963914155960083
396416617 1.5023341178894043
398439562 1.5237747430801392
400467678 1.5671839714050293
402535542 1.5805712938308716
404593692 1.5646859407424927
406581251 1.5449789762496948
408662589 1.5244603157043457
410695439 1.5094592571258545
412712577 1.5062521696090698
414825217 1.5053987503051758
416887514 1.5057709217071533
418888819 1.5436521768569946
420930984 1.5764424800872803
422999532 1.5781409740447998
425011168 1.5611695051193237
427029553 1.5326250791549683
429045390 1.512371301651001
431063535 1.5106258392333984
433105519 1.5025899410247803
435106028 1.4951344728469849
437150331 1.5062966346740723
439176535 1.536336898803711
441198197 1.5723881721496582
443218920 1.5655221939086914
445245982 1.5559200048446655
447256587 1.5312215089797974
449335567 1.506988763809204
451319692 1.5039130449295044
453344191 1.5027614831924438
455378317 1.5035886764526367
457415601 1.5119884014129639
459439468 1.553454041481018
461460487 1.5831358432769775
464147726 1.571058988571167
465496474 1.554123044013977
467513366 1.527235984802246
469571782 1.504164695739746
471592860 1.510466456413269
473614896 1.5068005323410034
475671508 1.5072742700576782
477669258 1.5194069147109985
479723787 1.548986792564392
481724247 1.5789086818695068
483880121 1.570913314819336
485919961 1.5516774654388428
487921560 1.5229891538619995
489964468 1.5060030221939087
491970449 1.5166109800338745
493993113 1.5025452375411987
496009056 1.5007555484771729
498023930 1.5177690982818604
500085081 1.5617539882659912
502102085 1.5861196517944336
504185023 1.5693113803863525
506175418 1.5409902334213257
508226264 1.5212781429290771
510295706 1.5048338174819946
512257265 1.5095725059509277
514313250 1.5068378448486328
516333852 1.505751371383667
518397574 1.5249764919281006
521807777 1.5643558502197266
523917848 1.5701559782028198
525939184 1.5507209300994873
527951072 1.5250320434570312
530317234 1.5104563236236572
532363555 1.5116384029388428
534319641 1.5001598596572876
536347921 1.5043329000473022
538369838 1.5253709554672241
540402481 1.5751104354858398
542439474 1.5835497379302979
544446171 1.568500280380249
546529273 1.542813777923584
548560575 1.5183223485946655
550619864 1.5076419115066528
552649255 1.5053495168685913
554663805 1.4975979328155518
556726141 1.4970041513442993
558729842 1.5290460586547852
560720858 1.5676771402359009
562741333 1.5716640949249268
565158514 1.5598034858703613
566952170 1.533016324043274
569034973 1.5087469816207886
571070617 1.5028024911880493
573201954 1.4983628988265991
575167779 1.4998939037322998
577208848 1.5071381330490112
579264847 1.5484727621078491
581312797 1.583430528640747
583451369 1.5744379758834839
585456728 1.564379096031189
587480752 1.531626582145691
589507485 1.508510947227478
591544649 1.5090384483337402
593581473 1.505218267440796
595592626 1.497934341430664
597649057 1.5125839710235596
599643344 1.546812653541565
601661808 1.576177954673767
603678709 1.5681941509246826
605707453 1.5539482831954956
607735618 1.5195461511611938
609802595 1.4996501207351685
611789839 1.5081111192703247
613834244 1.5012133121490479
615911537 1.4985520839691162
617867492 1.5157121419906616
619903789 1.558380365371704
621941264 1.5874499082565308
623962066 1.5710554122924805
626053008 1.5529870986938477
628024045 1.523202657699585
630023334 1.5103062391281128
632069365 1.5183006525039673
634063918 1.5032875537872314
636172983 1.5022995471954346
638141592 1.5288448333740234
640165507 1.5636297464370728
642187141 1.585524082183838
644191295 1.570773959159851
646224357 1.5489165782928467
648248762 1.5190659761428833
650280207 1.5036791563034058
652334367 1.508497953414917
654373703 1.4985735416412354
656387769 1.495815634727478
658423152 1.5229839086532593
660468852 1.5663204193115234
662487101 1.5857832431793213
664487201 1.5616098642349243
666554749 1.540225625038147
668533750 1.5200663805007935
670590686 1.5057872533798218
672582370 1.5082066059112549
674665049 1.5007463693618774
676706656 1.4974334239959717
678723549 1.533905029296875
680748283 1.5674376487731934
682759560 1.579458236694336
684818277 1.5678203105926514
686839448 1.5397751331329346
688835532 1.5159887075424194
690880775 1.508504033088684
692909513 1.4975554943084717
694937210 1.5018584728240967
696968218 1.5035595893859863
698994993 1.5398311614990234
701004400 1.577879786491394
703041614 1.5722429752349854
705045266 1.561445713043213
707090412 1.5359001159667969
709159514 1.5153813362121582
711134343 1.505120038986206
713167028 1.5006171464920044
715215149 1.5040971040725708
717207933 1.5055795907974243
719242882 1.5392982959747314
721327232 1.5760319232940674
723349372 1.57244873046875
725443910 1.5556560754776
727391796 1.5317802429199219
729428248 1.5099217891693115
731441479 1.5110180377960205
733500184 1.4974312782287598
735532028 1.502467393875122
737518174 1.511057734489441
739546155 1.5535860061645508
741582176 1.5843169689178467
743723298 1.5723130702972412
745875291 1.555983304977417
747919575 1.5258015394210815
749947521 1.5054432153701782
752026420 1.5146151781082153
754304484 1.5062156915664673
756587929 1.5013396739959717
758621405 1.5352424383163452
760664418 1.5729165077209473
762699327 1.5823402404785156
764753772 1.5674011707305908
766752520 1.5483611822128296
768760378 1.5243704319000244
770806402 1.512308955192566
772836857 1.5108591318130493
775197953 1.505656361579895
777173238 1.507795810699463
779201900 1.5456161499023438
781296832 1.5765941143035889
784246422 1.579424262046814
785511404 1.559690237045288
787511259 1.5323371887207031
789730794 1.5094441175460815
791763269 1.5115808248519897
793760874 1.505257248878479
795803115 1.5090134143829346
797833623 1.5246281623840332
799887356 1.5581659078598022
801870248 1.5879061222076416
803904263 1.5752640962600708
805937363 1.5548696517944336
807975375 1.530350685119629
809979385 1.5144336223602295
812006529 1.5189188718795776
814025206 1.508957862854004
816124399 1.5101581811904907
818081162 1.5316036939620972
820128293 1.5712029933929443
822142353 1.5901479721069336
824156109 1.5739887952804565
826210013 1.5503885746002197
828223705 1.5241901874542236
830228718 1.5102543830871582
832310061 1.5154579877853394
834287274 1.5066145658493042
836330807 1.5122580528259277
838347182 1.525445818901062
840440119 1.5663292407989502
842416889 1.5834869146347046
844437778 1.5575134754180908
846454090 1.5415476560592651
848528099 1.5164052248001099
850497914 1.502144455909729
852522845 1.5021274089813232
854573714 1.497668981552124
856586933 1.5021040439605713
858623389 1.5324724912643433
860642339 1.571312427520752
862657025 1.579319715499878
864690208 1.5603078603744507
866723266 1.5392457246780396
868752473 1.5236791372299194
870758744 1.515031337738037
872788370 1.515825867652893
874878851 1.5093411207199097
876845278 1.5163487195968628
878900399 1.5487399101257324
880911680 1.5872156620025635
882972782 1.582190990447998
884972076 1.5688151121139526
886978070 1.5392640829086304
889081013 1.5162304639816284
891050064 1.5186569690704346
893153953 1.5096882581710815
895577098 1.5047537088394165
897519901 1.5202666521072388
899560583 1.5577138662338257
901586089 1.5899344682693481
903724038 1.5766971111297607
905674952 1.555618166923523
907705697 1.529078722000122
909914188 1.5092387199401855
911815864 1.5173962116241455
913834358 1.5071542263031006
915863945 1.5089384317398071
917908163 1.5212492942810059
919929858 1.5608800649642944
921950042 1.590622067451477
923935829 1.5813088417053223
926014518 1.562070369720459
928117542 1.533097743988037
930131136 1.5162707567214966
932210216 1.525874137878418
934199271 1.5126267671585083
936227788 1.5132598876953125
938259712 1.5409125089645386
940314677 1.5837968587875366
942346443 1.5994707345962524
944329550 1.5834332704544067
946341058 1.5584955215454102
948388141 1.5321006774902344
950395296 1.5200430154800415
952443488 1.5266797542572021
954432247 1.5168967247009277
956592384 1.5155301094055176
958950540 1.5426114797592163
960903704 1.5882831811904907
962921345 1.5880126953125
964991615 1.5749939680099487
967005422 1.5507782697677612
969915550 1.5222854614257812
971933599 1.5184104442596436
973950031 1.5070888996124268
975982490 1.5126723051071167
978009496 1.5295864343643188
980021833 1.5731321573257446
982058699 1.5949668884277344
984075865 1.5803157091140747
986111633 1.558969497680664
988122549 1.5358341932296753
990148603 1.5215171575546265
992185655 1.5268993377685547
994201130 1.519958734512329
996230676 1.5202349424362183
998261155 1.5416208505630493
288536 1.5823779106140137
2310959 1.598461389541626
4316980 1.5822818279266357
6365833 1.5594539642333984
8678874 1.5350165367126465
10421945 1.519593596458435
12444760 1.5226523876190186
14459555 1.5141617059707642
16499719 1.5125036239624023
18549383 1.5461878776550293
20561254 1.5831741094589233
22618977 1.592552900314331
24617050 1.5750802755355835
26631077 1.545709252357483
28651798 1.5213603973388672
30706352 1.5130105018615723
32723537 1.5171092748641968
34754978 1.5071051120758057
36781202 1.5019108057022095
38817042 1.535145878791809
40876443 1.5756807327270508
42873959 1.580181360244751
44880758 1.5641043186187744
46952651 1.5361937284469604
48998994 1.5132472515106201
51023697 1.5139706134796143
53060661 1.5157935619354248
55075072 1.506978988647461
57360819 1.5148179531097412
59404361 1.5549712181091309
61438349 1.5878996849060059
63442802 1.5758785009384155
65478382 1.5631023645401
67473446 1.5355472564697266
69574426 1.507370948791504
71765324 1.5094276666641235
73801462 1.5081747770309448
75916494 1.5050947666168213
77907251 1.5221900939941406
79958039 1.5577328205108643
81976537 1.5868064165115356
84096000 1.5744571685791016
86059028 1.5560505390167236
88123164 1.5347049236297607
90131625 1.5107028484344482
92153193 1.5184515714645386
94179397 1.5116448402404785
96192600 1.506017804145813
98340399 1.534185767173767
100249497 1.5734264850616455
102287293 1.5928504467010498
104309540 1.5768945217132568
106459313 1.5463855266571045
108427771 1.519351840019226
110477186 1.513411283493042
112509572 1.5143474340438843
114504266 1.5077146291732788
116589205 1.5174473524093628
118561284 1.5443133115768433
120603642 1.5827655792236328
122630387 1.5922820568084717
124667871 1.5759053230285645
126718757 1.5526068210601807
128696698 1.5321686267852783
130739334 1.5250872373580933
132756561 1.5210638046264648
134782893 1.5226092338562012
136812174 1.5167086124420166
138855012 1.5567647218704224
140877754 1.5860668420791626
142876846 1.5874502658843994
144915499 1.57391357421875
146925146 1.5456244945526123
148958981 1.523902177810669
150995431 1.5218068361282349
153016834 1.5152448415756226
155030808 1.5130536556243896
157066573 1.5177042484283447
159108799 1.5520926713943481
161117188 1.5911836624145508
163213749 1.5835661888122559
165378028 1.572754144668579
167415855 1.5487570762634277
169416707 1.5221108198165894
171436070 1.5272243022918701
173486684 1.519229531288147
175506890 1.5175765752792358
177523505 1.535951852798462
179527762 1.5706048011779785
181566186 1.5994795560836792
183598966 1.5906972885131836
185607939 1.571325659751892
187639339 1.5462706089019775
189710272 1.5222898721694946
191714501 1.5289204120635986
193755465 1.5221045017242432
195740020 1.5185494422912598
197793108 1.5314491987228394
199792944 1.5661230087280273
201827884 1.595090627670288
203862143 1.5821410417556763
205891013 1.5693179368972778
207918790 1.5412695407867432
210182942 1.5181034803390503
212174682 1.5251880884170532
214171773 1.5184252262115479
216280213 1.5157490968704224
218334968 1.5381120443344116
220343133 1.580177903175354
222400898 1.5930006504058838
224403026 1.5744656324386597
226449202 1.5505931377410889
228448846 1.5257645845413208
230498517 1.5127215385437012
232508479 1.5163655281066895
234536486 1.5050907135009766
236575511 1.5122278928756714
238582803 1.5428329706192017
240617787 1.571901559829712
242645215 1.5878427028656006
244716975 1.5730135440826416
246690335 1.5461063385009766
248719829 1.5223388671875
250816219 1.5198222398757935
252825494 1.5154895782470703
254838647 1.5055642127990723
263832604 1.581626057624817
265285618 1.568307638168335
267242551 1.5365033149719238
269332233 1.5141981840133667
271331985 1.5120488405227661
273407944 1.5103510618209839
275400524 1.507781744003296
277418801 1.5161676406860352
279446807 1.5524704456329346
281514276 1.5896646976470947
283663601 1.5824246406555176
285604501 1.5651662349700928
287631168 1.5408509969711304
289676614 1.5200119018554688
291695960 1.5229122638702393
293721264 1.5143275260925293
295747828 1.5149580240249634
297792428 1.531540036201477
299813675 1.569523811340332
301923493 1.5959441661834717
303930820 1.5790218114852905
306014516 1.558720588684082
307973302 1.5380429029464722
310030907 1.5146771669387817
312272978 1.5196459293365479
314289250 1.509444236755371
316368449 1.505793809890747
318369092 1.5318830013275146
320443579 1.570755958557129
322536598 1.5879549980163574
324908049 1.5665035247802734
327006983 1.544548749923706
328960923 1.520161509513855
331076239 1.5140941143035889
333113614 1.510277509689331
335140010 1.5060176849365234
337193016 1.5133490562438965
339666241 1.5474358797073364
341730338 1.5879398584365845
343788235 1.5720791816711426
345876640 1.5482468605041504
347881210 1.5271055698394775
349879726 1.5081075429916382
352112305 1.5117872953414917
354133871 1.5083950757980347
356195812 1.5097254514694214
358185112 1.5257692337036133
360451204 1.5567718744277954
362286791 1.5825241804122925
365222576 1.5631937980651855
366591372 1.5401729345321655
368651151 1.5191400051116943
370782176 1.507151484489441
372814637 1.5083661079406738
374834566 1.503968358039856
376855627 1.508594036102295
378874732 1.547231674194336
380912175 1.5838464498519897
382984933 1.5834286212921143
384932343 1.5683940649032593
387051546 1.5371630191802979
389066547 1.5099445581436157
391086707 1.5086746215820312
393448683 1.5096544027328491
395564779 1.5021077394485474
397605858 1.5125489234924316
399706790 1.547536849975586
401755457 1.5836328268051147
403763476 1.5756025314331055
405778937 1.5588263273239136
408085568 1.527255654335022
409818920 1.512603521347046
411842607 1.5197229385375977
413875937 1.5071247816085815
415912651 1.5086294412612915
417944644 1.527044415473938
419980297 1.5676252841949463
421969433 1.5920071601867676
423999830 1.5741069316864014
426033940 1.545758605003357
428048564 1.51771080493927
430074118 1.5032647848129272
432099961 1.5086179971694946
434820674 1.4985291957855225
436863182 1.5035682916641235
438889694 1.5343536138534546
440909854 1.572338581085205
442919477 1.5780415534973145
444975236 1.5604392290115356
447040417 1.542028784751892
449025461 1.5163823366165161
451521362 1.5149717330932617
453702120 1.5111281871795654
455729851 1.5046515464782715
457744360 1.5222065448760986
459775243 1.5651651620864868
461804630 1.5903146266937256
463924041 1.5731501579284668
465885057 1.5509696006774902
467914471 1.5202093124389648
469930337 1.5036253929138184
471930517 1.5138145685195923
473993856 1.5059435367584229
476006759 1.4988728761672974
479653336 1.5558724403381348
481677996 1.5855331420898438
483752872 1.582032561302185
485846246 1.5636279582977295
487868643 1.5307105779647827
489938138 1.5181121826171875
492002172 1.5191019773483276
494005692 1.5102111101150513
496034789 1.5121029615402222
498119653 1.5397487878799438
500101756 1.576524019241333
502293398 1.5928215980529785
504145874 1.5739648342132568
506175228 1.5481855869293213
508187217 1.5237793922424316
510242453 1.5063623189926147
512244272 1.5158154964447021
514291675 1.5041769742965698
516334466 1.499076247215271
518939412 1.5268336534500122
520985611 1.5769435167312622
522987777 1.5802390575408936
525130459 1.5668449401855469
527192180 1.537343144416809
529251388 1.514003872871399
531233232 1.516066312789917
533301151 1.5073561668395996
535342353 1.5127334594726562
537354612 1.5208364725112915
539385207 1.5517768859863281
541416432 1.5922023057937622
543492372 1.5835347175598145
545468627 1.5658342838287354
547679347 1.539220929145813
549619951 1.5100889205932617
551635022 1.5186951160430908
553672566 1.5114784240722656
555715172 1.5085266828536987
557735000 1.5205037593841553
559828102 1.5569684505462646
561783769 1.5826010704040527
563809364 1.5740911960601807
565882716 1.5550742149353027
567851317 1.5328797101974487
569852415 1.510311245918274
571903254 1.5157748460769653
573954942 1.5101889371871948
576052301 1.5097508430480957
578024441 1.5325169563293457
580060961 1.5734822750091553
582064278 1.592975378036499
584125595 1.5773414373397827
586151411 1.5535703897476196
588184329 1.532132863998413
590227675 1.5119547843933105
592285379 1.522038459777832
594319277 1.5102354288101196
596354772 1.5109542608261108
598386900 1.5302757024765015
600399470 1.5727204084396362
602414330 1.5847530364990234
604465256 1.5733799934387207
606566301 1.5475316047668457
608646355 1.5249043703079224
610664318 1.5144301652908325
612697349 1.511670708656311
614733662 1.5045382976531982
616781342 1.5068278312683105
618782199 1.5423333644866943
620819404 1.5805728435516357
622915215 1.5800933837890625
624963605 1.5640978813171387
626965994 1.534245252609253
628983944 1.5103615522384644
631029111 1.5048834085464478
633033008 1.5057356357574463
635069679 1.5057594776153564
637096946 1.5058059692382812
639119170 1.5423603057861328
641169032 1.578251838684082
643162576 1.5774346590042114
645192082 1.565118670463562
647216390 1.5374568700790405
649280555 1.516528606414795
651326740 1.5103942155838013
653560120 1.5100284814834595
655591954 1.5089850425720215
657625045 1.5214858055114746
659701596 1.5577762126922607
661711272 1.589310646057129
663730078 1.5818668603897095
665908494 1.5549209117889404
667933526 1.530436396598816
669935132 1.5086787939071655
672634131 1.520578384399414
674695976 1.5100702047348022
677013922 1.5122865438461304
679120476 1.5452982187271118
681181250 1.5805612802505493
683092774 1.5800187587738037
685401812 1.5655471086502075
687357781 1.534843921661377
689437444 1.5163109302520752
691448478 1.5139195919036865
693935372 1.5052870512008667
696191905 1.5029500722885132
698902086 1.5259591341018677
700972224 1.5796446800231934
702982267 1.5748504400253296
705130115 1.56187903881073
708050522 1.5314127206802368
712178377 1.5014231204986572
714146286 1.5016202926635742
716232009 1.4992170333862305
718369253 1.5212093591690063
720386000 1.5625834465026855
722418448 1.5825998783111572
724427404 1.561581015586853
726467397 1.5417423248291016
728516301 1.5172373056411743
731696205 1.5022380352020264
736646085 1.4980138540267944
738691085 1.5356805324554443
740909696 1.5711805820465088
743256725 1.569791555404663
745274767 1.5522265434265137
747316121 1.519958257675171
749330187 1.4980751276016235
751387726 1.5018984079360962
753386402 1.4920592308044434
755421439 1.4945752620697021
757487022 1.5063921213150024
759475145 1.5427050590515137
761549192 1.5766475200653076
763523489 1.5708565711975098
765620104 1.5520806312561035
767606978 1.528037190437317
771827841 1.507832407951355
774216232 1.5041476488113403
776283976 1.4993271827697754
778276999 1.5252240896224976
780318848 1.5655133724212646
782331355 1.587315320968628
784634141 1.572205901145935
786730513 1.5369848012924194
788755908 1.5174453258514404
790821183 1.5119630098342896
800481673 1.5749953985214233
802578035 1.5919451713562012
804686440 1.574826955795288
806715843 1.5430026054382324
808754903 1.5279874801635742
810817026 1.520074725151062
812926652 1.515768051147461
814967624 1.5085779428482056
817048227 1.5159357786178589
819047900 1.5483037233352661
821141475 1.5844353437423706
823167652 1.5808807611465454
825574253 1.5651750564575195
827532032 1.5279842615127563
829594420 1.5090950727462769
831620754 1.5102115869522095
833653561 1.5049021244049072
835710786 1.5025362968444824
837719588 1.5128469467163086
840440892 1.5668320655822754
842558872 1.5833549499511719
845302935 1.5721296072006226
847109951 1.5509225130081177
849119683 1.5279678106307983
851151339 1.5238430500030518
853175292 1.5157963037490845
855279311 1.514727234840393
857634104 1.5218069553375244
859643461 1.5608094930648804
861687090 1.592781901359558
863986007 1.5755376815795898
866145570 1.5506324768066406
868262234 1.5289864540100098
870204790 1.5084819793701172
872350613 1.5145102739334106
874576248 1.5045899152755737
876538795 1.504914402961731
878538826 1.532484531402588
880624821 1.571333646774292
882599505 1.5870321989059448
885200394 1.5738012790679932
886660976 1.5472055673599243
888667431 1.52532958984375
890722802 1.515346884727478
892726982 1.513051986694336
894747783 1.507079005241394
896852762 1.511725902557373
898848293 1.547139286994934
900856435 1.584223747253418
903769247 1.5796198844909668
905792566 1.5501296520233154
907832567 1.5330801010131836
909872545 1.5078072547912598
911913003 1.5123521089553833
913942897 1.5022659301757812
915941955 1.4996646642684937
917995240 1.5180587768554688
920037010 1.55546236038208
922107316 1.5780364274978638
924269698 1.567441701889038
926301929 1.5437207221984863
928362474 1.5139892101287842
930391503 1.5010597705841064
932402901 1.5134800672531128
934441515 1.5018558502197266
936519441 1.504023790359497
938514484 1.5298227071762085
940555897 1.5731130838394165
942592236 1.5846537351608276
944572771 1.5685410499572754
946599628 1.5436488389968872
948628625 1.513880968093872
950639950 1.5040205717086792
952668475 1.507919430732727
954691471 1.5055005550384521
956753019 1.5037660598754883
958810319 1.5391165018081665
960817063 1.5713698863983154
962876632 1.573042869567871
964900857 1.561359167098999
966918031 1.5308527946472168
968936308 1.517704725265503
970945290 1.508488416671753
972985760 1.5026675462722778
975003107 1.5050218105316162
977114629 1.5101466178894043
979091707 1.5507467985153198
981090777 1.5831645727157593
983114107 1.5819343328475952
985162839 1.5698771476745605
987195466 1.5421611070632935
989199257 1.5185422897338867
991216162 1.5114479064941406
993354077 1.5073355436325073
995276781 1.5022320747375488
997305266 1.5088239908218384
999328357 1.5415173768997192
1367158 1.5743178129196167
3385046 1.5700736045837402
5408139 1.5588864088058472
7416391 1.524385929107666
11612408 1.5047532320022583
13646836 1.5009664297103882
15662918 1.507576584815979
17707428 1.519592046737671
19716876 1.559897541999817
21766308 1.5838202238082886
23798323 1.5763429403305054
25839109 1.5563042163848877
27839319 1.526834487915039
29844029 1.5129612684249878
31887161 1.5139966011047363
33918157 1.5028513669967651
35945288 1.5006623268127441
38007952 1.5209170579910278
39987583 1.5589936971664429
42016494 1.586909294128418
44049347 1.5673861503601074
46089966 1.548653244972229
48119806 1.5296093225479126
50139344 1.5127164125442505
52155479 1.512809157371521
54184977 1.502344012260437
56207362 1.506387710571289
58278886 1.5307886600494385
60264209 1.571161150932312
62291922 1.59124755859375
64301921 1.57107412815094
66366340 1.54915452003479
68351523 1.5288598537445068
72111153 1.5165436267852783
74171212 1.5107195377349854
77360912 1.5101295709609985
79394468 1.5506658554077148
81446657 1.5860602855682373
83439368 1.5818785429000854
85470978 1.5682356357574463
87536470 1.5393469333648682
89552166 1.5173015594482422
91550829 1.5254427194595337
93599707 1.5119258165359497
95610898 1.507187843322754
97623298 1.5214948654174805
99654836 1.5541493892669678
101669922 1.585933804512024
104888050 1.5766040086746216
106911856 1.5402796268463135
108901837 1.5194593667984009
110970223 1.5084264278411865
113184038 1.503770351409912
115214574 1.506184458732605
117246635 1.5094881057739258
119281660 1.5488981008529663
121290345 1.5765396356582642
123292160 1.5722429752349854
125340186 1.5598549842834473
127364695 1.5252729654312134
129378026 1.509225845336914
131418145 1.50883150100708
133478430 1.5020036697387695
135467205 1.5019705295562744
137487055 1.5178701877593994
139512033 1.5566405057907104
141542680 1.580522060394287
143601699 1.571677565574646
145595318 1.557053804397583
147612448 1.5209674835205078
149646051 1.5042943954467773
151665311 1.5051122903823853
153682476 1.4974302053451538
155729955 1.4919263124465942
157737053 1.5081701278686523
159782285 1.5477986335754395
161791864 1.5703738927841187
163853171 1.5645639896392822
165929230 1.5438560247421265
167914831 1.519891619682312
169950388 1.5002504587173462
172012087 1.504532814025879
174010991 1.4943610429763794
176032417 1.494088888168335
178104306 1.5191805362701416
180351595 1.5611422061920166
182340305 1.5778186321258545
184397969 1.5595512390136719
187058244 1.5308336019515991
189073804 1.5100195407867432
191127031 1.5088911056518555
193181311 1.5019233226776123
195152658 1.4997087717056274
197258469 1.499743103981018
199306361 1.5445435047149658
201317090 1.5839582681655884
203342877 1.574463963508606
205437923 1.561044454574585
207460629 1.5338963270187378
209499490 1.507693886756897
211513742 1.5200716257095337
213538072 1.5113308429718018
216667068 1.5089390277862549
218494172 1.534417986869812
220489432 1.5786502361297607
222553573 1.5919026136398315
224618518 1.567642331123352
226647886 1.539711594581604
228648758 1.516221523284912
230696573 1.5118824243545532
232705043 1.508389949798584
234750612 1.5027790069580078
236763983 1.5047119855880737
238826848 1.5384541749954224
240809415 1.5728710889816284
242869740 1.5793195962905884
244904353 1.5681419372558594
246956597 1.5421597957611084
248956379 1.5229206085205078
251001146 1.5185002088546753
253044073 1.5146880149841309
256722828 1.516452431678772
257522909 1.5265763998031616
259539739 1.5601894855499268
261591389 1.5941736698150635
263641001 1.5877408981323242
265633416 1.5658674240112305
267699024 1.535723090171814
269712977 1.514674186706543
271787058 1.514560580253601
273838759 1.508270502090454
275843996 1.5055633783340454
277943566 1.5237311124801636
279985593 1.559105634689331
281992584 1.5857572555541992
284055650 1.573015570640564
286083865 1.5517828464508057
288104528 1.5297555923461914
290153126 1.5092084407806396
292171114 1.5150173902511597
294190950 1.50404953956604
296271004 1.5069164037704468
298230414 1.5276703834533691
300288421 1.5697122812271118
302299866 1.5834441184997559
304361716 1.5699347257614136
306348793 1.549508810043335
308391034 1.5238536596298218
310393057 1.5134164094924927
312458828 1.509601354598999
314466129 1.5047645568847656
316486424 1.5048508644104004
318524740 1.5324755907058716
320546732 1.5764034986495972
322592458 1.583024263381958
324593176 1.5637935400009155
326631652 1.542052984237671
328683938 1.5195990800857544
330688835 1.506569743156433
332683847 1.506690263748169
334721617 1.5002609491348267
336736195 1.5013803243637085
338815057 1.5338389873504639
340809275 1.5763076543807983
342900812 1.5811656713485718
345005730 1.5702258348464966
347086796 1.5379531383514404
349109120 1.508905053138733
351135639 1.51212477684021
353162794 1.5077228546142578
355187658 1.503356695175171
357223223 1.5109354257583618
359259858 1.539561152458191
361293321 1.5759128332138062
363445036 1.5670053958892822
365437616 1.5615512132644653
367424325 1.5266457796096802
370213888 1.4989569187164307
372249394 1.5096116065979004
374229149 1.4999889135360718
376299996 1.5025101900100708
378282474 1.5311765670776367
380327433 1.5710766315460205
382848178 1.5836081504821777
385215105 1.5731227397918701
387271547 1.5394961833953857
389396404 1.5191184282302856
391291531 1.5162464380264282
393318272 1.5117758512496948
395347803 1.5072615146636963
397434787 1.5150671005249023
399624138 1.5541152954101562
401634974 1.5802271366119385
403665140 1.572827935218811
405739354 1.554714560508728
407694876 1.5304673910140991
410866412 1.5077463388442993
412320579 1.5121164321899414
414355836 1.501047134399414
416367059 1.4984102249145508
418386353 1.5318859815597534
420431638 1.5732910633087158
422445533 1.588392972946167
424490825 1.5725882053375244
426489963 1.549212098121643
428536985 1.5259983539581299
430545509 1.51433265209198
432569994 1.5098925828933716
434634534 1.5088019371032715
436673526 1.505423903465271
438837082 1.5380314588546753
440878733 1.580451488494873
442906891 1.5800743103027344
444940105 1.561983346939087
446951334 1.5407429933547974
448970872 1.5156893730163574
451013811 1.5149158239364624
453056917 1.5071934461593628
455069348 1.502255916595459
457074310 1.5107539892196655
459102218 1.5456374883651733
461147501 1.5812981128692627
463176339 1.5723623037338257
465210967 1.556631326675415
467261756 1.5353771448135376
469242831 1.5084820985794067
471243219 1.5050573348999023
473303888 1.501990556716919
475334406 1.4989216327667236
477412032 1.5123646259307861
479383017 1.5408867597579956
481402868 1.572604775428772
483474162 1.5674923658370972
485470011 1.5528212785720825
487514113 1.5280152559280396
489520210 1.508725643157959
491534907 1.5101759433746338
493602394 1.5041368007659912
495602982 1.5083316564559937
497632156 1.5144457817077637
499657197 1.5548360347747803
501753890 1.587742567062378
503694062 1.5749319791793823
505712769 1.5583045482635498
507850012 1.5345619916915894
509814272 1.516218662261963
511866144 1.5231951475143433
513946824 1.5186086893081665
515884637 1.5119589567184448
517917456 1.5232949256896973
519964989 1.5622645616531372
521971260 1.5924253463745117
524014133 1.5728620290756226
526052307 1.5509281158447266
528325810 1.5311131477355957
530319770 1.5130977630615234
532330318 1.5187667608261108
534426599 1.5107008218765259
536472267 1.505882978439331
538474557 1.5410064458847046
540504807 1.581763505935669
542555516 1.591109275817871
544580633 1.5802255868911743
546589908 1.5505726337432861
548615164 1.5319677591323853
550760530 1.5215975046157837
552939106 1.522608995437622
554997863 1.5219604969024658
557007106 1.5256551504135132
559067602 1.5597679615020752
561245612 1.5917890071868896
563314749 1.590731143951416
565317975 1.57921302318573
567333341 1.5545003414154053
569396594 1.5309655666351318
571389276 1.5352320671081543
573507772 1.526906132698059
575477430 1.527969479560852
577527686 1.5419719219207764
579535221 1.5798258781433105
581861982 1.6113744974136353
585151618 1.5939152240753174
587121199 1.5561587810516357
589103458 1.537623643875122
591140771 1.5335623025894165
593157192 1.5283474922180176
595197313 1.5234042406082153
597218935 1.5325924158096313
599234128 1.562640905380249
601324096 1.595334529876709
603430311 1.5877923965454102
605421954 1.5787378549575806
607441963 1.550370454788208
609460585 1.533876657485962
611526858 1.5372314453125
613520575 1.5256859064102173
615557875 1.5267603397369385
617579588 1.540680170059204
619867123 1.5842432975769043
622004807 1.608527660369873
624651245 1.5865535736083984
626698549 1.5583561658859253
628852236 1.5358736515045166
630917980 1.5293720960617065
632927174 1.52641761302948
634961537 1.5212608575820923
636950556 1.5225787162780762
639020086 1.560403823852539
641058097 1.59064519405365
643083792 1.587591290473938
645115696 1.5748759508132935
647124410 1.5512654781341553
649204246 1.5246949195861816
651190786 1.5146005153656006
653211322 1.5098462104797363
655240317 1.5126636028289795
657309000 1.5170344114303589
659317554 1.5556060075759888
661327638 1.5916049480438232
663341003 1.581383228302002
665389549 1.5662592649459839
667438077 1.534079670906067
669469559 1.5165925025939941
671469443 1.5209953784942627
673522730 1.5153765678405762
675533832 1.5113050937652588
677569174 1.524824619293213
679588640 1.5608127117156982
681635655 1.591768503189087
683632961 1.5821633338928223
685661986 1.5654878616333008
687722007 1.540589451789856
689746954 1.5144213438034058
691735724 1.5219647884368896
693779160 1.5151089429855347
695778623 1.50642991065979
697835422 1.5272351503372192
699861704 1.5649480819702148
701880955 1.5876092910766602
703905826 1.5783500671386719
705933493 1.5606105327606201
707948655 1.5372402667999268
709995833 1.5170353651046753
711991424 1.525999665260315
714063644 1.513234257698059
716057304 1.511386752128601
718093979 1.5341880321502686
720093487 1.5716040134429932
722149049 1.5894367694854736
724200305 1.5810210704803467
726244318 1.5568915605545044
728214145 1.5307520627975464
730270716 1.5159763097763062
732275876 1.5148073434829712
734299522 1.5102567672729492
736338813 1.512166976928711
738349207 1.5350898504257202
740435671 1.5785446166992188
742401204 1.591938853263855
744428133 1.5738294124603271
746478158 1.5538504123687744
748530403 1.5273523330688477
750511219 1.5200233459472656
752550981 1.5213606357574463
754599847 1.5139482021331787
757127317 1.5153777599334717
759095538 1.5528103113174438
761118554 1.590652346611023
763165469 1.5800825357437134
765234536 1.5657010078430176
767249453 1.538020372390747
769307424 1.5142563581466675
771335859 1.5098700523376465
773994446 1.5009956359863281
775923160 1.4961678981781006
778657596 1.5168037414550781
779972742 1.550500512123108
781995766 1.5810726881027222
784006167 1.56655752658844
786045308 1.547165036201477
788076478 1.5178892612457275
790087094 1.5014938116073608
792145504 1.5110375881195068
794223787 1.4953017234802246
796243402 1.4978084564208984
798269735 1.5211125612258911
800311712 1.5620508193969727
802339438 1.5718697309494019
804337540 1.560044288635254
806364506 1.5410290956497192
808403745 1.514760971069336
810421169 1.5061544179916382
812442709 1.5097075700759888
814481072 1.5018192529678345
816505318 1.5065011978149414
818584202 1.5346944332122803
820576934 1.5757118463516235
822572648 1.5851337909698486
824598825 1.56528902053833
827340403 1.5312107801437378
829371437 1.5097507238388062
831403345 1.5128282308578491
833420268 1.5072580575942993
835473189 1.5065568685531616
837533555 1.5163401365280151
839601111 1.5509955883026123
841625435 1.5795793533325195
843677993 1.5701329708099365
845689521 1.5506583452224731
847727675 1.53047776222229
849716191 1.5100414752960205
851739888 1.517220377922058
853767796 1.5081852674484253
855798060 1.5131361484527588
857820222 1.5273723602294922
859835357 1.569859504699707
861939166 1.5981669425964355
863937138 1.5820884704589844
865932688 1.563472032546997
867956099 1.5348787307739258
869969383 1.5197867155075073
872019842 1.5277167558670044
874048219 1.5176705121994019
876081659 1.516882300376892
878129887 1.5382752418518066
880115767 1.5770235061645508
882133500 1.6008731126785278
884162490 1.584236979484558
886197594 1.5611354112625122
888194946 1.5348834991455078
890239218 1.521314024925232
892265216 1.522627592086792
894293233 1.5105329751968384
896307000 1.5176533460617065
898346574 1.5427848100662231
900432491 1.5802605152130127
902457297 1.592879056930542
904477761 1.5830918550491333
906466792 1.556070327758789
908490050 1.5360381603240967
910520972 1.526351809501648
912549583 1.5259854793548584
914609330 1.5176421403884888
916607804 1.5146102905273438
918644041 1.5486139059066772
920656901 1.5867146253585815
922684142 1.589209794998169
924955613 1.5767241716384888
926739182 1.5534586906433105
928766576 1.5296114683151245
930846126 1.5168733596801758
932846397 1.514772653579712
934871481 1.508377194404602
936912691 1.5088614225387573
938943743 1.5454695224761963
940987570 1.5841501951217651
942992344 1.5842534303665161
944977752 1.5624078512191772
947050162 1.5372931957244873
949074341 1.516606092453003
951068234 1.5178980827331543
953115611 1.5158053636550903
955127710 1.5075911283493042
957162433 1.5126574039459229
959226506 1.546837329864502
961227425 1.5885114669799805
963243566 1.5783984661102295
965264759 1.5673460960388184
967289839 1.5361610651016235
969302023 1.5171806812286377
971368576 1.5177668333053589
973380939 1.504473090171814
975405050 1.504371166229248
977814767 1.5197786092758179
979808704 1.5642564296722412
982259502 1.5915160179138184
984243299 1.5748491287231445
986284734 1.5519602298736572
988288469 1.5288127660751343
990314111 1.511500358581543
992368152 1.5150079727172852
994405838 1.5104492902755737
996416955 1.5078394412994385
998425193 1.534277081489563
444168 1.5740306377410889
2480900 1.5845036506652832
4507616 1.5767730474472046
6557643 1.5524711608886719
8722864 1.526863694190979
10757662 1.5201921463012695
12799145 1.513107419013977
14816495 1.506407618522644
16824247 1.51386559009552
18847721 1.547978401184082
20880268 1.5845129489898682
22918861 1.5891337394714355
24950530 1.5734469890594482
27020807 1.5443421602249146
28998432 1.5241650342941284
31018777 1.5187567472457886
33082616 1.517602801322937
35081419 1.51565420627594
37149260 1.5178887844085693
39186258 1.5606635808944702
41230474 1.5943025350570679
43453928 1.586895227432251
45476470 1.5689165592193604
47489097 1.5385379791259766
49540773 1.5206011533737183
51541390 1.52865469455719
53567748 1.5175718069076538
55618924 1.5159660577774048
57668466 1.5303746461868286
59681882 1.572425127029419
61713222 1.5960159301757812
63701018 1.5877310037612915
65716189 1.5680681467056274
67755470 1.5478122234344482
69855444 1.523959994316101
72536908 1.5246388912200928
74536200 1.52020263671875
76596465 1.5196325778961182
78598667 1.5492360591888428
80627271 1.588792324066162
82635705 1.5915756225585938
84667855 1.5751444101333618
86698308 1.5517423152923584
88714909 1.5302971601486206
90743516 1.5206140279769897
92760385 1.515644907951355
94838567 1.5137532949447632
96928783 1.5133789777755737
98989038 1.556470274925232
101003637 1.5909183025360107
103034456 1.5902070999145508
105057758 1.5755198001861572
107081135 1.5452550649642944
109135959 1.5258127450942993
111130051 1.5255261659622192
113155587 1.5243953466415405
115219912 1.5210795402526855
117236128 1.5252047777175903
119235107 1.5580552816390991
121335797 1.5886797904968262
123277248 1.583247184753418
125320193 1.5677300691604614
127384191 1.5377863645553589
129384837 1.5185855627059937
131378952 1.5156241655349731
133428461 1.5119144916534424
135448220 1.5106120109558105
137490511 1.5199264287948608
139637880 1.5552222728729248
141666999 1.5870270729064941
144403473 1.574810266494751
146449559 1.5464820861816406
148467700 1.5190069675445557
150545162 1.504516839981079
152514599 1.506402611732483
154528974 1.5055221319198608
156594216 1.503903865814209
158617862 1.5373457670211792
160654249 1.573620319366455
162647385 1.57826828956604
164744402 1.5650501251220703
166749478 1.5376760959625244
168750985 1.522800326347351
170774829 1.5120553970336914
172817221 1.505035400390625
174853749 1.5052776336669922
176944389 1.5062936544418335
179073795 1.5512704849243164
181094965 1.5878379344940186
183143979 1.5759294033050537
185150557 1.5585572719573975
187167574 1.5286943912506104
189197416 1.5073703527450562
191223148 1.5075554847717285
193255936 1.5034734010696411
195290965 1.495193362236023
197299453 1.5079063177108765
199318973 1.540596842765808
201351965 1.5717101097106934
203622419 1.5666793584823608
205468428 1.557808756828308
207472093 1.5271767377853394
209487686 1.5066170692443848
211813215 1.5100576877593994
213839983 1.502333402633667
216580181 1.5038033723831177
218455688 1.5348925590515137
220550466 1.5730221271514893
222529646 1.584765911102295
224543909 1.5684385299682617
226579687 1.5400623083114624
228599692 1.5217235088348389
230654159 1.5115430355072021
232675571 1.5136311054229736
234712538 1.505362868309021
236713117 1.5081228017807007
238997798 1.5367507934570312
240971162 1.5760163068771362
242995006 1.5761549472808838
245050091 1.565382719039917
247043711 1.534510850906372
249130103 1.5104601383209229
251102673 1.5068862438201904
253137141 1.5063552856445312
255162241 1.5011900663375854
257179544 1.5026425123214722
259232316 1.5401300191879272
261248241 1.5794883966445923
263251676 1.5780540704727173
265319280 1.5606359243392944
267317891 1.5300801992416382
269340059 1.5084892511367798
271521820 1.515389323234558
273481195 1.5014081001281738
275511897 1.5053609609603882
277557464 1.519492268562317
279578649 1.5534772872924805
281582478 1.5836015939712524
283600832 1.5735530853271484
285739827 1.5591081380844116
287671383 1.5315910577774048
289694884 1.5101287364959717
291725727 1.5084935426712036
293774549 1.5014172792434692
295782558 1.4988279342651367
297795344 1.5111322402954102
299844304 1.5500017404556274
301853384 1.5816984176635742
303943430 1.563070297241211
305909757 1.5419906377792358
307981619 1.5131638050079346
309962421 1.4984869956970215
311992280 1.5076543092727661
314008411 1.4948320388793945
316033212 1.4974157810211182
318053500 1.515337586402893
320077306 1.5555236339569092
322888249 1.5765460729599
324276745 1.5673770904541016
326287921 1.542948603630066
328337538 1.5168503522872925
330803478 1.501139760017395
332373926 1.505406379699707
334396692 1.4987517595291138
336431791 1.4982441663742065
338451600 1.5188735723495483
340465509 1.5666990280151367
342510942 1.5733227729797363
344511283 1.5551762580871582
346901678 1.5334569215774536
348934996 1.5099529027938843
350964804 1.512330174446106
352947908 1.5098402500152588
354989769 1.5056524276733398
357011803 1.5121856927871704
359026956 1.5414029359817505
361248242 1.5821319818496704
363901767 1.5814478397369385
365512442 1.5665518045425415
367537187 1.5306015014648438
369561955 1.5138822793960571
371605287 1.5160956382751465
373615667 1.508151650428772
375648544 1.5011379718780518
378172602 1.5175814628601074
379708428 1.5596296787261963
381740527 1.585265874862671
383773775 1.5753437280654907
385773540 1.553086757659912
387828523 1.5214165449142456
389828126 1.5068912506103516
391850820 1.512179970741272
393911301 1.5046451091766357
396227224 1.5016887187957764
397943045 1.524400234222412
399941648 1.5603307485580444
401986955 1.5846600532531738
404004911 1.5755356550216675
406036852 1.5519591569900513
408064635 1.5305171012878418
410084405 1.5164560079574585
412130333 1.5202618837356567
414117787 1.510762333869934
416170652 1.509049892425537
418205868 1.5366438627243042
420213506 1.5754563808441162
422445808 1.5878863334655762
424787252 1.576159119606018
426908310 1.5448050498962402
428908662 1.517549991607666
430944052 1.513171672821045
432952893 1.5132180452346802
434999548 1.5095415115356445
437023914 1.5114187002182007
439036167 1.5487455129623413
441074255 1.5811429023742676
443115512 1.581565260887146
445228160 1.5690420866012573
448208300 1.5264074802398682
450230492 1.5145514011383057
452267628 1.5161223411560059
454284358 1.505016803741455
456293052 1.5069490671157837
458371027 1.539002537727356
460357297 1.577026605606079
462381248 1.5853588581085205
464488889 1.5751804113388062
466457735 1.5475555658340454
468467203 1.5218634605407715
470474526 1.5173231363296509
472526605 1.5210942029953003
474561092 1.5175577402114868
479313133 1.5169717073440552
481314710 1.5915288925170898
484023535 1.585205078125
486020339 1.5633374452590942
487993296 1.5394117832183838
490024211 1.5171138048171997
492037817 1.5253381729125977
494492713 1.5062037706375122
496516859 1.504199504852295
498531879 1.5417877435684204
500531163 1.5785983800888062
502567935 1.5846335887908936
504586589 1.5655019283294678
506602481 1.5369030237197876
508677401 1.515156865119934
510669866 1.5066055059432983
512675337 1.509238839149475
514724072 1.5095213651657104
516748378 1.5088835954666138
518769452 1.544495701789856
520782196 1.5789141654968262
522845848 1.5859570503234863
524983390 1.5798585414886475
526978501 1.552098274230957
529079648 1.5278154611587524
531096276 1.524566888809204
533140499 1.5204927921295166
535160083 1.5186026096343994
537238224 1.5224111080169678
539213980 1.5586223602294922
541263393 1.595292091369629
543367275 1.589246392250061
545433165 1.5666840076446533
547451266 1.5390480756759644
549473831 1.51710045337677
551530220 1.5165144205093384
553564017 1.5081084966659546
555564700 1.5105170011520386
557629782 1.5217734575271606
559609289 1.5547406673431396
561657940 1.5893707275390625
563714708 1.5857181549072266
565688253 1.5699810981750488
567742041 1.5384819507598877
569781679 1.5199205875396729
571794801 1.5277822017669678
573797925 1.5228474140167236
575856502 1.5184684991836548
577867101 1.5392272472381592
579871891 1.575820803642273
581900078 1.6034144163131714
583978745 1.5900952816009521
585963338 1.5645850896835327
587979261 1.5394444465637207
590024755 1.527318000793457
592018373 1.5338644981384277
594064203 1.5171113014221191
596094459 1.5140637159347534
598122596 1.5358319282531738
600133159 1.5764650106430054
602150213 1.5954636335372925
604195558 1.5838688611984253
606259767 1.5614783763885498
608259740 1.5380922555923462
610305203 1.529414415359497
612420566 1.5241916179656982
614395143 1.5133987665176392
616409535 1.5126076936721802
618447312 1.5434688329696655
620448464 1.5836389064788818
622474628 1.5933806896209717
624478381 1.5719267129898071
626523995 1.550999641418457
628523880 1.5305086374282837
630554281 1.5146516561508179
632573720 1.5198622941970825
634630406 1.5119045972824097
636692966 1.5123026371002197
638680611 1.5411291122436523
640744170 1.5795586109161377
642936702 1.5853359699249268
644912152 1.5673308372497559
646912165 1.5467112064361572
648951750 1.5254502296447754
650949391 1.5231711864471436
652983019 1.5148407220840454
655144590 1.5108691453933716
657066254 1.5165051221847534
659050088 1.5474995374679565
661076723 1.5844694375991821
663119085 1.5817747116088867
665165411 1.5643689632415771
667192887 1.5318882465362549
669244273 1.5129812955856323
671256750 1.5114853382110596
673271023 1.512941837310791
675354391 1.5061742067337036
677352199 1.5129603147506714
679363113 1.5508666038513184
681384101 1.587273120880127
683417684 1.5833735466003418
685438603 1.5666505098342896
687459906 1.5444166660308838
689510400 1.51583731174469
691532200 1.5163437128067017
693605416 1.5052701234817505
695613831 1.508367657661438
697613558 1.5264310836791992
699697183 1.5568325519561768
701688123 1.5899182558059692
703674654 1.5787920951843262
705729723 1.560250163078308
707772482 1.5272120237350464
709739813 1.507358193397522
711773022 1.5157365798950195
713810929 1.508257508277893
715839340 1.5088963508605957
717865578 1.5274823904037476
719887082 1.5676387548446655
721905814 1.5920356512069702
723928004 1.5749045610427856
725947890 1.552625060081482
727986817 1.5355006456375122
730009400 1.5126686096191406
732048949 1.5166717767715454
734113319 1.5107978582382202
736106819 1.5102416276931763
738131288 1.5323594808578491
740169491 1.5685484409332275
742199583 1.583322286605835
744297478 1.5728085041046143
746246523 1.5424529314041138
748264658 1.5188997983932495
750321109 1.5080723762512207
752337429 1.5101127624511719
754334150 1.5073784589767456
756360685 1.5052070617675781
758630816 1.5276427268981934
760557828 1.5719854831695557
762595585 1.5777556896209717
765056368 1.5661782026290894
767047044 1.53704833984375
769094700 1.512776494026184
771485568 1.5151350498199463
773550990 1.5077065229415894
775734401 1.5074714422225952
777861360 1.5248373746871948
779931187 1.5718927383422852
781996699 1.5949668884277344
784258997 1.5802748203277588
786729505 1.5471503734588623
788753200 1.5276185274124146
790770338 1.5218784809112549
792803941 1.5120846033096313
807455699 1.5325806140899658
809499396 1.511169195175171
811515578 1.5211631059646606
813590347 1.509845495223999
815609453 1.5106439590454102
817594851 1.517411708831787
819656633 1.562021255493164
821666950 1.5877385139465332
823681322 1.5816258192062378
825890507 1.562219262123108
827956261 1.5340540409088135
829958002 1.5156652927398682
831995424 1.5225542783737183
834148681 1.5131499767303467
836109359 1.5124626159667969
838423041 1.5337798595428467
840454831 1.579545021057129
842480701 1.5926580429077148
844491751 1.5731911659240723
846533790 1.5571821928024292
848558655 1.5324324369430542
850598978 1.5174450874328613
852639851 1.5194178819656372
854627151 1.5108803510665894
856643849 1.5102304220199585
858681638 1.5432722568511963
860719646 1.5792293548583984
862771492 1.58246910572052
864826638 1.5717113018035889
866947103 1.5331224203109741
868939893 1.5105973482131958
870962025 1.504547357559204
873003665 1.5010385513305664
875042854 1.4960559606552124
877030594 1.5021920204162598
879129870 1.5400160551071167
881105101 1.5777859687805176
883136708 1.576209306716919
885149403 1.5662615299224854
887169468 1.5324881076812744
889185402 1.5057967901229858
891219088 1.5066837072372437
893280135 1.4997824430465698
895270051 1.4976845979690552
897346910 1.509884238243103
899337697 1.5511575937271118
901372498 1.5816713571548462
903395924 1.5682271718978882
905415143 1.5523699522018433
907900895 1.520395278930664
909906173 1.5014883279800415
911940667 1.5014516115188599
913954642 1.495821475982666
915968315 1.4954674243927002
918014615 1.5095860958099365
920058968 1.5548503398895264
922074967 1.5816521644592285
924101765 1.567862629890442
926137120 1.5434221029281616
928170452 1.5251119136810303
930230972 1.5073281526565552
932242367 1.5107795000076294
934273054 1.5067030191421509
936340602 1.5087051391601562
938362516 1.5325700044631958
940706223 1.5763909816741943
942695927 1.5838115215301514
944753937 1.5703754425048828
946997178 1.544045329093933
949150732 1.5166478157043457
951166015 1.515163779258728
953216331 1.5109368562698364
955226442 1.5026919841766357
960699034 1.5725750923156738
962754691 1.5756672620773315
964761695 1.5621769428253174
966801783 1.536194086074829
968819192 1.5119192600250244
970927216 1.5066889524459839
972941376 1.5008876323699951
974999369 1.4978854656219482
976984561 1.5020182132720947
979004621 1.534433126449585
981065118 1.575006365776062
983122333 1.5707345008850098
985411445 1.558025598526001
987511972 1.5182503461837769
989550018 1.5049688816070557
991575861 1.5098639726638794
993824332 1.5016025304794312
995839649 1.4976192712783813
997882483 1.5138860940933228
999925029 1.5535211563110352
1912432 1.5786759853363037
3956191 1.5678796768188477
5967115 1.5473541021347046
8044493 1.5278867483139038
10040012 1.51071298122406
12162567 1.513895034790039
14100885 1.5009572505950928
16204344 1.5037765502929688
18164688 1.5271809101104736
20224874 1.56679105758667
22242264 1.5819025039672852
24797681 1.55937922000885
27639993 1.5230779647827148
29662412 1.4967995882034302
31688579 1.5035043954849243
33703556 1.493667483329773
35909687 1.4925806522369385
39294066 1.5129247903823853
41316196 1.5703068971633911
43399051 1.5653578042984009
46026629 1.5565752983093262
48141602 1.5216988325119019
50168340 1.5086473226547241
52650561 1.513481855392456
54678728 1.5016664266586304
56648896 1.5053410530090332
58889141 1.543402910232544
60973561 1.579796552658081
62968401 1.5789446830749512
65585690 1.5517743825912476
67621104 1.5243861675262451
70318344 1.5063234567642212
72856596 1.5011885166168213
74967410 1.5013666152954102
77121754 1.508455514907837
79508134 1.5473109483718872
81542152 1.5823464393615723
83601943 1.5717897415161133
85933892 1.5537220239639282
87989762 1.5217880010604858
90012980 1.5062947273254395
92171773 1.5109047889709473
94227956 1.5017880201339722
96370814 1.4995701313018799
98542395 1.5304609537124634
100810754 1.573983907699585
103955704 1.5790634155273438
108936850 1.5072146654129028
110950763 1.5027141571044922
113024956 1.498822808265686
115063098 1.4958105087280273
117157793 1.499986171722412
119203205 1.5366852283477783
121239422 1.5693299770355225
123271037 1.5680732727050781
125283907 1.5541129112243652
127361397 1.5210033655166626
129384237 1.5076724290847778
131398285 1.5056488513946533
133422995 1.5028948783874512
135443124 1.5006331205368042
137522858 1.5120019912719727
139563447 1.551162600517273
141809624 1.5875098705291748
143888397 1.572417974472046
145932745 1.5525158643722534
147914439 1.523819923400879
150015068 1.5024092197418213
152022428 1.5033366680145264
154074684 1.494832158088684
156197228 1.4857827425003052
158156459 1.5123883485794067
160336444 1.5568116903305054
162393640 1.5695419311523438
164400364 1.552245020866394
166441505 1.5358093976974487
168502058 1.5103267431259155
170546585 1.4997386932373047
172540538 1.5015759468078613
174556963 1.4954750537872314
176580609 1.4983731508255005
178771019 1.5350737571716309
180775941 1.5770831108093262
183799303 1.5749311447143555
185953813 1.5471752882003784
187960065 1.5236798524856567
190059245 1.5079964399337769
192062364 1.5106227397918701
194067512 1.5057986974716187
196113373 1.5013328790664673
198156770 1.5240570306777954
200130388 1.5697489976882935
202181944 1.5841861963272095
204222814 1.5720329284667969
206281409 1.5485553741455078
208266486 1.5230761766433716
210294571 1.5081524848937988
212310879 1.50710129737854
214345721 1.5052047967910767
216361667 1.5048799514770508
218406145 1.5337574481964111
220445511 1.5729564428329468
222466532 1.5865459442138672
224494323 1.5670514106750488
226485778 1.5445220470428467
228525362 1.522792935371399
230961519 1.510329246520996
232950838 1.5095493793487549
234993584 1.5050477981567383
237016960 1.5074572563171387
239013659 1.5427967309951782
241051270 1.5786206722259521
243076514 1.5772444009780884
245253244 1.5651729106903076
247309270 1.537868618965149
249367007 1.5124492645263672
251359375 1.516420841217041
253374393 1.5135334730148315
256674940 1.5145902633666992
258591332 1.5450023412704468
260579713 1.5806553363800049
262589906 1.585808277130127
264638401 1.5671042203903198
266615387 1.5412284135818481
268652361 1.5188037157058716
270781456 1.5097624063491821
273000065 1.5038822889328003
275071919 1.5026443004608154
277201391 1.5033814907073975
279183403 1.5406115055084229
281199942 1.5696840286254883
283222183 1.5695546865463257
285260665 1.5544631481170654
287255186 1.52342689037323
289302481 1.5011271238327026
291319169 1.5059823989868164
293360373 1.5024386644363403
295393865 1.5000202655792236
297403082 1.508705735206604
299445262 1.548219919204712
301487095 1.578736424446106
303671553 1.5721714496612549
305637806 1.5496782064437866
307650745 1.5197575092315674
310484328 1.4987667798995972
311695753 1.5044920444488525
313740579 1.4981623888015747
315803664 1.4970346689224243
317773210 1.5108002424240112
319811156 1.5527400970458984
321857165 1.5767765045166016
323870642 1.562009334564209
325908650 1.5456578731536865
327904088 1.5234508514404297
329929745 1.5027140378952026
331975155 1.506540060043335
333977642 1.4951575994491577
336017618 1.4953151941299438
338027313 1.523542046546936
340066817 1.561096429824829
342085975 1.5765459537506104
344144511 1.5629240274429321
346147950 1.5315561294555664
348164349 1.5105611085891724
350182881 1.4998432397842407
352210741 1.5035758018493652
354260221 1.4887455701828003
356263400 1.496294379234314
358299165 1.5193061828613281
360334713 1.5644856691360474
362365850 1.5743451118469238
364390487 1.562308669090271
366417162 1.541873574256897
368428670 1.516535997390747
370456724 1.508510947227478
372510438 1.5103856325149536
374522238 1.5061115026474
376557925 1.5049091577529907
378574731 1.5378293991088867
380583275 1.5772004127502441
382640049 1.5797033309936523
384694477 1.5624489784240723
386695101 1.5367624759674072
388702743 1.514430046081543
390821935 1.5074955224990845
392775980 1.512059211730957
394800307 1.5073347091674805
396826328 1.5050073862075806
398861295 1.5385299921035767
400911580 1.5682718753814697
402917511 1.5733425617218018
404931450 1.560271143913269
406958805 1.5380548238754272
408975777 1.517233967781067
411042386 1.5139418840408325
413019627 1.5122545957565308
415058686 1.5036518573760986
417118779 1.510372281074524
419092800 1.5478277206420898
421128009 1.5856684446334839
423149979 1.579355001449585
425187301 1.5709888935089111
427208500 1.539894700050354
429303016 1.516735315322876
431374077 1.515661597251892
433430799 1.5089192390441895
435452361 1.506108283996582
437454961 1.517385721206665
439522166 1.5502430200576782
441530225 1.5845310688018799
443594506 1.5705227851867676
445584852 1.5592163801193237
447610330 1.5305904150009155
449611967 1.5072168111801147
451664553 1.5179780721664429
453677965 1.511496901512146
455702652 1.510006070137024
457758528 1.5260556936264038
459744061 1.5673213005065918
461770528 1.5877411365509033
463848954 1.572710394859314
465839518 1.5515371561050415
467857764 1.5275272130966187
469924514 1.5082656145095825
471936530 1.510985016822815
473954609 1.5009599924087524
475954257 1.4988981485366821
477983787 1.5167444944381714
480106353 1.5561621189117432
482173465 1.5806533098220825
484147135 1.5630056858062744
486183670 1.542248010635376
488194775 1.523977279663086
